Component: ARM Compiler 5.06 update 1 (build 61) Tool: armlink [4d35a8]

==============================================================================

Section Cross References

    main.o(i.Init_USART0) refers to uart_lpc17xx.o(.constdata) for Driver_USART0
    main.o(i.Init_USART1) refers to uart_lpc17xx.o(.constdata) for Driver_USART1
    main.o(i.LidarAffichageGLCD) refers to _printf_pad.o(.text) for _printf_pre_padding
    main.o(i.LidarAffichageGLCD) refers to _printf_percent.o(.ARM.Collect$$_printf_percent$$00000000) for _printf_percent
    main.o(i.LidarAffichageGLCD) refers to _printf_d.o(.ARM.Collect$$_printf_percent$$00000009) for _printf_d
    main.o(i.LidarAffichageGLCD) refers to _printf_dec.o(.text) for _printf_int_dec
    main.o(i.LidarAffichageGLCD) refers to noretval__2sprintf.o(.text) for __2sprintf
    main.o(i.LidarAffichageGLCD) refers to glcd_mcb1700.o(i.GLCD_DrawString) for GLCD_DrawString
    main.o(i.LidarAffichageUART) refers to _printf_pad.o(.text) for _printf_pre_padding
    main.o(i.LidarAffichageUART) refers to _printf_percent.o(.ARM.Collect$$_printf_percent$$00000000) for _printf_percent
    main.o(i.LidarAffichageUART) refers to _printf_d.o(.ARM.Collect$$_printf_percent$$00000009) for _printf_d
    main.o(i.LidarAffichageUART) refers to _printf_dec.o(.text) for _printf_int_dec
    main.o(i.LidarAffichageUART) refers to noretval__2sprintf.o(.text) for __2sprintf
    main.o(i.LidarAffichageUART) refers to uart_lpc17xx.o(.constdata) for Driver_USART1
    main.o(i.LidarGET_INFO) refers to _printf_percent.o(.ARM.Collect$$_printf_percent$$00000000) for _printf_percent
    main.o(i.LidarGET_INFO) refers to _printf_d.o(.ARM.Collect$$_printf_percent$$00000009) for _printf_d
    main.o(i.LidarGET_INFO) refers to _printf_dec.o(.text) for _printf_int_dec
    main.o(i.LidarGET_INFO) refers to _printf_pad.o(.text) for _printf_pre_padding
    main.o(i.LidarGET_INFO) refers to noretval__2sprintf.o(.text) for __2sprintf
    main.o(i.LidarGET_INFO) refers to glcd_mcb1700.o(i.GLCD_DrawString) for GLCD_DrawString
    main.o(i.LidarGET_INFO) refers to uart_lpc17xx.o(.constdata) for Driver_USART0
    main.o(i.LidarGET_INFO) refers to main.o(.data) for .data
    main.o(i.LidarGET_INFO) refers to main.o(.bss) for .bss
    main.o(i.LidarSCAN) refers to uart_lpc17xx.o(.constdata) for Driver_USART0
    main.o(i.LidarSCAN) refers to main.o(.data) for .data
    main.o(i.main) refers to glcd_mcb1700.o(i.GLCD_Initialize) for GLCD_Initialize
    main.o(i.main) refers to glcd_mcb1700.o(i.GLCD_SetBackgroundColor) for GLCD_SetBackgroundColor
    main.o(i.main) refers to glcd_mcb1700.o(i.GLCD_ClearScreen) for GLCD_ClearScreen
    main.o(i.main) refers to glcd_mcb1700.o(i.GLCD_SetFont) for GLCD_SetFont
    main.o(i.main) refers to main.o(i.Init_USART0) for Init_USART0
    main.o(i.main) refers to main.o(i.PWM_Init) for PWM_Init
    main.o(i.main) refers to main.o(i.LidarSCAN) for LidarSCAN
    main.o(i.main) refers to dflt_clz.o(x$fpl$dfltu) for __aeabi_ui2d
    main.o(i.main) refers to scalbn.o(x$fpl$scalbn) for __ARM_scalbn
    main.o(i.main) refers to dfixu.o(x$fpl$dfixu) for __aeabi_d2uiz
    main.o(i.main) refers to main.o(i.updateDisplay) for updateDisplay
    main.o(i.main) refers to glcd_fonts.o(.constdata) for GLCD_Font_16x24
    main.o(i.main) refers to uart_lpc17xx.o(.constdata) for Driver_USART0
    main.o(i.main) refers to main.o(.bss) for .bss
    main.o(i.main) refers to main.o(.data) for .data
    main.o(i.updateDisplay) refers to dflt_clz.o(x$fpl$dflt) for __aeabi_i2d
    main.o(i.updateDisplay) refers to cos.o(i.cos) for cos
    main.o(i.updateDisplay) refers to fflt_clz.o(x$fpl$ffltu) for __aeabi_ui2f
    main.o(i.updateDisplay) refers to fmul.o(x$fpl$fmul) for __aeabi_fmul
    main.o(i.updateDisplay) refers to f2d.o(x$fpl$f2d) for __aeabi_f2d
    main.o(i.updateDisplay) refers to dmul.o(x$fpl$dmul) for __aeabi_dmul
    main.o(i.updateDisplay) refers to dfix.o(x$fpl$dfix) for __aeabi_d2iz
    main.o(i.updateDisplay) refers to sin.o(i.sin) for sin
    main.o(i.updateDisplay) refers to glcd_mcb1700.o(i.GLCD_SetForegroundColor) for GLCD_SetForegroundColor
    main.o(i.updateDisplay) refers to glcd_mcb1700.o(i.GLCD_DrawPixel) for GLCD_DrawPixel
    main.o(i.updateDisplay) refers to main.o(.bss) for .bss
    main.o(i.updateDisplay) refers to main.o(.data) for .data
    glcd_fonts.o(.constdata) refers to glcd_fonts.o(.constdata) for Font_6x8_h
    glcd_fonts.o(.constdata) refers to glcd_fonts.o(.constdata) for Font_16x24_h
    glcd_mcb1700.o(i.GLCD_ClearScreen) refers to glcd_mcb1700.o(i.GLCD_WindowMax) for GLCD_WindowMax
    glcd_mcb1700.o(i.GLCD_ClearScreen) refers to glcd_mcb1700.o(i.wr_cmd) for wr_cmd
    glcd_mcb1700.o(i.GLCD_ClearScreen) refers to glcd_mcb1700.o(i.wr_dat_start) for wr_dat_start
    glcd_mcb1700.o(i.GLCD_ClearScreen) refers to glcd_mcb1700.o(i.wr_dat_only) for wr_dat_only
[...]
    C:\Keil_v5\ARM\PACK\Keil\LPC1700_DFP\2.4.0\RTE_Driver\GPDMA_LPC17xx.c 0x00000000   Number         0  gpdma_lpc17xx.o ABSOLUTE
    C:\Keil_v5\ARM\PACK\Keil\LPC1700_DFP\2.4.0\RTE_Driver\GPIO_LPC17xx.c 0x00000000   Number         0  gpio_lpc17xx.o ABSOLUTE
    C:\Keil_v5\ARM\PACK\Keil\LPC1700_DFP\2.4.0\RTE_Driver\PIN_LPC17xx.c 0x00000000   Number         0  pin_lpc17xx.o ABSOLUTE
    C:\Keil_v5\ARM\PACK\Keil\LPC1700_DFP\2.4.0\RTE_Driver\SSP_LPC17xx.c 0x00000000   Number         0  ssp_lpc17xx.o ABSOLUTE
    C:\Keil_v5\ARM\PACK\Keil\LPC1700_DFP\2.4.0\RTE_Driver\UART_LPC17xx.c 0x00000000   Number         0  uart_lpc17xx.o ABSOLUTE
    C:\\Keil_v5\\ARM\\PACK\\Keil\\LPC1700_DFP\\2.4.0\\Boards\\Keil\\MCB1700\\Common\\GLCD_MCB1700.c 0x00000000   Number         0  glcd_mcb1700.o ABSOLUTE
    C:\\Keil_v5\\ARM\\PACK\\Keil\\LPC1700_DFP\\2.4.0\\RTE_Driver\\GPDMA_LPC17xx.c 0x00000000   Number         0  gpdma_lpc17xx.o ABSOLUTE
    C:\\Keil_v5\\ARM\\PACK\\Keil\\LPC1700_DFP\\2.4.0\\RTE_Driver\\GPIO_LPC17xx.c 0x00000000   Number         0  gpio_lpc17xx.o ABSOLUTE
    C:\\Keil_v5\\ARM\\PACK\\Keil\\LPC1700_DFP\\2.4.0\\RTE_Driver\\PIN_LPC17xx.c 0x00000000   Number         0  pin_lpc17xx.o ABSOLUTE
    C:\\Keil_v5\\ARM\\PACK\\Keil\\LPC1700_DFP\\2.4.0\\RTE_Driver\\SSP_LPC17xx.c 0x00000000   Number         0  ssp_lpc17xx.o ABSOLUTE
    C:\\Keil_v5\\ARM\\PACK\\Keil\\LPC1700_DFP\\2.4.0\\RTE_Driver\\UART_LPC17xx.c 0x00000000   Number         0  uart_lpc17xx.o ABSOLUTE
    RTE\Device\LPC1768\startup_LPC17xx.s     0x00000000   Number         0  startup_lpc17xx.o ABSOLUTE
    RTE\Device\LPC1768\system_LPC17xx.c      0x00000000   Number         0  system_lpc17xx.o ABSOLUTE
    RTE\\Device\\LPC1768\\system_LPC17xx.c   0x00000000   Number         0  system_lpc17xx.o ABSOLUTE
    dc.s                                     0x00000000   Number         0  dc.o ABSOLUTE
    main.c                                   0x00000000   Number         0  main.o ABSOLUTE
    main.c                                   0x00000000   Number         0  main.o ABSOLUTE
    !!!main                                  0x000000cc   Section        8  __main.o(!!!main)
    !!!scatter                               0x000000d4   Section       52  __scatter.o(!!!scatter)
    !!handler_copy                           0x00000108   Section       26  __scatter_copy.o(!!handler_copy)
    !!handler_zi                             0x00000124   Section       28  __scatter_zi.o(!!handler_zi)
    .ARM.Collect$$libinit$$00000000          0x00000140   Section        2  libinit.o(.ARM.Collect$$libinit$$00000000)
    .ARM.Collect$$libinit$$00000002          0x00000142   Section        0  libinit2.o(.ARM.Collect$$libinit$$00000002)
    .ARM.Collect$$libinit$$00000004          0x00000142   Section        0  libinit2.o(.ARM.Collect$$libinit$$00000004)
    .ARM.Collect$$libinit$$0000000A          0x00000142   Section        0  libinit2.o(.ARM.Collect$$libinit$$0000000A)
    .ARM.Collect$$libinit$$0000000C          0x00000142   Section        0  libinit2.o(.ARM.Collect$$libinit$$0000000C)
    .ARM.Collect$$libinit$$0000000E          0x00000142   Section        0  libinit2.o(.ARM.Collect$$libinit$$0000000E)
    .ARM.Collect$$libinit$$00000011          0x00000142   Section        0  libinit2.o(.ARM.Collect$$libinit$$00000011)
    .ARM.Collect$$libinit$$00000013          0x00000142   Section        0  libinit2.o(.ARM.Collect$$libinit$$00000013)
    .ARM.Collect$$libinit$$00000015          0x00000142   Section        0  libinit2.o(.ARM.Collect$$libinit$$00000015)
    .ARM.Collect$$libinit$$00000017          0x00000142   Section        0  libinit2.o(.ARM.Collect$$libinit$$00000017)
    .ARM.Collect$$libinit$$00000019          0x00000142   Section        0  libinit2.o(.ARM.Collect$$libinit$$00000019)
    .ARM.Collect$$libinit$$0000001B          0x00000142   Section        0  libinit2.o(.ARM.Collect$$libinit$$0000001B)
    .ARM.Collect$$libinit$$0000001D          0x00000142   Section        0  libinit2.o(.ARM.Collect$$libinit$$0000001D)
    .ARM.Collect$$libinit$$0000001F          0x00000142   Section        0  libinit2.o(.ARM.Collect$$libinit$$0000001F)
    .ARM.Collect$$libinit$$00000021          0x00000142   Section        0  libinit2.o(.ARM.Collect$$libinit$$00000021)
    .ARM.Collect$$libinit$$00000023          0x00000142   Section        0  libinit2.o(.ARM.Collect$$libinit$$00000023)
    .ARM.Collect$$libinit$$00000025          0x00000142   Section        0  libinit2.o(.ARM.Collect$$libinit$$00000025)
    .ARM.Collect$$libinit$$0000002C          0x00000142   Section        0  libinit2.o(.ARM.Collect$$libinit$$0000002C)
    .ARM.Collect$$libinit$$0000002E          0x00000142   Section        0  libinit2.o(.ARM.Collect$$libinit$$0000002E)
    .ARM.Collect$$libinit$$00000030          0x00000142   Section        0  libinit2.o(.ARM.Collect$$libinit$$00000030)
    .ARM.Collect$$libinit$$00000032          0x00000142   Section        0  libinit2.o(.ARM.Collect$$libinit$$00000032)
    .ARM.Collect$$libinit$$00000033          0x00000142   Section        2  libinit2.o(.ARM.Collect$$libinit$$00000033)
    .ARM.Collect$$libshutdown$$00000000      0x00000144   Section        2  libshutdown.o(.ARM.Collect$$libshutdown$$00000000)
    .ARM.Collect$$libshutdown$$00000002      0x00000146   Section        0  libshutdown2.o(.ARM.Collect$$libshutdown$$00000002)
    .ARM.Collect$$libshutdown$$00000004      0x00000146   Section        0  libshutdown2.o(.ARM.Collect$$libshutdown$$00000004)
    .ARM.Collect$$libshutdown$$00000007      0x00000146   Section        0  libshutdown2.o(.ARM.Collect$$libshutdown$$00000007)
    .ARM.Collect$$libshutdown$$0000000A      0x00000146   Section        0  libshutdown2.o(.ARM.Collect$$libshutdown$$0000000A)
    .ARM.Collect$$libshutdown$$0000000C      0x00000146   Section        0  libshutdown2.o(.ARM.Collect$$libshutdown$$0000000C)
    .ARM.Collect$$libshutdown$$0000000F      0x00000146   Section        0  libshutdown2.o(.ARM.Collect$$libshutdown$$0000000F)
    .ARM.Collect$$libshutdown$$00000010      0x00000146   Section        2  libshutdown2.o(.ARM.Collect$$libshutdown$$00000010)
    .ARM.Collect$$rtentry$$00000000          0x00000148   Section        0  __rtentry.o(.ARM.Collect$$rtentry$$00000000)
    .ARM.Collect$$rtentry$$00000002          0x00000148   Section        0  __rtentry2.o(.ARM.Collect$$rtentry$$00000002)
    .ARM.Collect$$rtentry$$00000004          0x00000148   Section        6  __rtentry4.o(.ARM.Collect$$rtentry$$00000004)
    .ARM.Collect$$rtentry$$00000009          0x0000014e   Section        0  __rtentry2.o(.ARM.Collect$$rtentry$$00000009)
    .ARM.Collect$$rtentry$$0000000A          0x0000014e   Section        4  __rtentry2.o(.ARM.Collect$$rtentry$$0000000A)
    .ARM.Collect$$rtentry$$0000000C          0x00000152   Section        0  __rtentry2.o(.ARM.Collect$$rtentry$$0000000C)
    .ARM.Collect$$rtentry$$0000000D          0x00000152   Section        8  __rtentry2.o(.ARM.Collect$$rtentry$$0000000D)
    .ARM.Collect$$rtexit$$00000000           0x0000015a   Section        2  rtexit.o(.ARM.Collect$$rtexit$$00000000)
    .ARM.Collect$$rtexit$$00000002           0x0000015c   Section        0  rtexit2.o(.ARM.Collect$$rtexit$$00000002)
    .ARM.Collect$$rtexit$$00000003           0x0000015c   Section        4  rtexit2.o(.ARM.Collect$$rtexit$$00000003)
    .ARM.Collect$$rtexit$$00000004           0x00000160   Section        6  rtexit2.o(.ARM.Collect$$rtexit$$00000004)
    .text                                    0x00000168   Section       60  startup_lpc17xx.o(.text)
    .text                                    0x000001a4   Section      238  lludivv7m.o(.text)
    .text                                    0x00000292   Section       78  rt_memclr_w.o(.text)
    .text                                    0x000002e0   Section        0  heapauxi.o(.text)
    .text                                    0x000002e6   Section        0  _rserrno.o(.text)
    .ARM.__at_0x02FC                         0x000002fc   Section        4  startup_lpc17xx.o(.ARM.__at_0x02FC)
    .text                                    0x00000300   Section        8  rt_errno_addr_intlibspace.o(.text)
    .text                                    0x00000308   Section        8  libspace.o(.text)
    .text                                    0x00000310   Section       74  sys_stackheap_outer.o(.text)
    .text                                    0x0000035a   Section        0  exit.o(.text)
    .text                                    0x0000036c   Section        0  sys_exit.o(.text)
    .text                                    0x00000378   Section        2  use_no_semi.o(.text)
    .text                                    0x0000037a   Section        0  indicate_semi.o(.text)
    i.Clear_Channel_active_flag              0x0000037c   Section        0  gpdma_lpc17xx.o(i.Clear_Channel_active_flag)
    Clear_Channel_active_flag                0x0000037d   Thumb Code    24  gpdma_lpc17xx.o(i.Clear_Channel_active_flag)
    i.DMA_IRQHandler                         0x00000398   Section        0  gpdma_lpc17xx.o(i.DMA_IRQHandler)
    i.GLCD_ClearScreen                       0x00000480   Section        0  glcd_mcb1700.o(i.GLCD_ClearScreen)
    i.GLCD_DrawPixel                         0x000004b0   Section        0  glcd_mcb1700.o(i.GLCD_DrawPixel)
    i.GLCD_Initialize                        0x00000558   Section        0  glcd_mcb1700.o(i.GLCD_Initialize)
    i.GLCD_SetBackgroundColor                0x00000b08   Section        0  glcd_mcb1700.o(i.GLCD_SetBackgroundColor)
    i.GLCD_SetFont                           0x00000b14   Section        0  glcd_mcb1700.o(i.GLCD_SetFont)
    i.GLCD_SetForegroundColor                0x00000b20   Section        0  glcd_mcb1700.o(i.GLCD_SetForegroundColor)
    i.GLCD_SetWindow                         0x00000b2c   Section        0  glcd_mcb1700.o(i.GLCD_SetWindow)
    i.GLCD_WindowMax                         0x00000bc4   Section        0  glcd_mcb1700.o(i.GLCD_WindowMax)
    i.GPDMA_ChannelConfigure                 0x00000bd4   Section        0  gpdma_lpc17xx.o(i.GPDMA_ChannelConfigure)
    i.GPDMA_ChannelDisable                   0x00000c9c   Section        0  gpdma_lpc17xx.o(i.GPDMA_ChannelDisable)
    i.GPDMA_ChannelGetCount                  0x00000cc8   Section        0  gpdma_lpc17xx.o(i.GPDMA_ChannelGetCount)
    i.GPDMA_Initialize                       0x00000cf8   Section        0  gpdma_lpc17xx.o(i.GPDMA_Initialize)
    i.GPDMA_PeripheralSelect                 0x00000d6c   Section        0  gpdma_lpc17xx.o(i.GPDMA_PeripheralSelect)
    i.GPDMA_Uninitialize                     0x00000da0   Section        0  gpdma_lpc17xx.o(i.GPDMA_Uninitialize)
    i.GPIO_PinRead                           0x00000de8   Section        0  gpio_lpc17xx.o(i.GPIO_PinRead)
    i.GPIO_PinWrite                          0x00000e00   Section        0  gpio_lpc17xx.o(i.GPIO_PinWrite)
    i.GPIO_PortClock                         0x00000e18   Section        0  gpio_lpc17xx.o(i.GPIO_PortClock)
    i.GPIO_SetDir                            0x00000e34   Section        0  gpio_lpc17xx.o(i.GPIO_SetDir)
    i.GetSSPClockFreq                        0x00000e54   Section        0  ssp_lpc17xx.o(i.GetSSPClockFreq)
    GetSSPClockFreq                          0x00000e55   Thumb Code    54  ssp_lpc17xx.o(i.GetSSPClockFreq)
    i.GetUsartClockFreq                      0x00000e90   Section        0  uart_lpc17xx.o(i.GetUsartClockFreq)
    GetUsartClockFreq                        0x00000e91   Thumb Code    54  uart_lpc17xx.o(i.GetUsartClockFreq)
    i.Init_USART0                            0x00000ecc   Section        0  main.o(i.Init_USART0)
    i.LidarSCAN                              0x00000f00   Section        0  main.o(i.LidarSCAN)
    i.PIN_Configure                          0x00000f20   Section        0  pin_lpc17xx.o(i.PIN_Configure)
    i.PWM_Init                               0x00000f88   Section        0  main.o(i.PWM_Init)
    i.SSP1_Control                           0x00000fbc   Section        0  ssp_lpc17xx.o(i.SSP1_Control)
    SSP1_Control                             0x00000fbd   Thumb Code     6  ssp_lpc17xx.o(i.SSP1_Control)
    i.SSP1_GPDMA_Rx_SignalEvent              0x00000fc8   Section        0  ssp_lpc17xx.o(i.SSP1_GPDMA_Rx_SignalEvent)
    i.SSP1_GPDMA_Tx_SignalEvent              0x00000fd4   Section        0  ssp_lpc17xx.o(i.SSP1_GPDMA_Tx_SignalEvent)
    i.SSP1_GetDataCount                      0x00000fe0   Section        0  ssp_lpc17xx.o(i.SSP1_GetDataCount)
    SSP1_GetDataCount                        0x00000fe1   Thumb Code    34  ssp_lpc17xx.o(i.SSP1_GetDataCount)
    i.SSP1_GetStatus                         0x00001008   Section        0  ssp_lpc17xx.o(i.SSP1_GetStatus)
    SSP1_GetStatus                           0x00001009   Thumb Code    72  ssp_lpc17xx.o(i.SSP1_GetStatus)
    i.SSP1_IRQHandler                        0x00001054   Section        0  ssp_lpc17xx.o(i.SSP1_IRQHandler)
    i.SSP1_Initialize                        0x00001060   Section        0  ssp_lpc17xx.o(i.SSP1_Initialize)
    SSP1_Initialize                          0x00001061   Thumb Code     6  ssp_lpc17xx.o(i.SSP1_Initialize)
    i.SSP1_PowerControl                      0x0000106c   Section        0  ssp_lpc17xx.o(i.SSP1_PowerControl)
    SSP1_PowerControl                        0x0000106d   Thumb Code     6  ssp_lpc17xx.o(i.SSP1_PowerControl)
    i.SSP1_Receive                           0x00001078   Section        0  ssp_lpc17xx.o(i.SSP1_Receive)
    SSP1_Receive                             0x00001079   Thumb Code     6  ssp_lpc17xx.o(i.SSP1_Receive)
    i.SSP1_Send                              0x00001084   Section        0  ssp_lpc17xx.o(i.SSP1_Send)
    SSP1_Send                                0x00001085   Thumb Code     6  ssp_lpc17xx.o(i.SSP1_Send)
    i.SSP1_Transfer                          0x00001090   Section        0  ssp_lpc17xx.o(i.SSP1_Transfer)
    SSP1_Transfer                            0x00001091   Thumb Code     6  ssp_lpc17xx.o(i.SSP1_Transfer)
    i.SSP1_Uninitialize                      0x0000109c   Section        0  ssp_lpc17xx.o(i.SSP1_Uninitialize)
    SSP1_Uninitialize                        0x0000109d   Thumb Code     6  ssp_lpc17xx.o(i.SSP1_Uninitialize)
    i.SSP_GetCapabilities                    0x000010a8   Section        0  ssp_lpc17xx.o(i.SSP_GetCapabilities)
    SSP_GetCapabilities                      0x000010a9   Thumb Code     6  ssp_lpc17xx.o(i.SSP_GetCapabilities)
    i.SSP_GetVersion                         0x000010b4   Section        0  ssp_lpc17xx.o(i.SSP_GetVersion)
    SSP_GetVersion                           0x000010b5   Thumb Code     6  ssp_lpc17xx.o(i.SSP_GetVersion)
    i.SSPx_Control                           0x000010c0   Section        0  ssp_lpc17xx.o(i.SSPx_Control)
    SSPx_Control                             0x000010c1   Thumb Code   992  ssp_lpc17xx.o(i.SSPx_Control)
    i.SSPx_GPDMA_Rx_SignalEvent              0x000014a4   Section        0  ssp_lpc17xx.o(i.SSPx_GPDMA_Rx_SignalEvent)
    i.SSPx_GPDMA_Tx_SignalEvent              0x000014c2   Section        0  ssp_lpc17xx.o(i.SSPx_GPDMA_Tx_SignalEvent)
    i.SSPx_IRQHandler                        0x000014ce   Section        0  ssp_lpc17xx.o(i.SSPx_IRQHandler)
    SSPx_IRQHandler                          0x000014cf   Thumb Code   206  ssp_lpc17xx.o(i.SSPx_IRQHandler)
    i.SSPx_Initialize                        0x0000159c   Section        0  ssp_lpc17xx.o(i.SSPx_Initialize)
    SSPx_Initialize                          0x0000159d   Thumb Code   148  ssp_lpc17xx.o(i.SSPx_Initialize)
    i.SSPx_PowerControl                      0x00001630   Section        0  ssp_lpc17xx.o(i.SSPx_PowerControl)
    SSPx_PowerControl                        0x00001631   Thumb Code   346  ssp_lpc17xx.o(i.SSPx_PowerControl)
    i.SSPx_Receive                           0x0000178c   Section        0  ssp_lpc17xx.o(i.SSPx_Receive)
    SSPx_Receive                             0x0000178d   Thumb Code   294  ssp_lpc17xx.o(i.SSPx_Receive)
    i.SSPx_Send                              0x000018b8   Section        0  ssp_lpc17xx.o(i.SSPx_Send)
    SSPx_Send                                0x000018b9   Thumb Code   296  ssp_lpc17xx.o(i.SSPx_Send)
    i.SSPx_Transfer                          0x000019e4   Section        0  ssp_lpc17xx.o(i.SSPx_Transfer)
    SSPx_Transfer                            0x000019e5   Thumb Code   308  ssp_lpc17xx.o(i.SSPx_Transfer)
    i.SSPx_Uninitialize                      0x00001b18   Section        0  ssp_lpc17xx.o(i.SSPx_Uninitialize)
    SSPx_Uninitialize                        0x00001b19   Thumb Code   100  ssp_lpc17xx.o(i.SSPx_Uninitialize)
    i.Set_Channel_active_flag                0x00001b7c   Section        0  gpdma_lpc17xx.o(i.Set_Channel_active_flag)
    Set_Channel_active_flag                  0x00001b7d   Thumb Code    40  gpdma_lpc17xx.o(i.Set_Channel_active_flag)
    i.SystemInit                             0x00001ba8   Section        0  system_lpc17xx.o(i.SystemInit)
    i.UART0_IRQHandler                       0x00001c78   Section        0  uart_lpc17xx.o(i.UART0_IRQHandler)
    i.UART1_IRQHandler                       0x00001c84   Section        0  uart_lpc17xx.o(i.UART1_IRQHandler)
    i.USART0_Control                         0x00001c90   Section        0  uart_lpc17xx.o(i.USART0_Control)
    USART0_Control                           0x00001c91   Thumb Code     6  uart_lpc17xx.o(i.USART0_Control)
    i.USART0_GPDMA_Rx_Event                  0x00001c9c   Section        0  uart_lpc17xx.o(i.USART0_GPDMA_Rx_Event)
    i.USART0_GPDMA_Tx_Event                  0x00001ca8   Section        0  uart_lpc17xx.o(i.USART0_GPDMA_Tx_Event)
    i.USART0_GetCapabilities                 0x00001cb4   Section        0  uart_lpc17xx.o(i.USART0_GetCapabilities)
    USART0_GetCapabilities                   0x00001cb5   Thumb Code     6  uart_lpc17xx.o(i.USART0_GetCapabilities)
    i.USART0_GetModemStatus                  0x00001cc0   Section        0  uart_lpc17xx.o(i.USART0_GetModemStatus)
    USART0_GetModemStatus                    0x00001cc1   Thumb Code     6  uart_lpc17xx.o(i.USART0_GetModemStatus)
    i.USART0_GetRxCount                      0x00001ccc   Section        0  uart_lpc17xx.o(i.USART0_GetRxCount)
    USART0_GetRxCount                        0x00001ccd   Thumb Code     6  uart_lpc17xx.o(i.USART0_GetRxCount)
    i.USART0_GetStatus                       0x00001cd8   Section        0  uart_lpc17xx.o(i.USART0_GetStatus)
    USART0_GetStatus                         0x00001cd9   Thumb Code     6  uart_lpc17xx.o(i.USART0_GetStatus)
    i.USART0_GetTxCount                      0x00001ce4   Section        0  uart_lpc17xx.o(i.USART0_GetTxCount)
    USART0_GetTxCount                        0x00001ce5   Thumb Code     6  uart_lpc17xx.o(i.USART0_GetTxCount)
    i.USART0_Initialize                      0x00001cf0   Section        0  uart_lpc17xx.o(i.USART0_Initialize)
    USART0_Initialize                        0x00001cf1   Thumb Code     6  uart_lpc17xx.o(i.USART0_Initialize)
    i.USART0_PowerControl                    0x00001cfc   Section        0  uart_lpc17xx.o(i.USART0_PowerControl)
    USART0_PowerControl                      0x00001cfd   Thumb Code     6  uart_lpc17xx.o(i.USART0_PowerControl)
    i.USART0_Receive                         0x00001d08   Section        0  uart_lpc17xx.o(i.USART0_Receive)
    USART0_Receive                           0x00001d09   Thumb Code     6  uart_lpc17xx.o(i.USART0_Receive)
    i.USART0_Send                            0x00001d14   Section        0  uart_lpc17xx.o(i.USART0_Send)
    USART0_Send                              0x00001d15   Thumb Code     6  uart_lpc17xx.o(i.USART0_Send)
    i.USART0_SetModemControl                 0x00001d20   Section        0  uart_lpc17xx.o(i.USART0_SetModemControl)
    USART0_SetModemControl                   0x00001d21   Thumb Code     6  uart_lpc17xx.o(i.USART0_SetModemControl)
    i.USART0_Transfer                        0x00001d2c   Section        0  uart_lpc17xx.o(i.USART0_Transfer)
    USART0_Transfer                          0x00001d2d   Thumb Code     6  uart_lpc17xx.o(i.USART0_Transfer)
    i.USART0_Uninitialize                    0x00001d38   Section        0  uart_lpc17xx.o(i.USART0_Uninitialize)
    USART0_Uninitialize                      0x00001d39   Thumb Code     6  uart_lpc17xx.o(i.USART0_Uninitialize)
    i.USART1_GPDMA_Rx_Event                  0x00001d44   Section        0  uart_lpc17xx.o(i.USART1_GPDMA_Rx_Event)
    i.USART1_GPDMA_Tx_Event                  0x00001d50   Section        0  uart_lpc17xx.o(i.USART1_GPDMA_Tx_Event)
    i.USART_Control                          0x00001d5c   Section        0  uart_lpc17xx.o(i.USART_Control)
    USART_Control                            0x00001d5d   Thumb Code  1252  uart_lpc17xx.o(i.USART_Control)
    i.USART_GPDMA_Rx_Event                   0x00002244   Section        0  uart_lpc17xx.o(i.USART_GPDMA_Rx_Event)
    USART_GPDMA_Rx_Event                     0x00002245   Thumb Code    86  uart_lpc17xx.o(i.USART_GPDMA_Rx_Event)
    i.USART_GPDMA_Tx_Event                   0x0000229a   Section        0  uart_lpc17xx.o(i.USART_GPDMA_Tx_Event)
    USART_GPDMA_Tx_Event                     0x0000229b   Thumb Code    44  uart_lpc17xx.o(i.USART_GPDMA_Tx_Event)
    i.USART_GetModemStatus                   0x000022c6   Section        0  uart_lpc17xx.o(i.USART_GetModemStatus)
    USART_GetModemStatus                     0x000022c7   Thumb Code   184  uart_lpc17xx.o(i.USART_GetModemStatus)
    i.USART_GetRxCount                       0x0000237e   Section        0  uart_lpc17xx.o(i.USART_GetRxCount)
    USART_GetRxCount                         0x0000237f   Thumb Code    16  uart_lpc17xx.o(i.USART_GetRxCount)
    i.USART_GetStatus                        0x0000238e   Section        0  uart_lpc17xx.o(i.USART_GetStatus)
    USART_GetStatus                          0x0000238f   Thumb Code   142  uart_lpc17xx.o(i.USART_GetStatus)
    i.USART_GetTxCount                       0x0000241c   Section        0  uart_lpc17xx.o(i.USART_GetTxCount)
    USART_GetTxCount                         0x0000241d   Thumb Code    16  uart_lpc17xx.o(i.USART_GetTxCount)
    i.USART_IRQHandler                       0x0000242c   Section        0  uart_lpc17xx.o(i.USART_IRQHandler)
    USART_IRQHandler                         0x0000242d   Thumb Code   474  uart_lpc17xx.o(i.USART_IRQHandler)
    i.USART_Initialize                       0x00002606   Section        0  uart_lpc17xx.o(i.USART_Initialize)
    USART_Initialize                         0x00002607   Thumb Code   220  uart_lpc17xx.o(i.USART_Initialize)
    i.USART_PowerControl                     0x000026e2   Section        0  uart_lpc17xx.o(i.USART_PowerControl)
    USART_PowerControl                       0x000026e3   Thumb Code   488  uart_lpc17xx.o(i.USART_PowerControl)
    i.USART_Receive                          0x000028ca   Section        0  uart_lpc17xx.o(i.USART_Receive)
    USART_Receive                            0x000028cb   Thumb Code   226  uart_lpc17xx.o(i.USART_Receive)
    i.USART_RxLineIntHandler                 0x000029ac   Section        0  uart_lpc17xx.o(i.USART_RxLineIntHandler)
    USART_RxLineIntHandler                   0x000029ad   Thumb Code    86  uart_lpc17xx.o(i.USART_RxLineIntHandler)
    i.USART_Send                             0x00002a02   Section        0  uart_lpc17xx.o(i.USART_Send)
    USART_Send                               0x00002a03   Thumb Code   310  uart_lpc17xx.o(i.USART_Send)
    i.USART_SetBaudrate                      0x00002b38   Section        0  uart_lpc17xx.o(i.USART_SetBaudrate)
    i.USART_SetModemControl                  0x00002c08   Section        0  uart_lpc17xx.o(i.USART_SetModemControl)
    USART_SetModemControl                    0x00002c09   Thumb Code   104  uart_lpc17xx.o(i.USART_SetModemControl)
    i.USART_Transfer                         0x00002c70   Section        0  uart_lpc17xx.o(i.USART_Transfer)
    USART_Transfer                           0x00002c71   Thumb Code    86  uart_lpc17xx.o(i.USART_Transfer)
    i.USART_Uninitialize                     0x00002cc6   Section        0  uart_lpc17xx.o(i.USART_Uninitialize)
    USART_Uninitialize                       0x00002cc7   Thumb Code   196  uart_lpc17xx.o(i.USART_Uninitialize)
    i.USARTx_GetVersion                      0x00002d8c   Section        0  uart_lpc17xx.o(i.USARTx_GetVersion)
    USARTx_GetVersion                        0x00002d8d   Thumb Code     6  uart_lpc17xx.o(i.USARTx_GetVersion)
    i.__ARM_fpclassify                       0x00002d98   Section        0  fpclassify.o(i.__ARM_fpclassify)
    i.__NVIC_ClearPendingIRQ                 0x00002dc0   Section        0  ssp_lpc17xx.o(i.__NVIC_ClearPendingIRQ)
    __NVIC_ClearPendingIRQ                   0x00002dc1   Thumb Code    26  ssp_lpc17xx.o(i.__NVIC_ClearPendingIRQ)
    i.__NVIC_ClearPendingIRQ                 0x00002dda   Section        0  uart_lpc17xx.o(i.__NVIC_ClearPendingIRQ)
    __NVIC_ClearPendingIRQ                   0x00002ddb   Thumb Code    26  uart_lpc17xx.o(i.__NVIC_ClearPendingIRQ)
    i.__NVIC_ClearPendingIRQ                 0x00002df4   Section        0  gpdma_lpc17xx.o(i.__NVIC_ClearPendingIRQ)
    __NVIC_ClearPendingIRQ                   0x00002df5   Thumb Code    26  gpdma_lpc17xx.o(i.__NVIC_ClearPendingIRQ)
    i.__ieee754_rem_pio2                     0x00002e10   Section        0  rred.o(i.__ieee754_rem_pio2)
    i.__kernel_cos                           0x00003198   Section        0  cos_i.o(i.__kernel_cos)
    i.__kernel_poly                          0x00003294   Section        0  poly.o(i.__kernel_poly)
    i.__kernel_sin                           0x00003340   Section        0  sin_i.o(i.__kernel_sin)
    i.__mathlib_dbl_infnan                   0x0000342c   Section        0  dunder.o(i.__mathlib_dbl_infnan)
    i.__mathlib_dbl_invalid                  0x00003432   Section        0  dunder.o(i.__mathlib_dbl_invalid)
    i.__mathlib_dbl_underflow                0x00003440   Section        0  dunder.o(i.__mathlib_dbl_underflow)
    i.cos                                    0x00003450   Section        0  cos.o(i.cos)
    i.delay_ms                               0x000034ec   Section        0  glcd_mcb1700.o(i.delay_ms)
    delay_ms                                 0x000034ed   Thumb Code    34  glcd_mcb1700.o(i.delay_ms)
    i.main                                   0x00003514   Section        0  main.o(i.main)
    i.rd_id_man                              0x000035b4   Section        0  glcd_mcb1700.o(i.rd_id_man)
    rd_id_man                                0x000035b5   Thumb Code   170  glcd_mcb1700.o(i.rd_id_man)
    i.sin                                    0x00003664   Section        0  sin.o(i.sin)
    i.spi_tran                               0x00003704   Section        0  glcd_mcb1700.o(i.spi_tran)
    spi_tran                                 0x00003705   Thumb Code    30  glcd_mcb1700.o(i.spi_tran)
    i.spi_tran_man                           0x00003728   Section        0  glcd_mcb1700.o(i.spi_tran_man)
    spi_tran_man                             0x00003729   Thumb Code   118  glcd_mcb1700.o(i.spi_tran_man)
    i.updateDisplay                          0x000037a4   Section        0  main.o(i.updateDisplay)
    i.wr_cmd                                 0x00003840   Section        0  glcd_mcb1700.o(i.wr_cmd)
    wr_cmd                                   0x00003841   Thumb Code    56  glcd_mcb1700.o(i.wr_cmd)
    i.wr_dat_only                            0x0000387c   Section        0  glcd_mcb1700.o(i.wr_dat_only)
    wr_dat_only                              0x0000387d   Thumb Code    32  glcd_mcb1700.o(i.wr_dat_only)
    i.wr_dat_start                           0x000038a0   Section        0  glcd_mcb1700.o(i.wr_dat_start)
    wr_dat_start                             0x000038a1   Thumb Code    22  glcd_mcb1700.o(i.wr_dat_start)
    i.wr_dat_stop                            0x000038bc   Section        0  glcd_mcb1700.o(i.wr_dat_stop)
    wr_dat_stop                              0x000038bd   Thumb Code    10  glcd_mcb1700.o(i.wr_dat_stop)
    i.wr_reg                                 0x000038cc   Section        0  glcd_mcb1700.o(i.wr_reg)
    wr_reg                                   0x000038cd   Thumb Code   104  glcd_mcb1700.o(i.wr_reg)
    x$fpl$dadd                               0x00003938   Section      336  daddsub_clz.o(x$fpl$dadd)
    _dadd1                                   0x00003949   Thumb Code     0  daddsub_clz.o(x$fpl$dadd)
    x$fpl$dcheck1                            0x00003a88   Section       16  dcheck1.o(x$fpl$dcheck1)
    x$fpl$ddiv                               0x00003a98   Section      688  ddiv.o(x$fpl$ddiv)
    ddiv_entry                               0x00003a9f   Thumb Code     0  ddiv.o(x$fpl$ddiv)
    x$fpl$dfix                               0x00003d48   Section       94  dfix.o(x$fpl$dfix)
    x$fpl$dfixu                              0x00003da8   Section       90  dfixu.o(x$fpl$dfixu)
    x$fpl$dflt                               0x00003e02   Section       46  dflt_clz.o(x$fpl$dflt)
    x$fpl$dfltu                              0x00003e30   Section       38  dflt_clz.o(x$fpl$dfltu)
    x$fpl$dmul                               0x00003e58   Section      340  dmul.o(x$fpl$dmul)
    x$fpl$dnaninf                            0x00003fac   Section      156  dnaninf.o(x$fpl$dnaninf)
    x$fpl$dretinf                            0x00004048   Section       12  dretinf.o(x$fpl$dretinf)
    x$fpl$drsb                               0x00004054   Section       22  daddsub_clz.o(x$fpl$drsb)
    x$fpl$dsub                               0x0000406c   Section      468  daddsub_clz.o(x$fpl$dsub)
    _dsub1                                   0x0000407d   Thumb Code     0  daddsub_clz.o(x$fpl$dsub)
    x$fpl$f2d                                0x00004240   Section       86  f2d.o(x$fpl$f2d)
    x$fpl$ffltu                              0x00004298   Section       38  fflt_clz.o(x$fpl$ffltu)
    x$fpl$fmul                               0x000042c0   Section      258  fmul.o(x$fpl$fmul)
    x$fpl$fnaninf                            0x000043c2   Section      140  fnaninf.o(x$fpl$fnaninf)
    x$fpl$fretinf                            0x0000444e   Section       10  fretinf.o(x$fpl$fretinf)
    x$fpl$retnan                             0x00004458   Section      100  retnan.o(x$fpl$retnan)
    x$fpl$scalbn                             0x000044bc   Section       92  scalbn.o(x$fpl$scalbn)
    x$fpl$trapveneer                         0x00004518   Section       48  trapv.o(x$fpl$trapveneer)
    .constdata                               0x00004548   Section     5376  glcd_fonts.o(.constdata)
    x$fpl$usenofp                            0x00004548   Section        0  usenofp.o(x$fpl$usenofp)
    Font_16x24_h                             0x00004548   Data        5376  glcd_fonts.o(.constdata)
    .constdata                               0x00005a48   Section       16  glcd_fonts.o(.constdata)
    .constdata                               0x00005a58   Section       80  ssp_lpc17xx.o(.constdata)
    DriverVersion                            0x00005a58   Data           4  ssp_lpc17xx.o(.constdata)
    DriverCapabilities                       0x00005a5c   Data           4  ssp_lpc17xx.o(.constdata)
    SSP1_Resources                           0x00005a60   Data          72  ssp_lpc17xx.o(.constdata)
    .constdata                               0x00005aa8   Section       44  ssp_lpc17xx.o(.constdata)
    .constdata                               0x00005ad4   Section      492  uart_lpc17xx.o(.constdata)
    usart_driver_version                     0x00005ad4   Data           4  uart_lpc17xx.o(.constdata)
    fract_div_lookup_table                   0x00005ad8   Data         288  uart_lpc17xx.o(.constdata)
    USART0_Resources                         0x00005bf8   Data         100  uart_lpc17xx.o(.constdata)
    USART1_Resources                         0x00005c5c   Data         100  uart_lpc17xx.o(.constdata)
    .constdata                               0x00005cc0   Section        8  uart_lpc17xx.o(.constdata)
    UART0_DMA_Tx                             0x00005cc0   Data           8  uart_lpc17xx.o(.constdata)
    .constdata                               0x00005cc8   Section        8  uart_lpc17xx.o(.constdata)
    UART0_DMA_Rx                             0x00005cc8   Data           8  uart_lpc17xx.o(.constdata)
    .constdata                               0x00005cd0   Section        8  uart_lpc17xx.o(.constdata)
    USART1_DMA_Tx                            0x00005cd0   Data           8  uart_lpc17xx.o(.constdata)
    .constdata                               0x00005cd8   Section        8  uart_lpc17xx.o(.constdata)
    USART1_DMA_Rx                            0x00005cd8   Data           8  uart_lpc17xx.o(.constdata)
    .constdata                               0x00005ce0   Section       56  uart_lpc17xx.o(.constdata)
    .constdata                               0x00005d18   Section       48  cos_i.o(.constdata)
    C                                        0x00005d18   Data          48  cos_i.o(.constdata)
    .constdata                               0x00005d48   Section      200  rred.o(.constdata)
    pio2s                                    0x00005d48   Data          48  rred.o(.constdata)
    twooverpi                                0x00005d78   Data         152  rred.o(.constdata)
    .constdata                               0x00005e10   Section       40  sin_i.o(.constdata)
    S                                        0x00005e10   Data          40  sin_i.o(.constdata)
    .data                                    0x10000000   Section       12  main.o(.data)
    txGET_INFO                               0x10000001   Data           2  main.o(.data)
    txSCAN                                   0x10000003   Data           2  main.o(.data)
    .data                                    0x1000000c   Section       20  glcd_mcb1700.o(.data)
    Himax                                    0x1000000c   Data           1  glcd_mcb1700.o(.data)
    foreground_color                         0x1000000e   Data           2  glcd_mcb1700.o(.data)
    background_color                         0x10000010   Data           2  glcd_mcb1700.o(.data)
    active_font                              0x10000014   Data           4  glcd_mcb1700.o(.data)
    spi1_pins                                0x10000018   Data           8  glcd_mcb1700.o(.data)
    .data                                    0x10000020   Section        2  ssp_lpc17xx.o(.data)
    SSP1_pin_sck                             0x10000020   Data           2  ssp_lpc17xx.o(.data)
    .data                                    0x10000022   Section        2  ssp_lpc17xx.o(.data)
    SSP1_pin_miso                            0x10000022   Data           2  ssp_lpc17xx.o(.data)
    .data                                    0x10000024   Section        2  ssp_lpc17xx.o(.data)
    SSP1_pin_mosi                            0x10000024   Data           2  ssp_lpc17xx.o(.data)
    .data                                    0x10000026   Section        2  ssp_lpc17xx.o(.data)
    SSP1_pin_ssel                            0x10000026   Data           2  ssp_lpc17xx.o(.data)
    .data                                    0x10000028   Section        8  ssp_lpc17xx.o(.data)
    dummy_data                               0x10000028   Data           4  ssp_lpc17xx.o(.data)
    dummy_data                               0x1000002c   Data           4  ssp_lpc17xx.o(.data)
    .data                                    0x10000030   Section        2  uart_lpc17xx.o(.data)
    USART0_pin_tx                            0x10000030   Data           2  uart_lpc17xx.o(.data)
    .data                                    0x10000032   Section        2  uart_lpc17xx.o(.data)
    USART0_pin_rx                            0x10000032   Data           2  uart_lpc17xx.o(.data)
    .data                                    0x10000034   Section        2  uart_lpc17xx.o(.data)
    USART1_pin_tx                            0x10000034   Data           2  uart_lpc17xx.o(.data)
    .data                                    0x10000036   Section        2  uart_lpc17xx.o(.data)
    USART1_pin_rx                            0x10000036   Data           2  uart_lpc17xx.o(.data)
    .data                                    0x10000038   Section        8  gpdma_lpc17xx.o(.data)
    Channel_active                           0x10000038   Data           4  gpdma_lpc17xx.o(.data)
    Init_cnt                                 0x1000003c   Data           4  gpdma_lpc17xx.o(.data)
    .data                                    0x10000040   Section        4  system_lpc17xx.o(.data)
    .bss                                     0x10000044   Section      796  main.o(.bss)
    rxGET_INFO                               0x10000044   Data          28  main.o(.bss)
    lidarModel                               0x10000060   Data           9  main.o(.bss)
    lidarFirmware                            0x10000069   Data          13  main.o(.bss)
    lidarHardware                            0x10000076   Data          11  main.o(.bss)
    .bss                                     0x10000360   Section       12  ssp_lpc17xx.o(.bss)
    SSP1_Info                                0x10000360   Data          12  ssp_lpc17xx.o(.bss)
    .bss                                     0x1000036c   Section       28  ssp_lpc17xx.o(.bss)
    SSP1_Xfer                                0x1000036c   Data          28  ssp_lpc17xx.o(.bss)
    .bss                                     0x10000388   Section       52  uart_lpc17xx.o(.bss)
    USART0_Info                              0x10000388   Data          52  uart_lpc17xx.o(.bss)
    .bss                                     0x100003bc   Section       52  uart_lpc17xx.o(.bss)
    USART1_Info                              0x100003bc   Data          52  uart_lpc17xx.o(.bss)
    .bss                                     0x100003f0   Section      160  gpdma_lpc17xx.o(.bss)
    Channel_info                             0x100003f0   Data         160  gpdma_lpc17xx.o(.bss)
    .bss                                     0x10000490   Section       96  libspace.o(.bss)
    HEAP                                     0x100004f0   Section        0  startup_lpc17xx.o(HEAP)
    STACK                                    0x100004f0   Section      512  startup_lpc17xx.o(STACK)
    Heap_Mem                                 0x100004f0   Data           0  startup_lpc17xx.o(HEAP)
    Stack_Mem                                0x100004f0   Data         512  startup_lpc17xx.o(STACK)
    __initial_sp                             0x100006f0   Data           0  startup_lpc17xx.o(STACK)

    Global Symbols

    Symbol Name                              Value     Ov Type        Size  Object(Section)

    BuildAttributes$$THM_ISAv4$P$D$K$B$S$PE$A:L22UL41UL21$X:L11$S22US41US21$IEEE1$IW$USESV6$~STKCKD$USESV7$~SHL$OTIME$ROPI$IEEEX$EBA8$UX$STANDARDLIB$REQ8$PRES8$EABIv2 0x00000000   Number         0  anon$$obj.o ABSOLUTE
    __ARM_use_no_argv                        0x00000000   Number         0  main.o ABSOLUTE
    __Vectors                                0x00000000   Data           4  startup_lpc17xx.o(RESET)
    _printf_flags                            0x00000000   Number         0  printf_stubs.o ABSOLUTE
    _printf_return_value                     0x00000000   Number         0  printf_stubs.o ABSOLUTE
    _printf_sizespec                         0x00000000   Number         0  printf_stubs.o ABSOLUTE
    _printf_widthprec                        0x00000000   Number         0  printf_stubs.o ABSOLUTE
    __ARM_exceptions_init                     - Undefined Weak Reference
    __alloca_initialize                       - Undefined Weak Reference
    __arm_preinit_                            - Undefined Weak Reference
    __cpp_initialize__aeabi_                  - Undefined Weak Reference
    __cxa_finalize                            - Undefined Weak Reference
    __rt_locale                               - Undefined Weak Reference
    __sigvec_lookup                           - Undefined Weak Reference
    _atexit_init                              - Undefined Weak Reference
    _call_atexit_fns                          - Undefined Weak Reference
    _clock_init                               - Undefined Weak Reference
    _fp_trap_init                             - Undefined Weak Reference
    _fp_trap_shutdown                         - Undefined Weak Reference
    _get_lc_collate                           - Undefined Weak Reference
    _get_lc_ctype                             - Undefined Weak Reference
    _get_lc_monetary                          - Undefined Weak Reference
    _get_lc_numeric                           - Undefined Weak Reference
    _get_lc_time                              - Undefined Weak Reference
    _getenv_init                              - Undefined Weak Reference
    _handle_redirection                       - Undefined Weak Reference
    _init_alloc                               - Undefined Weak Reference
    _init_user_alloc                          - Undefined Weak Reference
    _initio                                   - Undefined Weak Reference
    _printf_truncate_signed                   - Undefined Weak Reference
    _printf_truncate_unsigned                 - Undefined Weak Reference
    _rand_init                                - Undefined Weak Reference
    _signal_finish                            - Undefined Weak Reference
    _signal_init                              - Undefined Weak Reference
    _terminate_alloc                          - Undefined Weak Reference
    _terminate_user_alloc                     - Undefined Weak Reference
    _terminateio                              - Undefined Weak Reference
    __main                                   0x000000cd   Thumb Code     8  __main.o(!!!main)
    __scatterload                            0x000000d5   Thumb Code     0  __scatter.o(!!!scatter)
    __scatterload_rt2                        0x000000d5   Thumb Code    44  __scatter.o(!!!scatter)
    __scatterload_rt2_thumb_only             0x000000d5   Thumb Code     0  __scatter.o(!!!scatter)
    __scatterload_null                       0x000000e3   Thumb Code     0  __scatter.o(!!!scatter)
    __scatterload_copy                       0x00000109   Thumb Code    26  __scatter_copy.o(!!handler_copy)
    __scatterload_zeroinit                   0x00000125   Thumb Code    28  __scatter_zi.o(!!handler_zi)
    __rt_lib_init                            0x00000141   Thumb Code     0  libinit.o(.ARM.Collect$$libinit$$00000000)
    __rt_lib_init_alloca_1                   0x00000143   Thumb Code     0  libinit2.o(.ARM.Collect$$libinit$$0000002E)
    __rt_lib_init_argv_1                     0x00000143   Thumb Code     0  libinit2.o(.ARM.Collect$$libinit$$0000002C)
    __rt_lib_init_atexit_1                   0x00000143   Thumb Code     0  libinit2.o(.ARM.Collect$$libinit$$0000001B)
    __rt_lib_init_clock_1                    0x00000143   Thumb Code     0  libinit2.o(.ARM.Collect$$libinit$$00000021)
    __rt_lib_init_cpp_1                      0x00000143   Thumb Code     0  libinit2.o(.ARM.Collect$$libinit$$00000032)
    __rt_lib_init_exceptions_1               0x00000143   Thumb Code     0  libinit2.o(.ARM.Collect$$libinit$$00000030)
    __rt_lib_init_fp_1                       0x00000143   Thumb Code     0  libinit2.o(.ARM.Collect$$libinit$$00000002)
    __rt_lib_init_fp_trap_1                  0x00000143   Thumb Code     0  libinit2.o(.ARM.Collect$$libinit$$0000001F)
    __rt_lib_init_getenv_1                   0x00000143   Thumb Code     0  libinit2.o(.ARM.Collect$$libinit$$00000023)
    __rt_lib_init_heap_1                     0x00000143   Thumb Code     0  libinit2.o(.ARM.Collect$$libinit$$0000000A)
    __rt_lib_init_lc_collate_1               0x00000143   Thumb Code     0  libinit2.o(.ARM.Collect$$libinit$$00000011)
    __rt_lib_init_lc_ctype_1                 0x00000143   Thumb Code     0  libinit2.o(.ARM.Collect$$libinit$$00000013)
    __rt_lib_init_lc_monetary_1              0x00000143   Thumb Code     0  libinit2.o(.ARM.Collect$$libinit$$00000015)
    __rt_lib_init_lc_numeric_1               0x00000143   Thumb Code     0  libinit2.o(.ARM.Collect$$libinit$$00000017)
    __rt_lib_init_lc_time_1                  0x00000143   Thumb Code     0  libinit2.o(.ARM.Collect$$libinit$$00000019)
    __rt_lib_init_preinit_1                  0x00000143   Thumb Code     0  libinit2.o(.ARM.Collect$$libinit$$00000004)
    __rt_lib_init_rand_1                     0x00000143   Thumb Code     0  libinit2.o(.ARM.Collect$$libinit$$0000000E)
    __rt_lib_init_return                     0x00000143   Thumb Code     0  libinit2.o(.ARM.Collect$$libinit$$00000033)
    __rt_lib_init_signal_1                   0x00000143   Thumb Code     0  libinit2.o(.ARM.Collect$$libinit$$0000001D)
    __rt_lib_init_stdio_1                    0x00000143   Thumb Code     0  libinit2.o(.ARM.Collect$$libinit$$00000025)
    __rt_lib_init_user_alloc_1               0x00000143   Thumb Code     0  libinit2.o(.ARM.Collect$$libinit$$0000000C)
    __rt_lib_shutdown                        0x00000145   Thumb Code     0  libshutdown.o(.ARM.Collect$$libshutdown$$00000000)
    __rt_lib_shutdown_cpp_1                  0x00000147   Thumb Code     0  libshutdown2.o(.ARM.Collect$$libshutdown$$00000002)
    __rt_lib_shutdown_fp_trap_1              0x00000147   Thumb Code     0  libshutdown2.o(.ARM.Collect$$libshutdown$$00000007)
    __rt_lib_shutdown_heap_1                 0x00000147   Thumb Code     0  libshutdown2.o(.ARM.Collect$$libshutdown$$0000000F)
    __rt_lib_shutdown_return                 0x00000147   Thumb Code     0  libshutdown2.o(.ARM.Collect$$libshutdown$$00000010)
    __rt_lib_shutdown_signal_1               0x00000147   Thumb Code     0  libshutdown2.o(.ARM.Collect$$libshutdown$$0000000A)
    __rt_lib_shutdown_stdio_1                0x00000147   Thumb Code     0  libshutdown2.o(.ARM.Collect$$libshutdown$$00000004)
    __rt_lib_shutdown_user_alloc_1           0x00000147   Thumb Code     0  libshutdown2.o(.ARM.Collect$$libshutdown$$0000000C)
    __rt_entry                               0x00000149   Thumb Code     0  __rtentry.o(.ARM.Collect$$rtentry$$00000000)
    __rt_entry_presh_1                       0x00000149   Thumb Code     0  __rtentry2.o(.ARM.Collect$$rtentry$$00000002)
    __rt_entry_sh                            0x00000149   Thumb Code     0  __rtentry4.o(.ARM.Collect$$rtentry$$00000004)
    __rt_entry_li                            0x0000014f   Thumb Code     0  __rtentry2.o(.ARM.Collect$$rtentry$$0000000A)
    __rt_entry_postsh_1                      0x0000014f   Thumb Code     0  __rtentry2.o(.ARM.Collect$$rtentry$$00000009)
    __rt_entry_main                          0x00000153   Thumb Code     0  __rtentry2.o(.ARM.Collect$$rtentry$$0000000D)
    __rt_entry_postli_1                      0x00000153   Thumb Code     0  __rtentry2.o(.ARM.Collect$$rtentry$$0000000C)
    __rt_exit                                0x0000015b   Thumb Code     0  rtexit.o(.ARM.Collect$$rtexit$$00000000)
    __rt_exit_ls                             0x0000015d   Thumb Code     0  rtexit2.o(.ARM.Collect$$rtexit$$00000003)
    __rt_exit_prels_1                        0x0000015d   Thumb Code     0  rtexit2.o(.ARM.Collect$$rtexit$$00000002)
    __rt_exit_exit                           0x00000161   Thumb Code     0  rtexit2.o(.ARM.Collect$$rtexit$$00000004)
    Reset_Handler                            0x00000169   Thumb Code     8  startup_lpc17xx.o(.text)
    NMI_Handler                              0x00000171   Thumb Code     2  startup_lpc17xx.o(.text)
    HardFault_Handler                        0x00000173   Thumb Code     2  startup_lpc17xx.o(.text)
    MemManage_Handler                        0x00000175   Thumb Code     2  startup_lpc17xx.o(.text)
    BusFault_Handler                         0x00000177   Thumb Code     2  startup_lpc17xx.o(.text)
    UsageFault_Handler                       0x00000179   Thumb Code     2  startup_lpc17xx.o(.text)
    SVC_Handler                              0x0000017b   Thumb Code     2  startup_lpc17xx.o(.text)
    DebugMon_Handler                         0x0000017d   Thumb Code     2  startup_lpc17xx.o(.text)
    PendSV_Handler                           0x0000017f   Thumb Code     2  startup_lpc17xx.o(.text)
    SysTick_Handler                          0x00000181   Thumb Code     2  startup_lpc17xx.o(.text)
    ADC_IRQHandler                           0x00000183   Thumb Code     0  startup_lpc17xx.o(.text)
    BOD_IRQHandler                           0x00000183   Thumb Code     0  startup_lpc17xx.o(.text)
    CANActivity_IRQHandler                   0x00000183   Thumb Code     0  startup_lpc17xx.o(.text)
    CAN_IRQHandler                           0x00000183   Thumb Code     0  startup_lpc17xx.o(.text)
    EINT0_IRQHandler                         0x00000183   Thumb Code     0  startup_lpc17xx.o(.text)
    EINT1_IRQHandler                         0x00000183   Thumb Code     0  startup_lpc17xx.o(.text)
    EINT2_IRQHandler                         0x00000183   Thumb Code     0  startup_lpc17xx.o(.text)
    EINT3_IRQHandler                         0x00000183   Thumb Code     0  startup_lpc17xx.o(.text)
    ENET_IRQHandler                          0x00000183   Thumb Code     0  startup_lpc17xx.o(.text)
    I2C0_IRQHandler                          0x00000183   Thumb Code     0  startup_lpc17xx.o(.text)
    I2C1_IRQHandler                          0x00000183   Thumb Code     0  startup_lpc17xx.o(.text)
    I2C2_IRQHandler                          0x00000183   Thumb Code     0  startup_lpc17xx.o(.text)
    I2S_IRQHandler                           0x00000183   Thumb Code     0  startup_lpc17xx.o(.text)
    MCPWM_IRQHandler                         0x00000183   Thumb Code     0  startup_lpc17xx.o(.text)
    PLL0_IRQHandler                          0x00000183   Thumb Code     0  startup_lpc17xx.o(.text)
    PLL1_IRQHandler                          0x00000183   Thumb Code     0  startup_lpc17xx.o(.text)
    PWM1_IRQHandler                          0x00000183   Thumb Code     0  startup_lpc17xx.o(.text)
    QEI_IRQHandler                           0x00000183   Thumb Code     0  startup_lpc17xx.o(.text)
    RIT_IRQHandler                           0x00000183   Thumb Code     0  startup_lpc17xx.o(.text)
    RTC_IRQHandler                           0x00000183   Thumb Code     0  startup_lpc17xx.o(.text)
    SPI_IRQHandler                           0x00000183   Thumb Code     0  startup_lpc17xx.o(.text)
    SSP0_IRQHandler                          0x00000183   Thumb Code     0  startup_lpc17xx.o(.text)
    TIMER0_IRQHandler                        0x00000183   Thumb Code     0  startup_lpc17xx.o(.text)
    TIMER1_IRQHandler                        0x00000183   Thumb Code     0  startup_lpc17xx.o(.text)
    TIMER2_IRQHandler                        0x00000183   Thumb Code     0  startup_lpc17xx.o(.text)
    TIMER3_IRQHandler                        0x00000183   Thumb Code     0  startup_lpc17xx.o(.text)
    UART2_IRQHandler                         0x00000183   Thumb Code     0  startup_lpc17xx.o(.text)
    UART3_IRQHandler                         0x00000183   Thumb Code     0  startup_lpc17xx.o(.text)
    USBActivity_IRQHandler                   0x00000183   Thumb Code     0  startup_lpc17xx.o(.text)
    USB_IRQHandler                           0x00000183   Thumb Code     0  startup_lpc17xx.o(.text)
    WDT_IRQHandler                           0x00000183   Thumb Code     0  startup_lpc17xx.o(.text)
    __user_initial_stackheap                 0x00000185   Thumb Code     0  startup_lpc17xx.o(.text)
    __aeabi_uldivmod                         0x000001a5   Thumb Code     0  lludivv7m.o(.text)
    _ll_udiv                                 0x000001a5   Thumb Code   238  lludivv7m.o(.text)
    __aeabi_memclr4                          0x00000293   Thumb Code     0  rt_memclr_w.o(.text)
    __aeabi_memclr8                          0x00000293   Thumb Code     0  rt_memclr_w.o(.text)
    __rt_memclr_w                            0x00000293   Thumb Code    78  rt_memclr_w.o(.text)
    _memset_w                                0x00000297   Thumb Code     0  rt_memclr_w.o(.text)
    __use_two_region_memory                  0x000002e1   Thumb Code     2  heapauxi.o(.text)
    __rt_heap_escrow$2region                 0x000002e3   Thumb Code     2  heapauxi.o(.text)
    __rt_heap_expand$2region                 0x000002e5   Thumb Code     2  heapauxi.o(.text)
    __read_errno                             0x000002e7   Thumb Code    10  _rserrno.o(.text)
    __set_errno                              0x000002f1   Thumb Code    12  _rserrno.o(.text)
    __aeabi_errno_addr                       0x00000301   Thumb Code     8  rt_errno_addr_intlibspace.o(.text)
    __errno$intlibspace                      0x00000301   Thumb Code     0  rt_errno_addr_intlibspace.o(.text)
    __rt_errno_addr$intlibspace              0x00000301   Thumb Code     0  rt_errno_addr_intlibspace.o(.text)
    __user_libspace                          0x00000309   Thumb Code     8  libspace.o(.text)
    __user_perproc_libspace                  0x00000309   Thumb Code     0  libspace.o(.text)
    __user_perthread_libspace                0x00000309   Thumb Code     0  libspace.o(.text)
    __user_setup_stackheap                   0x00000311   Thumb Code    74  sys_stackheap_outer.o(.text)
    exit                                     0x0000035b   Thumb Code    18  exit.o(.text)
    _sys_exit                                0x0000036d   Thumb Code     8  sys_exit.o(.text)
    __I$use$semihosting                      0x00000379   Thumb Code     0  use_no_semi.o(.text)
    __use_no_semihosting_swi                 0x00000379   Thumb Code     2  use_no_semi.o(.text)
    __semihosting_library_function           0x0000037b   Thumb Code     0  indicate_semi.o(.text)
    DMA_IRQHandler                           0x00000399   Thumb Code   220  gpdma_lpc17xx.o(i.DMA_IRQHandler)
    GLCD_ClearScreen                         0x00000481   Thumb Code    44  glcd_mcb1700.o(i.GLCD_ClearScreen)
    GLCD_DrawPixel                           0x000004b1   Thumb Code   160  glcd_mcb1700.o(i.GLCD_DrawPixel)
    GLCD_Initialize                          0x00000559   Thumb Code  1454  glcd_mcb1700.o(i.GLCD_Initialize)
    GLCD_SetBackgroundColor                  0x00000b09   Thumb Code     8  glcd_mcb1700.o(i.GLCD_SetBackgroundColor)
    GLCD_SetFont                             0x00000b15   Thumb Code     8  glcd_mcb1700.o(i.GLCD_SetFont)
    GLCD_SetForegroundColor                  0x00000b21   Thumb Code     8  glcd_mcb1700.o(i.GLCD_SetForegroundColor)
    GLCD_SetWindow                           0x00000b2d   Thumb Code   148  glcd_mcb1700.o(i.GLCD_SetWindow)
    GLCD_WindowMax                           0x00000bc5   Thumb Code    14  glcd_mcb1700.o(i.GLCD_WindowMax)
    GPDMA_ChannelConfigure                   0x00000bd5   Thumb Code   186  gpdma_lpc17xx.o(i.GPDMA_ChannelConfigure)
    GPDMA_ChannelDisable                     0x00000c9d   Thumb Code    40  gpdma_lpc17xx.o(i.GPDMA_ChannelDisable)
    GPDMA_ChannelGetCount                    0x00000cc9   Thumb Code    38  gpdma_lpc17xx.o(i.GPDMA_ChannelGetCount)
    GPDMA_Initialize                         0x00000cf9   Thumb Code    98  gpdma_lpc17xx.o(i.GPDMA_Initialize)
    GPDMA_PeripheralSelect                   0x00000d6d   Thumb Code    48  gpdma_lpc17xx.o(i.GPDMA_PeripheralSelect)
    GPDMA_Uninitialize                       0x00000da1   Thumb Code    64  gpdma_lpc17xx.o(i.GPDMA_Uninitialize)
    GPIO_PinRead                             0x00000de9   Thumb Code    20  gpio_lpc17xx.o(i.GPIO_PinRead)
    GPIO_PinWrite                            0x00000e01   Thumb Code    20  gpio_lpc17xx.o(i.GPIO_PinWrite)
    GPIO_PortClock                           0x00000e19   Thumb Code    24  gpio_lpc17xx.o(i.GPIO_PortClock)
    GPIO_SetDir                              0x00000e35   Thumb Code    26  gpio_lpc17xx.o(i.GPIO_SetDir)
    Init_USART0                              0x00000ecd   Thumb Code    46  main.o(i.Init_USART0)
    LidarSCAN                                0x00000f01   Thumb Code    24  main.o(i.LidarSCAN)
    PIN_Configure                            0x00000f21   Thumb Code   100  pin_lpc17xx.o(i.PIN_Configure)
    PWM_Init                                 0x00000f89   Thumb Code    44  main.o(i.PWM_Init)
    SSP1_GPDMA_Rx_SignalEvent                0x00000fc9   Thumb Code     6  ssp_lpc17xx.o(i.SSP1_GPDMA_Rx_SignalEvent)
    SSP1_GPDMA_Tx_SignalEvent                0x00000fd5   Thumb Code     6  ssp_lpc17xx.o(i.SSP1_GPDMA_Tx_SignalEvent)
    SSP1_IRQHandler                          0x00001055   Thumb Code     6  ssp_lpc17xx.o(i.SSP1_IRQHandler)
    SSPx_GPDMA_Rx_SignalEvent                0x000014a5   Thumb Code    30  ssp_lpc17xx.o(i.SSPx_GPDMA_Rx_SignalEvent)
    SSPx_GPDMA_Tx_SignalEvent                0x000014c3   Thumb Code    12  ssp_lpc17xx.o(i.SSPx_GPDMA_Tx_SignalEvent)
    SystemInit                               0x00001ba9   Thumb Code   196  system_lpc17xx.o(i.SystemInit)
    UART0_IRQHandler                         0x00001c79   Thumb Code     6  uart_lpc17xx.o(i.UART0_IRQHandler)
    UART1_IRQHandler                         0x00001c85   Thumb Code     6  uart_lpc17xx.o(i.UART1_IRQHandler)
    USART0_GPDMA_Rx_Event                    0x00001c9d   Thumb Code     6  uart_lpc17xx.o(i.USART0_GPDMA_Rx_Event)
    USART0_GPDMA_Tx_Event                    0x00001ca9   Thumb Code     6  uart_lpc17xx.o(i.USART0_GPDMA_Tx_Event)
    USART1_GPDMA_Rx_Event                    0x00001d45   Thumb Code     6  uart_lpc17xx.o(i.USART1_GPDMA_Rx_Event)
    USART1_GPDMA_Tx_Event                    0x00001d51   Thumb Code     6  uart_lpc17xx.o(i.USART1_GPDMA_Tx_Event)
    USART_SetBaudrate                        0x00002b39   Thumb Code   204  uart_lpc17xx.o(i.USART_SetBaudrate)
    __ARM_fpclassify                         0x00002d99   Thumb Code    40  fpclassify.o(i.__ARM_fpclassify)
    __ieee754_rem_pio2                       0x00002e11   Thumb Code   828  rred.o(i.__ieee754_rem_pio2)
    __kernel_cos                             0x00003199   Thumb Code   230  cos_i.o(i.__kernel_cos)
    __kernel_poly                            0x00003295   Thumb Code   170  poly.o(i.__kernel_poly)
    __kernel_sin                             0x00003341   Thumb Code   224  sin_i.o(i.__kernel_sin)
    __mathlib_dbl_infnan                     0x0000342d   Thumb Code     6  dunder.o(i.__mathlib_dbl_infnan)
    __mathlib_dbl_invalid                    0x00003433   Thumb Code    12  dunder.o(i.__mathlib_dbl_invalid)
    __mathlib_dbl_underflow                  0x00003441   Thumb Code    10  dunder.o(i.__mathlib_dbl_underflow)
    cos                                      0x00003451   Thumb Code   148  cos.o(i.cos)
    main                                     0x00003515   Thumb Code   142  main.o(i.main)
    sin                                      0x00003665   Thumb Code   150  sin.o(i.sin)
    updateDisplay                            0x000037a5   Thumb Code   146  main.o(i.updateDisplay)
    __aeabi_dadd                             0x00003939   Thumb Code     0  daddsub_clz.o(x$fpl$dadd)
    _dadd                                    0x00003939   Thumb Code   332  daddsub_clz.o(x$fpl$dadd)
    __fpl_dcheck_NaN1                        0x00003a89   Thumb Code    10  dcheck1.o(x$fpl$dcheck1)
    __aeabi_ddiv                             0x00003a99   Thumb Code     0  ddiv.o(x$fpl$ddiv)
    _ddiv                                    0x00003a99   Thumb Code   552  ddiv.o(x$fpl$ddiv)
    __aeabi_d2iz                             0x00003d49   Thumb Code     0  dfix.o(x$fpl$dfix)
    _dfix                                    0x00003d49   Thumb Code    94  dfix.o(x$fpl$dfix)
    __aeabi_d2uiz                            0x00003da9   Thumb Code     0  dfixu.o(x$fpl$dfixu)
    _dfixu                                   0x00003da9   Thumb Code    90  dfixu.o(x$fpl$dfixu)
    __aeabi_i2d                              0x00003e03   Thumb Code     0  dflt_clz.o(x$fpl$dflt)
    _dflt                                    0x00003e03   Thumb Code    46  dflt_clz.o(x$fpl$dflt)
    __aeabi_ui2d                             0x00003e31   Thumb Code     0  dflt_clz.o(x$fpl$dfltu)
    _dfltu                                   0x00003e31   Thumb Code    38  dflt_clz.o(x$fpl$dfltu)
    __aeabi_dmul                             0x00003e59   Thumb Code     0  dmul.o(x$fpl$dmul)
    _dmul                                    0x00003e59   Thumb Code   332  dmul.o(x$fpl$dmul)
    __fpl_dnaninf                            0x00003fad   Thumb Code   156  dnaninf.o(x$fpl$dnaninf)
    __fpl_dretinf                            0x00004049   Thumb Code    12  dretinf.o(x$fpl$dretinf)
    __aeabi_drsub                            0x00004055   Thumb Code     0  daddsub_clz.o(x$fpl$drsb)
    _drsb                                    0x00004055   Thumb Code    22  daddsub_clz.o(x$fpl$drsb)
    __aeabi_dsub                             0x0000406d   Thumb Code     0  daddsub_clz.o(x$fpl$dsub)
    _dsub                                    0x0000406d   Thumb Code   464  daddsub_clz.o(x$fpl$dsub)
    __aeabi_f2d                              0x00004241   Thumb Code     0  f2d.o(x$fpl$f2d)
    _f2d                                     0x00004241   Thumb Code    86  f2d.o(x$fpl$f2d)
    __aeabi_ui2f                             0x00004299   Thumb Code     0  fflt_clz.o(x$fpl$ffltu)
    _ffltu                                   0x00004299   Thumb Code    38  fflt_clz.o(x$fpl$ffltu)
    __aeabi_fmul                             0x000042c1   Thumb Code     0  fmul.o(x$fpl$fmul)
    _fmul                                    0x000042c1   Thumb Code   258  fmul.o(x$fpl$fmul)
    __fpl_fnaninf                            0x000043c3   Thumb Code   140  fnaninf.o(x$fpl$fnaninf)
    __fpl_fretinf                            0x0000444f   Thumb Code    10  fretinf.o(x$fpl$fretinf)
    __fpl_return_NaN                         0x00004459   Thumb Code   100  retnan.o(x$fpl$retnan)
    __ARM_scalbn                             0x000044bd   Thumb Code    92  scalbn.o(x$fpl$scalbn)
    __fpl_cmpreturn                          0x00004519   Thumb Code    48  trapv.o(x$fpl$trapveneer)
    __I$use$fp                               0x00004548   Number         0  usenofp.o(x$fpl$usenofp)
    GLCD_Font_16x24                          0x00005a48   Data          16  glcd_fonts.o(.constdata)
    Driver_SPI1                              0x00005aa8   Data          44  ssp_lpc17xx.o(.constdata)
    Driver_USART0                            0x00005ce0   Data          56  uart_lpc17xx.o(.constdata)
    Region$$Table$$Base                      0x00005e38   Number         0  anon$$obj.o(Region$$Table)
    Region$$Table$$Limit                     0x00005e58   Number         0  anon$$obj.o(Region$$Table)
    lidarQualite                             0x10000000   Data           1  main.o(.data)
    lidarAngle                               0x10000006   Data           2  main.o(.data)
    scale                                    0x10000008   Data           4  main.o(.data)
    SystemCoreClock                          0x10000040   Data           4  system_lpc17xx.o(.data)
    rxSCAN                                   0x10000081   Data          12  main.o(.bss)
    lidarDistance                            0x1000008e   Data         722  main.o(.bss)
    __libspace_start                         0x10000490   Data          96  libspace.o(.bss)
    __temporary_stack_top$libspace           0x100004f0   Data           0  libspace.o(.bss)



==============================================================================

Memory Map of the image

  Image Entry point : 0x00000169

  Load Region LR_1 (Base: 0x00000000, Size: 0x00005e9c, Max: 0xffffffff, ABSOLUTE)

    Execution Region ER_RO (Base: 0x00000000, Size: 0x00005e58, Max: 0xffffffff, ABSOLUTE)

    Base Addr    Size         Type   Attr      Idx    E Section Name        Object

    0x00000000   0x000000cc   Data   RO         1009    RESET               startup_lpc17xx.o
    0x000000cc   0x00000008   Code   RO         1093  * !!!main             c_w.l(__main.o)
    0x000000d4   0x00000034   Code   RO         1377    !!!scatter          c_w.l(__scatter.o)
    0x00000108   0x0000001a   Code   RO         1379    !!handler_copy      c_w.l(__scatter_copy.o)
    0x00000122   0x00000002   PAD
    0x00000124   0x0000001c   Code   RO         1381    !!handler_zi        c_w.l(__scatter_zi.o)
    0x00000140   0x00000002   Code   RO         1248    .ARM.Collect$$libinit$$00000000  c_w.l(libinit.o)
    0x00000142   0x00000000   Code   RO         1260    .ARM.Collect$$libinit$$00000002  c_w.l(libinit2.o)
    0x00000142   0x00000000   Code   RO         1262    .ARM.Collect$$libinit$$00000004  c_w.l(libinit2.o)
    0x00000142   0x00000000   Code   RO         1265    .ARM.Collect$$libinit$$0000000A  c_w.l(libinit2.o)
    0x00000142   0x00000000   Code   RO         1267    .ARM.Collect$$libinit$$0000000C  c_w.l(libinit2.o)
    0x00000142   0x00000000   Code   RO         1269    .ARM.Collect$$libinit$$0000000E  c_w.l(libinit2.o)
    0x00000142   0x00000000   Code   RO         1272    .ARM.Collect$$libinit$$00000011  c_w.l(libinit2.o)
    0x00000142   0x00000000   Code   RO         1274    .ARM.Collect$$libinit$$00000013  c_w.l(libinit2.o)
    0x00000142   0x00000000   Code   RO         1276    .ARM.Collect$$libinit$$00000015  c_w.l(libinit2.o)
    0x00000142   0x00000000   Code   RO         1278    .ARM.Collect$$libinit$$00000017  c_w.l(libinit2.o)
    0x00000142   0x00000000   Code   RO         1280    .ARM.Collect$$libinit$$00000019  c_w.l(libinit2.o)
    0x00000142   0x00000000   Code   RO         1282    .ARM.Collect$$libinit$$0000001B  c_w.l(libinit2.o)
    0x00000142   0x00000000   Code   RO         1284    .ARM.Collect$$libinit$$0000001D  c_w.l(libinit2.o)
    0x00000142   0x00000000   Code   RO         1286    .ARM.Collect$$libinit$$0000001F  c_w.l(libinit2.o)
    0x00000142   0x00000000   Code   RO         1288    .ARM.Collect$$libinit$$00000021  c_w.l(libinit2.o)
    0x00000142   0x00000000   Code   RO         1290    .ARM.Collect$$libinit$$00000023  c_w.l(libinit2.o)
    0x00000142   0x00000000   Code   RO         1292    .ARM.Collect$$libinit$$00000025  c_w.l(libinit2.o)
    0x00000142   0x00000000   Code   RO         1296    .ARM.Collect$$libinit$$0000002C  c_w.l(libinit2.o)
    0x00000142   0x00000000   Code   RO         1298    .ARM.Collect$$libinit$$0000002E  c_w.l(libinit2.o)
    0x00000142   0x00000000   Code   RO         1300    .ARM.Collect$$libinit$$00000030  c_w.l(libinit2.o)
    0x00000142   0x00000000   Code   RO         1302    .ARM.Collect$$libinit$$00000032  c_w.l(libinit2.o)
    0x00000142   0x00000002   Code   RO         1303    .ARM.Collect$$libinit$$00000033  c_w.l(libinit2.o)
    0x00000144   0x00000002   Code   RO         1334    .ARM.Collect$$libshutdown$$00000000  c_w.l(libshutdown.o)
    0x00000146   0x00000000   Code   RO         1360    .ARM.Collect$$libshutdown$$00000002  c_w.l(libshutdown2.o)
    0x00000146   0x00000000   Code   RO         1362    .ARM.Collect$$libshutdown$$00000004  c_w.l(libshutdown2.o)
    0x00000146   0x00000000   Code   RO         1365    .ARM.Collect$$libshutdown$$00000007  c_w.l(libshutdown2.o)
    0x00000146   0x00000000   Code   RO         1368    .ARM.Collect$$libshutdown$$0000000A  c_w.l(libshutdown2.o)
    0x00000146   0x00000000   Code   RO         1370    .ARM.Collect$$libshutdown$$0000000C  c_w.l(libshutdown2.o)
    0x00000146   0x00000000   Code   RO         1373    .ARM.Collect$$libshutdown$$0000000F  c_w.l(libshutdown2.o)
    0x00000146   0x00000002   Code   RO         1374    .ARM.Collect$$libshutdown$$00000010  c_w.l(libshutdown2.o)
    0x00000148   0x00000000   Code   RO         1139    .ARM.Collect$$rtentry$$00000000  c_w.l(__rtentry.o)
    0x00000148   0x00000000   Code   RO         1193    .ARM.Collect$$rtentry$$00000002  c_w.l(__rtentry2.o)
    0x00000148   0x00000006   Code   RO         1205    .ARM.Collect$$rtentry$$00000004  c_w.l(__rtentry4.o)
    0x0000014e   0x00000000   Code   RO         1195    .ARM.Collect$$rtentry$$00000009  c_w.l(__rtentry2.o)
    0x0000014e   0x00000004   Code   RO         1196    .ARM.Collect$$rtentry$$0000000A  c_w.l(__rtentry2.o)
    0x00000152   0x00000000   Code   RO         1198    .ARM.Collect$$rtentry$$0000000C  c_w.l(__rtentry2.o)
    0x00000152   0x00000008   Code   RO         1199    .ARM.Collect$$rtentry$$0000000D  c_w.l(__rtentry2.o)
    0x0000015a   0x00000002   Code   RO         1251    .ARM.Collect$$rtexit$$00000000  c_w.l(rtexit.o)
    0x0000015c   0x00000000   Code   RO         1307    .ARM.Collect$$rtexit$$00000002  c_w.l(rtexit2.o)
    0x0000015c   0x00000004   Code   RO         1308    .ARM.Collect$$rtexit$$00000003  c_w.l(rtexit2.o)
    0x00000160   0x00000006   Code   RO         1309    .ARM.Collect$$rtexit$$00000004  c_w.l(rtexit2.o)
    0x00000166   0x00000002   PAD
    0x00000168   0x0000003c   Code   RO         1011  * .text               startup_lpc17xx.o
    0x000001a4   0x000000ee   Code   RO         1055    .text               c_w.l(lludivv7m.o)
    0x00000292   0x0000004e   Code   RO         1089    .text               c_w.l(rt_memclr_w.o)
    0x000002e0   0x00000006   Code   RO         1091    .text               c_w.l(heapauxi.o)
    0x000002e6   0x00000016   Code   RO         1144    .text               c_w.l(_rserrno.o)
    0x000002fc   0x00000004   Code   RO         1010    .ARM.__at_0x02FC    startup_lpc17xx.o
    0x00000300   0x00000008   Code   RO         1212    .text               c_w.l(rt_errno_addr_intlibspace.o)
    0x00000308   0x00000008   Code   RO         1232    .text               c_w.l(libspace.o)
    0x00000310   0x0000004a   Code   RO         1235    .text               c_w.l(sys_stackheap_outer.o)
    0x0000035a   0x00000012   Code   RO         1237    .text               c_w.l(exit.o)
    0x0000036c   0x0000000c   Code   RO         1304    .text               c_w.l(sys_exit.o)
    0x00000378   0x00000002   Code   RO         1323    .text               c_w.l(use_no_semi.o)
    0x0000037a   0x00000000   Code   RO         1325    .text               c_w.l(indicate_semi.o)
    0x0000037a   0x00000002   PAD
    0x0000037c   0x0000001c   Code   RO          830    i.Clear_Channel_active_flag  gpdma_lpc17xx.o
    0x00000398   0x000000e8   Code   RO          831    i.DMA_IRQHandler    gpdma_lpc17xx.o
    0x00000480   0x00000030   Code   RO          150    i.GLCD_ClearScreen  glcd_mcb1700.o
    0x000004b0   0x000000a8   Code   RO          155    i.GLCD_DrawPixel    glcd_mcb1700.o
    0x00000558   0x000005ae   Code   RO          161    i.GLCD_Initialize   glcd_mcb1700.o
    0x00000b06   0x00000002   PAD
    0x00000b08   0x0000000c   Code   RO          162    i.GLCD_SetBackgroundColor  glcd_mcb1700.o
    0x00000b14   0x0000000c   Code   RO          163    i.GLCD_SetFont      glcd_mcb1700.o
    0x00000b20   0x0000000c   Code   RO          164    i.GLCD_SetForegroundColor  glcd_mcb1700.o
    0x00000b2c   0x00000098   Code   RO          165    i.GLCD_SetWindow    glcd_mcb1700.o
    0x00000bc4   0x0000000e   Code   RO          168    i.GLCD_WindowMax    glcd_mcb1700.o
    0x00000bd2   0x00000002   PAD
    0x00000bd4   0x000000c8   Code   RO          832    i.GPDMA_ChannelConfigure  gpdma_lpc17xx.o
    0x00000c9c   0x0000002c   Code   RO          833    i.GPDMA_ChannelDisable  gpdma_lpc17xx.o
    0x00000cc8   0x00000030   Code   RO          835    i.GPDMA_ChannelGetCount  gpdma_lpc17xx.o
    0x00000cf8   0x00000074   Code   RO          837    i.GPDMA_Initialize  gpdma_lpc17xx.o
    0x00000d6c   0x00000034   Code   RO          838    i.GPDMA_PeripheralSelect  gpdma_lpc17xx.o
    0x00000da0   0x00000048   Code   RO          839    i.GPDMA_Uninitialize  gpdma_lpc17xx.o
    0x00000de8   0x00000018   Code   RO          920    i.GPIO_PinRead      gpio_lpc17xx.o
    0x00000e00   0x00000018   Code   RO          921    i.GPIO_PinWrite     gpio_lpc17xx.o
    0x00000e18   0x0000001c   Code   RO          922    i.GPIO_PortClock    gpio_lpc17xx.o
    0x00000e34   0x00000020   Code   RO          925    i.GPIO_SetDir       gpio_lpc17xx.o
    0x00000e54   0x0000003c   Code   RO          345    i.GetSSPClockFreq   ssp_lpc17xx.o
    0x00000e90   0x0000003c   Code   RO          527    i.GetUsartClockFreq  uart_lpc17xx.o
    0x00000ecc   0x00000034   Code   RO            4    i.Init_USART0       main.o
    0x00000f00   0x00000020   Code   RO            9    i.LidarSCAN         main.o
    0x00000f20   0x00000068   Code   RO          974    i.PIN_Configure     pin_lpc17xx.o
    0x00000f88   0x00000034   Code   RO           10    i.PWM_Init          main.o
    0x00000fbc   0x0000000c   Code   RO          346    i.SSP1_Control      ssp_lpc17xx.o
    0x00000fc8   0x0000000c   Code   RO          347    i.SSP1_GPDMA_Rx_SignalEvent  ssp_lpc17xx.o
    0x00000fd4   0x0000000c   Code   RO          348    i.SSP1_GPDMA_Tx_SignalEvent  ssp_lpc17xx.o
    0x00000fe0   0x00000028   Code   RO          349    i.SSP1_GetDataCount  ssp_lpc17xx.o
    0x00001008   0x0000004c   Code   RO          350    i.SSP1_GetStatus    ssp_lpc17xx.o
    0x00001054   0x0000000c   Code   RO          351    i.SSP1_IRQHandler   ssp_lpc17xx.o
    0x00001060   0x0000000c   Code   RO          352    i.SSP1_Initialize   ssp_lpc17xx.o
    0x0000106c   0x0000000c   Code   RO          353    i.SSP1_PowerControl  ssp_lpc17xx.o
    0x00001078   0x0000000c   Code   RO          354    i.SSP1_Receive      ssp_lpc17xx.o
    0x00001084   0x0000000c   Code   RO          355    i.SSP1_Send         ssp_lpc17xx.o
    0x00001090   0x0000000c   Code   RO          356    i.SSP1_Transfer     ssp_lpc17xx.o
    0x0000109c   0x0000000c   Code   RO          357    i.SSP1_Uninitialize  ssp_lpc17xx.o
    0x000010a8   0x0000000c   Code   RO          358    i.SSP_GetCapabilities  ssp_lpc17xx.o
    0x000010b4   0x0000000c   Code   RO          359    i.SSP_GetVersion    ssp_lpc17xx.o
    0x000010c0   0x000003e4   Code   RO          360    i.SSPx_Control      ssp_lpc17xx.o
    0x000014a4   0x0000001e   Code   RO          361    i.SSPx_GPDMA_Rx_SignalEvent  ssp_lpc17xx.o
    0x000014c2   0x0000000c   Code   RO          362    i.SSPx_GPDMA_Tx_SignalEvent  ssp_lpc17xx.o
    0x000014ce   0x000000ce   Code   RO          363    i.SSPx_IRQHandler   ssp_lpc17xx.o
    0x0000159c   0x00000094   Code   RO          364    i.SSPx_Initialize   ssp_lpc17xx.o
    0x00001630   0x0000015a   Code   RO          365    i.SSPx_PowerControl  ssp_lpc17xx.o
    0x0000178a   0x00000002   PAD
    0x0000178c   0x0000012c   Code   RO          366    i.SSPx_Receive      ssp_lpc17xx.o
    0x000018b8   0x0000012c   Code   RO          367    i.SSPx_Send         ssp_lpc17xx.o
    0x000019e4   0x00000134   Code   RO          368    i.SSPx_Transfer     ssp_lpc17xx.o
    0x00001b18   0x00000064   Code   RO          369    i.SSPx_Uninitialize  ssp_lpc17xx.o
    0x00001b7c   0x0000002c   Code   RO          840    i.Set_Channel_active_flag  gpdma_lpc17xx.o
    0x00001ba8   0x000000d0   Code   RO         1021    i.SystemInit        system_lpc17xx.o
    0x00001c78   0x0000000c   Code   RO          528    i.UART0_IRQHandler  uart_lpc17xx.o
    0x00001c84   0x0000000c   Code   RO          529    i.UART1_IRQHandler  uart_lpc17xx.o
    0x00001c90   0x0000000c   Code   RO          530    i.USART0_Control    uart_lpc17xx.o
    0x00001c9c   0x0000000c   Code   RO          531    i.USART0_GPDMA_Rx_Event  uart_lpc17xx.o
    0x00001ca8   0x0000000c   Code   RO          532    i.USART0_GPDMA_Tx_Event  uart_lpc17xx.o
    0x00001cb4   0x0000000c   Code   RO          533    i.USART0_GetCapabilities  uart_lpc17xx.o
    0x00001cc0   0x0000000c   Code   RO          534    i.USART0_GetModemStatus  uart_lpc17xx.o
    0x00001ccc   0x0000000c   Code   RO          535    i.USART0_GetRxCount  uart_lpc17xx.o
    0x00001cd8   0x0000000c   Code   RO          536    i.USART0_GetStatus  uart_lpc17xx.o
    0x00001ce4   0x0000000c   Code   RO          537    i.USART0_GetTxCount  uart_lpc17xx.o
    0x00001cf0   0x0000000c   Code   RO          538    i.USART0_Initialize  uart_lpc17xx.o
    0x00001cfc   0x0000000c   Code   RO          539    i.USART0_PowerControl  uart_lpc17xx.o
    0x00001d08   0x0000000c   Code   RO          540    i.USART0_Receive    uart_lpc17xx.o
    0x00001d14   0x0000000c   Code   RO          541    i.USART0_Send       uart_lpc17xx.o
    0x00001d20   0x0000000c   Code   RO          542    i.USART0_SetModemControl  uart_lpc17xx.o
    0x00001d2c   0x0000000c   Code   RO          543    i.USART0_Transfer   uart_lpc17xx.o
    0x00001d38   0x0000000c   Code   RO          544    i.USART0_Uninitialize  uart_lpc17xx.o
    0x00001d44   0x0000000c   Code   RO          546    i.USART1_GPDMA_Rx_Event  uart_lpc17xx.o
    0x00001d50   0x0000000c   Code   RO          547    i.USART1_GPDMA_Tx_Event  uart_lpc17xx.o
    0x00001d5c   0x000004e8   Code   RO          560    i.USART_Control     uart_lpc17xx.o
    0x00002244   0x00000056   Code   RO          561    i.USART_GPDMA_Rx_Event  uart_lpc17xx.o
    0x0000229a   0x0000002c   Code   RO          562    i.USART_GPDMA_Tx_Event  uart_lpc17xx.o
    0x000022c6   0x000000b8   Code   RO          563    i.USART_GetModemStatus  uart_lpc17xx.o
    0x0000237e   0x00000010   Code   RO          564    i.USART_GetRxCount  uart_lpc17xx.o
    0x0000238e   0x0000008e   Code   RO          565    i.USART_GetStatus   uart_lpc17xx.o
    0x0000241c   0x00000010   Code   RO          566    i.USART_GetTxCount  uart_lpc17xx.o
    0x0000242c   0x000001da   Code   RO          567    i.USART_IRQHandler  uart_lpc17xx.o
    0x00002606   0x000000dc   Code   RO          568    i.USART_Initialize  uart_lpc17xx.o
    0x000026e2   0x000001e8   Code   RO          569    i.USART_PowerControl  uart_lpc17xx.o
    0x000028ca   0x000000e2   Code   RO          570    i.USART_Receive     uart_lpc17xx.o
    0x000029ac   0x00000056   Code   RO          571    i.USART_RxLineIntHandler  uart_lpc17xx.o
    0x00002a02   0x00000136   Code   RO          572    i.USART_Send        uart_lpc17xx.o
    0x00002b38   0x000000d0   Code   RO          573    i.USART_SetBaudrate  uart_lpc17xx.o
    0x00002c08   0x00000068   Code   RO          574    i.USART_SetModemControl  uart_lpc17xx.o
    0x00002c70   0x00000056   Code   RO          575    i.USART_Transfer    uart_lpc17xx.o
    0x00002cc6   0x000000c4   Code   RO          576    i.USART_Uninitialize  uart_lpc17xx.o
    0x00002d8a   0x00000002   PAD
    0x00002d8c   0x0000000c   Code   RO          577    i.USARTx_GetVersion  uart_lpc17xx.o
    0x00002d98   0x00000028   Code   RO         1228    i.__ARM_fpclassify  m_ws.l(fpclassify.o)
    0x00002dc0   0x0000001a   Code   RO          370    i.__NVIC_ClearPendingIRQ  ssp_lpc17xx.o
    0x00002dda   0x0000001a   Code   RO          578    i.__NVIC_ClearPendingIRQ  uart_lpc17xx.o
    0x00002df4   0x0000001a   Code   RO          841    i.__NVIC_ClearPendingIRQ  gpdma_lpc17xx.o
    0x00002e0e   0x00000002   PAD
    0x00002e10   0x00000388   Code   RO         1181    i.__ieee754_rem_pio2  m_ws.l(rred.o)
    0x00003198   0x000000fc   Code   RO         1164    i.__kernel_cos      m_ws.l(cos_i.o)
    0x00003294   0x000000aa   Code   RO         1230    i.__kernel_poly     m_ws.l(poly.o)
    0x0000333e   0x00000002   PAD
    0x00003340   0x000000ec   Code   RO         1186    i.__kernel_sin      m_ws.l(sin_i.o)
    0x0000342c   0x00000006   Code   RO         1168    i.__mathlib_dbl_infnan  m_ws.l(dunder.o)
    0x00003432   0x0000000c   Code   RO         1170    i.__mathlib_dbl_invalid  m_ws.l(dunder.o)
    0x0000343e   0x00000002   PAD
    0x00003440   0x00000010   Code   RO         1173    i.__mathlib_dbl_underflow  m_ws.l(dunder.o)
    0x00003450   0x0000009c   Code   RO         1124    i.cos               m_ws.l(cos.o)
    0x000034ec   0x00000028   Code   RO          169    i.delay_ms          glcd_mcb1700.o
    0x00003514   0x000000a0   Code   RO           11    i.main              main.o
    0x000035b4   0x000000b0   Code   RO          170    i.rd_id_man         glcd_mcb1700.o
    0x00003664   0x000000a0   Code   RO         1132    i.sin               m_ws.l(sin.o)
    0x00003704   0x00000024   Code   RO          171    i.spi_tran          glcd_mcb1700.o
    0x00003728   0x0000007c   Code   RO          172    i.spi_tran_man      glcd_mcb1700.o
    0x000037a4   0x0000009c   Code   RO           12    i.updateDisplay     main.o
    0x00003840   0x0000003c   Code   RO          173    i.wr_cmd            glcd_mcb1700.o
    0x0000387c   0x00000024   Code   RO          174    i.wr_dat_only       glcd_mcb1700.o
    0x000038a0   0x0000001c   Code   RO          175    i.wr_dat_start      glcd_mcb1700.o
    0x000038bc   0x00000010   Code   RO          176    i.wr_dat_stop       glcd_mcb1700.o
    0x000038cc   0x0000006c   Code   RO          177    i.wr_reg            glcd_mcb1700.o
    0x00003938   0x00000150   Code   RO         1216    x$fpl$dadd          fz_ws.l(daddsub_clz.o)
    0x00003a88   0x00000010   Code   RO         1153    x$fpl$dcheck1       fz_ws.l(dcheck1.o)
    0x00003a98   0x000002b0   Code   RO         1223    x$fpl$ddiv          fz_ws.l(ddiv.o)
    0x00003d48   0x0000005e   Code   RO         1095    x$fpl$dfix          fz_ws.l(dfix.o)
    0x00003da6   0x00000002   PAD
    0x00003da8   0x0000005a   Code   RO         1099    x$fpl$dfixu         fz_ws.l(dfixu.o)
    0x00003e02   0x0000002e   Code   RO         1104    x$fpl$dflt          fz_ws.l(dflt_clz.o)
    0x00003e30   0x00000026   Code   RO         1103    x$fpl$dfltu         fz_ws.l(dflt_clz.o)
    0x00003e56   0x00000002   PAD
    0x00003e58   0x00000154   Code   RO         1109    x$fpl$dmul          fz_ws.l(dmul.o)
    0x00003fac   0x0000009c   Code   RO         1155    x$fpl$dnaninf       fz_ws.l(dnaninf.o)
    0x00004048   0x0000000c   Code   RO         1157    x$fpl$dretinf       fz_ws.l(dretinf.o)
    0x00004054   0x00000016   Code   RO         1217    x$fpl$drsb          fz_ws.l(daddsub_clz.o)
    0x0000406a   0x00000002   PAD
    0x0000406c   0x000001d4   Code   RO         1218    x$fpl$dsub          fz_ws.l(daddsub_clz.o)
    0x00004240   0x00000056   Code   RO         1111    x$fpl$f2d           fz_ws.l(f2d.o)
    0x00004296   0x00000002   PAD
    0x00004298   0x00000026   Code   RO         1113    x$fpl$ffltu         fz_ws.l(fflt_clz.o)
    0x000042be   0x00000002   PAD
    0x000042c0   0x00000102   Code   RO         1119    x$fpl$fmul          fz_ws.l(fmul.o)
    0x000043c2   0x0000008c   Code   RO         1159    x$fpl$fnaninf       fz_ws.l(fnaninf.o)
    0x0000444e   0x0000000a   Code   RO         1161    x$fpl$fretinf       fz_ws.l(fretinf.o)
    0x00004458   0x00000064   Code   RO         1226    x$fpl$retnan        fz_ws.l(retnan.o)
    0x000044bc   0x0000005c   Code   RO         1121    x$fpl$scalbn        fz_ws.l(scalbn.o)
    0x00004518   0x00000030   Code   RO         1249    x$fpl$trapveneer    fz_ws.l(trapv.o)
    0x00004548   0x00000000   Code   RO         1163    x$fpl$usenofp       fz_ws.l(usenofp.o)
    0x00004548   0x00001500   Data   RO          136    .constdata          glcd_fonts.o
    0x00005a48   0x00000010   Data   RO          138    .constdata          glcd_fonts.o
    0x00005a58   0x00000050   Data   RO          373    .constdata          ssp_lpc17xx.o
    0x00005aa8   0x0000002c   Data   RO          374    .constdata          ssp_lpc17xx.o
    0x00005ad4   0x000001ec   Data   RO          581    .constdata          uart_lpc17xx.o
    0x00005cc0   0x00000008   Data   RO          582    .constdata          uart_lpc17xx.o
    0x00005cc8   0x00000008   Data   RO          583    .constdata          uart_lpc17xx.o
    0x00005cd0   0x00000008   Data   RO          584    .constdata          uart_lpc17xx.o
    0x00005cd8   0x00000008   Data   RO          585    .constdata          uart_lpc17xx.o
    0x00005ce0   0x00000038   Data   RO          586    .constdata          uart_lpc17xx.o
    0x00005d18   0x00000030   Data   RO         1165    .constdata          m_ws.l(cos_i.o)
    0x00005d48   0x000000c8   Data   RO         1183    .constdata          m_ws.l(rred.o)
    0x00005e10   0x00000028   Data   RO         1187    .constdata          m_ws.l(sin_i.o)
    0x00005e38   0x00000020   Data   RO         1375    Region$$Table       anon$$obj.o


    Execution Region ER_RW (Base: 0x10000000, Size: 0x00000044, Max: 0xffffffff, ABSOLUTE)

    Base Addr    Size         Type   Attr      Idx    E Section Name        Object

    0x10000000   0x0000000c   Data   RW           14    .data               main.o
    0x1000000c   0x00000014   Data   RW          178    .data               glcd_mcb1700.o
    0x10000020   0x00000002   Data   RW          375    .data               ssp_lpc17xx.o
    0x10000022   0x00000002   Data   RW          376    .data               ssp_lpc17xx.o
    0x10000024   0x00000002   Data   RW          377    .data               ssp_lpc17xx.o
    0x10000026   0x00000002   Data   RW          378    .data               ssp_lpc17xx.o
    0x10000028   0x00000008   Data   RW          379    .data               ssp_lpc17xx.o
    0x10000030   0x00000002   Data   RW          588    .data               uart_lpc17xx.o
    0x10000032   0x00000002   Data   RW          589    .data               uart_lpc17xx.o
    0x10000034   0x00000002   Data   RW          590    .data               uart_lpc17xx.o
    0x10000036   0x00000002   Data   RW          591    .data               uart_lpc17xx.o
    0x10000038   0x00000008   Data   RW          843    .data               gpdma_lpc17xx.o
    0x10000040   0x00000004   Data   RW         1022    .data               system_lpc17xx.o


    Execution Region ER_ZI (Base: 0x10000044, Size: 0x000006ac, Max: 0xffffffff, ABSOLUTE)

    Base Addr    Size         Type   Attr      Idx    E Section Name        Object

    0x10000044   0x0000031c   Zero   RW           13    .bss                main.o
    0x10000360   0x0000000c   Zero   RW          371    .bss                ssp_lpc17xx.o
    0x1000036c   0x0000001c   Zero   RW          372    .bss                ssp_lpc17xx.o
    0x10000388   0x00000034   Zero   RW          579    .bss                uart_lpc17xx.o
    0x100003bc   0x00000034   Zero   RW          580    .bss                uart_lpc17xx.o
    0x100003f0   0x000000a0   Zero   RW          842    .bss                gpdma_lpc17xx.o
    0x10000490   0x00000060   Zero   RW         1233    .bss                c_w.l(libspace.o)
    0x100004f0   0x00000000   Zero   RW         1008    HEAP                startup_lpc17xx.o
    0x100004f0   0x00000200   Zero   RW         1007    STACK               startup_lpc17xx.o


==============================================================================

Image component sizes


      Code (inc. data)   RO Data    RW Data    ZI Data      Debug   Object Name

         0          0       5392          0          0        736   glcd_fonts.o
      2496         92          0         20          0      33719   glcd_mcb1700.o
       862         78          0          8        160       8206   gpdma_lpc17xx.o
       108         18          0          0          0       2258   gpio_lpc17xx.o
       452         50          0         12        796      16247   main.o
       104          4          0          0          0        864   pin_lpc17xx.o
      3092        102        124         16         40      52645   ssp_lpc17xx.o
        64         26        204          0        512       1036   startup_lpc17xx.o
       208         12          0          4          0        871   system_lpc17xx.o
      4468        162        580          8        104      33860   uart_lpc17xx.o

    ----------------------------------------------------------------------
     11864        544       6332         68       1612     150442   Object Totals
         0          0         32          0          0          0   (incl. Generated)
        10          0          0          0          0          0   (incl. Padding)

    ----------------------------------------------------------------------

      Code (inc. data)   RO Data    RW Data    ZI Data      Debug   Library Member Name

         8          0          0          0          0         68   __main.o
         0          0          0          0          0          0   __rtentry.o
        12          0          0          0          0          0   __rtentry2.o
         6          0          0          0          0          0   __rtentry4.o
        52          8          0          0          0          0   __scatter.o
        26          0          0          0          0          0   __scatter_copy.o
        28          0          0          0          0          0   __scatter_zi.o
        22          0          0          0          0        100   _rserrno.o
        18          0          0          0          0         80   exit.o
         6          0          0          0          0        152   heapauxi.o
         0          0          0          0          0          0   indicate_semi.o
         2          0          0          0          0          0   libinit.o
         2          0          0          0          0          0   libinit2.o
         2          0          0          0          0          0   libshutdown.o
         2          0          0          0          0          0   libshutdown2.o
         8          4          0          0         96         68   libspace.o
       238          0          0          0          0        100   lludivv7m.o
         8          4          0          0          0         68   rt_errno_addr_intlibspace.o
        78          0          0          0          0         80   rt_memclr_w.o
         2          0          0          0          0          0   rtexit.o
        10          0          0          0          0          0   rtexit2.o
        12          4          0          0          0         68   sys_exit.o
        74          0          0          0          0         80   sys_stackheap_outer.o
         2          0          0          0          0         68   use_no_semi.o
       826         16          0          0          0        348   daddsub_clz.o
        16          4          0          0          0         68   dcheck1.o
       688        140          0          0          0        208   ddiv.o
        94          4          0          0          0         92   dfix.o
        90          4          0          0          0         92   dfixu.o
        84          0          0          0          0        136   dflt_clz.o
       340         12          0          0          0        104   dmul.o
       156          4          0          0          0         92   dnaninf.o
        12          0          0          0          0         68   dretinf.o
        86          4          0          0          0         84   f2d.o
        38          0          0          0          0         68   fflt_clz.o
       258          4          0          0          0         84   fmul.o
       140          4          0          0          0         84   fnaninf.o
        10          0          0          0          0         68   fretinf.o
       100          0          0          0          0         68   retnan.o
        92          0          0          0          0         68   scalbn.o
        48          0          0          0          0         68   trapv.o
         0          0          0          0          0          0   usenofp.o
       156          8          0          0          0        104   cos.o
       252         22         48          0          0        124   cos_i.o
        34          6          0          0          0        204   dunder.o
        40          0          0          0          0         68   fpclassify.o
       170          0          0          0          0         96   poly.o
       904         76        200          0          0        140   rred.o
       160         10          0          0          0        108   sin.o
       236         12         40          0          0        128   sin_i.o

    ----------------------------------------------------------------------
      5668        350        288          0         96       3704   Library Totals
        20          0          0          0          0          0   (incl. Padding)

    ----------------------------------------------------------------------

      Code (inc. data)   RO Data    RW Data    ZI Data      Debug   Library Name

       618         20          0          0         96        932   c_w.l
      3078        196          0          0          0       1800   fz_ws.l
      1952        134        288          0          0        972   m_ws.l

    ----------------------------------------------------------------------
      5668        350        288          0         96       3704   Library Totals

    ----------------------------------------------------------------------

==============================================================================


      Code (inc. data)   RO Data    RW Data    ZI Data      Debug   

     17532        894       6620         68       1708     147122   Grand Totals
     17532        894       6620         68       1708     147122   ELF Image Totals
     17532        894       6620         68          0          0   ROM Totals

==============================================================================

    Total RO  Size (Code + RO Data)                24152 (  23.59kB)
    Total RW  Size (RW Data + ZI Data)              1776 (   1.73kB)
    Total ROM Size (Code + RO Data + RW Data)      24220 (  23.65kB)

==============================================================================

