Component: ARM Compiler 5.06 update 1 (build 61) Tool: armlink [4d35a8]

==============================================================================

Section Cross References

    main.o(i.Init_USART0) refers to uart_lpc17xx.o(.constdata) for Driver_USART0
    main.o(i.LidarAffichage) refers to _printf_percent.o(.ARM.Collect$$_printf_percent$$00000000) for _printf_percent
    main.o(i.LidarAffichage) refers to _printf_d.o(.ARM.Collect$$_printf_percent$$00000009) for _printf_d
    main.o(i.LidarAffichage) refers to _printf_dec.o(.text) for _printf_int_dec
    main.o(i.LidarAffichage) refers to _printf_pad.o(.text) for _printf_pre_padding
    main.o(i.LidarAffichage) refers to noretval__2sprintf.o(.text) for __2sprintf
    main.o(i.LidarAffichage) refers to glcd_mcb1700.o(i.GLCD_DrawString) for GLCD_DrawString
    main.o(i.LidarGET_INFO) refers to _printf_percent.o(.ARM.Collect$$_printf_percent$$00000000) for _printf_percent
    main.o(i.LidarGET_INFO) refers to _printf_d.o(.ARM.Collect$$_printf_percent$$00000009) for _printf_d
    main.o(i.LidarGET_INFO) refers to _printf_dec.o(.text) for _printf_int_dec
    main.o(i.LidarGET_INFO) refers to _printf_pad.o(.text) for _printf_pre_padding
    main.o(i.LidarGET_INFO) refers to noretval__2sprintf.o(.text) for __2sprintf
    main.o(i.LidarGET_INFO) refers to glcd_mcb1700.o(i.GLCD_DrawString) for GLCD_DrawString
    main.o(i.LidarGET_INFO) refers to uart_lpc17xx.o(.constdata) for Driver_USART0
    main.o(i.LidarGET_INFO) refers to main.o(.data) for txGET_INFO
    main.o(i.LidarGET_INFO) refers to main.o(.bss) for rxGET_INFO
    main.o(i.LidarSCAN) refers to uart_lpc17xx.o(.constdata) for Driver_USART0
    main.o(i.LidarSCAN) refers to main.o(.data) for txSCAN
    main.o(i.main) refers to glcd_mcb1700.o(i.GLCD_Initialize) for GLCD_Initialize
    main.o(i.main) refers to glcd_mcb1700.o(i.GLCD_ClearScreen) for GLCD_ClearScreen
    main.o(i.main) refers to glcd_mcb1700.o(i.GLCD_SetFont) for GLCD_SetFont
    main.o(i.main) refers to main.o(i.Init_USART0) for Init_USART0
    main.o(i.main) refers to main.o(i.PWM_Init) for PWM_Init
    main.o(i.main) refers to main.o(i.LidarSCAN) for LidarSCAN
    main.o(i.main) refers to dflt_clz.o(x$fpl$dflt) for __aeabi_i2d
    main.o(i.main) refers to ddiv.o(x$fpl$ddiv) for __aeabi_ddiv
    main.o(i.main) refers to dfixu.o(x$fpl$dfixu) for __aeabi_d2uiz
    main.o(i.main) refers to main.o(i.LidarAffichage) for LidarAffichage
    main.o(i.main) refers to glcd_fonts.o(.constdata) for GLCD_Font_16x24
    main.o(i.main) refers to uart_lpc17xx.o(.constdata) for Driver_USART0
    main.o(i.main) refers to main.o(.bss) for rxSCAN
    main.o(i.main) refers to main.o(.data) for lidarQualite
    glcd_mcb1700.o(i.GLCD_ClearScreen) refers to glcd_mcb1700.o(i.GLCD_WindowMax) for GLCD_WindowMax
    glcd_mcb1700.o(i.GLCD_ClearScreen) refers to glcd_mcb1700.o(i.wr_cmd) for wr_cmd
    glcd_mcb1700.o(i.GLCD_ClearScreen) refers to glcd_mcb1700.o(i.wr_dat_start) for wr_dat_start
    glcd_mcb1700.o(i.GLCD_ClearScreen) refers to glcd_mcb1700.o(i.wr_dat_only) for wr_dat_only
    glcd_mcb1700.o(i.GLCD_ClearScreen) refers to glcd_mcb1700.o(i.wr_dat_stop) for wr_dat_stop
    glcd_mcb1700.o(i.GLCD_ClearScreen) refers to glcd_mcb1700.o(.data) for background_color
    glcd_mcb1700.o(i.GLCD_DrawBargraph) refers to glcd_mcb1700.o(i.GLCD_SetWindow) for GLCD_SetWindow
    glcd_mcb1700.o(i.GLCD_DrawBargraph) refers to glcd_mcb1700.o(i.wr_cmd) for wr_cmd
    glcd_mcb1700.o(i.GLCD_DrawBargraph) refers to glcd_mcb1700.o(i.wr_dat_start) for wr_dat_start
    glcd_mcb1700.o(i.GLCD_DrawBargraph) refers to glcd_mcb1700.o(i.wr_dat_only) for wr_dat_only
    glcd_mcb1700.o(i.GLCD_DrawBargraph) refers to glcd_mcb1700.o(i.wr_dat_stop) for wr_dat_stop
    glcd_mcb1700.o(i.GLCD_DrawBargraph) refers to glcd_mcb1700.o(.data) for background_color
    glcd_mcb1700.o(i.GLCD_DrawBitmap) refers to glcd_mcb1700.o(i.GLCD_SetWindow) for GLCD_SetWindow
    glcd_mcb1700.o(i.GLCD_DrawBitmap) refers to glcd_mcb1700.o(i.wr_cmd) for wr_cmd
    glcd_mcb1700.o(i.GLCD_DrawBitmap) refers to glcd_mcb1700.o(i.wr_dat_start) for wr_dat_start
    glcd_mcb1700.o(i.GLCD_DrawBitmap) refers to glcd_mcb1700.o(i.wr_dat_only) for wr_dat_only
    glcd_mcb1700.o(i.GLCD_DrawBitmap) refers to glcd_mcb1700.o(i.wr_dat_stop) for wr_dat_stop
    glcd_mcb1700.o(i.GLCD_DrawChar) refers to glcd_mcb1700.o(i.GLCD_SetWindow) for GLCD_SetWindow
    glcd_mcb1700.o(i.GLCD_DrawChar) refers to glcd_mcb1700.o(i.wr_cmd) for wr_cmd
    glcd_mcb1700.o(i.GLCD_DrawChar) refers to glcd_mcb1700.o(i.wr_dat_start) for wr_dat_start
    glcd_mcb1700.o(i.GLCD_DrawChar) refers to glcd_mcb1700.o(i.wr_dat_only) for wr_dat_only
    glcd_mcb1700.o(i.GLCD_DrawChar) refers to glcd_mcb1700.o(i.wr_dat_stop) for wr_dat_stop
    glcd_mcb1700.o(i.GLCD_DrawChar) refers to glcd_mcb1700.o(.data) for active_font
[...]
    Removing glcd_mcb1700.o(i.GLCD_Uninitialize), (36 bytes).
    Removing glcd_mcb1700.o(i.GLCD_VScroll), (8 bytes).
    Removing glcd_mcb1700.o(i.wr_dat), (76 bytes).
    Removing ssp_lpc17xx.o(.rev16_text), (4 bytes).
    Removing ssp_lpc17xx.o(.revsh_text), (4 bytes).
    Removing ssp_lpc17xx.o(.rrx_text), (6 bytes).
    Removing uart_lpc17xx.o(.rev16_text), (4 bytes).
    Removing uart_lpc17xx.o(.revsh_text), (4 bytes).
    Removing uart_lpc17xx.o(.rrx_text), (6 bytes).
    Removing gpdma_lpc17xx.o(.rev16_text), (4 bytes).
    Removing gpdma_lpc17xx.o(.revsh_text), (4 bytes).
    Removing gpdma_lpc17xx.o(.rrx_text), (6 bytes).
    Removing gpdma_lpc17xx.o(i.GPDMA_ChannelEnable), (60 bytes).
    Removing gpdma_lpc17xx.o(i.GPDMA_ChannelGetStatus), (36 bytes).
    Removing gpio_lpc17xx.o(.rev16_text), (4 bytes).
    Removing gpio_lpc17xx.o(.revsh_text), (4 bytes).
    Removing gpio_lpc17xx.o(.rrx_text), (6 bytes).
    Removing gpio_lpc17xx.o(i.GPIO_PortRead), (20 bytes).
    Removing gpio_lpc17xx.o(i.GPIO_PortWrite), (32 bytes).
    Removing pin_lpc17xx.o(.rev16_text), (4 bytes).
    Removing pin_lpc17xx.o(.revsh_text), (4 bytes).
    Removing pin_lpc17xx.o(.rrx_text), (6 bytes).
    Removing pin_lpc17xx.o(i.PIN_ConfigureI2C0Pins), (32 bytes).
    Removing pin_lpc17xx.o(i.PIN_ConfigureTPIU), (40 bytes).
    Removing system_lpc17xx.o(.rev16_text), (4 bytes).
    Removing system_lpc17xx.o(.revsh_text), (4 bytes).
    Removing system_lpc17xx.o(.rrx_text), (6 bytes).
    Removing system_lpc17xx.o(i.SystemCoreClockUpdate), (424 bytes).

45 unused section(s) (total 1610 bytes) removed from the image.

==============================================================================

Image Symbol Table

    Local Symbols

    Symbol Name                              Value     Ov Type        Size  Object(Section)

    RESET                                    0x00000000   Section      204  startup_lpc17xx.o(RESET)
    ../clib/angel/boardlib.s                 0x00000000   Number         0  boardinit3.o ABSOLUTE
    ../clib/angel/boardlib.s                 0x00000000   Number         0  boardshut.o ABSOLUTE
    ../clib/angel/boardlib.s                 0x00000000   Number         0  boardinit2.o ABSOLUTE
    ../clib/angel/boardlib.s                 0x00000000   Number         0  boardinit1.o ABSOLUTE
    ../clib/angel/handlers.s                 0x00000000   Number         0  __scatter_copy.o ABSOLUTE
    ../clib/angel/handlers.s                 0x00000000   Number         0  __scatter_zi.o ABSOLUTE
    ../clib/angel/kernel.s                   0x00000000   Number         0  __rtentry4.o ABSOLUTE
    ../clib/angel/kernel.s                   0x00000000   Number         0  rtexit.o ABSOLUTE
    ../clib/angel/kernel.s                   0x00000000   Number         0  __rtentry2.o ABSOLUTE
    ../clib/angel/kernel.s                   0x00000000   Number         0  __rtentry.o ABSOLUTE
    ../clib/angel/kernel.s                   0x00000000   Number         0  rtexit2.o ABSOLUTE
    ../clib/angel/rt.s                       0x00000000   Number         0  rt_raise.o ABSOLUTE
    ../clib/angel/rt.s                       0x00000000   Number         0  aeabi_ldiv0_sigfpe.o ABSOLUTE
    ../clib/angel/rt.s                       0x00000000   Number         0  aeabi_ldiv0.o ABSOLUTE
    ../clib/angel/rt.s                       0x00000000   Number         0  rt_div0.o ABSOLUTE
    ../clib/angel/scatter.s                  0x00000000   Number         0  __scatter.o ABSOLUTE
    ../clib/angel/startup.s                  0x00000000   Number         0  __main.o ABSOLUTE
    ../clib/angel/sys.s                      0x00000000   Number         0  libspace.o ABSOLUTE
    ../clib/angel/sys.s                      0x00000000   Number         0  indicate_semi.o ABSOLUTE
    ../clib/angel/sys.s                      0x00000000   Number         0  use_no_semi.o ABSOLUTE
    ../clib/angel/sys.s                      0x00000000   Number         0  sys_stackheap_outer.o ABSOLUTE
    ../clib/angel/sysapp.c                   0x00000000   Number         0  sys_command.o ABSOLUTE
    ../clib/angel/sysapp.c                   0x00000000   Number         0  sys_wrch.o ABSOLUTE
    ../clib/angel/sysapp.c                   0x00000000   Number         0  sys_exit.o ABSOLUTE
    ../clib/armsys.c                         0x00000000   Number         0  _get_argv_nomalloc.o ABSOLUTE
    ../clib/armsys.c                         0x00000000   Number         0  no_argv.o ABSOLUTE
    ../clib/armsys.c                         0x00000000   Number         0  argv_veneer.o ABSOLUTE
    ../clib/armsys.c                         0x00000000   Number         0  argv_veneer.o ABSOLUTE
    ../clib/heapalloc.c                      0x00000000   Number         0  hrguard.o ABSOLUTE
    ../clib/heapaux.c                        0x00000000   Number         0  heapauxi.o ABSOLUTE
    ../clib/libinit.s                        0x00000000   Number         0  libinit.o ABSOLUTE
    ../clib/libinit.s                        0x00000000   Number         0  libinit2.o ABSOLUTE
    ../clib/libinit.s                        0x00000000   Number         0  libshutdown.o ABSOLUTE
    ../clib/libinit.s                        0x00000000   Number         0  libshutdown2.o ABSOLUTE
    ../clib/longlong.s                       0x00000000   Number         0  lludivv7m.o ABSOLUTE
    ../clib/memcpset.s                       0x00000000   Number         0  rt_memclr_w.o ABSOLUTE
    ../clib/misc.s                           0x00000000   Number         0  printf_stubs.o ABSOLUTE
    ../clib/printf.c                         0x00000000   Number         0  __printf.o ABSOLUTE
    ../clib/printf.c                         0x00000000   Number         0  noretval__2sprintf.o ABSOLUTE
    ../clib/printf.c                         0x00000000   Number         0  __printf_nopercent.o ABSOLUTE
    ../clib/printf.c                         0x00000000   Number         0  _printf_dec.o ABSOLUTE
    ../clib/printf.c                         0x00000000   Number         0  __printf_flags.o ABSOLUTE
    ../clib/printf.c                         0x00000000   Number         0  __printf_ss.o ABSOLUTE
    ../clib/printf.c                         0x00000000   Number         0  __printf_flags_ss.o ABSOLUTE
    ../clib/printf.c                         0x00000000   Number         0  __printf_wp.o ABSOLUTE
    ../clib/printf.c                         0x00000000   Number         0  __printf_ss_wp.o ABSOLUTE
    ../clib/printf.c                         0x00000000   Number         0  __printf_flags_ss_wp.o ABSOLUTE
    ../clib/printf.c                         0x00000000   Number         0  _printf_pad.o ABSOLUTE
    ../clib/printf.c                         0x00000000   Number         0  __printf_flags_wp.o ABSOLUTE
    ../clib/printf.c                         0x00000000   Number         0  __2sprintf.o ABSOLUTE
    ../clib/printf.c                         0x00000000   Number         0  _printf_intcommon.o ABSOLUTE
    ../clib/printf.c                         0x00000000   Number         0  _printf_char_common.o ABSOLUTE
    ../clib/printf.c                         0x00000000   Number         0  _sputc.o ABSOLUTE
    ../clib/printf_percent.s                 0x00000000   Number         0  _printf_d.o ABSOLUTE
    ../clib/printf_percent.s                 0x00000000   Number         0  _printf_percent.o ABSOLUTE
    ../clib/printf_percent.s                 0x00000000   Number         0  _printf_percent_end.o ABSOLUTE
    ../clib/signal.c                         0x00000000   Number         0  defsig_pvfn_inner.o ABSOLUTE
    ../clib/signal.c                         0x00000000   Number         0  defsig_stak_inner.o ABSOLUTE
    ../clib/signal.c                         0x00000000   Number         0  defsig_rtmem_formal.o ABSOLUTE
    ../clib/signal.c                         0x00000000   Number         0  defsig_rtmem_outer.o ABSOLUTE
    ../clib/signal.c                         0x00000000   Number         0  defsig_rtmem_inner.o ABSOLUTE
    ../clib/signal.c                         0x00000000   Number         0  defsig_rtred_inner.o ABSOLUTE
    ../clib/signal.c                         0x00000000   Number         0  defsig_segv_inner.o ABSOLUTE
    ../clib/signal.c                         0x00000000   Number         0  defsig_abrt_inner.o ABSOLUTE
    ../clib/signal.c                         0x00000000   Number         0  defsig_general.o ABSOLUTE
    ../clib/signal.c                         0x00000000   Number         0  defsig_fpe_inner.o ABSOLUTE
    ../clib/signal.c                         0x00000000   Number         0  defsig_exit.o ABSOLUTE
    ../clib/signal.c                         0x00000000   Number         0  __raise.o ABSOLUTE
    ../clib/signal.c                         0x00000000   Number         0  defsig_fpe_formal.o ABSOLUTE
    ../clib/signal.c                         0x00000000   Number         0  defsig_fpe_outer.o ABSOLUTE
    ../clib/signal.c                         0x00000000   Number         0  defsig_other.o ABSOLUTE
    ../clib/signal.c                         0x00000000   Number         0  defsig_cppl_inner.o ABSOLUTE
    ../clib/signal.s                         0x00000000   Number         0  defsig.o ABSOLUTE
    ../clib/stdlib.c                         0x00000000   Number         0  exit.o ABSOLUTE
    ../fplib/ddiv.s                          0x00000000   Number         0  ddiv.o ABSOLUTE
    ../fplib/dfixu.s                         0x00000000   Number         0  dfixu.o ABSOLUTE
    ../fplib/dflt.s                          0x00000000   Number         0  dflt_clz.o ABSOLUTE
    ../fplib/dnaninf.s                       0x00000000   Number         0  dnaninf.o ABSOLUTE
    ../fplib/dretinf.s                       0x00000000   Number         0  dretinf.o ABSOLUTE
    ../fplib/fpinit.s                        0x00000000   Number         0  fpinit.o ABSOLUTE
    ../fplib/usenofp.s                       0x00000000   Number         0  usenofp.o ABSOLUTE
    C:\Keil_v5\ARM\PACK\Keil\LPC1700_DFP\2.4.0\Boards\Keil\MCB1700\Common\GLCD_Fonts.c 0x00000000   Number         0  glcd_fonts.o ABSOLUTE
    C:\Keil_v5\ARM\PACK\Keil\LPC1700_DFP\2.4.0\Boards\Keil\MCB1700\Common\GLCD_MCB1700.c 0x00000000   Number         0  glcd_mcb1700.o ABSOLUTE
    C:\Keil_v5\ARM\PACK\Keil\LPC1700_DFP\2.4.0\RTE_Driver\GPDMA_LPC17xx.c 0x00000000   Number         0  gpdma_lpc17xx.o ABSOLUTE
    C:\Keil_v5\ARM\PACK\Keil\LPC1700_DFP\2.4.0\RTE_Driver\GPIO_LPC17xx.c 0x00000000   Number         0  gpio_lpc17xx.o ABSOLUTE
    C:\Keil_v5\ARM\PACK\Keil\LPC1700_DFP\2.4.0\RTE_Driver\PIN_LPC17xx.c 0x00000000   Number         0  pin_lpc17xx.o ABSOLUTE
    C:\Keil_v5\ARM\PACK\Keil\LPC1700_DFP\2.4.0\RTE_Driver\SSP_LPC17xx.c 0x00000000   Number         0  ssp_lpc17xx.o ABSOLUTE
    C:\Keil_v5\ARM\PACK\Keil\LPC1700_DFP\2.4.0\RTE_Driver\UART_LPC17xx.c 0x00000000   Number         0  uart_lpc17xx.o ABSOLUTE
    C:\\Keil_v5\\ARM\\PACK\\Keil\\LPC1700_DFP\\2.4.0\\Boards\\Keil\\MCB1700\\Common\\GLCD_MCB1700.c 0x00000000   Number         0  glcd_mcb1700.o ABSOLUTE
    C:\\Keil_v5\\ARM\\PACK\\Keil\\LPC1700_DFP\\2.4.0\\RTE_Driver\\GPDMA_LPC17xx.c 0x00000000   Number         0  gpdma_lpc17xx.o ABSOLUTE
    C:\\Keil_v5\\ARM\\PACK\\Keil\\LPC1700_DFP\\2.4.0\\RTE_Driver\\GPIO_LPC17xx.c 0x00000000   Number         0  gpio_lpc17xx.o ABSOLUTE
    C:\\Keil_v5\\ARM\\PACK\\Keil\\LPC1700_DFP\\2.4.0\\RTE_Driver\\PIN_LPC17xx.c 0x00000000   Number         0  pin_lpc17xx.o ABSOLUTE
    C:\\Keil_v5\\ARM\\PACK\\Keil\\LPC1700_DFP\\2.4.0\\RTE_Driver\\SSP_LPC17xx.c 0x00000000   Number         0  ssp_lpc17xx.o ABSOLUTE
    C:\\Keil_v5\\ARM\\PACK\\Keil\\LPC1700_DFP\\2.4.0\\RTE_Driver\\UART_LPC17xx.c 0x00000000   Number         0  uart_lpc17xx.o ABSOLUTE
    RTE\Device\LPC1768\startup_LPC17xx.s     0x00000000   Number         0  startup_lpc17xx.o ABSOLUTE
    RTE\Device\LPC1768\system_LPC17xx.c      0x00000000   Number         0  system_lpc17xx.o ABSOLUTE
    RTE\\Device\\LPC1768\\system_LPC17xx.c   0x00000000   Number         0  system_lpc17xx.o ABSOLUTE
    dc.s                                     0x00000000   Number         0  dc.o ABSOLUTE
    main.c                                   0x00000000   Number         0  main.o ABSOLUTE
    main.c                                   0x00000000   Number         0  main.o ABSOLUTE
    !!!main                                  0x000000cc   Section        8  __main.o(!!!main)
    !!!scatter                               0x000000d4   Section       52  __scatter.o(!!!scatter)
    !!handler_copy                           0x00000108   Section       26  __scatter_copy.o(!!handler_copy)
    !!handler_zi                             0x00000124   Section       28  __scatter_zi.o(!!handler_zi)
    .ARM.Collect$$_printf_percent$$00000000  0x00000140   Section        0  _printf_percent.o(.ARM.Collect$$_printf_percent$$00000000)
    .ARM.Collect$$_printf_percent$$00000009  0x00000140   Section        6  _printf_d.o(.ARM.Collect$$_printf_percent$$00000009)
    .ARM.Collect$$_printf_percent$$00000017  0x00000146   Section        4  _printf_percent_end.o(.ARM.Collect$$_printf_percent$$00000017)
    .ARM.Collect$$libinit$$00000000          0x0000014a   Section        2  libinit.o(.ARM.Collect$$libinit$$00000000)
    .ARM.Collect$$libinit$$00000002          0x0000014c   Section        0  libinit2.o(.ARM.Collect$$libinit$$00000002)
    .ARM.Collect$$libinit$$00000004          0x0000014c   Section        0  libinit2.o(.ARM.Collect$$libinit$$00000004)
    .ARM.Collect$$libinit$$0000000A          0x0000014c   Section        0  libinit2.o(.ARM.Collect$$libinit$$0000000A)
    .ARM.Collect$$libinit$$0000000C          0x0000014c   Section        0  libinit2.o(.ARM.Collect$$libinit$$0000000C)
    .ARM.Collect$$libinit$$0000000E          0x0000014c   Section        0  libinit2.o(.ARM.Collect$$libinit$$0000000E)
    .ARM.Collect$$libinit$$00000011          0x0000014c   Section        0  libinit2.o(.ARM.Collect$$libinit$$00000011)
    .ARM.Collect$$libinit$$00000013          0x0000014c   Section        0  libinit2.o(.ARM.Collect$$libinit$$00000013)
    .ARM.Collect$$libinit$$00000015          0x0000014c   Section        0  libinit2.o(.ARM.Collect$$libinit$$00000015)
    .ARM.Collect$$libinit$$00000017          0x0000014c   Section        0  libinit2.o(.ARM.Collect$$libinit$$00000017)
    .ARM.Collect$$libinit$$00000019          0x0000014c   Section        0  libinit2.o(.ARM.Collect$$libinit$$00000019)
    .ARM.Collect$$libinit$$0000001B          0x0000014c   Section        0  libinit2.o(.ARM.Collect$$libinit$$0000001B)
    .ARM.Collect$$libinit$$0000001D          0x0000014c   Section        0  libinit2.o(.ARM.Collect$$libinit$$0000001D)
    .ARM.Collect$$libinit$$0000001F          0x0000014c   Section        0  libinit2.o(.ARM.Collect$$libinit$$0000001F)
    .ARM.Collect$$libinit$$00000021          0x0000014c   Section        0  libinit2.o(.ARM.Collect$$libinit$$00000021)
    .ARM.Collect$$libinit$$00000023          0x0000014c   Section        0  libinit2.o(.ARM.Collect$$libinit$$00000023)
    .ARM.Collect$$libinit$$00000025          0x0000014c   Section        0  libinit2.o(.ARM.Collect$$libinit$$00000025)
    .ARM.Collect$$libinit$$0000002C          0x0000014c   Section        0  libinit2.o(.ARM.Collect$$libinit$$0000002C)
    .ARM.Collect$$libinit$$0000002E          0x0000014c   Section        0  libinit2.o(.ARM.Collect$$libinit$$0000002E)
    .ARM.Collect$$libinit$$00000030          0x0000014c   Section        0  libinit2.o(.ARM.Collect$$libinit$$00000030)
    .ARM.Collect$$libinit$$00000032          0x0000014c   Section        0  libinit2.o(.ARM.Collect$$libinit$$00000032)
    .ARM.Collect$$libinit$$00000033          0x0000014c   Section        2  libinit2.o(.ARM.Collect$$libinit$$00000033)
    .ARM.Collect$$libshutdown$$00000000      0x0000014e   Section        2  libshutdown.o(.ARM.Collect$$libshutdown$$00000000)
    .ARM.Collect$$libshutdown$$00000002      0x00000150   Section        0  libshutdown2.o(.ARM.Collect$$libshutdown$$00000002)
    .ARM.Collect$$libshutdown$$00000004      0x00000150   Section        0  libshutdown2.o(.ARM.Collect$$libshutdown$$00000004)
    .ARM.Collect$$libshutdown$$00000007      0x00000150   Section        0  libshutdown2.o(.ARM.Collect$$libshutdown$$00000007)
    .ARM.Collect$$libshutdown$$0000000A      0x00000150   Section        0  libshutdown2.o(.ARM.Collect$$libshutdown$$0000000A)
    .ARM.Collect$$libshutdown$$0000000C      0x00000150   Section        0  libshutdown2.o(.ARM.Collect$$libshutdown$$0000000C)
    .ARM.Collect$$libshutdown$$0000000F      0x00000150   Section        0  libshutdown2.o(.ARM.Collect$$libshutdown$$0000000F)
    .ARM.Collect$$libshutdown$$00000010      0x00000150   Section        2  libshutdown2.o(.ARM.Collect$$libshutdown$$00000010)
    .ARM.Collect$$rtentry$$00000000          0x00000152   Section        0  __rtentry.o(.ARM.Collect$$rtentry$$00000000)
    .ARM.Collect$$rtentry$$00000002          0x00000152   Section        0  __rtentry2.o(.ARM.Collect$$rtentry$$00000002)
    .ARM.Collect$$rtentry$$00000004          0x00000152   Section        6  __rtentry4.o(.ARM.Collect$$rtentry$$00000004)
    .ARM.Collect$$rtentry$$00000009          0x00000158   Section        0  __rtentry2.o(.ARM.Collect$$rtentry$$00000009)
    .ARM.Collect$$rtentry$$0000000A          0x00000158   Section        4  __rtentry2.o(.ARM.Collect$$rtentry$$0000000A)
    .ARM.Collect$$rtentry$$0000000C          0x0000015c   Section        0  __rtentry2.o(.ARM.Collect$$rtentry$$0000000C)
    .ARM.Collect$$rtentry$$0000000D          0x0000015c   Section        8  __rtentry2.o(.ARM.Collect$$rtentry$$0000000D)
    .ARM.Collect$$rtexit$$00000000           0x00000164   Section        2  rtexit.o(.ARM.Collect$$rtexit$$00000000)
    .ARM.Collect$$rtexit$$00000002           0x00000166   Section        0  rtexit2.o(.ARM.Collect$$rtexit$$00000002)
    .ARM.Collect$$rtexit$$00000003           0x00000166   Section        4  rtexit2.o(.ARM.Collect$$rtexit$$00000003)
    .ARM.Collect$$rtexit$$00000004           0x0000016a   Section        6  rtexit2.o(.ARM.Collect$$rtexit$$00000004)
    .text                                    0x00000170   Section       60  startup_lpc17xx.o(.text)
    .text                                    0x000001ac   Section      238  lludivv7m.o(.text)
    .text                                    0x0000029c   Section        0  noretval__2sprintf.o(.text)
    .text                                    0x000002c4   Section        0  heapauxi.o(.text)
    .text                                    0x000002cc   Section        0  _printf_char_common.o(.text)
    _printf_input_char                       0x000002cd   Thumb Code    10  _printf_char_common.o(.text)
    .ARM.__at_0x02FC                         0x000002fc   Section        4  startup_lpc17xx.o(.ARM.__at_0x02FC)
    .text                                    0x00000300   Section        0  _printf_pad.o(.text)
    .text                                    0x00000350   Section        0  _printf_dec.o(.text)
    .text                                    0x000003c8   Section        0  __printf_flags_wp.o(.text)
    .text                                    0x00000500   Section       78  rt_memclr_w.o(.text)
    .text                                    0x0000054e   Section        0  _printf_intcommon.o(.text)
    .text                                    0x00000600   Section        0  _sputc.o(.text)
    .text                                    0x0000060a   Section       74  sys_stackheap_outer.o(.text)
    .text                                    0x00000654   Section        0  exit.o(.text)
    .text                                    0x00000668   Section        8  libspace.o(.text)
    .text                                    0x00000670   Section        0  sys_exit.o(.text)
    .text                                    0x0000067c   Section        2  use_no_semi.o(.text)
    .text                                    0x0000067e   Section        0  indicate_semi.o(.text)
    i.Clear_Channel_active_flag              0x00000680   Section        0  gpdma_lpc17xx.o(i.Clear_Channel_active_flag)
    Clear_Channel_active_flag                0x00000681   Thumb Code    28  gpdma_lpc17xx.o(i.Clear_Channel_active_flag)
    i.DMA_IRQHandler                         0x000006a0   Section        0  gpdma_lpc17xx.o(i.DMA_IRQHandler)
    i.GLCD_ClearScreen                       0x00000820   Section        0  glcd_mcb1700.o(i.GLCD_ClearScreen)
    i.GLCD_DrawChar                          0x00000850   Section        0  glcd_mcb1700.o(i.GLCD_DrawChar)
    i.GLCD_DrawString                        0x00000920   Section        0  glcd_mcb1700.o(i.GLCD_DrawString)
    i.GLCD_Initialize                        0x0000094c   Section        0  glcd_mcb1700.o(i.GLCD_Initialize)
    i.GLCD_SetFont                           0x00000f04   Section        0  glcd_mcb1700.o(i.GLCD_SetFont)
    i.GLCD_SetWindow                         0x00000f14   Section        0  glcd_mcb1700.o(i.GLCD_SetWindow)
    i.GLCD_WindowMax                         0x00000fc0   Section        0  glcd_mcb1700.o(i.GLCD_WindowMax)
    i.GPDMA_ChannelConfigure                 0x00000fd4   Section        0  gpdma_lpc17xx.o(i.GPDMA_ChannelConfigure)
    i.GPDMA_ChannelDisable                   0x000010c8   Section        0  gpdma_lpc17xx.o(i.GPDMA_ChannelDisable)
    i.GPDMA_ChannelGetCount                  0x000010f8   Section        0  gpdma_lpc17xx.o(i.GPDMA_ChannelGetCount)
    i.GPDMA_Initialize                       0x00001128   Section        0  gpdma_lpc17xx.o(i.GPDMA_Initialize)
    i.GPDMA_PeripheralSelect                 0x000011d8   Section        0  gpdma_lpc17xx.o(i.GPDMA_PeripheralSelect)
    i.GPDMA_Uninitialize                     0x0000121c   Section        0  gpdma_lpc17xx.o(i.GPDMA_Uninitialize)
    i.GPIO_PinRead                           0x0000129c   Section        0  gpio_lpc17xx.o(i.GPIO_PinRead)
    i.GPIO_PinWrite                          0x000012bc   Section        0  gpio_lpc17xx.o(i.GPIO_PinWrite)
    i.GPIO_PortClock                         0x000012e4   Section        0  gpio_lpc17xx.o(i.GPIO_PortClock)
    i.GPIO_SetDir                            0x00001310   Section        0  gpio_lpc17xx.o(i.GPIO_SetDir)
    i.GetSSPClockFreq                        0x00001348   Section        0  ssp_lpc17xx.o(i.GetSSPClockFreq)
    GetSSPClockFreq                          0x00001349   Thumb Code    64  ssp_lpc17xx.o(i.GetSSPClockFreq)
    i.GetUsartClockFreq                      0x0000138c   Section        0  uart_lpc17xx.o(i.GetUsartClockFreq)
    GetUsartClockFreq                        0x0000138d   Thumb Code    62  uart_lpc17xx.o(i.GetUsartClockFreq)
    i.Init_USART0                            0x000013d0   Section        0  main.o(i.Init_USART0)
    i.LidarAffichage                         0x00001408   Section        0  main.o(i.LidarAffichage)
    i.LidarSCAN                              0x00001488   Section        0  main.o(i.LidarSCAN)
    i.PIN_Configure                          0x000014b0   Section        0  pin_lpc17xx.o(i.PIN_Configure)
    i.PWM_Init                               0x000015ac   Section        0  main.o(i.PWM_Init)
    i.SSP1_Control                           0x000015e0   Section        0  ssp_lpc17xx.o(i.SSP1_Control)
    SSP1_Control                             0x000015e1   Thumb Code    18  ssp_lpc17xx.o(i.SSP1_Control)
    i.SSP1_GPDMA_Rx_SignalEvent              0x000015f8   Section        0  ssp_lpc17xx.o(i.SSP1_GPDMA_Rx_SignalEvent)
    i.SSP1_GPDMA_Tx_SignalEvent              0x0000160c   Section        0  ssp_lpc17xx.o(i.SSP1_GPDMA_Tx_SignalEvent)
    i.SSP1_GetDataCount                      0x00001620   Section        0  ssp_lpc17xx.o(i.SSP1_GetDataCount)
    SSP1_GetDataCount                        0x00001621   Thumb Code    10  ssp_lpc17xx.o(i.SSP1_GetDataCount)
    i.SSP1_GetStatus                         0x00001630   Section        0  ssp_lpc17xx.o(i.SSP1_GetStatus)
    SSP1_GetStatus                           0x00001631   Thumb Code    12  ssp_lpc17xx.o(i.SSP1_GetStatus)
    i.SSP1_IRQHandler                        0x00001640   Section        0  ssp_lpc17xx.o(i.SSP1_IRQHandler)
    i.SSP1_Initialize                        0x00001650   Section        0  ssp_lpc17xx.o(i.SSP1_Initialize)
    SSP1_Initialize                          0x00001651   Thumb Code    14  ssp_lpc17xx.o(i.SSP1_Initialize)
    i.SSP1_PowerControl                      0x00001664   Section        0  ssp_lpc17xx.o(i.SSP1_PowerControl)
    SSP1_PowerControl                        0x00001665   Thumb Code    14  ssp_lpc17xx.o(i.SSP1_PowerControl)
    i.SSP1_Receive                           0x00001678   Section        0  ssp_lpc17xx.o(i.SSP1_Receive)
    SSP1_Receive                             0x00001679   Thumb Code    18  ssp_lpc17xx.o(i.SSP1_Receive)
    i.SSP1_Send                              0x00001690   Section        0  ssp_lpc17xx.o(i.SSP1_Send)
    SSP1_Send                                0x00001691   Thumb Code    18  ssp_lpc17xx.o(i.SSP1_Send)
    i.SSP1_Transfer                          0x000016a8   Section        0  ssp_lpc17xx.o(i.SSP1_Transfer)
    SSP1_Transfer                            0x000016a9   Thumb Code    22  ssp_lpc17xx.o(i.SSP1_Transfer)
    i.SSP1_Uninitialize                      0x000016c4   Section        0  ssp_lpc17xx.o(i.SSP1_Uninitialize)
    SSP1_Uninitialize                        0x000016c5   Thumb Code    10  ssp_lpc17xx.o(i.SSP1_Uninitialize)
    i.SSP_GetCapabilities                    0x000016d4   Section        0  ssp_lpc17xx.o(i.SSP_GetCapabilities)
    SSP_GetCapabilities                      0x000016d5   Thumb Code     6  ssp_lpc17xx.o(i.SSP_GetCapabilities)
    i.SSP_GetVersion                         0x000016e0   Section        0  ssp_lpc17xx.o(i.SSP_GetVersion)
    SSP_GetVersion                           0x000016e1   Thumb Code    10  ssp_lpc17xx.o(i.SSP_GetVersion)
    i.SSPx_Control                           0x000016f0   Section        0  ssp_lpc17xx.o(i.SSPx_Control)
    SSPx_Control                             0x000016f1   Thumb Code  1310  ssp_lpc17xx.o(i.SSPx_Control)
    i.SSPx_GPDMA_Rx_SignalEvent              0x00001c0e   Section        0  ssp_lpc17xx.o(i.SSPx_GPDMA_Rx_SignalEvent)
    i.SSPx_GPDMA_Tx_SignalEvent              0x00001c44   Section        0  ssp_lpc17xx.o(i.SSPx_GPDMA_Tx_SignalEvent)
    i.SSPx_GetDataCount                      0x00001c60   Section        0  ssp_lpc17xx.o(i.SSPx_GetDataCount)
    SSPx_GetDataCount                        0x00001c61   Thumb Code    44  ssp_lpc17xx.o(i.SSPx_GetDataCount)
    i.SSPx_GetStatus                         0x00001c8c   Section        0  ssp_lpc17xx.o(i.SSPx_GetStatus)
    SSPx_GetStatus                           0x00001c8d   Thumb Code    90  ssp_lpc17xx.o(i.SSPx_GetStatus)
    i.SSPx_IRQHandler                        0x00001ce6   Section        0  ssp_lpc17xx.o(i.SSPx_IRQHandler)
    SSPx_IRQHandler                          0x00001ce7   Thumb Code   260  ssp_lpc17xx.o(i.SSPx_IRQHandler)
    i.SSPx_Initialize                        0x00001dea   Section        0  ssp_lpc17xx.o(i.SSPx_Initialize)
    SSPx_Initialize                          0x00001deb   Thumb Code   168  ssp_lpc17xx.o(i.SSPx_Initialize)
    i.SSPx_PowerControl                      0x00001e94   Section        0  ssp_lpc17xx.o(i.SSPx_PowerControl)
    SSPx_PowerControl                        0x00001e95   Thumb Code   438  ssp_lpc17xx.o(i.SSPx_PowerControl)
    i.SSPx_Receive                           0x00002050   Section        0  ssp_lpc17xx.o(i.SSPx_Receive)
    SSPx_Receive                             0x00002051   Thumb Code   344  ssp_lpc17xx.o(i.SSPx_Receive)
    i.SSPx_Send                              0x000021ac   Section        0  ssp_lpc17xx.o(i.SSPx_Send)
    SSPx_Send                                0x000021ad   Thumb Code   336  ssp_lpc17xx.o(i.SSPx_Send)
    i.SSPx_Transfer                          0x00002300   Section        0  ssp_lpc17xx.o(i.SSPx_Transfer)
    SSPx_Transfer                            0x00002301   Thumb Code   338  ssp_lpc17xx.o(i.SSPx_Transfer)
    i.SSPx_Uninitialize                      0x00002452   Section        0  ssp_lpc17xx.o(i.SSPx_Uninitialize)
    SSPx_Uninitialize                        0x00002453   Thumb Code   112  ssp_lpc17xx.o(i.SSPx_Uninitialize)
    i.Set_Channel_active_flag                0x000024c4   Section        0  gpdma_lpc17xx.o(i.Set_Channel_active_flag)
    Set_Channel_active_flag                  0x000024c5   Thumb Code    50  gpdma_lpc17xx.o(i.Set_Channel_active_flag)
    i.SystemInit                             0x000024fc   Section        0  system_lpc17xx.o(i.SystemInit)
    i.UART0_IRQHandler                       0x0000263c   Section        0  uart_lpc17xx.o(i.UART0_IRQHandler)
    i.USART0_Control                         0x0000264c   Section        0  uart_lpc17xx.o(i.USART0_Control)
    USART0_Control                           0x0000264d   Thumb Code    18  uart_lpc17xx.o(i.USART0_Control)
    i.USART0_GPDMA_Rx_Event                  0x00002664   Section        0  uart_lpc17xx.o(i.USART0_GPDMA_Rx_Event)
    i.USART0_GPDMA_Tx_Event                  0x00002678   Section        0  uart_lpc17xx.o(i.USART0_GPDMA_Tx_Event)
    i.USART0_GetCapabilities                 0x0000268c   Section        0  uart_lpc17xx.o(i.USART0_GetCapabilities)
    USART0_GetCapabilities                   0x0000268d   Thumb Code    12  uart_lpc17xx.o(i.USART0_GetCapabilities)
    i.USART0_GetModemStatus                  0x0000269c   Section        0  uart_lpc17xx.o(i.USART0_GetModemStatus)
    USART0_GetModemStatus                    0x0000269d   Thumb Code    12  uart_lpc17xx.o(i.USART0_GetModemStatus)
    i.USART0_GetRxCount                      0x000026ac   Section        0  uart_lpc17xx.o(i.USART0_GetRxCount)
    USART0_GetRxCount                        0x000026ad   Thumb Code    10  uart_lpc17xx.o(i.USART0_GetRxCount)
    i.USART0_GetStatus                       0x000026bc   Section        0  uart_lpc17xx.o(i.USART0_GetStatus)
    USART0_GetStatus                         0x000026bd   Thumb Code    12  uart_lpc17xx.o(i.USART0_GetStatus)
    i.USART0_GetTxCount                      0x000026cc   Section        0  uart_lpc17xx.o(i.USART0_GetTxCount)
    USART0_GetTxCount                        0x000026cd   Thumb Code    10  uart_lpc17xx.o(i.USART0_GetTxCount)
    i.USART0_Initialize                      0x000026dc   Section        0  uart_lpc17xx.o(i.USART0_Initialize)
    USART0_Initialize                        0x000026dd   Thumb Code    14  uart_lpc17xx.o(i.USART0_Initialize)
    i.USART0_PowerControl                    0x000026f0   Section        0  uart_lpc17xx.o(i.USART0_PowerControl)
    USART0_PowerControl                      0x000026f1   Thumb Code    14  uart_lpc17xx.o(i.USART0_PowerControl)
    i.USART0_Receive                         0x00002704   Section        0  uart_lpc17xx.o(i.USART0_Receive)
    USART0_Receive                           0x00002705   Thumb Code    18  uart_lpc17xx.o(i.USART0_Receive)
    i.USART0_Send                            0x0000271c   Section        0  uart_lpc17xx.o(i.USART0_Send)
    USART0_Send                              0x0000271d   Thumb Code    18  uart_lpc17xx.o(i.USART0_Send)
    i.USART0_SetModemControl                 0x00002734   Section        0  uart_lpc17xx.o(i.USART0_SetModemControl)
    USART0_SetModemControl                   0x00002735   Thumb Code    14  uart_lpc17xx.o(i.USART0_SetModemControl)
    i.USART0_Transfer                        0x00002748   Section        0  uart_lpc17xx.o(i.USART0_Transfer)
    USART0_Transfer                          0x00002749   Thumb Code    22  uart_lpc17xx.o(i.USART0_Transfer)
    i.USART0_Uninitialize                    0x00002764   Section        0  uart_lpc17xx.o(i.USART0_Uninitialize)
    USART0_Uninitialize                      0x00002765   Thumb Code    10  uart_lpc17xx.o(i.USART0_Uninitialize)
    i.USART_Control                          0x00002774   Section        0  uart_lpc17xx.o(i.USART_Control)
    USART_Control                            0x00002775   Thumb Code  1600  uart_lpc17xx.o(i.USART_Control)
    i.USART_GPDMA_Rx_Event                   0x00002db8   Section        0  uart_lpc17xx.o(i.USART_GPDMA_Rx_Event)
    USART_GPDMA_Rx_Event                     0x00002db9   Thumb Code   134  uart_lpc17xx.o(i.USART_GPDMA_Rx_Event)
    i.USART_GPDMA_Tx_Event                   0x00002e3e   Section        0  uart_lpc17xx.o(i.USART_GPDMA_Tx_Event)
    USART_GPDMA_Tx_Event                     0x00002e3f   Thumb Code    74  uart_lpc17xx.o(i.USART_GPDMA_Tx_Event)
    i.USART_GetCapabilities                  0x00002e88   Section        0  uart_lpc17xx.o(i.USART_GetCapabilities)
    USART_GetCapabilities                    0x00002e89   Thumb Code     6  uart_lpc17xx.o(i.USART_GetCapabilities)
    i.USART_GetModemStatus                   0x00002e8e   Section        0  uart_lpc17xx.o(i.USART_GetModemStatus)
    USART_GetModemStatus                     0x00002e8f   Thumb Code   236  uart_lpc17xx.o(i.USART_GetModemStatus)
    i.USART_GetRxCount                       0x00002f7a   Section        0  uart_lpc17xx.o(i.USART_GetRxCount)
    USART_GetRxCount                         0x00002f7b   Thumb Code    28  uart_lpc17xx.o(i.USART_GetRxCount)
    i.USART_GetStatus                        0x00002f96   Section        0  uart_lpc17xx.o(i.USART_GetStatus)
    USART_GetStatus                          0x00002f97   Thumb Code   188  uart_lpc17xx.o(i.USART_GetStatus)
    i.USART_GetTxCount                       0x00003052   Section        0  uart_lpc17xx.o(i.USART_GetTxCount)
    USART_GetTxCount                         0x00003053   Thumb Code    28  uart_lpc17xx.o(i.USART_GetTxCount)
    i.USART_IRQHandler                       0x0000306e   Section        0  uart_lpc17xx.o(i.USART_IRQHandler)
    USART_IRQHandler                         0x0000306f   Thumb Code   534  uart_lpc17xx.o(i.USART_IRQHandler)
    i.USART_Initialize                       0x00003284   Section        0  uart_lpc17xx.o(i.USART_Initialize)
    USART_Initialize                         0x00003285   Thumb Code   254  uart_lpc17xx.o(i.USART_Initialize)
    i.USART_PowerControl                     0x00003384   Section        0  uart_lpc17xx.o(i.USART_PowerControl)
    USART_PowerControl                       0x00003385   Thumb Code   556  uart_lpc17xx.o(i.USART_PowerControl)
    i.USART_Receive                          0x000035b4   Section        0  uart_lpc17xx.o(i.USART_Receive)
    USART_Receive                            0x000035b5   Thumb Code   272  uart_lpc17xx.o(i.USART_Receive)
    i.USART_RxLineIntHandler                 0x000036c4   Section        0  uart_lpc17xx.o(i.USART_RxLineIntHandler)
    USART_RxLineIntHandler                   0x000036c5   Thumb Code   104  uart_lpc17xx.o(i.USART_RxLineIntHandler)
    i.USART_Send                             0x0000372c   Section        0  uart_lpc17xx.o(i.USART_Send)
    USART_Send                               0x0000372d   Thumb Code   412  uart_lpc17xx.o(i.USART_Send)
    i.USART_SetBaudrate                      0x000038c8   Section        0  uart_lpc17xx.o(i.USART_SetBaudrate)
    i.USART_SetModemControl                  0x000039fc   Section        0  uart_lpc17xx.o(i.USART_SetModemControl)
    USART_SetModemControl                    0x000039fd   Thumb Code   160  uart_lpc17xx.o(i.USART_SetModemControl)
    i.USART_Transfer                         0x00003a9c   Section        0  uart_lpc17xx.o(i.USART_Transfer)
    USART_Transfer                           0x00003a9d   Thumb Code   122  uart_lpc17xx.o(i.USART_Transfer)
    i.USART_Uninitialize                     0x00003b16   Section        0  uart_lpc17xx.o(i.USART_Uninitialize)
    USART_Uninitialize                       0x00003b17   Thumb Code   226  uart_lpc17xx.o(i.USART_Uninitialize)
    i.USARTx_GetVersion                      0x00003bf8   Section        0  uart_lpc17xx.o(i.USARTx_GetVersion)
    USARTx_GetVersion                        0x00003bf9   Thumb Code    10  uart_lpc17xx.o(i.USARTx_GetVersion)
    i.__NVIC_ClearPendingIRQ                 0x00003c08   Section        0  ssp_lpc17xx.o(i.__NVIC_ClearPendingIRQ)
    __NVIC_ClearPendingIRQ                   0x00003c09   Thumb Code    22  ssp_lpc17xx.o(i.__NVIC_ClearPendingIRQ)
    i.__NVIC_ClearPendingIRQ                 0x00003c24   Section        0  uart_lpc17xx.o(i.__NVIC_ClearPendingIRQ)
    __NVIC_ClearPendingIRQ                   0x00003c25   Thumb Code    22  uart_lpc17xx.o(i.__NVIC_ClearPendingIRQ)
    i.__NVIC_ClearPendingIRQ                 0x00003c40   Section        0  gpdma_lpc17xx.o(i.__NVIC_ClearPendingIRQ)
    __NVIC_ClearPendingIRQ                   0x00003c41   Thumb Code    22  gpdma_lpc17xx.o(i.__NVIC_ClearPendingIRQ)
    i._is_digit                              0x00003c5c   Section        0  __printf_wp.o(i._is_digit)
    i.delay_ms                               0x00003c6c   Section        0  glcd_mcb1700.o(i.delay_ms)
    delay_ms                                 0x00003c6d   Thumb Code    38  glcd_mcb1700.o(i.delay_ms)
    i.main                                   0x00003c98   Section        0  main.o(i.main)
    i.rd_dat                                 0x00003d44   Section        0  glcd_mcb1700.o(i.rd_dat)
    rd_dat                                   0x00003d45   Thumb Code    64  glcd_mcb1700.o(i.rd_dat)
    i.rd_id_man                              0x00003d88   Section        0  glcd_mcb1700.o(i.rd_id_man)
    rd_id_man                                0x00003d89   Thumb Code   196  glcd_mcb1700.o(i.rd_id_man)
    i.rd_reg                                 0x00003e50   Section        0  glcd_mcb1700.o(i.rd_reg)
    rd_reg                                   0x00003e51   Thumb Code    16  glcd_mcb1700.o(i.rd_reg)
    i.spi_tran                               0x00003e60   Section        0  glcd_mcb1700.o(i.spi_tran)
    spi_tran                                 0x00003e61   Thumb Code    40  glcd_mcb1700.o(i.spi_tran)
    i.spi_tran_man                           0x00003e8c   Section        0  glcd_mcb1700.o(i.spi_tran_man)
    spi_tran_man                             0x00003e8d   Thumb Code   132  glcd_mcb1700.o(i.spi_tran_man)
    i.wr_cmd                                 0x00003f14   Section        0  glcd_mcb1700.o(i.wr_cmd)
    wr_cmd                                   0x00003f15   Thumb Code    70  glcd_mcb1700.o(i.wr_cmd)
    i.wr_dat_only                            0x00003f60   Section        0  glcd_mcb1700.o(i.wr_dat_only)
    wr_dat_only                              0x00003f61   Thumb Code    46  glcd_mcb1700.o(i.wr_dat_only)
    i.wr_dat_start                           0x00003f94   Section        0  glcd_mcb1700.o(i.wr_dat_start)
    wr_dat_start                             0x00003f95   Thumb Code    20  glcd_mcb1700.o(i.wr_dat_start)
    i.wr_dat_stop                            0x00003fac   Section        0  glcd_mcb1700.o(i.wr_dat_stop)
    wr_dat_stop                              0x00003fad   Thumb Code    14  glcd_mcb1700.o(i.wr_dat_stop)
    i.wr_reg                                 0x00003fc0   Section        0  glcd_mcb1700.o(i.wr_reg)
    wr_reg                                   0x00003fc1   Thumb Code   140  glcd_mcb1700.o(i.wr_reg)
    x$fpl$ddiv                               0x00004050   Section      688  ddiv.o(x$fpl$ddiv)
    ddiv_entry                               0x00004057   Thumb Code     0  ddiv.o(x$fpl$ddiv)
    x$fpl$dfixu                              0x00004300   Section       90  dfixu.o(x$fpl$dfixu)
    x$fpl$dflt                               0x0000435a   Section       46  dflt_clz.o(x$fpl$dflt)
    x$fpl$dnaninf                            0x00004388   Section      156  dnaninf.o(x$fpl$dnaninf)
    x$fpl$dretinf                            0x00004424   Section       12  dretinf.o(x$fpl$dretinf)
    .constdata                               0x00004430   Section     6304  glcd_fonts.o(.constdata)
    x$fpl$usenofp                            0x00004430   Section        0  usenofp.o(x$fpl$usenofp)
    Font_6x8_h                               0x00004430   Data         896  glcd_fonts.o(.constdata)
    Font_16x24_h                             0x000047b0   Data        5376  glcd_fonts.o(.constdata)
    .constdata                               0x00005cd0   Section      124  ssp_lpc17xx.o(.constdata)
    DriverVersion                            0x00005cd0   Data           4  ssp_lpc17xx.o(.constdata)
    DriverCapabilities                       0x00005cd4   Data           4  ssp_lpc17xx.o(.constdata)
    SSP1_Resources                           0x00005cd8   Data          72  ssp_lpc17xx.o(.constdata)
    .constdata                               0x00005d4c   Section      464  uart_lpc17xx.o(.constdata)
    usart_driver_version                     0x00005d4c   Data           4  uart_lpc17xx.o(.constdata)
    fract_div_lookup_table                   0x00005d50   Data         288  uart_lpc17xx.o(.constdata)
    UART0_DMA_Tx                             0x00005e70   Data           8  uart_lpc17xx.o(.constdata)
    UART0_DMA_Rx                             0x00005e78   Data           8  uart_lpc17xx.o(.constdata)
    USART0_Resources                         0x00005e80   Data         100  uart_lpc17xx.o(.constdata)
    .constdata                               0x00005f1c   Section       17  __printf_flags_wp.o(.constdata)
    maptable                                 0x00005f1c   Data          17  __printf_flags_wp.o(.constdata)
    .data                                    0x10000000   Section       10  main.o(.data)
    txGET_INFO                               0x10000006   Data           2  main.o(.data)
    txSCAN                                   0x10000008   Data           2  main.o(.data)
    .data                                    0x1000000c   Section       17  glcd_mcb1700.o(.data)
    spi1_pins                                0x1000000c   Data           8  glcd_mcb1700.o(.data)
    foreground_color                         0x10000014   Data           2  glcd_mcb1700.o(.data)
    background_color                         0x10000016   Data           2  glcd_mcb1700.o(.data)
    active_font                              0x10000018   Data           4  glcd_mcb1700.o(.data)
    Himax                                    0x1000001c   Data           1  glcd_mcb1700.o(.data)
    .data                                    0x10000020   Section       16  ssp_lpc17xx.o(.data)
    SSP1_pin_sck                             0x10000020   Data           2  ssp_lpc17xx.o(.data)
    SSP1_pin_miso                            0x10000022   Data           2  ssp_lpc17xx.o(.data)
    SSP1_pin_mosi                            0x10000024   Data           2  ssp_lpc17xx.o(.data)
    SSP1_pin_ssel                            0x10000026   Data           2  ssp_lpc17xx.o(.data)
    dummy_data                               0x10000028   Data           4  ssp_lpc17xx.o(.data)
    dummy_data                               0x1000002c   Data           4  ssp_lpc17xx.o(.data)
    .data                                    0x10000030   Section        4  uart_lpc17xx.o(.data)
    USART0_pin_tx                            0x10000030   Data           2  uart_lpc17xx.o(.data)
    USART0_pin_rx                            0x10000032   Data           2  uart_lpc17xx.o(.data)
    .data                                    0x10000034   Section        8  gpdma_lpc17xx.o(.data)
    Channel_active                           0x10000034   Data           4  gpdma_lpc17xx.o(.data)
    Init_cnt                                 0x10000038   Data           4  gpdma_lpc17xx.o(.data)
    .data                                    0x1000003c   Section        4  system_lpc17xx.o(.data)
    .bss                                     0x10000040   Section       73  main.o(.bss)
    rxGET_INFO                               0x1000004c   Data          28  main.o(.bss)
    lidarModel                               0x10000068   Data           9  main.o(.bss)
    lidarFirmware                            0x10000071   Data          13  main.o(.bss)
    lidarHardware                            0x1000007e   Data          11  main.o(.bss)
    .bss                                     0x1000008c   Section       40  ssp_lpc17xx.o(.bss)
    SSP1_Info                                0x1000008c   Data          12  ssp_lpc17xx.o(.bss)
    SSP1_Xfer                                0x10000098   Data          28  ssp_lpc17xx.o(.bss)
    .bss                                     0x100000b4   Section       52  uart_lpc17xx.o(.bss)
    USART0_Info                              0x100000b4   Data          52  uart_lpc17xx.o(.bss)
    .bss                                     0x100000e8   Section      160  gpdma_lpc17xx.o(.bss)
    Channel_info                             0x100000e8   Data         160  gpdma_lpc17xx.o(.bss)
    .bss                                     0x10000188   Section       96  libspace.o(.bss)
    HEAP                                     0x100001e8   Section        0  startup_lpc17xx.o(HEAP)
    STACK                                    0x100001e8   Section      512  startup_lpc17xx.o(STACK)
    Heap_Mem                                 0x100001e8   Data           0  startup_lpc17xx.o(HEAP)
    Stack_Mem                                0x100001e8   Data         512  startup_lpc17xx.o(STACK)
    __initial_sp                             0x100003e8   Data           0  startup_lpc17xx.o(STACK)

    Global Symbols

    Symbol Name                              Value     Ov Type        Size  Object(Section)

    BuildAttributes$$THM_ISAv4$P$D$K$B$S$PE$A:L22UL41UL21$X:L11$S22US41US21$IEEE1$IW$USESV6$~STKCKD$USESV7$~SHL$OSPACE$ROPI$EBA8$UX$STANDARDLIB$REQ8$PRES8$EABIv2 0x00000000   Number         0  anon$$obj.o ABSOLUTE
    __ARM_use_no_argv                        0x00000000   Number         0  main.o ABSOLUTE
    __Vectors                                0x00000000   Data           4  startup_lpc17xx.o(RESET)
    _printf_flags                            0x00000000   Number         0  printf_stubs.o ABSOLUTE
    _printf_return_value                     0x00000000   Number         0  printf_stubs.o ABSOLUTE
    _printf_sizespec                         0x00000000   Number         0  printf_stubs.o ABSOLUTE
    _printf_widthprec                        0x00000000   Number         0  printf_stubs.o ABSOLUTE
    __ARM_exceptions_init                     - Undefined Weak Reference
    __alloca_initialize                       - Undefined Weak Reference
    __arm_preinit_                            - Undefined Weak Reference
    __cpp_initialize__aeabi_                  - Undefined Weak Reference
    __cxa_finalize                            - Undefined Weak Reference
    __rt_locale                               - Undefined Weak Reference
    __sigvec_lookup                           - Undefined Weak Reference
    _atexit_init                              - Undefined Weak Reference
    _call_atexit_fns                          - Undefined Weak Reference
    _clock_init                               - Undefined Weak Reference
    _fp_trap_init                             - Undefined Weak Reference
    _fp_trap_shutdown                         - Undefined Weak Reference
    _get_lc_collate                           - Undefined Weak Reference
    _get_lc_ctype                             - Undefined Weak Reference
    _get_lc_monetary                          - Undefined Weak Reference
    _get_lc_numeric                           - Undefined Weak Reference
    _get_lc_time                              - Undefined Weak Reference
    _getenv_init                              - Undefined Weak Reference
    _handle_redirection                       - Undefined Weak Reference
    _init_alloc                               - Undefined Weak Reference
    _init_user_alloc                          - Undefined Weak Reference
    _initio                                   - Undefined Weak Reference
    _printf_truncate_signed                   - Undefined Weak Reference
    _printf_truncate_unsigned                 - Undefined Weak Reference
    _rand_init                                - Undefined Weak Reference
    _signal_finish                            - Undefined Weak Reference
    _signal_init                              - Undefined Weak Reference
    _terminate_alloc                          - Undefined Weak Reference
    _terminate_user_alloc                     - Undefined Weak Reference
    _terminateio                              - Undefined Weak Reference
    __main                                   0x000000cd   Thumb Code     8  __main.o(!!!main)
    __scatterload                            0x000000d5   Thumb Code     0  __scatter.o(!!!scatter)
    __scatterload_rt2                        0x000000d5   Thumb Code    44  __scatter.o(!!!scatter)
    __scatterload_rt2_thumb_only             0x000000d5   Thumb Code     0  __scatter.o(!!!scatter)
    __scatterload_null                       0x000000e3   Thumb Code     0  __scatter.o(!!!scatter)
    __scatterload_copy                       0x00000109   Thumb Code    26  __scatter_copy.o(!!handler_copy)
    __scatterload_zeroinit                   0x00000125   Thumb Code    28  __scatter_zi.o(!!handler_zi)
    _printf_d                                0x00000141   Thumb Code     0  _printf_d.o(.ARM.Collect$$_printf_percent$$00000009)
    _printf_percent                          0x00000141   Thumb Code     0  _printf_percent.o(.ARM.Collect$$_printf_percent$$00000000)
    _printf_percent_end                      0x00000147   Thumb Code     0  _printf_percent_end.o(.ARM.Collect$$_printf_percent$$00000017)
    __rt_lib_init                            0x0000014b   Thumb Code     0  libinit.o(.ARM.Collect$$libinit$$00000000)
    __rt_lib_init_alloca_1                   0x0000014d   Thumb Code     0  libinit2.o(.ARM.Collect$$libinit$$0000002E)
    __rt_lib_init_argv_1                     0x0000014d   Thumb Code     0  libinit2.o(.ARM.Collect$$libinit$$0000002C)
    __rt_lib_init_atexit_1                   0x0000014d   Thumb Code     0  libinit2.o(.ARM.Collect$$libinit$$0000001B)
    __rt_lib_init_clock_1                    0x0000014d   Thumb Code     0  libinit2.o(.ARM.Collect$$libinit$$00000021)
    __rt_lib_init_cpp_1                      0x0000014d   Thumb Code     0  libinit2.o(.ARM.Collect$$libinit$$00000032)
    __rt_lib_init_exceptions_1               0x0000014d   Thumb Code     0  libinit2.o(.ARM.Collect$$libinit$$00000030)
    __rt_lib_init_fp_1                       0x0000014d   Thumb Code     0  libinit2.o(.ARM.Collect$$libinit$$00000002)
    __rt_lib_init_fp_trap_1                  0x0000014d   Thumb Code     0  libinit2.o(.ARM.Collect$$libinit$$0000001F)
    __rt_lib_init_getenv_1                   0x0000014d   Thumb Code     0  libinit2.o(.ARM.Collect$$libinit$$00000023)
    __rt_lib_init_heap_1                     0x0000014d   Thumb Code     0  libinit2.o(.ARM.Collect$$libinit$$0000000A)
    __rt_lib_init_lc_collate_1               0x0000014d   Thumb Code     0  libinit2.o(.ARM.Collect$$libinit$$00000011)
    __rt_lib_init_lc_ctype_1                 0x0000014d   Thumb Code     0  libinit2.o(.ARM.Collect$$libinit$$00000013)
    __rt_lib_init_lc_monetary_1              0x0000014d   Thumb Code     0  libinit2.o(.ARM.Collect$$libinit$$00000015)
    __rt_lib_init_lc_numeric_1               0x0000014d   Thumb Code     0  libinit2.o(.ARM.Collect$$libinit$$00000017)
    __rt_lib_init_lc_time_1                  0x0000014d   Thumb Code     0  libinit2.o(.ARM.Collect$$libinit$$00000019)
    __rt_lib_init_preinit_1                  0x0000014d   Thumb Code     0  libinit2.o(.ARM.Collect$$libinit$$00000004)
    __rt_lib_init_rand_1                     0x0000014d   Thumb Code     0  libinit2.o(.ARM.Collect$$libinit$$0000000E)
    __rt_lib_init_return                     0x0000014d   Thumb Code     0  libinit2.o(.ARM.Collect$$libinit$$00000033)
    __rt_lib_init_signal_1                   0x0000014d   Thumb Code     0  libinit2.o(.ARM.Collect$$libinit$$0000001D)
    __rt_lib_init_stdio_1                    0x0000014d   Thumb Code     0  libinit2.o(.ARM.Collect$$libinit$$00000025)
    __rt_lib_init_user_alloc_1               0x0000014d   Thumb Code     0  libinit2.o(.ARM.Collect$$libinit$$0000000C)
    __rt_lib_shutdown                        0x0000014f   Thumb Code     0  libshutdown.o(.ARM.Collect$$libshutdown$$00000000)
    __rt_lib_shutdown_cpp_1                  0x00000151   Thumb Code     0  libshutdown2.o(.ARM.Collect$$libshutdown$$00000002)
    __rt_lib_shutdown_fp_trap_1              0x00000151   Thumb Code     0  libshutdown2.o(.ARM.Collect$$libshutdown$$00000007)
    __rt_lib_shutdown_heap_1                 0x00000151   Thumb Code     0  libshutdown2.o(.ARM.Collect$$libshutdown$$0000000F)
    __rt_lib_shutdown_return                 0x00000151   Thumb Code     0  libshutdown2.o(.ARM.Collect$$libshutdown$$00000010)
    __rt_lib_shutdown_signal_1               0x00000151   Thumb Code     0  libshutdown2.o(.ARM.Collect$$libshutdown$$0000000A)
    __rt_lib_shutdown_stdio_1                0x00000151   Thumb Code     0  libshutdown2.o(.ARM.Collect$$libshutdown$$00000004)
    __rt_lib_shutdown_user_alloc_1           0x00000151   Thumb Code     0  libshutdown2.o(.ARM.Collect$$libshutdown$$0000000C)
    __rt_entry                               0x00000153   Thumb Code     0  __rtentry.o(.ARM.Collect$$rtentry$$00000000)
    __rt_entry_presh_1                       0x00000153   Thumb Code     0  __rtentry2.o(.ARM.Collect$$rtentry$$00000002)
    __rt_entry_sh                            0x00000153   Thumb Code     0  __rtentry4.o(.ARM.Collect$$rtentry$$00000004)
    __rt_entry_li                            0x00000159   Thumb Code     0  __rtentry2.o(.ARM.Collect$$rtentry$$0000000A)
    __rt_entry_postsh_1                      0x00000159   Thumb Code     0  __rtentry2.o(.ARM.Collect$$rtentry$$00000009)
    __rt_entry_main                          0x0000015d   Thumb Code     0  __rtentry2.o(.ARM.Collect$$rtentry$$0000000D)
    __rt_entry_postli_1                      0x0000015d   Thumb Code     0  __rtentry2.o(.ARM.Collect$$rtentry$$0000000C)
    __rt_exit                                0x00000165   Thumb Code     0  rtexit.o(.ARM.Collect$$rtexit$$00000000)
    __rt_exit_ls                             0x00000167   Thumb Code     0  rtexit2.o(.ARM.Collect$$rtexit$$00000003)
    __rt_exit_prels_1                        0x00000167   Thumb Code     0  rtexit2.o(.ARM.Collect$$rtexit$$00000002)
    __rt_exit_exit                           0x0000016b   Thumb Code     0  rtexit2.o(.ARM.Collect$$rtexit$$00000004)
    Reset_Handler                            0x00000171   Thumb Code     8  startup_lpc17xx.o(.text)
    NMI_Handler                              0x00000179   Thumb Code     2  startup_lpc17xx.o(.text)
    HardFault_Handler                        0x0000017b   Thumb Code     2  startup_lpc17xx.o(.text)
    MemManage_Handler                        0x0000017d   Thumb Code     2  startup_lpc17xx.o(.text)
    BusFault_Handler                         0x0000017f   Thumb Code     2  startup_lpc17xx.o(.text)
    UsageFault_Handler                       0x00000181   Thumb Code     2  startup_lpc17xx.o(.text)
    SVC_Handler                              0x00000183   Thumb Code     2  startup_lpc17xx.o(.text)
    DebugMon_Handler                         0x00000185   Thumb Code     2  startup_lpc17xx.o(.text)
    PendSV_Handler                           0x00000187   Thumb Code     2  startup_lpc17xx.o(.text)
    SysTick_Handler                          0x00000189   Thumb Code     2  startup_lpc17xx.o(.text)
    ADC_IRQHandler                           0x0000018b   Thumb Code     0  startup_lpc17xx.o(.text)
    BOD_IRQHandler                           0x0000018b   Thumb Code     0  startup_lpc17xx.o(.text)
    CANActivity_IRQHandler                   0x0000018b   Thumb Code     0  startup_lpc17xx.o(.text)
    CAN_IRQHandler                           0x0000018b   Thumb Code     0  startup_lpc17xx.o(.text)
    EINT0_IRQHandler                         0x0000018b   Thumb Code     0  startup_lpc17xx.o(.text)
    EINT1_IRQHandler                         0x0000018b   Thumb Code     0  startup_lpc17xx.o(.text)
    EINT2_IRQHandler                         0x0000018b   Thumb Code     0  startup_lpc17xx.o(.text)
    EINT3_IRQHandler                         0x0000018b   Thumb Code     0  startup_lpc17xx.o(.text)
    ENET_IRQHandler                          0x0000018b   Thumb Code     0  startup_lpc17xx.o(.text)
    I2C0_IRQHandler                          0x0000018b   Thumb Code     0  startup_lpc17xx.o(.text)
    I2C1_IRQHandler                          0x0000018b   Thumb Code     0  startup_lpc17xx.o(.text)
    I2C2_IRQHandler                          0x0000018b   Thumb Code     0  startup_lpc17xx.o(.text)
    I2S_IRQHandler                           0x0000018b   Thumb Code     0  startup_lpc17xx.o(.text)
    MCPWM_IRQHandler                         0x0000018b   Thumb Code     0  startup_lpc17xx.o(.text)
    PLL0_IRQHandler                          0x0000018b   Thumb Code     0  startup_lpc17xx.o(.text)
    PLL1_IRQHandler                          0x0000018b   Thumb Code     0  startup_lpc17xx.o(.text)
    PWM1_IRQHandler                          0x0000018b   Thumb Code     0  startup_lpc17xx.o(.text)
    QEI_IRQHandler                           0x0000018b   Thumb Code     0  startup_lpc17xx.o(.text)
    RIT_IRQHandler                           0x0000018b   Thumb Code     0  startup_lpc17xx.o(.text)
    RTC_IRQHandler                           0x0000018b   Thumb Code     0  startup_lpc17xx.o(.text)
    SPI_IRQHandler                           0x0000018b   Thumb Code     0  startup_lpc17xx.o(.text)
    SSP0_IRQHandler                          0x0000018b   Thumb Code     0  startup_lpc17xx.o(.text)
    TIMER0_IRQHandler                        0x0000018b   Thumb Code     0  startup_lpc17xx.o(.text)
    TIMER1_IRQHandler                        0x0000018b   Thumb Code     0  startup_lpc17xx.o(.text)
    TIMER2_IRQHandler                        0x0000018b   Thumb Code     0  startup_lpc17xx.o(.text)
    TIMER3_IRQHandler                        0x0000018b   Thumb Code     0  startup_lpc17xx.o(.text)
    UART1_IRQHandler                         0x0000018b   Thumb Code     0  startup_lpc17xx.o(.text)
    UART2_IRQHandler                         0x0000018b   Thumb Code     0  startup_lpc17xx.o(.text)
    UART3_IRQHandler                         0x0000018b   Thumb Code     0  startup_lpc17xx.o(.text)
    USBActivity_IRQHandler                   0x0000018b   Thumb Code     0  startup_lpc17xx.o(.text)
    USB_IRQHandler                           0x0000018b   Thumb Code     0  startup_lpc17xx.o(.text)
    WDT_IRQHandler                           0x0000018b   Thumb Code     0  startup_lpc17xx.o(.text)
    __user_initial_stackheap                 0x0000018d   Thumb Code     0  startup_lpc17xx.o(.text)
    __aeabi_uldivmod                         0x000001ad   Thumb Code     0  lludivv7m.o(.text)
    _ll_udiv                                 0x000001ad   Thumb Code   238  lludivv7m.o(.text)
    __2sprintf                               0x0000029d   Thumb Code    34  noretval__2sprintf.o(.text)
    __use_two_region_memory                  0x000002c5   Thumb Code     2  heapauxi.o(.text)
    __rt_heap_escrow$2region                 0x000002c7   Thumb Code     2  heapauxi.o(.text)
    __rt_heap_expand$2region                 0x000002c9   Thumb Code     2  heapauxi.o(.text)
    _printf_char_common                      0x000002d7   Thumb Code    32  _printf_char_common.o(.text)
    _printf_pre_padding                      0x00000301   Thumb Code    44  _printf_pad.o(.text)
    _printf_post_padding                     0x0000032d   Thumb Code    34  _printf_pad.o(.text)
    _printf_int_dec                          0x00000351   Thumb Code   104  _printf_dec.o(.text)
    __printf                                 0x000003c9   Thumb Code   308  __printf_flags_wp.o(.text)
    __aeabi_memclr4                          0x00000501   Thumb Code     0  rt_memclr_w.o(.text)
    __aeabi_memclr8                          0x00000501   Thumb Code     0  rt_memclr_w.o(.text)
    __rt_memclr_w                            0x00000501   Thumb Code    78  rt_memclr_w.o(.text)
    _memset_w                                0x00000505   Thumb Code     0  rt_memclr_w.o(.text)
    _printf_int_common                       0x0000054f   Thumb Code   178  _printf_intcommon.o(.text)
    _sputc                                   0x00000601   Thumb Code    10  _sputc.o(.text)
    __user_setup_stackheap                   0x0000060b   Thumb Code    74  sys_stackheap_outer.o(.text)
    exit                                     0x00000655   Thumb Code    18  exit.o(.text)
    __user_libspace                          0x00000669   Thumb Code     8  libspace.o(.text)
    __user_perproc_libspace                  0x00000669   Thumb Code     0  libspace.o(.text)
    __user_perthread_libspace                0x00000669   Thumb Code     0  libspace.o(.text)
    _sys_exit                                0x00000671   Thumb Code     8  sys_exit.o(.text)
    __I$use$semihosting                      0x0000067d   Thumb Code     0  use_no_semi.o(.text)
    __use_no_semihosting_swi                 0x0000067d   Thumb Code     2  use_no_semi.o(.text)
    __semihosting_library_function           0x0000067f   Thumb Code     0  indicate_semi.o(.text)
    DMA_IRQHandler                           0x000006a1   Thumb Code   372  gpdma_lpc17xx.o(i.DMA_IRQHandler)
    GLCD_ClearScreen                         0x00000821   Thumb Code    44  glcd_mcb1700.o(i.GLCD_ClearScreen)
    GLCD_DrawChar                            0x00000851   Thumb Code   194  glcd_mcb1700.o(i.GLCD_DrawChar)
    GLCD_DrawString                          0x00000921   Thumb Code    38  glcd_mcb1700.o(i.GLCD_DrawString)
    GLCD_Initialize                          0x0000094d   Thumb Code  1462  glcd_mcb1700.o(i.GLCD_Initialize)
    GLCD_SetFont                             0x00000f05   Thumb Code    10  glcd_mcb1700.o(i.GLCD_SetFont)
    GLCD_SetWindow                           0x00000f15   Thumb Code   168  glcd_mcb1700.o(i.GLCD_SetWindow)
    GLCD_WindowMax                           0x00000fc1   Thumb Code    18  glcd_mcb1700.o(i.GLCD_WindowMax)
    GPDMA_ChannelConfigure                   0x00000fd5   Thumb Code   232  gpdma_lpc17xx.o(i.GPDMA_ChannelConfigure)
    GPDMA_ChannelDisable                     0x000010c9   Thumb Code    44  gpdma_lpc17xx.o(i.GPDMA_ChannelDisable)
    GPDMA_ChannelGetCount                    0x000010f9   Thumb Code    38  gpdma_lpc17xx.o(i.GPDMA_ChannelGetCount)
    GPDMA_Initialize                         0x00001129   Thumb Code   154  gpdma_lpc17xx.o(i.GPDMA_Initialize)
    GPDMA_PeripheralSelect                   0x000011d9   Thumb Code    62  gpdma_lpc17xx.o(i.GPDMA_PeripheralSelect)
    GPDMA_Uninitialize                       0x0000121d   Thumb Code   116  gpdma_lpc17xx.o(i.GPDMA_Uninitialize)
    GPIO_PinRead                             0x0000129d   Thumb Code    28  gpio_lpc17xx.o(i.GPIO_PinRead)
    GPIO_PinWrite                            0x000012bd   Thumb Code    36  gpio_lpc17xx.o(i.GPIO_PinWrite)
    GPIO_PortClock                           0x000012e5   Thumb Code    38  gpio_lpc17xx.o(i.GPIO_PortClock)
    GPIO_SetDir                              0x00001311   Thumb Code    52  gpio_lpc17xx.o(i.GPIO_SetDir)
    Init_USART0                              0x000013d1   Thumb Code    52  main.o(i.Init_USART0)
    LidarAffichage                           0x00001409   Thumb Code    88  main.o(i.LidarAffichage)
    LidarSCAN                                0x00001489   Thumb Code    32  main.o(i.LidarSCAN)
    PIN_Configure                            0x000014b1   Thumb Code   246  pin_lpc17xx.o(i.PIN_Configure)
    PWM_Init                                 0x000015ad   Thumb Code    44  main.o(i.PWM_Init)
    SSP1_GPDMA_Rx_SignalEvent                0x000015f9   Thumb Code    14  ssp_lpc17xx.o(i.SSP1_GPDMA_Rx_SignalEvent)
    SSP1_GPDMA_Tx_SignalEvent                0x0000160d   Thumb Code    14  ssp_lpc17xx.o(i.SSP1_GPDMA_Tx_SignalEvent)
    SSP1_IRQHandler                          0x00001641   Thumb Code    10  ssp_lpc17xx.o(i.SSP1_IRQHandler)
    SSPx_GPDMA_Rx_SignalEvent                0x00001c0f   Thumb Code    54  ssp_lpc17xx.o(i.SSPx_GPDMA_Rx_SignalEvent)
    SSPx_GPDMA_Tx_SignalEvent                0x00001c45   Thumb Code    28  ssp_lpc17xx.o(i.SSPx_GPDMA_Tx_SignalEvent)
    SystemInit                               0x000024fd   Thumb Code   302  system_lpc17xx.o(i.SystemInit)
    UART0_IRQHandler                         0x0000263d   Thumb Code    10  uart_lpc17xx.o(i.UART0_IRQHandler)
    USART0_GPDMA_Rx_Event                    0x00002665   Thumb Code    14  uart_lpc17xx.o(i.USART0_GPDMA_Rx_Event)
    USART0_GPDMA_Tx_Event                    0x00002679   Thumb Code    14  uart_lpc17xx.o(i.USART0_GPDMA_Tx_Event)
    USART_SetBaudrate                        0x000038c9   Thumb Code   302  uart_lpc17xx.o(i.USART_SetBaudrate)
    _is_digit                                0x00003c5d   Thumb Code    14  __printf_wp.o(i._is_digit)
    main                                     0x00003c99   Thumb Code   140  main.o(i.main)
    __aeabi_ddiv                             0x00004051   Thumb Code     0  ddiv.o(x$fpl$ddiv)
    _ddiv                                    0x00004051   Thumb Code   552  ddiv.o(x$fpl$ddiv)
    __aeabi_d2uiz                            0x00004301   Thumb Code     0  dfixu.o(x$fpl$dfixu)
    _dfixu                                   0x00004301   Thumb Code    90  dfixu.o(x$fpl$dfixu)
    __aeabi_i2d                              0x0000435b   Thumb Code     0  dflt_clz.o(x$fpl$dflt)
    _dflt                                    0x0000435b   Thumb Code    46  dflt_clz.o(x$fpl$dflt)
    __fpl_dnaninf                            0x00004389   Thumb Code   156  dnaninf.o(x$fpl$dnaninf)
    __fpl_dretinf                            0x00004425   Thumb Code    12  dretinf.o(x$fpl$dretinf)
    __I$use$fp                               0x00004430   Number         0  usenofp.o(x$fpl$usenofp)
    GLCD_Font_6x8                            0x00005cb0   Data          16  glcd_fonts.o(.constdata)
    GLCD_Font_16x24                          0x00005cc0   Data          16  glcd_fonts.o(.constdata)
    Driver_SPI1                              0x00005d20   Data          44  ssp_lpc17xx.o(.constdata)
    Driver_USART0                            0x00005ee4   Data          56  uart_lpc17xx.o(.constdata)
    Region$$Table$$Base                      0x00005f30   Number         0  anon$$obj.o(Region$$Table)
    Region$$Table$$Limit                     0x00005f50   Number         0  anon$$obj.o(Region$$Table)
    lidarQualite                             0x10000000   Data           1  main.o(.data)
    lidarAngle                               0x10000002   Data           2  main.o(.data)
    lidarDistance                            0x10000004   Data           2  main.o(.data)
    SystemCoreClock                          0x1000003c   Data           4  system_lpc17xx.o(.data)
    rxSCAN                                   0x10000040   Data          12  main.o(.bss)
    __libspace_start                         0x10000188   Data          96  libspace.o(.bss)
    __temporary_stack_top$libspace           0x100001e8   Data           0  libspace.o(.bss)



==============================================================================

Memory Map of the image

  Image Entry point : 0x00000171

  Load Region LR_1 (Base: 0x00000000, Size: 0x00005f90, Max: 0xffffffff, ABSOLUTE)

    Execution Region ER_RO (Base: 0x00000000, Size: 0x00005f50, Max: 0xffffffff, ABSOLUTE)

    Base Addr    Size         Type   Attr      Idx    E Section Name        Object

    0x00000000   0x000000cc   Data   RO          918    RESET               startup_lpc17xx.o
    0x000000cc   0x00000008   Code   RO         1002  * !!!main             c_w.l(__main.o)
    0x000000d4   0x00000034   Code   RO         1197    !!!scatter          c_w.l(__scatter.o)
    0x00000108   0x0000001a   Code   RO         1199    !!handler_copy      c_w.l(__scatter_copy.o)
    0x00000122   0x00000002   PAD
    0x00000124   0x0000001c   Code   RO         1201    !!handler_zi        c_w.l(__scatter_zi.o)
    0x00000140   0x00000000   Code   RO          997    .ARM.Collect$$_printf_percent$$00000000  c_w.l(_printf_percent.o)
    0x00000140   0x00000006   Code   RO          996    .ARM.Collect$$_printf_percent$$00000009  c_w.l(_printf_d.o)
    0x00000146   0x00000004   Code   RO         1029    .ARM.Collect$$_printf_percent$$00000017  c_w.l(_printf_percent_end.o)
    0x0000014a   0x00000002   Code   RO         1067    .ARM.Collect$$libinit$$00000000  c_w.l(libinit.o)
    0x0000014c   0x00000000   Code   RO         1080    .ARM.Collect$$libinit$$00000002  c_w.l(libinit2.o)
    0x0000014c   0x00000000   Code   RO         1082    .ARM.Collect$$libinit$$00000004  c_w.l(libinit2.o)
    0x0000014c   0x00000000   Code   RO         1085    .ARM.Collect$$libinit$$0000000A  c_w.l(libinit2.o)
    0x0000014c   0x00000000   Code   RO         1087    .ARM.Collect$$libinit$$0000000C  c_w.l(libinit2.o)
    0x0000014c   0x00000000   Code   RO         1089    .ARM.Collect$$libinit$$0000000E  c_w.l(libinit2.o)
    0x0000014c   0x00000000   Code   RO         1092    .ARM.Collect$$libinit$$00000011  c_w.l(libinit2.o)
    0x0000014c   0x00000000   Code   RO         1094    .ARM.Collect$$libinit$$00000013  c_w.l(libinit2.o)
    0x0000014c   0x00000000   Code   RO         1096    .ARM.Collect$$libinit$$00000015  c_w.l(libinit2.o)
    0x0000014c   0x00000000   Code   RO         1098    .ARM.Collect$$libinit$$00000017  c_w.l(libinit2.o)
    0x0000014c   0x00000000   Code   RO         1100    .ARM.Collect$$libinit$$00000019  c_w.l(libinit2.o)
    0x0000014c   0x00000000   Code   RO         1102    .ARM.Collect$$libinit$$0000001B  c_w.l(libinit2.o)
    0x0000014c   0x00000000   Code   RO         1104    .ARM.Collect$$libinit$$0000001D  c_w.l(libinit2.o)
    0x0000014c   0x00000000   Code   RO         1106    .ARM.Collect$$libinit$$0000001F  c_w.l(libinit2.o)
    0x0000014c   0x00000000   Code   RO         1108    .ARM.Collect$$libinit$$00000021  c_w.l(libinit2.o)
    0x0000014c   0x00000000   Code   RO         1110    .ARM.Collect$$libinit$$00000023  c_w.l(libinit2.o)
    0x0000014c   0x00000000   Code   RO         1112    .ARM.Collect$$libinit$$00000025  c_w.l(libinit2.o)
    0x0000014c   0x00000000   Code   RO         1116    .ARM.Collect$$libinit$$0000002C  c_w.l(libinit2.o)
    0x0000014c   0x00000000   Code   RO         1118    .ARM.Collect$$libinit$$0000002E  c_w.l(libinit2.o)
    0x0000014c   0x00000000   Code   RO         1120    .ARM.Collect$$libinit$$00000030  c_w.l(libinit2.o)
    0x0000014c   0x00000000   Code   RO         1122    .ARM.Collect$$libinit$$00000032  c_w.l(libinit2.o)
    0x0000014c   0x00000002   Code   RO         1123    .ARM.Collect$$libinit$$00000033  c_w.l(libinit2.o)
    0x0000014e   0x00000002   Code   RO         1154    .ARM.Collect$$libshutdown$$00000000  c_w.l(libshutdown.o)
    0x00000150   0x00000000   Code   RO         1180    .ARM.Collect$$libshutdown$$00000002  c_w.l(libshutdown2.o)
    0x00000150   0x00000000   Code   RO         1182    .ARM.Collect$$libshutdown$$00000004  c_w.l(libshutdown2.o)
    0x00000150   0x00000000   Code   RO         1185    .ARM.Collect$$libshutdown$$00000007  c_w.l(libshutdown2.o)
    0x00000150   0x00000000   Code   RO         1188    .ARM.Collect$$libshutdown$$0000000A  c_w.l(libshutdown2.o)
    0x00000150   0x00000000   Code   RO         1190    .ARM.Collect$$libshutdown$$0000000C  c_w.l(libshutdown2.o)
    0x00000150   0x00000000   Code   RO         1193    .ARM.Collect$$libshutdown$$0000000F  c_w.l(libshutdown2.o)
    0x00000150   0x00000002   Code   RO         1194    .ARM.Collect$$libshutdown$$00000010  c_w.l(libshutdown2.o)
    0x00000152   0x00000000   Code   RO         1018    .ARM.Collect$$rtentry$$00000000  c_w.l(__rtentry.o)
    0x00000152   0x00000000   Code   RO         1036    .ARM.Collect$$rtentry$$00000002  c_w.l(__rtentry2.o)
    0x00000152   0x00000006   Code   RO         1048    .ARM.Collect$$rtentry$$00000004  c_w.l(__rtentry4.o)
    0x00000158   0x00000000   Code   RO         1038    .ARM.Collect$$rtentry$$00000009  c_w.l(__rtentry2.o)
    0x00000158   0x00000004   Code   RO         1039    .ARM.Collect$$rtentry$$0000000A  c_w.l(__rtentry2.o)
    0x0000015c   0x00000000   Code   RO         1041    .ARM.Collect$$rtentry$$0000000C  c_w.l(__rtentry2.o)
    0x0000015c   0x00000008   Code   RO         1042    .ARM.Collect$$rtentry$$0000000D  c_w.l(__rtentry2.o)
    0x00000164   0x00000002   Code   RO         1071    .ARM.Collect$$rtexit$$00000000  c_w.l(rtexit.o)
    0x00000166   0x00000000   Code   RO         1127    .ARM.Collect$$rtexit$$00000002  c_w.l(rtexit2.o)
    0x00000166   0x00000004   Code   RO         1128    .ARM.Collect$$rtexit$$00000003  c_w.l(rtexit2.o)
    0x0000016a   0x00000006   Code   RO         1129    .ARM.Collect$$rtexit$$00000004  c_w.l(rtexit2.o)
    0x00000170   0x0000003c   Code   RO          920  * .text               startup_lpc17xx.o
    0x000001ac   0x000000ee   Code   RO          964    .text               c_w.l(lludivv7m.o)
    0x0000029a   0x00000002   PAD
    0x0000029c   0x00000028   Code   RO          968    .text               c_w.l(noretval__2sprintf.o)
    0x000002c4   0x00000006   Code   RO         1000    .text               c_w.l(heapauxi.o)
    0x000002ca   0x00000002   PAD
    0x000002cc   0x00000030   Code   RO         1025    .text               c_w.l(_printf_char_common.o)
    0x000002fc   0x00000004   Code   RO          919    .ARM.__at_0x02FC    startup_lpc17xx.o
    0x00000300   0x0000004e   Code   RO          972    .text               c_w.l(_printf_pad.o)
    0x0000034e   0x00000002   PAD
    0x00000350   0x00000078   Code   RO          974    .text               c_w.l(_printf_dec.o)
    0x000003c8   0x00000138   Code   RO          988    .text               c_w.l(__printf_flags_wp.o)
    0x00000500   0x0000004e   Code   RO          998    .text               c_w.l(rt_memclr_w.o)
    0x0000054e   0x000000b2   Code   RO         1023    .text               c_w.l(_printf_intcommon.o)
    0x00000600   0x0000000a   Code   RO         1027    .text               c_w.l(_sputc.o)
    0x0000060a   0x0000004a   Code   RO         1054    .text               c_w.l(sys_stackheap_outer.o)
    0x00000654   0x00000012   Code   RO         1056    .text               c_w.l(exit.o)
    0x00000666   0x00000002   PAD
    0x00000668   0x00000008   Code   RO         1068    .text               c_w.l(libspace.o)
    0x00000670   0x0000000c   Code   RO         1124    .text               c_w.l(sys_exit.o)
    0x0000067c   0x00000002   Code   RO         1143    .text               c_w.l(use_no_semi.o)
    0x0000067e   0x00000000   Code   RO         1145    .text               c_w.l(indicate_semi.o)
    0x0000067e   0x00000002   PAD
    0x00000680   0x00000020   Code   RO          739    i.Clear_Channel_active_flag  gpdma_lpc17xx.o
    0x000006a0   0x00000180   Code   RO          740    i.DMA_IRQHandler    gpdma_lpc17xx.o
    0x00000820   0x00000030   Code   RO          126    i.GLCD_ClearScreen  glcd_mcb1700.o
    0x00000850   0x000000d0   Code   RO          129    i.GLCD_DrawChar     glcd_mcb1700.o
    0x00000920   0x0000002c   Code   RO          133    i.GLCD_DrawString   glcd_mcb1700.o
    0x0000094c   0x000005b6   Code   RO          137    i.GLCD_Initialize   glcd_mcb1700.o
    0x00000f02   0x00000002   PAD
    0x00000f04   0x00000010   Code   RO          139    i.GLCD_SetFont      glcd_mcb1700.o
    0x00000f14   0x000000ac   Code   RO          141    i.GLCD_SetWindow    glcd_mcb1700.o
    0x00000fc0   0x00000012   Code   RO          144    i.GLCD_WindowMax    glcd_mcb1700.o
    0x00000fd2   0x00000002   PAD
    0x00000fd4   0x000000f4   Code   RO          741    i.GPDMA_ChannelConfigure  gpdma_lpc17xx.o
    0x000010c8   0x00000030   Code   RO          742    i.GPDMA_ChannelDisable  gpdma_lpc17xx.o
    0x000010f8   0x00000030   Code   RO          744    i.GPDMA_ChannelGetCount  gpdma_lpc17xx.o
    0x00001128   0x000000b0   Code   RO          746    i.GPDMA_Initialize  gpdma_lpc17xx.o
    0x000011d8   0x00000044   Code   RO          747    i.GPDMA_PeripheralSelect  gpdma_lpc17xx.o
    0x0000121c   0x00000080   Code   RO          748    i.GPDMA_Uninitialize  gpdma_lpc17xx.o
    0x0000129c   0x00000020   Code   RO          829    i.GPIO_PinRead      gpio_lpc17xx.o
    0x000012bc   0x00000028   Code   RO          830    i.GPIO_PinWrite     gpio_lpc17xx.o
    0x000012e4   0x0000002c   Code   RO          831    i.GPIO_PortClock    gpio_lpc17xx.o
    0x00001310   0x00000038   Code   RO          834    i.GPIO_SetDir       gpio_lpc17xx.o
    0x00001348   0x00000044   Code   RO          337    i.GetSSPClockFreq   ssp_lpc17xx.o
    0x0000138c   0x00000044   Code   RO          524    i.GetUsartClockFreq  uart_lpc17xx.o
    0x000013d0   0x00000038   Code   RO            4    i.Init_USART0       main.o
    0x00001408   0x00000080   Code   RO            5    i.LidarAffichage    main.o
    0x00001488   0x00000028   Code   RO            7    i.LidarSCAN         main.o
    0x000014b0   0x000000fc   Code   RO          883    i.PIN_Configure     pin_lpc17xx.o
    0x000015ac   0x00000034   Code   RO            8    i.PWM_Init          main.o
    0x000015e0   0x00000018   Code   RO          338    i.SSP1_Control      ssp_lpc17xx.o
    0x000015f8   0x00000014   Code   RO          339    i.SSP1_GPDMA_Rx_SignalEvent  ssp_lpc17xx.o
    0x0000160c   0x00000014   Code   RO          340    i.SSP1_GPDMA_Tx_SignalEvent  ssp_lpc17xx.o
    0x00001620   0x00000010   Code   RO          341    i.SSP1_GetDataCount  ssp_lpc17xx.o
    0x00001630   0x00000010   Code   RO          342    i.SSP1_GetStatus    ssp_lpc17xx.o
    0x00001640   0x00000010   Code   RO          343    i.SSP1_IRQHandler   ssp_lpc17xx.o
    0x00001650   0x00000014   Code   RO          344    i.SSP1_Initialize   ssp_lpc17xx.o
    0x00001664   0x00000014   Code   RO          345    i.SSP1_PowerControl  ssp_lpc17xx.o
    0x00001678   0x00000018   Code   RO          346    i.SSP1_Receive      ssp_lpc17xx.o
    0x00001690   0x00000018   Code   RO          347    i.SSP1_Send         ssp_lpc17xx.o
    0x000016a8   0x0000001c   Code   RO          348    i.SSP1_Transfer     ssp_lpc17xx.o
    0x000016c4   0x00000010   Code   RO          349    i.SSP1_Uninitialize  ssp_lpc17xx.o
    0x000016d4   0x0000000c   Code   RO          350    i.SSP_GetCapabilities  ssp_lpc17xx.o
    0x000016e0   0x00000010   Code   RO          351    i.SSP_GetVersion    ssp_lpc17xx.o
    0x000016f0   0x0000051e   Code   RO          352    i.SSPx_Control      ssp_lpc17xx.o
    0x00001c0e   0x00000036   Code   RO          353    i.SSPx_GPDMA_Rx_SignalEvent  ssp_lpc17xx.o
    0x00001c44   0x0000001c   Code   RO          354    i.SSPx_GPDMA_Tx_SignalEvent  ssp_lpc17xx.o
    0x00001c60   0x0000002c   Code   RO          355    i.SSPx_GetDataCount  ssp_lpc17xx.o
    0x00001c8c   0x0000005a   Code   RO          356    i.SSPx_GetStatus    ssp_lpc17xx.o
    0x00001ce6   0x00000104   Code   RO          357    i.SSPx_IRQHandler   ssp_lpc17xx.o
    0x00001dea   0x000000a8   Code   RO          358    i.SSPx_Initialize   ssp_lpc17xx.o
    0x00001e92   0x00000002   PAD
    0x00001e94   0x000001bc   Code   RO          359    i.SSPx_PowerControl  ssp_lpc17xx.o
    0x00002050   0x0000015c   Code   RO          360    i.SSPx_Receive      ssp_lpc17xx.o
    0x000021ac   0x00000154   Code   RO          361    i.SSPx_Send         ssp_lpc17xx.o
    0x00002300   0x00000152   Code   RO          362    i.SSPx_Transfer     ssp_lpc17xx.o
    0x00002452   0x00000070   Code   RO          363    i.SSPx_Uninitialize  ssp_lpc17xx.o
    0x000024c2   0x00000002   PAD
    0x000024c4   0x00000038   Code   RO          749    i.Set_Channel_active_flag  gpdma_lpc17xx.o
    0x000024fc   0x00000140   Code   RO          930    i.SystemInit        system_lpc17xx.o
    0x0000263c   0x00000010   Code   RO          525    i.UART0_IRQHandler  uart_lpc17xx.o
    0x0000264c   0x00000018   Code   RO          526    i.USART0_Control    uart_lpc17xx.o
    0x00002664   0x00000014   Code   RO          527    i.USART0_GPDMA_Rx_Event  uart_lpc17xx.o
    0x00002678   0x00000014   Code   RO          528    i.USART0_GPDMA_Tx_Event  uart_lpc17xx.o
    0x0000268c   0x00000010   Code   RO          529    i.USART0_GetCapabilities  uart_lpc17xx.o
    0x0000269c   0x00000010   Code   RO          530    i.USART0_GetModemStatus  uart_lpc17xx.o
    0x000026ac   0x00000010   Code   RO          531    i.USART0_GetRxCount  uart_lpc17xx.o
    0x000026bc   0x00000010   Code   RO          532    i.USART0_GetStatus  uart_lpc17xx.o
    0x000026cc   0x00000010   Code   RO          533    i.USART0_GetTxCount  uart_lpc17xx.o
    0x000026dc   0x00000014   Code   RO          534    i.USART0_Initialize  uart_lpc17xx.o
    0x000026f0   0x00000014   Code   RO          535    i.USART0_PowerControl  uart_lpc17xx.o
    0x00002704   0x00000018   Code   RO          536    i.USART0_Receive    uart_lpc17xx.o
    0x0000271c   0x00000018   Code   RO          537    i.USART0_Send       uart_lpc17xx.o
    0x00002734   0x00000014   Code   RO          538    i.USART0_SetModemControl  uart_lpc17xx.o
    0x00002748   0x0000001c   Code   RO          539    i.USART0_Transfer   uart_lpc17xx.o
    0x00002764   0x00000010   Code   RO          540    i.USART0_Uninitialize  uart_lpc17xx.o
    0x00002774   0x00000644   Code   RO          541    i.USART_Control     uart_lpc17xx.o
    0x00002db8   0x00000086   Code   RO          542    i.USART_GPDMA_Rx_Event  uart_lpc17xx.o
    0x00002e3e   0x0000004a   Code   RO          543    i.USART_GPDMA_Tx_Event  uart_lpc17xx.o
    0x00002e88   0x00000006   Code   RO          544    i.USART_GetCapabilities  uart_lpc17xx.o
    0x00002e8e   0x000000ec   Code   RO          545    i.USART_GetModemStatus  uart_lpc17xx.o
    0x00002f7a   0x0000001c   Code   RO          546    i.USART_GetRxCount  uart_lpc17xx.o
    0x00002f96   0x000000bc   Code   RO          547    i.USART_GetStatus   uart_lpc17xx.o
    0x00003052   0x0000001c   Code   RO          548    i.USART_GetTxCount  uart_lpc17xx.o
    0x0000306e   0x00000216   Code   RO          549    i.USART_IRQHandler  uart_lpc17xx.o
    0x00003284   0x000000fe   Code   RO          550    i.USART_Initialize  uart_lpc17xx.o
    0x00003382   0x00000002   PAD
    0x00003384   0x00000230   Code   RO          551    i.USART_PowerControl  uart_lpc17xx.o
    0x000035b4   0x00000110   Code   RO          552    i.USART_Receive     uart_lpc17xx.o
    0x000036c4   0x00000068   Code   RO          553    i.USART_RxLineIntHandler  uart_lpc17xx.o
    0x0000372c   0x0000019c   Code   RO          554    i.USART_Send        uart_lpc17xx.o
    0x000038c8   0x00000134   Code   RO          555    i.USART_SetBaudrate  uart_lpc17xx.o
    0x000039fc   0x000000a0   Code   RO          556    i.USART_SetModemControl  uart_lpc17xx.o
    0x00003a9c   0x0000007a   Code   RO          557    i.USART_Transfer    uart_lpc17xx.o
    0x00003b16   0x000000e2   Code   RO          558    i.USART_Uninitialize  uart_lpc17xx.o
    0x00003bf8   0x00000010   Code   RO          559    i.USARTx_GetVersion  uart_lpc17xx.o
    0x00003c08   0x0000001c   Code   RO          364    i.__NVIC_ClearPendingIRQ  ssp_lpc17xx.o
    0x00003c24   0x0000001c   Code   RO          560    i.__NVIC_ClearPendingIRQ  uart_lpc17xx.o
    0x00003c40   0x0000001c   Code   RO          750    i.__NVIC_ClearPendingIRQ  gpdma_lpc17xx.o
    0x00003c5c   0x0000000e   Code   RO          986    i._is_digit         c_w.l(__printf_wp.o)
    0x00003c6a   0x00000002   PAD
    0x00003c6c   0x0000002c   Code   RO          145    i.delay_ms          glcd_mcb1700.o
    0x00003c98   0x000000ac   Code   RO            9    i.main              main.o
    0x00003d44   0x00000044   Code   RO          146    i.rd_dat            glcd_mcb1700.o
    0x00003d88   0x000000c8   Code   RO          147    i.rd_id_man         glcd_mcb1700.o
    0x00003e50   0x00000010   Code   RO          148    i.rd_reg            glcd_mcb1700.o
    0x00003e60   0x0000002c   Code   RO          149    i.spi_tran          glcd_mcb1700.o
    0x00003e8c   0x00000088   Code   RO          150    i.spi_tran_man      glcd_mcb1700.o
    0x00003f14   0x0000004c   Code   RO          151    i.wr_cmd            glcd_mcb1700.o
    0x00003f60   0x00000034   Code   RO          153    i.wr_dat_only       glcd_mcb1700.o
    0x00003f94   0x00000018   Code   RO          154    i.wr_dat_start      glcd_mcb1700.o
    0x00003fac   0x00000014   Code   RO          155    i.wr_dat_stop       glcd_mcb1700.o
    0x00003fc0   0x00000090   Code   RO          156    i.wr_reg            glcd_mcb1700.o
    0x00004050   0x000002b0   Code   RO         1005    x$fpl$ddiv          fz_ws.l(ddiv.o)
    0x00004300   0x0000005a   Code   RO         1008    x$fpl$dfixu         fz_ws.l(dfixu.o)
    0x0000435a   0x0000002e   Code   RO         1013    x$fpl$dflt          fz_ws.l(dflt_clz.o)
    0x00004388   0x0000009c   Code   RO         1030    x$fpl$dnaninf       fz_ws.l(dnaninf.o)
    0x00004424   0x0000000c   Code   RO         1032    x$fpl$dretinf       fz_ws.l(dretinf.o)
    0x00004430   0x00000000   Code   RO         1034    x$fpl$usenofp       fz_ws.l(usenofp.o)
    0x00004430   0x000018a0   Data   RO          114    .constdata          glcd_fonts.o
    0x00005cd0   0x0000007c   Data   RO          366    .constdata          ssp_lpc17xx.o
    0x00005d4c   0x000001d0   Data   RO          562    .constdata          uart_lpc17xx.o
    0x00005f1c   0x00000011   Data   RO          989    .constdata          c_w.l(__printf_flags_wp.o)
    0x00005f2d   0x00000003   PAD
    0x00005f30   0x00000020   Data   RO         1195    Region$$Table       anon$$obj.o


    Execution Region ER_RW (Base: 0x10000000, Size: 0x00000040, Max: 0xffffffff, ABSOLUTE)

    Base Addr    Size         Type   Attr      Idx    E Section Name        Object

    0x10000000   0x0000000a   Data   RW           11    .data               main.o
    0x1000000a   0x00000002   PAD
    0x1000000c   0x00000011   Data   RW          157    .data               glcd_mcb1700.o
    0x1000001d   0x00000003   PAD
    0x10000020   0x00000010   Data   RW          367    .data               ssp_lpc17xx.o
    0x10000030   0x00000004   Data   RW          563    .data               uart_lpc17xx.o
    0x10000034   0x00000008   Data   RW          752    .data               gpdma_lpc17xx.o
    0x1000003c   0x00000004   Data   RW          931    .data               system_lpc17xx.o


    Execution Region ER_ZI (Base: 0x10000040, Size: 0x000003a8, Max: 0xffffffff, ABSOLUTE)

    Base Addr    Size         Type   Attr      Idx    E Section Name        Object

    0x10000040   0x00000049   Zero   RW           10    .bss                main.o
    0x10000089   0x00000003   PAD
    0x1000008c   0x00000028   Zero   RW          365    .bss                ssp_lpc17xx.o
    0x100000b4   0x00000034   Zero   RW          561    .bss                uart_lpc17xx.o
    0x100000e8   0x000000a0   Zero   RW          751    .bss                gpdma_lpc17xx.o
    0x10000188   0x00000060   Zero   RW         1069    .bss                c_w.l(libspace.o)
    0x100001e8   0x00000000   Zero   RW          917    HEAP                startup_lpc17xx.o
    0x100001e8   0x00000200   Zero   RW          916    STACK               startup_lpc17xx.o


==============================================================================

Image component sizes


      Code (inc. data)   RO Data    RW Data    ZI Data      Debug   Object Name

         0          0       6304          0          0        736   glcd_fonts.o
      2792         98          0         17          0      34186   glcd_mcb1700.o
      1212         94          0          8        160       8082   gpdma_lpc17xx.o
       172         18          0          0          0       2294   gpio_lpc17xx.o
       448         92          0         10         73      15786   main.o
       252          6          0          0          0        804   pin_lpc17xx.o
      3904        106        124         16         40      53067   ssp_lpc17xx.o
        64         26        204          0        512        964   startup_lpc17xx.o
       320         18          0          4          0        771   system_lpc17xx.o
      5674        150        464          4         52      32691   uart_lpc17xx.o

    ----------------------------------------------------------------------
     14848        608       7128         64        840     149381   Object Totals
         0          0         32          0          0          0   (incl. Generated)
        10          0          0          5          3          0   (incl. Padding)

    ----------------------------------------------------------------------

      Code (inc. data)   RO Data    RW Data    ZI Data      Debug   Library Member Name

         8          0          0          0          0         68   __main.o
       312          4         17          0          0         92   __printf_flags_wp.o
        14          0          0          0          0         68   __printf_wp.o
         0          0          0          0          0          0   __rtentry.o
        12          0          0          0          0          0   __rtentry2.o
         6          0          0          0          0          0   __rtentry4.o
        52          8          0          0          0          0   __scatter.o
        26          0          0          0          0          0   __scatter_copy.o
        28          0          0          0          0          0   __scatter_zi.o
        48          6          0          0          0         96   _printf_char_common.o
         6          0          0          0          0          0   _printf_d.o
       120         16          0          0          0         92   _printf_dec.o
       178          0          0          0          0         88   _printf_intcommon.o
        78          0          0          0          0        108   _printf_pad.o
         0          0          0          0          0          0   _printf_percent.o
         4          0          0          0          0          0   _printf_percent_end.o
        10          0          0          0          0         68   _sputc.o
        18          0          0          0          0         80   exit.o
         6          0          0          0          0        152   heapauxi.o
         0          0          0          0          0          0   indicate_semi.o
         2          0          0          0          0          0   libinit.o
         2          0          0          0          0          0   libinit2.o
         2          0          0          0          0          0   libshutdown.o
         2          0          0          0          0          0   libshutdown2.o
         8          4          0          0         96         68   libspace.o
       238          0          0          0          0        100   lludivv7m.o
        40          6          0          0          0         84   noretval__2sprintf.o
        78          0          0          0          0         80   rt_memclr_w.o
         2          0          0          0          0          0   rtexit.o
        10          0          0          0          0          0   rtexit2.o
        12          4          0          0          0         68   sys_exit.o
        74          0          0          0          0         80   sys_stackheap_outer.o
         2          0          0          0          0         68   use_no_semi.o
       688        140          0          0          0        208   ddiv.o
        90          4          0          0          0         92   dfixu.o
        46          0          0          0          0         68   dflt_clz.o
       156          4          0          0          0         92   dnaninf.o
        12          0          0          0          0         68   dretinf.o
         0          0          0          0          0          0   usenofp.o

    ----------------------------------------------------------------------
      2404        196         20          0         96       1988   Library Totals
        14          0          3          0          0          0   (incl. Padding)

    ----------------------------------------------------------------------

      Code (inc. data)   RO Data    RW Data    ZI Data      Debug   Library Name

      1398         48         17          0         96       1460   c_w.l
       992        148          0          0          0        528   fz_ws.l

    ----------------------------------------------------------------------
      2404        196         20          0         96       1988   Library Totals

    ----------------------------------------------------------------------

==============================================================================


      Code (inc. data)   RO Data    RW Data    ZI Data      Debug   

     17252        804       7148         64        936     145177   Grand Totals
     17252        804       7148         64        936     145177   ELF Image Totals
     17252        804       7148         64          0          0   ROM Totals

==============================================================================

    Total RO  Size (Code + RO Data)                24400 (  23.83kB)
    Total RW  Size (RW Data + ZI Data)              1000 (   0.98kB)
    Total ROM Size (Code + RO Data + RW Data)      24464 (  23.89kB)

==============================================================================

