Component: ARM Compiler 5.06 update 1 (build 61) Tool: armlink [4d35a8]

==============================================================================

Section Cross References

    main.o(i.Init_USART0) refers to uart_lpc17xx.o(.constdata) for Driver_USART0
    main.o(i.Init_USART0) refers to main.o(i.myUSART_callback) for myUSART_callback
    main.o(i.Init_USART1) refers to uart_lpc17xx.o(.constdata) for Driver_USART1
    main.o(i.LidarAffichageGLCD) refers to _printf_pad.o(.text) for _printf_pre_padding
    main.o(i.LidarAffichageGLCD) refers to _printf_percent.o(.ARM.Collect$$_printf_percent$$00000000) for _printf_percent
    main.o(i.LidarAffichageGLCD) refers to _printf_d.o(.ARM.Collect$$_printf_percent$$00000009) for _printf_d
    main.o(i.LidarAffichageGLCD) refers to _printf_dec.o(.text) for _printf_int_dec
    main.o(i.LidarAffichageGLCD) refers to rt_cmsis.o(i.osMailGet) for osMailGet
    main.o(i.LidarAffichageGLCD) refers to rt_cmsis.o(i.osMailFree) for osMailFree
    main.o(i.LidarAffichageGLCD) refers to noretval__2sprintf.o(.text) for __2sprintf
    main.o(i.LidarAffichageGLCD) refers to glcd_mcb1700.o(i.GLCD_DrawString) for GLCD_DrawString
    main.o(i.LidarAffichageGLCD) refers to main.o(.data) for .data
    main.o(i.LidarAffichageUART) refers to _printf_pad.o(.text) for _printf_pre_padding
    main.o(i.LidarAffichageUART) refers to _printf_percent.o(.ARM.Collect$$_printf_percent$$00000000) for _printf_percent
    main.o(i.LidarAffichageUART) refers to _printf_d.o(.ARM.Collect$$_printf_percent$$00000009) for _printf_d
    main.o(i.LidarAffichageUART) refers to _printf_dec.o(.text) for _printf_int_dec
    main.o(i.LidarAffichageUART) refers to noretval__2sprintf.o(.text) for __2sprintf
    main.o(i.LidarAffichageUART) refers to uart_lpc17xx.o(.constdata) for Driver_USART1
    main.o(i.LidarGET_INFO) refers to _printf_percent.o(.ARM.Collect$$_printf_percent$$00000000) for _printf_percent
    main.o(i.LidarGET_INFO) refers to _printf_d.o(.ARM.Collect$$_printf_percent$$00000009) for _printf_d
    main.o(i.LidarGET_INFO) refers to _printf_dec.o(.text) for _printf_int_dec
    main.o(i.LidarGET_INFO) refers to _printf_pad.o(.text) for _printf_pre_padding
    main.o(i.LidarGET_INFO) refers to noretval__2sprintf.o(.text) for __2sprintf
    main.o(i.LidarGET_INFO) refers to glcd_mcb1700.o(i.GLCD_DrawString) for GLCD_DrawString
    main.o(i.LidarGET_INFO) refers to uart_lpc17xx.o(.constdata) for Driver_USART0
    main.o(i.LidarGET_INFO) refers to main.o(.data) for .data
    main.o(i.LidarGET_INFO) refers to main.o(.bss) for .bss
    main.o(i.LidarSCAN) refers to uart_lpc17xx.o(.constdata) for Driver_USART0
    main.o(i.LidarSCAN) refers to main.o(.data) for .data
    main.o(i.main) refers to glcd_mcb1700.o(i.GLCD_Initialize) for GLCD_Initialize
    main.o(i.main) refers to glcd_mcb1700.o(i.GLCD_SetBackgroundColor) for GLCD_SetBackgroundColor
    main.o(i.main) refers to glcd_mcb1700.o(i.GLCD_ClearScreen) for GLCD_ClearScreen
    main.o(i.main) refers to glcd_mcb1700.o(i.GLCD_SetFont) for GLCD_SetFont
    main.o(i.main) refers to glcd_mcb1700.o(i.GLCD_SetForegroundColor) for GLCD_SetForegroundColor
    main.o(i.main) refers to main.o(i.Init_USART0) for Init_USART0
    main.o(i.main) refers to main.o(i.PWM_Init) for PWM_Init
    main.o(i.main) refers to rt_cmsis.o(i.osKernelInitialize) for osKernelInitialize
    main.o(i.main) refers to rt_cmsis.o(i.osThreadCreate) for osThreadCreate
    main.o(i.main) refers to rt_cmsis.o(i.osMutexCreate) for osMutexCreate
    main.o(i.main) refers to rt_cmsis.o(i.osMailCreate) for osMailCreate
    main.o(i.main) refers to main.o(i.LidarSCAN) for LidarSCAN
    main.o(i.main) refers to rt_cmsis.o(i.osKernelStart) for osKernelStart
    main.o(i.main) refers to rt_cmsis.o(i.osDelay) for osDelay
    main.o(i.main) refers to glcd_fonts.o(.constdata) for GLCD_Font_16x24
    main.o(i.main) refers to main.o(.constdata) for .constdata
    main.o(i.main) refers to main.o(.data) for .data
    main.o(i.myUART_ThreadR) refers to rt_cmsis.o(i.osSignalWait) for osSignalWait
    main.o(i.myUART_ThreadR) refers to rt_cmsis.o(i.osMutexWait) for osMutexWait
    main.o(i.myUART_ThreadR) refers to rt_cmsis.o(i.osMutexRelease) for osMutexRelease
    main.o(i.myUART_ThreadR) refers to dflt_clz.o(x$fpl$dfltu) for __aeabi_ui2d
    main.o(i.myUART_ThreadR) refers to scalbn.o(x$fpl$scalbn) for __ARM_scalbn
    main.o(i.myUART_ThreadR) refers to dfixu.o(x$fpl$dfixu) for __aeabi_d2uiz
    main.o(i.myUART_ThreadR) refers to rt_cmsis.o(i.osMailAlloc) for osMailAlloc
    main.o(i.myUART_ThreadR) refers to rt_cmsis.o(i.osMailPut) for osMailPut
    main.o(i.myUART_ThreadR) refers to rt_cmsis.o(i.osSignalSet) for osSignalSet
    main.o(i.myUART_ThreadR) refers to uart_lpc17xx.o(.constdata) for Driver_USART0
    main.o(i.myUART_ThreadR) refers to main.o(.data) for .data
[...]
    .bss                                     0x10001f28   Section      132  rtx_conf_cm.o(.bss)
    .bss                                     0x10001fac   Section       28  rtx_conf_cm.o(.bss)
    .bss                                     0x10001fc8   Section      800  rtx_conf_cm.o(.bss)
    std_libspace                             0x10001fc8   Data         672  rtx_conf_cm.o(.bss)
    std_libmutex                             0x10002268   Data         128  rtx_conf_cm.o(.bss)
    .bss                                     0x100022e8   Section       12  ssp_lpc17xx.o(.bss)
    SSP1_Info                                0x100022e8   Data          12  ssp_lpc17xx.o(.bss)
    .bss                                     0x100022f4   Section       28  ssp_lpc17xx.o(.bss)
    SSP1_Xfer                                0x100022f4   Data          28  ssp_lpc17xx.o(.bss)
    .bss                                     0x10002310   Section       52  uart_lpc17xx.o(.bss)
    USART0_Info                              0x10002310   Data          52  uart_lpc17xx.o(.bss)
    .bss                                     0x10002344   Section       52  uart_lpc17xx.o(.bss)
    USART1_Info                              0x10002344   Data          52  uart_lpc17xx.o(.bss)
    .bss                                     0x10002378   Section      160  gpdma_lpc17xx.o(.bss)
    Channel_info                             0x10002378   Data         160  gpdma_lpc17xx.o(.bss)
    .bss                                     0x10002418   Section       52  rt_task.o(.bss)
    .bss                                     0x1000244c   Section       48  rt_list.o(.bss)
    .bss                                     0x1000247c   Section       96  libspace.o(.bss)
    HEAP                                     0x100024e0   Section        0  startup_lpc17xx.o(HEAP)
    STACK                                    0x100024e0   Section      512  startup_lpc17xx.o(STACK)
    Heap_Mem                                 0x100024e0   Data           0  startup_lpc17xx.o(HEAP)
    Stack_Mem                                0x100024e0   Data         512  startup_lpc17xx.o(STACK)
    __initial_sp                             0x100026e0   Data           0  startup_lpc17xx.o(STACK)

    Global Symbols

    Symbol Name                              Value     Ov Type        Size  Object(Section)

    BuildAttributes$$THM_ISAv4$P$D$K$B$S$PE$A:L22UL41UL21$X:L11$S22US41US21$IEEE1$IW$USESV6$~STKCKD$USESV7$~SHL$OTIME$ROPI$IEEEX$EBA8$UX$STANDARDLIB$REQ8$PRES8$EABIv2 0x00000000   Number         0  anon$$obj.o ABSOLUTE
    __ARM_use_no_argv                        0x00000000   Number         0  main.o ABSOLUTE
    __Vectors                                0x00000000   Data           4  startup_lpc17xx.o(RESET)
    _printf_flags                            0x00000000   Number         0  printf_stubs.o ABSOLUTE
    _printf_return_value                     0x00000000   Number         0  printf_stubs.o ABSOLUTE
    _printf_sizespec                         0x00000000   Number         0  printf_stubs.o ABSOLUTE
    _printf_widthprec                        0x00000000   Number         0  printf_stubs.o ABSOLUTE
    __ARM_exceptions_init                     - Undefined Weak Reference
    __alloca_initialize                       - Undefined Weak Reference
    __arm_preinit_                            - Undefined Weak Reference
    __cpp_initialize__aeabi_                  - Undefined Weak Reference
    __cxa_finalize                            - Undefined Weak Reference
    __rt_locale                               - Undefined Weak Reference
    __sigvec_lookup                           - Undefined Weak Reference
    _atexit_init                              - Undefined Weak Reference
    _call_atexit_fns                          - Undefined Weak Reference
    _clock_init                               - Undefined Weak Reference
    _fp_trap_init                             - Undefined Weak Reference
    _fp_trap_shutdown                         - Undefined Weak Reference
    _get_lc_collate                           - Undefined Weak Reference
    _get_lc_ctype                             - Undefined Weak Reference
    _get_lc_monetary                          - Undefined Weak Reference
    _get_lc_numeric                           - Undefined Weak Reference
    _get_lc_time                              - Undefined Weak Reference
    _getenv_init                              - Undefined Weak Reference
    _handle_redirection                       - Undefined Weak Reference
    _init_alloc                               - Undefined Weak Reference
    _init_user_alloc                          - Undefined Weak Reference
    _initio                                   - Undefined Weak Reference
    _printf_truncate_signed                   - Undefined Weak Reference
    _printf_truncate_unsigned                 - Undefined Weak Reference
    _rand_init                                - Undefined Weak Reference
    _signal_finish                            - Undefined Weak Reference
    _signal_init                              - Undefined Weak Reference
    _terminate_alloc                          - Undefined Weak Reference
    _terminate_user_alloc                     - Undefined Weak Reference
    _terminateio                              - Undefined Weak Reference
    __main                                   0x000000cd   Thumb Code     8  __main.o(!!!main)
    __scatterload                            0x000000d5   Thumb Code     0  __scatter.o(!!!scatter)
    __scatterload_rt2                        0x000000d5   Thumb Code    44  __scatter.o(!!!scatter)
    __scatterload_rt2_thumb_only             0x000000d5   Thumb Code     0  __scatter.o(!!!scatter)
    __scatterload_null                       0x000000e3   Thumb Code     0  __scatter.o(!!!scatter)
    __scatterload_copy                       0x00000109   Thumb Code    26  __scatter_copy.o(!!handler_copy)
    __scatterload_zeroinit                   0x00000125   Thumb Code    28  __scatter_zi.o(!!handler_zi)
    _printf_d                                0x00000141   Thumb Code     0  _printf_d.o(.ARM.Collect$$_printf_percent$$00000009)
    _printf_percent                          0x00000141   Thumb Code     0  _printf_percent.o(.ARM.Collect$$_printf_percent$$00000000)
    _printf_percent_end                      0x00000147   Thumb Code     0  _printf_percent_end.o(.ARM.Collect$$_printf_percent$$00000017)
    __rt_lib_init                            0x0000014b   Thumb Code     0  libinit.o(.ARM.Collect$$libinit$$00000000)
    __rt_lib_init_alloca_1                   0x0000014d   Thumb Code     0  libinit2.o(.ARM.Collect$$libinit$$0000002E)
    __rt_lib_init_argv_1                     0x0000014d   Thumb Code     0  libinit2.o(.ARM.Collect$$libinit$$0000002C)
    __rt_lib_init_atexit_1                   0x0000014d   Thumb Code     0  libinit2.o(.ARM.Collect$$libinit$$0000001B)
    __rt_lib_init_clock_1                    0x0000014d   Thumb Code     0  libinit2.o(.ARM.Collect$$libinit$$00000021)
    __rt_lib_init_cpp_1                      0x0000014d   Thumb Code     0  libinit2.o(.ARM.Collect$$libinit$$00000032)
    __rt_lib_init_exceptions_1               0x0000014d   Thumb Code     0  libinit2.o(.ARM.Collect$$libinit$$00000030)
    __rt_lib_init_fp_1                       0x0000014d   Thumb Code     0  libinit2.o(.ARM.Collect$$libinit$$00000002)
    __rt_lib_init_fp_trap_1                  0x0000014d   Thumb Code     0  libinit2.o(.ARM.Collect$$libinit$$0000001F)
    __rt_lib_init_getenv_1                   0x0000014d   Thumb Code     0  libinit2.o(.ARM.Collect$$libinit$$00000023)
    __rt_lib_init_heap_1                     0x0000014d   Thumb Code     0  libinit2.o(.ARM.Collect$$libinit$$0000000A)
    __rt_lib_init_lc_collate_1               0x0000014d   Thumb Code     0  libinit2.o(.ARM.Collect$$libinit$$00000011)
    __rt_lib_init_lc_ctype_1                 0x0000014d   Thumb Code     0  libinit2.o(.ARM.Collect$$libinit$$00000013)
    __rt_lib_init_lc_monetary_1              0x0000014d   Thumb Code     0  libinit2.o(.ARM.Collect$$libinit$$00000015)
    __rt_lib_init_lc_numeric_1               0x0000014d   Thumb Code     0  libinit2.o(.ARM.Collect$$libinit$$00000017)
    __rt_lib_init_lc_time_1                  0x0000014d   Thumb Code     0  libinit2.o(.ARM.Collect$$libinit$$00000019)
    __rt_lib_init_preinit_1                  0x0000014d   Thumb Code     0  libinit2.o(.ARM.Collect$$libinit$$00000004)
    __rt_lib_init_rand_1                     0x0000014d   Thumb Code     0  libinit2.o(.ARM.Collect$$libinit$$0000000E)
    __rt_lib_init_return                     0x0000014d   Thumb Code     0  libinit2.o(.ARM.Collect$$libinit$$00000033)
    __rt_lib_init_signal_1                   0x0000014d   Thumb Code     0  libinit2.o(.ARM.Collect$$libinit$$0000001D)
    __rt_lib_init_stdio_1                    0x0000014d   Thumb Code     0  libinit2.o(.ARM.Collect$$libinit$$00000025)
    __rt_lib_init_user_alloc_1               0x0000014d   Thumb Code     0  libinit2.o(.ARM.Collect$$libinit$$0000000C)
    __rt_lib_shutdown                        0x0000014f   Thumb Code     0  libshutdown.o(.ARM.Collect$$libshutdown$$00000000)
    __rt_lib_shutdown_cpp_1                  0x00000151   Thumb Code     0  libshutdown2.o(.ARM.Collect$$libshutdown$$00000002)
    __rt_lib_shutdown_fp_trap_1              0x00000151   Thumb Code     0  libshutdown2.o(.ARM.Collect$$libshutdown$$00000007)
    __rt_lib_shutdown_heap_1                 0x00000151   Thumb Code     0  libshutdown2.o(.ARM.Collect$$libshutdown$$0000000F)
    __rt_lib_shutdown_return                 0x00000151   Thumb Code     0  libshutdown2.o(.ARM.Collect$$libshutdown$$00000010)
    __rt_lib_shutdown_signal_1               0x00000151   Thumb Code     0  libshutdown2.o(.ARM.Collect$$libshutdown$$0000000A)
    __rt_lib_shutdown_stdio_1                0x00000151   Thumb Code     0  libshutdown2.o(.ARM.Collect$$libshutdown$$00000004)
    __rt_lib_shutdown_user_alloc_1           0x00000151   Thumb Code     0  libshutdown2.o(.ARM.Collect$$libshutdown$$0000000C)
    __rt_entry                               0x00000153   Thumb Code     0  __rtentry.o(.ARM.Collect$$rtentry$$00000000)
    __rt_entry_presh_1                       0x00000153   Thumb Code     0  __rtentry2.o(.ARM.Collect$$rtentry$$00000002)
    __rt_entry_sh                            0x00000153   Thumb Code     0  __rtentry4.o(.ARM.Collect$$rtentry$$00000004)
    __rt_entry_li                            0x00000159   Thumb Code     0  __rtentry2.o(.ARM.Collect$$rtentry$$0000000A)
    __rt_entry_postsh_1                      0x00000159   Thumb Code     0  __rtentry2.o(.ARM.Collect$$rtentry$$00000009)
    __rt_entry_postli_1                      0x0000015d   Thumb Code     0  __rtentry2.o(.ARM.Collect$$rtentry$$0000000B)
    __rt_entry_main                          0x00000165   Thumb Code     0  __rtentry2.o(.ARM.Collect$$rtentry$$0000000D)
    __rt_exit                                0x0000016d   Thumb Code     0  rtexit.o(.ARM.Collect$$rtexit$$00000000)
    __rt_exit_ls                             0x0000016f   Thumb Code     0  rtexit2.o(.ARM.Collect$$rtexit$$00000003)
    __rt_exit_prels_1                        0x0000016f   Thumb Code     0  rtexit2.o(.ARM.Collect$$rtexit$$00000002)
    __rt_exit_exit                           0x00000173   Thumb Code     0  rtexit2.o(.ARM.Collect$$rtexit$$00000004)
    _platform_post_lib_init                  0x00000179   Thumb Code    24  rtx_conf_cm.o(.emb_text)
    rt_set_PSP                               0x00000195   Thumb Code     6  hal_cm3.o(.emb_text)
    rt_get_PSP                               0x0000019b   Thumb Code     6  hal_cm3.o(.emb_text)
    os_set_env                               0x000001a1   Thumb Code    24  hal_cm3.o(.emb_text)
    _alloc_box                               0x000001bd   Thumb Code    28  hal_cm3.o(.emb_text)
    _free_box                                0x000001dd   Thumb Code    28  hal_cm3.o(.emb_text)
    SVC_Handler                              0x000001fd   Thumb Code   108  hal_cm3.o(.emb_text)
    PendSV_Handler                           0x00000275   Thumb Code    56  hal_cm3.o(.emb_text)
    SysTick_Handler                          0x000002b1   Thumb Code     8  hal_cm3.o(.emb_text)
    OS_Tick_Handler                          0x000002b9   Thumb Code    12  hal_cm3.o(.emb_text)
    __user_libspace                          0x000002c5   Thumb Code     8  libspace.o(.text)
    __user_perproc_libspace                  0x000002c5   Thumb Code     0  libspace.o(.text)
    __2sprintf                               0x000002cd   Thumb Code    34  noretval__2sprintf.o(.text)
    __use_two_region_memory                  0x000002f5   Thumb Code     2  heapauxi.o(.text)
    __rt_heap_escrow$2region                 0x000002f7   Thumb Code     2  heapauxi.o(.text)
    __rt_heap_expand$2region                 0x000002f9   Thumb Code     2  heapauxi.o(.text)
    __I$use$semihosting                      0x000002fb   Thumb Code     0  use_no_semi.o(.text)
    __use_no_semihosting_swi                 0x000002fb   Thumb Code     2  use_no_semi.o(.text)
    Reset_Handler                            0x00000301   Thumb Code     8  startup_lpc17xx.o(.text)
    NMI_Handler                              0x00000309   Thumb Code     2  startup_lpc17xx.o(.text)
    HardFault_Handler                        0x0000030b   Thumb Code     2  startup_lpc17xx.o(.text)
    MemManage_Handler                        0x0000030d   Thumb Code     2  startup_lpc17xx.o(.text)
    BusFault_Handler                         0x0000030f   Thumb Code     2  startup_lpc17xx.o(.text)
    UsageFault_Handler                       0x00000311   Thumb Code     2  startup_lpc17xx.o(.text)
    DebugMon_Handler                         0x00000315   Thumb Code     2  startup_lpc17xx.o(.text)
    ADC_IRQHandler                           0x0000031b   Thumb Code     0  startup_lpc17xx.o(.text)
    BOD_IRQHandler                           0x0000031b   Thumb Code     0  startup_lpc17xx.o(.text)
    CANActivity_IRQHandler                   0x0000031b   Thumb Code     0  startup_lpc17xx.o(.text)
    CAN_IRQHandler                           0x0000031b   Thumb Code     0  startup_lpc17xx.o(.text)
    EINT0_IRQHandler                         0x0000031b   Thumb Code     0  startup_lpc17xx.o(.text)
    EINT1_IRQHandler                         0x0000031b   Thumb Code     0  startup_lpc17xx.o(.text)
    EINT2_IRQHandler                         0x0000031b   Thumb Code     0  startup_lpc17xx.o(.text)
    EINT3_IRQHandler                         0x0000031b   Thumb Code     0  startup_lpc17xx.o(.text)
    ENET_IRQHandler                          0x0000031b   Thumb Code     0  startup_lpc17xx.o(.text)
    I2C0_IRQHandler                          0x0000031b   Thumb Code     0  startup_lpc17xx.o(.text)
    I2C1_IRQHandler                          0x0000031b   Thumb Code     0  startup_lpc17xx.o(.text)
    I2C2_IRQHandler                          0x0000031b   Thumb Code     0  startup_lpc17xx.o(.text)
    I2S_IRQHandler                           0x0000031b   Thumb Code     0  startup_lpc17xx.o(.text)
    MCPWM_IRQHandler                         0x0000031b   Thumb Code     0  startup_lpc17xx.o(.text)
    PLL0_IRQHandler                          0x0000031b   Thumb Code     0  startup_lpc17xx.o(.text)
    PLL1_IRQHandler                          0x0000031b   Thumb Code     0  startup_lpc17xx.o(.text)
    PWM1_IRQHandler                          0x0000031b   Thumb Code     0  startup_lpc17xx.o(.text)
    QEI_IRQHandler                           0x0000031b   Thumb Code     0  startup_lpc17xx.o(.text)
    RIT_IRQHandler                           0x0000031b   Thumb Code     0  startup_lpc17xx.o(.text)
    RTC_IRQHandler                           0x0000031b   Thumb Code     0  startup_lpc17xx.o(.text)
    SPI_IRQHandler                           0x0000031b   Thumb Code     0  startup_lpc17xx.o(.text)
    SSP0_IRQHandler                          0x0000031b   Thumb Code     0  startup_lpc17xx.o(.text)
    TIMER0_IRQHandler                        0x0000031b   Thumb Code     0  startup_lpc17xx.o(.text)
    TIMER1_IRQHandler                        0x0000031b   Thumb Code     0  startup_lpc17xx.o(.text)
    TIMER2_IRQHandler                        0x0000031b   Thumb Code     0  startup_lpc17xx.o(.text)
    TIMER3_IRQHandler                        0x0000031b   Thumb Code     0  startup_lpc17xx.o(.text)
    UART2_IRQHandler                         0x0000031b   Thumb Code     0  startup_lpc17xx.o(.text)
    UART3_IRQHandler                         0x0000031b   Thumb Code     0  startup_lpc17xx.o(.text)
    USBActivity_IRQHandler                   0x0000031b   Thumb Code     0  startup_lpc17xx.o(.text)
    USB_IRQHandler                           0x0000031b   Thumb Code     0  startup_lpc17xx.o(.text)
    WDT_IRQHandler                           0x0000031b   Thumb Code     0  startup_lpc17xx.o(.text)
    __user_initial_stackheap                 0x0000031d   Thumb Code     0  startup_lpc17xx.o(.text)
    __aeabi_uldivmod                         0x0000033d   Thumb Code     0  lludivv7m.o(.text)
    _ll_udiv                                 0x0000033d   Thumb Code   238  lludivv7m.o(.text)
    _printf_pre_padding                      0x0000042b   Thumb Code    44  _printf_pad.o(.text)
    _printf_post_padding                     0x00000457   Thumb Code    34  _printf_pad.o(.text)
    _printf_int_dec                          0x00000479   Thumb Code   104  _printf_dec.o(.text)
    __RL_RTX_VER                             0x00000482   Number         0  rt_system.o ABSOLUTE
    __printf                                 0x000004f1   Thumb Code   308  __printf_flags_wp.o(.text)
    exit                                     0x00000629   Thumb Code    18  exit.o(.text)
    __aeabi_memclr4                          0x0000063b   Thumb Code     0  rt_memclr_w.o(.text)
    __aeabi_memclr8                          0x0000063b   Thumb Code     0  rt_memclr_w.o(.text)
    __rt_memclr_w                            0x0000063b   Thumb Code    78  rt_memclr_w.o(.text)
    _memset_w                                0x0000063f   Thumb Code     0  rt_memclr_w.o(.text)
    __read_errno                             0x00000689   Thumb Code    10  _rserrno.o(.text)
    __set_errno                              0x00000693   Thumb Code    12  _rserrno.o(.text)
    _printf_int_common                       0x0000069f   Thumb Code   178  _printf_intcommon.o(.text)
    _printf_char_common                      0x0000075b   Thumb Code    32  _printf_char_common.o(.text)
    _sputc                                   0x00000781   Thumb Code    10  _sputc.o(.text)
    __aeabi_errno_addr                       0x0000078b   Thumb Code     4  rt_errno_addr_twolibspace.o(.text)
    __errno$twolibspace                      0x0000078b   Thumb Code     0  rt_errno_addr_twolibspace.o(.text)
    __rt_errno_addr$twolibspace              0x0000078b   Thumb Code     0  rt_errno_addr_twolibspace.o(.text)
    _sys_exit                                0x00000791   Thumb Code     8  sys_exit.o(.text)
    __user_setup_stackheap                   0x0000079d   Thumb Code    74  sys_stackheap_outer.o(.text)
    __semihosting_library_function           0x000007e7   Thumb Code     0  indicate_semi.o(.text)
    SVC_Count                                0x000007e8   Data           4  svc_table.o(SVC_TABLE)
    SVC_Table                                0x000007ec   Data           0  svc_table.o(SVC_TABLE)
    DMA_IRQHandler                           0x00000809   Thumb Code   220  gpdma_lpc17xx.o(i.DMA_IRQHandler)
    GLCD_ClearScreen                         0x000008f1   Thumb Code    44  glcd_mcb1700.o(i.GLCD_ClearScreen)
    GLCD_DrawChar                            0x00000921   Thumb Code   130  glcd_mcb1700.o(i.GLCD_DrawChar)
    GLCD_DrawPixel                           0x000009a9   Thumb Code   160  glcd_mcb1700.o(i.GLCD_DrawPixel)
    GLCD_DrawString                          0x00000a51   Thumb Code    42  glcd_mcb1700.o(i.GLCD_DrawString)
    GLCD_Initialize                          0x00000a81   Thumb Code  1454  glcd_mcb1700.o(i.GLCD_Initialize)
    GLCD_SetBackgroundColor                  0x00001031   Thumb Code     8  glcd_mcb1700.o(i.GLCD_SetBackgroundColor)
    GLCD_SetFont                             0x0000103d   Thumb Code     8  glcd_mcb1700.o(i.GLCD_SetFont)
    GLCD_SetForegroundColor                  0x00001049   Thumb Code     8  glcd_mcb1700.o(i.GLCD_SetForegroundColor)
    GLCD_SetWindow                           0x00001055   Thumb Code   148  glcd_mcb1700.o(i.GLCD_SetWindow)
    GLCD_WindowMax                           0x000010ed   Thumb Code    14  glcd_mcb1700.o(i.GLCD_WindowMax)
    GPDMA_ChannelConfigure                   0x000010fd   Thumb Code   186  gpdma_lpc17xx.o(i.GPDMA_ChannelConfigure)
    GPDMA_ChannelDisable                     0x000011c5   Thumb Code    40  gpdma_lpc17xx.o(i.GPDMA_ChannelDisable)
    GPDMA_ChannelGetCount                    0x000011f1   Thumb Code    38  gpdma_lpc17xx.o(i.GPDMA_ChannelGetCount)
    GPDMA_Initialize                         0x00001221   Thumb Code    98  gpdma_lpc17xx.o(i.GPDMA_Initialize)
    GPDMA_PeripheralSelect                   0x00001295   Thumb Code    48  gpdma_lpc17xx.o(i.GPDMA_PeripheralSelect)
    GPDMA_Uninitialize                       0x000012c9   Thumb Code    64  gpdma_lpc17xx.o(i.GPDMA_Uninitialize)
    GPIO_PinRead                             0x00001311   Thumb Code    20  gpio_lpc17xx.o(i.GPIO_PinRead)
    GPIO_PinWrite                            0x00001329   Thumb Code    20  gpio_lpc17xx.o(i.GPIO_PinWrite)
    GPIO_PortClock                           0x00001341   Thumb Code    24  gpio_lpc17xx.o(i.GPIO_PortClock)
    GPIO_SetDir                              0x0000135d   Thumb Code    26  gpio_lpc17xx.o(i.GPIO_SetDir)
    Init_USART0                              0x000013f5   Thumb Code    46  main.o(i.Init_USART0)
    LidarAffichageGLCD                       0x0000142d   Thumb Code   106  main.o(i.LidarAffichageGLCD)
    LidarSCAN                                0x000014c9   Thumb Code    24  main.o(i.LidarSCAN)
    PIN_Configure                            0x000014e9   Thumb Code   100  pin_lpc17xx.o(i.PIN_Configure)
    PWM_Init                                 0x00001551   Thumb Code    44  main.o(i.PWM_Init)
    SSP1_GPDMA_Rx_SignalEvent                0x00001591   Thumb Code     6  ssp_lpc17xx.o(i.SSP1_GPDMA_Rx_SignalEvent)
    SSP1_GPDMA_Tx_SignalEvent                0x0000159d   Thumb Code     6  ssp_lpc17xx.o(i.SSP1_GPDMA_Tx_SignalEvent)
    SSP1_IRQHandler                          0x0000161d   Thumb Code     6  ssp_lpc17xx.o(i.SSP1_IRQHandler)
    SSPx_GPDMA_Rx_SignalEvent                0x00001a6d   Thumb Code    30  ssp_lpc17xx.o(i.SSPx_GPDMA_Rx_SignalEvent)
    SSPx_GPDMA_Tx_SignalEvent                0x00001a8b   Thumb Code    12  ssp_lpc17xx.o(i.SSPx_GPDMA_Tx_SignalEvent)
    SystemInit                               0x00002171   Thumb Code   196  system_lpc17xx.o(i.SystemInit)
    UART0_IRQHandler                         0x00002241   Thumb Code     6  uart_lpc17xx.o(i.UART0_IRQHandler)
    UART1_IRQHandler                         0x0000224d   Thumb Code     6  uart_lpc17xx.o(i.UART1_IRQHandler)
    USART0_GPDMA_Rx_Event                    0x00002265   Thumb Code     6  uart_lpc17xx.o(i.USART0_GPDMA_Rx_Event)
    USART0_GPDMA_Tx_Event                    0x00002271   Thumb Code     6  uart_lpc17xx.o(i.USART0_GPDMA_Tx_Event)
    USART1_GPDMA_Rx_Event                    0x0000230d   Thumb Code     6  uart_lpc17xx.o(i.USART1_GPDMA_Rx_Event)
    USART1_GPDMA_Tx_Event                    0x00002319   Thumb Code     6  uart_lpc17xx.o(i.USART1_GPDMA_Tx_Event)
    USART_SetBaudrate                        0x00003101   Thumb Code   204  uart_lpc17xx.o(i.USART_SetBaudrate)
    __ARM_fpclassify                         0x00003361   Thumb Code    40  fpclassify.o(i.__ARM_fpclassify)
    __ieee754_rem_pio2                       0x000033d9   Thumb Code   828  rred.o(i.__ieee754_rem_pio2)
    __kernel_cos                             0x00003761   Thumb Code   230  cos_i.o(i.__kernel_cos)
    __kernel_poly                            0x0000385d   Thumb Code   170  poly.o(i.__kernel_poly)
    __kernel_sin                             0x00003909   Thumb Code   224  sin_i.o(i.__kernel_sin)
    __mathlib_dbl_infnan                     0x000039f5   Thumb Code     6  dunder.o(i.__mathlib_dbl_infnan)
    __mathlib_dbl_invalid                    0x000039fb   Thumb Code    12  dunder.o(i.__mathlib_dbl_invalid)
    __mathlib_dbl_underflow                  0x00003a09   Thumb Code    10  dunder.o(i.__mathlib_dbl_underflow)
    __user_perthread_libspace                0x00003a19   Thumb Code    32  rtx_conf_cm.o(i.__user_perthread_libspace)
    _init_box                                0x00003a45   Thumb Code    70  rt_membox.o(i._init_box)
    _is_digit                                0x00003a8b   Thumb Code    14  __printf_wp.o(i._is_digit)
    _mutex_acquire                           0x00003a99   Thumb Code    22  rtx_conf_cm.o(i._mutex_acquire)
    _mutex_release                           0x00003ab9   Thumb Code    18  rtx_conf_cm.o(i._mutex_release)
    cos                                      0x00003ad5   Thumb Code   148  cos.o(i.cos)
    dbg_init                                 0x00003b71   Thumb Code    34  hal_cm.o(i.dbg_init)
    dbg_task_notify                          0x00003ba1   Thumb Code    32  hal_cm.o(i.dbg_task_notify)
    dbg_task_switch                          0x00003bc1   Thumb Code    16  hal_cm.o(i.dbg_task_switch)
    isrMessageGet                            0x00003bf9   Thumb Code    42  rt_cmsis.o(i.isrMessageGet)
    isrMessagePut                            0x00003c23   Thumb Code    44  rt_cmsis.o(i.isrMessagePut)
    isrSignalSet                             0x00003c4f   Thumb Code    36  rt_cmsis.o(i.isrSignalSet)
    isr_evt_set                              0x00003c75   Thumb Code    34  rt_event.o(i.isr_evt_set)
    isr_mbx_receive                          0x00003c9d   Thumb Code    86  rt_mailbox.o(i.isr_mbx_receive)
    isr_mbx_send                             0x00003cf3   Thumb Code    14  rt_mailbox.o(i.isr_mbx_send)
    main                                     0x00003d01   Thumb Code   130  main.o(i.main)
    myUART_ThreadR                           0x00003d91   Thumb Code   156  main.o(i.myUART_ThreadR)
    myUART_ThreadT                           0x00003e35   Thumb Code    40  main.o(i.myUART_ThreadT)
    myUSART_callback                         0x00003e65   Thumb Code    36  main.o(i.myUSART_callback)
    osDelay                                  0x00003e8d   Thumb Code    18  rt_cmsis.o(i.osDelay)
    osKernelInitialize                       0x00003ea5   Thumb Code    30  rt_cmsis.o(i.osKernelInitialize)
    osKernelStart                            0x00003ec9   Thumb Code    98  rt_cmsis.o(i.osKernelStart)
    osMailAlloc                              0x00003f35   Thumb Code    22  rt_cmsis.o(i.osMailAlloc)
    osMailCreate                             0x00003f51   Thumb Code    36  rt_cmsis.o(i.osMailCreate)
    osMailFree                               0x00003f7d   Thumb Code    22  rt_cmsis.o(i.osMailFree)
    osMailGet                                0x00003f99   Thumb Code    22  rt_cmsis.o(i.osMailGet)
    osMailPut                                0x00003faf   Thumb Code    20  rt_cmsis.o(i.osMailPut)
    osMessageGet                             0x00003fc5   Thumb Code    18  rt_cmsis.o(i.osMessageGet)
    osMessagePut                             0x00003fdd   Thumb Code    18  rt_cmsis.o(i.osMessagePut)
    osMutexCreate                            0x00003ff5   Thumb Code    36  rt_cmsis.o(i.osMutexCreate)
    osMutexRelease                           0x00004021   Thumb Code    18  rt_cmsis.o(i.osMutexRelease)
    osMutexWait                              0x00004039   Thumb Code    18  rt_cmsis.o(i.osMutexWait)
    osSignalSet                              0x00004051   Thumb Code    18  rt_cmsis.o(i.osSignalSet)
    osSignalWait                             0x00004069   Thumb Code    18  rt_cmsis.o(i.osSignalWait)
    osThreadCreate                           0x00004081   Thumb Code    36  rt_cmsis.o(i.osThreadCreate)
    osThreadExit                             0x000040ad   Thumb Code    14  rt_cmsis.o(i.osThreadExit)
    osTimerCall                              0x000040c5   Thumb Code     8  rt_cmsis.o(i.osTimerCall)
    osTimerThread                            0x000040d1   Thumb Code    38  rt_cmsis.o(i.osTimerThread)
    os_error                                 0x000040fd   Thumb Code     2  rtx_conf_cm.o(i.os_error)
    os_idle_demon                            0x000040ff   Thumb Code     2  rtx_conf_cm.o(i.os_idle_demon)
    os_tick_init                             0x00004101   Thumb Code    32  rt_system.o(i.os_tick_init)
    os_tick_irqack                           0x00004129   Thumb Code     2  rt_system.o(i.os_tick_irqack)
    rt_alloc_box                             0x000041dd   Thumb Code    26  rt_membox.o(i.rt_alloc_box)
    rt_alloc_mem                             0x000041f7   Thumb Code    62  rt_memory.o(i.rt_alloc_mem)
    rt_block                                 0x00004235   Thumb Code    48  rt_task.o(i.rt_block)
    rt_chk_robin                             0x0000426d   Thumb Code    60  rt_robin.o(i.rt_chk_robin)
    rt_dec_dly                               0x000042b5   Thumb Code   102  rt_list.o(i.rt_dec_dly)
    rt_dispatch                              0x00004325   Thumb Code    60  rt_task.o(i.rt_dispatch)
    rt_dly_wait                              0x00004369   Thumb Code     6  rt_time.o(i.rt_dly_wait)
    rt_evt_psh                               0x00004371   Thumb Code    76  rt_event.o(i.rt_evt_psh)
    rt_evt_set                               0x000043c1   Thumb Code    88  rt_event.o(i.rt_evt_set)
    rt_evt_wait                              0x0000441d   Thumb Code    56  rt_event.o(i.rt_evt_wait)
    rt_free_box                              0x00004459   Thumb Code    44  rt_membox.o(i.rt_free_box)
    rt_free_mem                              0x00004485   Thumb Code    40  rt_memory.o(i.rt_free_mem)
    rt_get_first                             0x000044ad   Thumb Code    40  rt_list.o(i.rt_get_first)
    rt_init_mem                              0x00004525   Thumb Code    26  rt_memory.o(i.rt_init_mem)
    rt_init_robin                            0x00004541   Thumb Code    14  rt_robin.o(i.rt_init_robin)
    rt_init_stack                            0x00004559   Thumb Code   118  hal_cm.o(i.rt_init_stack)
    rt_mbx_check                             0x000045d9   Thumb Code     8  rt_mailbox.o(i.rt_mbx_check)
    rt_mbx_init                              0x000045e1   Thumb Code    26  rt_mailbox.o(i.rt_mbx_init)
    rt_mbx_psh                               0x000045fd   Thumb Code   236  rt_mailbox.o(i.rt_mbx_psh)
    rt_mbx_send                              0x000046ed   Thumb Code   148  rt_mailbox.o(i.rt_mbx_send)
    rt_mbx_wait                              0x00004785   Thumb Code   174  rt_mailbox.o(i.rt_mbx_wait)
    rt_mut_init                              0x0000487d   Thumb Code    16  rt_mutex.o(i.rt_mut_init)
    rt_mut_release                           0x0000488d   Thumb Code   208  rt_mutex.o(i.rt_mut_release)
    rt_mut_wait                              0x00004965   Thumb Code   114  rt_mutex.o(i.rt_mut_wait)
    rt_pop_req                               0x000049dd   Thumb Code   112  rt_system.o(i.rt_pop_req)
    rt_psh_req                               0x00004a59   Thumb Code    22  rt_system.o(i.rt_psh_req)
    rt_psq_enq                               0x00004a79   Thumb Code    88  rt_list.o(i.rt_psq_enq)
    rt_put_dly                               0x00004ad5   Thumb Code    68  rt_list.o(i.rt_put_dly)
    rt_put_prio                              0x00004b1d   Thumb Code    54  rt_list.o(i.rt_put_prio)
    rt_put_rdy_first                         0x00004b55   Thumb Code    14  rt_list.o(i.rt_put_rdy_first)
    rt_resort_prio                           0x00004b69   Thumb Code    46  rt_list.o(i.rt_resort_prio)
    rt_ret_val                               0x00004b9d   Thumb Code     6  hal_cm.o(i.rt_ret_val)
    rt_ret_val2                              0x00004ba3   Thumb Code     8  hal_cm.o(i.rt_ret_val2)
    rt_rmv_dly                               0x00004bab   Thumb Code    40  rt_list.o(i.rt_rmv_dly)
    rt_rmv_list                              0x00004bd5   Thumb Code    44  rt_list.o(i.rt_rmv_list)
    rt_sem_psh                               0x00004c05   Thumb Code    48  rt_semaphore.o(i.rt_sem_psh)
    rt_stk_check                             0x00004c39   Thumb Code    28  rt_system.o(i.rt_stk_check)
    rt_switch_req                            0x00004c5d   Thumb Code    30  rt_task.o(i.rt_switch_req)
    rt_sys_init                              0x00004c85   Thumb Code   138  rt_task.o(i.rt_sys_init)
    rt_sys_start                             0x00004d51   Thumb Code   110  rt_task.o(i.rt_sys_start)
    rt_systick                               0x00004dc9   Thumb Code    50  rt_system.o(i.rt_systick)
    rt_tsk_create                            0x00004e51   Thumb Code   118  rt_task.o(i.rt_tsk_create)
    rt_tsk_delete                            0x00004ed9   Thumb Code   352  rt_task.o(i.rt_tsk_delete)
    rt_tsk_prio                              0x00005055   Thumb Code   108  rt_task.o(i.rt_tsk_prio)
    rt_tsk_self                              0x000050d1   Thumb Code    12  rt_task.o(i.rt_tsk_self)
    sin                                      0x000050e1   Thumb Code   150  sin.o(i.sin)
    svcDelay                                 0x00005221   Thumb Code    18  rt_cmsis.o(i.svcDelay)
    svcKernelInitialize                      0x00005235   Thumb Code    80  rt_cmsis.o(i.svcKernelInitialize)
    svcKernelStart                           0x000052a5   Thumb Code    62  rt_cmsis.o(i.svcKernelStart)
    svcMailCreate                            0x000052ed   Thumb Code    66  rt_cmsis.o(i.svcMailCreate)
    svcMessageCreate                         0x0000532f   Thumb Code    36  rt_cmsis.o(i.svcMessageCreate)
    svcMessageGet                            0x00005353   Thumb Code    58  rt_cmsis.o(i.svcMessageGet)
    svcMessagePut                            0x0000538d   Thumb Code    54  rt_cmsis.o(i.svcMessagePut)
    svcMutexCreate                           0x000053c3   Thumb Code    28  rt_cmsis.o(i.svcMutexCreate)
    svcMutexRelease                          0x000053df   Thumb Code    34  rt_cmsis.o(i.svcMutexRelease)
    svcMutexWait                             0x00005401   Thumb Code    58  rt_cmsis.o(i.svcMutexWait)
    svcSignalSet                             0x0000543b   Thumb Code    36  rt_cmsis.o(i.svcSignalSet)
    svcSignalWait                            0x00005461   Thumb Code    80  rt_cmsis.o(i.svcSignalWait)
    svcThreadCreate                          0x000054b5   Thumb Code    96  rt_cmsis.o(i.svcThreadCreate)
    svcThreadGetId                           0x00005521   Thumb Code    22  rt_cmsis.o(i.svcThreadGetId)
    svcThreadTerminate                       0x0000553d   Thumb Code    50  rt_cmsis.o(i.svcThreadTerminate)
    svcTimerCall                             0x00005575   Thumb Code    24  rt_cmsis.o(i.svcTimerCall)
    sysMailAlloc                             0x0000558d   Thumb Code    84  rt_cmsis.o(i.sysMailAlloc)
    sysMailFree                              0x000055e5   Thumb Code    96  rt_cmsis.o(i.sysMailFree)
    sysTimerTick                             0x00005645   Thumb Code    84  rt_cmsis.o(i.sysTimerTick)
    updateDisplay                            0x000056a1   Thumb Code   158  main.o(i.updateDisplay)
    __aeabi_dadd                             0x0000583d   Thumb Code     0  daddsub_clz.o(x$fpl$dadd)
    _dadd                                    0x0000583d   Thumb Code   332  daddsub_clz.o(x$fpl$dadd)
    __fpl_dcheck_NaN1                        0x0000598d   Thumb Code    10  dcheck1.o(x$fpl$dcheck1)
    __aeabi_ddiv                             0x0000599d   Thumb Code     0  ddiv.o(x$fpl$ddiv)
    _ddiv                                    0x0000599d   Thumb Code   552  ddiv.o(x$fpl$ddiv)
    __aeabi_d2iz                             0x00005c4d   Thumb Code     0  dfix.o(x$fpl$dfix)
    _dfix                                    0x00005c4d   Thumb Code    94  dfix.o(x$fpl$dfix)
    __aeabi_d2uiz                            0x00005cad   Thumb Code     0  dfixu.o(x$fpl$dfixu)
    _dfixu                                   0x00005cad   Thumb Code    90  dfixu.o(x$fpl$dfixu)
    __aeabi_i2d                              0x00005d07   Thumb Code     0  dflt_clz.o(x$fpl$dflt)
    _dflt                                    0x00005d07   Thumb Code    46  dflt_clz.o(x$fpl$dflt)
    __aeabi_ui2d                             0x00005d35   Thumb Code     0  dflt_clz.o(x$fpl$dfltu)
    _dfltu                                   0x00005d35   Thumb Code    38  dflt_clz.o(x$fpl$dfltu)
    __aeabi_dmul                             0x00005d5d   Thumb Code     0  dmul.o(x$fpl$dmul)
    _dmul                                    0x00005d5d   Thumb Code   332  dmul.o(x$fpl$dmul)
    __fpl_dnaninf                            0x00005eb1   Thumb Code   156  dnaninf.o(x$fpl$dnaninf)
    __fpl_dretinf                            0x00005f4d   Thumb Code    12  dretinf.o(x$fpl$dretinf)
    __aeabi_drsub                            0x00005f59   Thumb Code     0  daddsub_clz.o(x$fpl$drsb)
    _drsb                                    0x00005f59   Thumb Code    22  daddsub_clz.o(x$fpl$drsb)
    __aeabi_dsub                             0x00005f71   Thumb Code     0  daddsub_clz.o(x$fpl$dsub)
    _dsub                                    0x00005f71   Thumb Code   464  daddsub_clz.o(x$fpl$dsub)
    __aeabi_f2d                              0x00006145   Thumb Code     0  f2d.o(x$fpl$f2d)
    _f2d                                     0x00006145   Thumb Code    86  f2d.o(x$fpl$f2d)
    __aeabi_ui2f                             0x0000619d   Thumb Code     0  fflt_clz.o(x$fpl$ffltu)
    _ffltu                                   0x0000619d   Thumb Code    38  fflt_clz.o(x$fpl$ffltu)
    __aeabi_fmul                             0x000061c5   Thumb Code     0  fmul.o(x$fpl$fmul)
    _fmul                                    0x000061c5   Thumb Code   258  fmul.o(x$fpl$fmul)
    __fpl_fnaninf                            0x000062c7   Thumb Code   140  fnaninf.o(x$fpl$fnaninf)
    __fpl_fretinf                            0x00006353   Thumb Code    10  fretinf.o(x$fpl$fretinf)
    __fpl_return_NaN                         0x0000635d   Thumb Code   100  retnan.o(x$fpl$retnan)
    __ARM_scalbn                             0x000063c1   Thumb Code    92  scalbn.o(x$fpl$scalbn)
    __fpl_cmpreturn                          0x0000641d   Thumb Code    48  trapv.o(x$fpl$trapveneer)
    __I$use$fp                               0x0000644c   Number         0  usenofp.o(x$fpl$usenofp)
    os_mutex_def_mut_GLCD                    0x0000644c   Data           4  main.o(.constdata)
    os_mailQ_def_BAL                         0x00006450   Data          12  main.o(.constdata)
    os_thread_def_LidarAffichageGLCD         0x0000645c   Data          16  main.o(.constdata)
    os_thread_def_myUART_ThreadT             0x0000646c   Data          16  main.o(.constdata)
    os_thread_def_myUART_ThreadR             0x0000647c   Data          16  main.o(.constdata)
    GLCD_Font_16x24                          0x0000799c   Data          16  glcd_fonts.o(.constdata)
    os_maxtaskrun                            0x000079ac   Data           2  rtx_conf_cm.o(.constdata)
    os_stackinfo                             0x000079b0   Data           4  rtx_conf_cm.o(.constdata)
    os_rrobin                                0x000079b4   Data           4  rtx_conf_cm.o(.constdata)
    os_trv                                   0x000079b8   Data           4  rtx_conf_cm.o(.constdata)
    os_flags                                 0x000079bc   Data           1  rtx_conf_cm.o(.constdata)
    CMSIS_RTOS_API_Version                   0x000079c0   Data           4  rtx_conf_cm.o(.constdata)
    CMSIS_RTOS_RTX_Version                   0x000079c4   Data           4  rtx_conf_cm.o(.constdata)
    os_clockrate                             0x000079c8   Data           4  rtx_conf_cm.o(.constdata)
    os_timernum                              0x000079cc   Data           4  rtx_conf_cm.o(.constdata)
    mp_tcb_size                              0x000079d0   Data           2  rtx_conf_cm.o(.constdata)
    mp_stk_size                              0x000079d4   Data           4  rtx_conf_cm.o(.constdata)
    os_stack_sz                              0x000079d8   Data           4  rtx_conf_cm.o(.constdata)
    os_fifo_size                             0x000079dc   Data           1  rtx_conf_cm.o(.constdata)
    os_thread_def_osTimerThread              0x000079e0   Data          16  rtx_conf_cm.o(.constdata)
    os_messageQ_def_osTimerMessageQ          0x000079f0   Data           8  rtx_conf_cm.o(.constdata)
    mp_tmr_size                              0x000079f8   Data           2  rtx_conf_cm.o(.constdata)
    os_thread_def_main                       0x000079fc   Data          16  rtx_conf_cm.o(.constdata)
    Driver_SPI1                              0x00007a5c   Data          44  ssp_lpc17xx.o(.constdata)
    Driver_USART0                            0x00007c94   Data          56  uart_lpc17xx.o(.constdata)
    Region$$Table$$Base                      0x00007e00   Number         0  anon$$obj.o(Region$$Table)
    Region$$Table$$Limit                     0x00007e20   Number         0  anon$$obj.o(Region$$Table)
    os_mailQ_p_BAL                           0x10000000   Data           8  main.o(.data)
    scale                                    0x10000010   Data           4  main.o(.data)
    ID_LidarAffichageGLCD                    0x10000014   Data           4  main.o(.data)
    ID_myUART_ThreadT                        0x10000018   Data           4  main.o(.data)
    ID_myUART_ThreadR                        0x1000001c   Data           4  main.o(.data)
    ID_MailInfo                              0x10000020   Data           4  main.o(.data)
    ID_mut_GLCD                              0x10000024   Data           4  main.o(.data)
    m_tmr                                    0x1000003c   Data           4  rtx_conf_cm.o(.data)
    osThreadId_osTimerThread                 0x10000040   Data           4  rtx_conf_cm.o(.data)
    osMessageQId_osTimerMessageQ             0x10000044   Data           4  rtx_conf_cm.o(.data)
    SystemCoreClock                          0x10000068   Data           4  system_lpc17xx.o(.data)
    os_initialized                           0x1000006c   Data           1  rt_cmsis.o(.data)
    os_running                               0x1000006d   Data           1  rt_cmsis.o(.data)
    os_timer_head                            0x10000070   Data           4  rt_cmsis.o(.data)
    os_tsk                                   0x10000074   Data           8  rt_task.o(.data)
    os_tick_irqn                             0x10000080   Data           4  rt_system.o(.data)
    os_time                                  0x10000084   Data           4  rt_time.o(.data)
    os_robin                                 0x10000088   Data           8  rt_robin.o(.data)
    dbg_msg                                  0x10000090   Data           1  hal_cm.o(.data)
    os_mailQ_q_BAL                           0x10000094   Data          80  main.o(.bss)
    os_mutex_cb_mut_GLCD                     0x100000e4   Data          16  main.o(.bss)
    os_mailQ_m_BAL                           0x100000f4   Data          76  main.o(.bss)
    os_messageQ_q_osTimerMessageQ            0x10000140   Data          32  rtx_conf_cm.o(.bss)
    mp_tcb                                   0x10000160   Data         376  rtx_conf_cm.o(.bss)
    mp_stk                                   0x100002d8   Data        6016  rtx_conf_cm.o(.bss)
    os_stack_mem                             0x10001a58   Data        1232  rtx_conf_cm.o(.bss)
    os_fifo                                  0x10001f28   Data         132  rtx_conf_cm.o(.bss)
    os_active_TCB                            0x10001fac   Data          28  rtx_conf_cm.o(.bss)
    os_idle_TCB                              0x10002418   Data          52  rt_task.o(.bss)
    os_rdy                                   0x1000244c   Data          24  rt_list.o(.bss)
    os_dly                                   0x10002464   Data          24  rt_list.o(.bss)
    __libspace_start                         0x1000247c   Data          96  libspace.o(.bss)
    __temporary_stack_top$libspace           0x100024dc   Data           0  libspace.o(.bss)



==============================================================================

Memory Map of the image

  Image Entry point : 0x00000301

  Load Region LR_1 (Base: 0x00000000, Size: 0x00007eb4, Max: 0xffffffff, ABSOLUTE)

    Execution Region ER_RO (Base: 0x00000000, Size: 0x00007e20, Max: 0xffffffff, ABSOLUTE)

    Base Addr    Size         Type   Attr      Idx    E Section Name        Object

    0x00000000   0x000000cc   Data   RO         1123    RESET               startup_lpc17xx.o
    0x000000cc   0x00000008   Code   RO         2423  * !!!main             c_w.l(__main.o)
    0x000000d4   0x00000034   Code   RO         2703    !!!scatter          c_w.l(__scatter.o)
    0x00000108   0x0000001a   Code   RO         2705    !!handler_copy      c_w.l(__scatter_copy.o)
    0x00000122   0x00000002   PAD
    0x00000124   0x0000001c   Code   RO         2707    !!handler_zi        c_w.l(__scatter_zi.o)
    0x00000140   0x00000000   Code   RO         2416    .ARM.Collect$$_printf_percent$$00000000  c_w.l(_printf_percent.o)
    0x00000140   0x00000006   Code   RO         2415    .ARM.Collect$$_printf_percent$$00000009  c_w.l(_printf_d.o)
    0x00000146   0x00000004   Code   RO         2484    .ARM.Collect$$_printf_percent$$00000017  c_w.l(_printf_percent_end.o)
    0x0000014a   0x00000002   Code   RO         2587    .ARM.Collect$$libinit$$00000000  c_w.l(libinit.o)
    0x0000014c   0x00000000   Code   RO         2601    .ARM.Collect$$libinit$$00000002  c_w.l(libinit2.o)
    0x0000014c   0x00000000   Code   RO         2603    .ARM.Collect$$libinit$$00000004  c_w.l(libinit2.o)
    0x0000014c   0x00000000   Code   RO         2606    .ARM.Collect$$libinit$$0000000A  c_w.l(libinit2.o)
    0x0000014c   0x00000000   Code   RO         2608    .ARM.Collect$$libinit$$0000000C  c_w.l(libinit2.o)
    0x0000014c   0x00000000   Code   RO         2610    .ARM.Collect$$libinit$$0000000E  c_w.l(libinit2.o)
    0x0000014c   0x00000000   Code   RO         2613    .ARM.Collect$$libinit$$00000011  c_w.l(libinit2.o)
    0x0000014c   0x00000000   Code   RO         2615    .ARM.Collect$$libinit$$00000013  c_w.l(libinit2.o)
    0x0000014c   0x00000000   Code   RO         2617    .ARM.Collect$$libinit$$00000015  c_w.l(libinit2.o)
    0x0000014c   0x00000000   Code   RO         2619    .ARM.Collect$$libinit$$00000017  c_w.l(libinit2.o)
    0x0000014c   0x00000000   Code   RO         2621    .ARM.Collect$$libinit$$00000019  c_w.l(libinit2.o)
    0x0000014c   0x00000000   Code   RO         2623    .ARM.Collect$$libinit$$0000001B  c_w.l(libinit2.o)
    0x0000014c   0x00000000   Code   RO         2625    .ARM.Collect$$libinit$$0000001D  c_w.l(libinit2.o)
    0x0000014c   0x00000000   Code   RO         2627    .ARM.Collect$$libinit$$0000001F  c_w.l(libinit2.o)
    0x0000014c   0x00000000   Code   RO         2629    .ARM.Collect$$libinit$$00000021  c_w.l(libinit2.o)
    0x0000014c   0x00000000   Code   RO         2631    .ARM.Collect$$libinit$$00000023  c_w.l(libinit2.o)
    0x0000014c   0x00000000   Code   RO         2633    .ARM.Collect$$libinit$$00000025  c_w.l(libinit2.o)
    0x0000014c   0x00000000   Code   RO         2637    .ARM.Collect$$libinit$$0000002C  c_w.l(libinit2.o)
    0x0000014c   0x00000000   Code   RO         2639    .ARM.Collect$$libinit$$0000002E  c_w.l(libinit2.o)
    0x0000014c   0x00000000   Code   RO         2641    .ARM.Collect$$libinit$$00000030  c_w.l(libinit2.o)
    0x0000014c   0x00000000   Code   RO         2643    .ARM.Collect$$libinit$$00000032  c_w.l(libinit2.o)
    0x0000014c   0x00000002   Code   RO         2644    .ARM.Collect$$libinit$$00000033  c_w.l(libinit2.o)
    0x0000014e   0x00000002   Code   RO         2588    .ARM.Collect$$libshutdown$$00000000  c_w.l(libshutdown.o)
    0x00000150   0x00000000   Code   RO         2646    .ARM.Collect$$libshutdown$$00000002  c_w.l(libshutdown2.o)
    0x00000150   0x00000000   Code   RO         2648    .ARM.Collect$$libshutdown$$00000004  c_w.l(libshutdown2.o)
    0x00000150   0x00000000   Code   RO         2651    .ARM.Collect$$libshutdown$$00000007  c_w.l(libshutdown2.o)
    0x00000150   0x00000000   Code   RO         2654    .ARM.Collect$$libshutdown$$0000000A  c_w.l(libshutdown2.o)
    0x00000150   0x00000000   Code   RO         2656    .ARM.Collect$$libshutdown$$0000000C  c_w.l(libshutdown2.o)
    0x00000150   0x00000000   Code   RO         2659    .ARM.Collect$$libshutdown$$0000000F  c_w.l(libshutdown2.o)
    0x00000150   0x00000002   Code   RO         2660    .ARM.Collect$$libshutdown$$00000010  c_w.l(libshutdown2.o)
    0x00000152   0x00000000   Code   RO         2469    .ARM.Collect$$rtentry$$00000000  c_w.l(__rtentry.o)
    0x00000152   0x00000000   Code   RO         2525    .ARM.Collect$$rtentry$$00000002  c_w.l(__rtentry2.o)
    0x00000152   0x00000006   Code   RO         2537    .ARM.Collect$$rtentry$$00000004  c_w.l(__rtentry4.o)
    0x00000158   0x00000000   Code   RO         2527    .ARM.Collect$$rtentry$$00000009  c_w.l(__rtentry2.o)
    0x00000158   0x00000004   Code   RO         2528    .ARM.Collect$$rtentry$$0000000A  c_w.l(__rtentry2.o)
    0x0000015c   0x00000008   Code   RO         2529    .ARM.Collect$$rtentry$$0000000B  c_w.l(__rtentry2.o)
    0x00000164   0x00000008   Code   RO         2531    .ARM.Collect$$rtentry$$0000000D  c_w.l(__rtentry2.o)
    0x0000016c   0x00000002   Code   RO         2470    .ARM.Collect$$rtexit$$00000000  c_w.l(rtexit.o)
    0x0000016e   0x00000000   Code   RO         2540    .ARM.Collect$$rtexit$$00000002  c_w.l(rtexit2.o)
    0x0000016e   0x00000004   Code   RO         2541    .ARM.Collect$$rtexit$$00000003  c_w.l(rtexit2.o)
    0x00000172   0x00000006   Code   RO         2542    .ARM.Collect$$rtexit$$00000004  c_w.l(rtexit2.o)
    0x00000178   0x0000001c   Code   RO          372    .emb_text           rtx_conf_cm.o
    0x00000194   0x00000130   Code   RO         2365    .emb_text           RTX_CM3.lib(hal_cm3.o)
    0x000002c4   0x00000008   Code   RO         2380    .text               c_w.l(libspace.o)
    0x000002cc   0x00000028   Code   RO         2387    .text               c_w.l(noretval__2sprintf.o)
    0x000002f4   0x00000006   Code   RO         2421    .text               c_w.l(heapauxi.o)
    0x000002fa   0x00000002   Code   RO         2591    .text               c_w.l(use_no_semi.o)
    0x000002fc   0x00000004   Code   RO         1124    .ARM.__at_0x02FC    startup_lpc17xx.o
    0x00000300   0x0000003c   Code   RO         1125  * .text               startup_lpc17xx.o
    0x0000033c   0x000000ee   Code   RO         2383    .text               c_w.l(lludivv7m.o)
    0x0000042a   0x0000004e   Code   RO         2391    .text               c_w.l(_printf_pad.o)
    0x00000478   0x00000078   Code   RO         2393    .text               c_w.l(_printf_dec.o)
    0x000004f0   0x00000138   Code   RO         2407    .text               c_w.l(__printf_flags_wp.o)
    0x00000628   0x00000012   Code   RO         2417    .text               c_w.l(exit.o)
    0x0000063a   0x0000004e   Code   RO         2419    .text               c_w.l(rt_memclr_w.o)
    0x00000688   0x00000016   Code   RO         2476    .text               c_w.l(_rserrno.o)
    0x0000069e   0x000000b2   Code   RO         2478    .text               c_w.l(_printf_intcommon.o)
    0x00000750   0x00000030   Code   RO         2480    .text               c_w.l(_printf_char_common.o)
    0x00000780   0x0000000a   Code   RO         2482    .text               c_w.l(_sputc.o)
    0x0000078a   0x00000004   Code   RO         2553    .text               c_w.l(rt_errno_addr_twolibspace.o)
    0x0000078e   0x00000002   PAD
    0x00000790   0x0000000c   Code   RO         2573    .text               c_w.l(sys_exit.o)
    0x0000079c   0x0000004a   Code   RO         2575    .text               c_w.l(sys_stackheap_outer.o)
    0x000007e6   0x00000000   Code   RO         2593    .text               c_w.l(indicate_semi.o)
    0x000007e6   0x00000002   PAD
    0x000007e8   0x00000004   Code   RO         2375    SVC_TABLE           RTX_CM3.lib(svc_table.o)
    0x000007ec   0x0000001c   Code   RO          944    i.Clear_Channel_active_flag  gpdma_lpc17xx.o
    0x00000808   0x000000e8   Code   RO          945    i.DMA_IRQHandler    gpdma_lpc17xx.o
    0x000008f0   0x00000030   Code   RO          180    i.GLCD_ClearScreen  glcd_mcb1700.o
    0x00000920   0x00000088   Code   RO          183    i.GLCD_DrawChar     glcd_mcb1700.o
    0x000009a8   0x000000a8   Code   RO          185    i.GLCD_DrawPixel    glcd_mcb1700.o
    0x00000a50   0x00000030   Code   RO          187    i.GLCD_DrawString   glcd_mcb1700.o
    0x00000a80   0x000005ae   Code   RO          191    i.GLCD_Initialize   glcd_mcb1700.o
    0x0000102e   0x00000002   PAD
    0x00001030   0x0000000c   Code   RO          192    i.GLCD_SetBackgroundColor  glcd_mcb1700.o
    0x0000103c   0x0000000c   Code   RO          193    i.GLCD_SetFont      glcd_mcb1700.o
    0x00001048   0x0000000c   Code   RO          194    i.GLCD_SetForegroundColor  glcd_mcb1700.o
    0x00001054   0x00000098   Code   RO          195    i.GLCD_SetWindow    glcd_mcb1700.o
    0x000010ec   0x0000000e   Code   RO          198    i.GLCD_WindowMax    glcd_mcb1700.o
    0x000010fa   0x00000002   PAD
    0x000010fc   0x000000c8   Code   RO          946    i.GPDMA_ChannelConfigure  gpdma_lpc17xx.o
    0x000011c4   0x0000002c   Code   RO          947    i.GPDMA_ChannelDisable  gpdma_lpc17xx.o
    0x000011f0   0x00000030   Code   RO          949    i.GPDMA_ChannelGetCount  gpdma_lpc17xx.o
    0x00001220   0x00000074   Code   RO          951    i.GPDMA_Initialize  gpdma_lpc17xx.o
    0x00001294   0x00000034   Code   RO          952    i.GPDMA_PeripheralSelect  gpdma_lpc17xx.o
    0x000012c8   0x00000048   Code   RO          953    i.GPDMA_Uninitialize  gpdma_lpc17xx.o
    0x00001310   0x00000018   Code   RO         1034    i.GPIO_PinRead      gpio_lpc17xx.o
    0x00001328   0x00000018   Code   RO         1035    i.GPIO_PinWrite     gpio_lpc17xx.o
    0x00001340   0x0000001c   Code   RO         1036    i.GPIO_PortClock    gpio_lpc17xx.o
    0x0000135c   0x00000020   Code   RO         1039    i.GPIO_SetDir       gpio_lpc17xx.o
    0x0000137c   0x0000003c   Code   RO          459    i.GetSSPClockFreq   ssp_lpc17xx.o
    0x000013b8   0x0000003c   Code   RO          641    i.GetUsartClockFreq  uart_lpc17xx.o
    0x000013f4   0x00000038   Code   RO            4    i.Init_USART0       main.o
    0x0000142c   0x0000009c   Code   RO            6    i.LidarAffichageGLCD  main.o
    0x000014c8   0x00000020   Code   RO            9    i.LidarSCAN         main.o
    0x000014e8   0x00000068   Code   RO         1088    i.PIN_Configure     pin_lpc17xx.o
    0x00001550   0x00000034   Code   RO           10    i.PWM_Init          main.o
    0x00001584   0x0000000c   Code   RO          460    i.SSP1_Control      ssp_lpc17xx.o
    0x00001590   0x0000000c   Code   RO          461    i.SSP1_GPDMA_Rx_SignalEvent  ssp_lpc17xx.o
    0x0000159c   0x0000000c   Code   RO          462    i.SSP1_GPDMA_Tx_SignalEvent  ssp_lpc17xx.o
    0x000015a8   0x00000028   Code   RO          463    i.SSP1_GetDataCount  ssp_lpc17xx.o
    0x000015d0   0x0000004c   Code   RO          464    i.SSP1_GetStatus    ssp_lpc17xx.o
    0x0000161c   0x0000000c   Code   RO          465    i.SSP1_IRQHandler   ssp_lpc17xx.o
    0x00001628   0x0000000c   Code   RO          466    i.SSP1_Initialize   ssp_lpc17xx.o
    0x00001634   0x0000000c   Code   RO          467    i.SSP1_PowerControl  ssp_lpc17xx.o
    0x00001640   0x0000000c   Code   RO          468    i.SSP1_Receive      ssp_lpc17xx.o
    0x0000164c   0x0000000c   Code   RO          469    i.SSP1_Send         ssp_lpc17xx.o
    0x00001658   0x0000000c   Code   RO          470    i.SSP1_Transfer     ssp_lpc17xx.o
    0x00001664   0x0000000c   Code   RO          471    i.SSP1_Uninitialize  ssp_lpc17xx.o
    0x00001670   0x0000000c   Code   RO          472    i.SSP_GetCapabilities  ssp_lpc17xx.o
    0x0000167c   0x0000000c   Code   RO          473    i.SSP_GetVersion    ssp_lpc17xx.o
    0x00001688   0x000003e4   Code   RO          474    i.SSPx_Control      ssp_lpc17xx.o
    0x00001a6c   0x0000001e   Code   RO          475    i.SSPx_GPDMA_Rx_SignalEvent  ssp_lpc17xx.o
    0x00001a8a   0x0000000c   Code   RO          476    i.SSPx_GPDMA_Tx_SignalEvent  ssp_lpc17xx.o
    0x00001a96   0x000000ce   Code   RO          477    i.SSPx_IRQHandler   ssp_lpc17xx.o
    0x00001b64   0x00000094   Code   RO          478    i.SSPx_Initialize   ssp_lpc17xx.o
    0x00001bf8   0x0000015a   Code   RO          479    i.SSPx_PowerControl  ssp_lpc17xx.o
    0x00001d52   0x00000002   PAD
    0x00001d54   0x0000012c   Code   RO          480    i.SSPx_Receive      ssp_lpc17xx.o
    0x00001e80   0x0000012c   Code   RO          481    i.SSPx_Send         ssp_lpc17xx.o
    0x00001fac   0x00000134   Code   RO          482    i.SSPx_Transfer     ssp_lpc17xx.o
    0x000020e0   0x00000064   Code   RO          483    i.SSPx_Uninitialize  ssp_lpc17xx.o
    0x00002144   0x0000002c   Code   RO          954    i.Set_Channel_active_flag  gpdma_lpc17xx.o
    0x00002170   0x000000d0   Code   RO         1135    i.SystemInit        system_lpc17xx.o
    0x00002240   0x0000000c   Code   RO          642    i.UART0_IRQHandler  uart_lpc17xx.o
    0x0000224c   0x0000000c   Code   RO          643    i.UART1_IRQHandler  uart_lpc17xx.o
    0x00002258   0x0000000c   Code   RO          644    i.USART0_Control    uart_lpc17xx.o
    0x00002264   0x0000000c   Code   RO          645    i.USART0_GPDMA_Rx_Event  uart_lpc17xx.o
    0x00002270   0x0000000c   Code   RO          646    i.USART0_GPDMA_Tx_Event  uart_lpc17xx.o
    0x0000227c   0x0000000c   Code   RO          647    i.USART0_GetCapabilities  uart_lpc17xx.o
    0x00002288   0x0000000c   Code   RO          648    i.USART0_GetModemStatus  uart_lpc17xx.o
    0x00002294   0x0000000c   Code   RO          649    i.USART0_GetRxCount  uart_lpc17xx.o
    0x000022a0   0x0000000c   Code   RO          650    i.USART0_GetStatus  uart_lpc17xx.o
    0x000022ac   0x0000000c   Code   RO          651    i.USART0_GetTxCount  uart_lpc17xx.o
    0x000022b8   0x0000000c   Code   RO          652    i.USART0_Initialize  uart_lpc17xx.o
    0x000022c4   0x0000000c   Code   RO          653    i.USART0_PowerControl  uart_lpc17xx.o
    0x000022d0   0x0000000c   Code   RO          654    i.USART0_Receive    uart_lpc17xx.o
    0x000022dc   0x0000000c   Code   RO          655    i.USART0_Send       uart_lpc17xx.o
    0x000022e8   0x0000000c   Code   RO          656    i.USART0_SetModemControl  uart_lpc17xx.o
    0x000022f4   0x0000000c   Code   RO          657    i.USART0_Transfer   uart_lpc17xx.o
    0x00002300   0x0000000c   Code   RO          658    i.USART0_Uninitialize  uart_lpc17xx.o
    0x0000230c   0x0000000c   Code   RO          660    i.USART1_GPDMA_Rx_Event  uart_lpc17xx.o
    0x00002318   0x0000000c   Code   RO          661    i.USART1_GPDMA_Tx_Event  uart_lpc17xx.o
    0x00002324   0x000004e8   Code   RO          674    i.USART_Control     uart_lpc17xx.o
    0x0000280c   0x00000056   Code   RO          675    i.USART_GPDMA_Rx_Event  uart_lpc17xx.o
    0x00002862   0x0000002c   Code   RO          676    i.USART_GPDMA_Tx_Event  uart_lpc17xx.o
    0x0000288e   0x000000b8   Code   RO          677    i.USART_GetModemStatus  uart_lpc17xx.o
    0x00002946   0x00000010   Code   RO          678    i.USART_GetRxCount  uart_lpc17xx.o
    0x00002956   0x0000008e   Code   RO          679    i.USART_GetStatus   uart_lpc17xx.o
    0x000029e4   0x00000010   Code   RO          680    i.USART_GetTxCount  uart_lpc17xx.o
    0x000029f4   0x000001da   Code   RO          681    i.USART_IRQHandler  uart_lpc17xx.o
    0x00002bce   0x000000dc   Code   RO          682    i.USART_Initialize  uart_lpc17xx.o
    0x00002caa   0x000001e8   Code   RO          683    i.USART_PowerControl  uart_lpc17xx.o
    0x00002e92   0x000000e2   Code   RO          684    i.USART_Receive     uart_lpc17xx.o
    0x00002f74   0x00000056   Code   RO          685    i.USART_RxLineIntHandler  uart_lpc17xx.o
    0x00002fca   0x00000136   Code   RO          686    i.USART_Send        uart_lpc17xx.o
    0x00003100   0x000000d0   Code   RO          687    i.USART_SetBaudrate  uart_lpc17xx.o
    0x000031d0   0x00000068   Code   RO          688    i.USART_SetModemControl  uart_lpc17xx.o
    0x00003238   0x00000056   Code   RO          689    i.USART_Transfer    uart_lpc17xx.o
    0x0000328e   0x000000c4   Code   RO          690    i.USART_Uninitialize  uart_lpc17xx.o
    0x00003352   0x00000002   PAD
    0x00003354   0x0000000c   Code   RO          691    i.USARTx_GetVersion  uart_lpc17xx.o
    0x00003360   0x00000028   Code   RO         2569    i.__ARM_fpclassify  m_ws.l(fpclassify.o)
    0x00003388   0x0000001a   Code   RO          484    i.__NVIC_ClearPendingIRQ  ssp_lpc17xx.o
    0x000033a2   0x0000001a   Code   RO          692    i.__NVIC_ClearPendingIRQ  uart_lpc17xx.o
    0x000033bc   0x0000001a   Code   RO          955    i.__NVIC_ClearPendingIRQ  gpdma_lpc17xx.o
    0x000033d6   0x00000002   PAD
    0x000033d8   0x00000388   Code   RO         2513    i.__ieee754_rem_pio2  m_ws.l(rred.o)
    0x00003760   0x000000fc   Code   RO         2496    i.__kernel_cos      m_ws.l(cos_i.o)
    0x0000385c   0x000000aa   Code   RO         2571    i.__kernel_poly     m_ws.l(poly.o)
    0x00003906   0x00000002   PAD
    0x00003908   0x000000ec   Code   RO         2518    i.__kernel_sin      m_ws.l(sin_i.o)
    0x000039f4   0x00000006   Code   RO         2500    i.__mathlib_dbl_infnan  m_ws.l(dunder.o)
    0x000039fa   0x0000000c   Code   RO         2502    i.__mathlib_dbl_invalid  m_ws.l(dunder.o)
    0x00003a06   0x00000002   PAD
    0x00003a08   0x00000010   Code   RO         2505    i.__mathlib_dbl_underflow  m_ws.l(dunder.o)
    0x00003a18   0x0000002c   Code   RO          373    i.__user_perthread_libspace  rtx_conf_cm.o
    0x00003a44   0x00000046   Code   RO         2264    i._init_box         RTX_CM3.lib(rt_membox.o)
    0x00003a8a   0x0000000e   Code   RO         2405    i._is_digit         c_w.l(__printf_wp.o)
    0x00003a98   0x00000020   Code   RO          374    i._mutex_acquire    rtx_conf_cm.o
    0x00003ab8   0x0000001c   Code   RO          376    i._mutex_release    rtx_conf_cm.o
    0x00003ad4   0x0000009c   Code   RO         2454    i.cos               m_ws.l(cos.o)
    0x00003b70   0x00000030   Code   RO         2317    i.dbg_init          RTX_CM3.lib(hal_cm.o)
    0x00003ba0   0x00000020   Code   RO         2318    i.dbg_task_notify   RTX_CM3.lib(hal_cm.o)
    0x00003bc0   0x00000010   Code   RO         2319    i.dbg_task_switch   RTX_CM3.lib(hal_cm.o)
    0x00003bd0   0x00000028   Code   RO          199    i.delay_ms          glcd_mcb1700.o
    0x00003bf8   0x0000002a   Code   RO         1170    i.isrMessageGet     RTX_CM3.lib(rt_cmsis.o)
    0x00003c22   0x0000002c   Code   RO         1171    i.isrMessagePut     RTX_CM3.lib(rt_cmsis.o)
    0x00003c4e   0x00000024   Code   RO         1173    i.isrSignalSet      RTX_CM3.lib(rt_cmsis.o)
    0x00003c72   0x00000002   PAD
    0x00003c74   0x00000028   Code   RO         2001    i.isr_evt_set       RTX_CM3.lib(rt_event.o)
    0x00003c9c   0x00000056   Code   RO         2119    i.isr_mbx_receive   RTX_CM3.lib(rt_mailbox.o)
    0x00003cf2   0x0000000e   Code   RO         2120    i.isr_mbx_send      RTX_CM3.lib(rt_mailbox.o)
    0x00003d00   0x00000090   Code   RO           11    i.main              main.o
    0x00003d90   0x000000a4   Code   RO           12    i.myUART_ThreadR    main.o
    0x00003e34   0x00000030   Code   RO           13    i.myUART_ThreadT    main.o
    0x00003e64   0x00000028   Code   RO           14    i.myUSART_callback  main.o
    0x00003e8c   0x00000018   Code   RO         1174    i.osDelay           RTX_CM3.lib(rt_cmsis.o)
    0x00003ea4   0x00000024   Code   RO         1175    i.osKernelInitialize  RTX_CM3.lib(rt_cmsis.o)
    0x00003ec8   0x0000006c   Code   RO         1177    i.osKernelStart     RTX_CM3.lib(rt_cmsis.o)
    0x00003f34   0x0000001c   Code   RO         1179    i.osMailAlloc       RTX_CM3.lib(rt_cmsis.o)
    0x00003f50   0x0000002c   Code   RO         1181    i.osMailCreate      RTX_CM3.lib(rt_cmsis.o)
    0x00003f7c   0x0000001c   Code   RO         1182    i.osMailFree        RTX_CM3.lib(rt_cmsis.o)
    0x00003f98   0x00000016   Code   RO         1183    i.osMailGet         RTX_CM3.lib(rt_cmsis.o)
    0x00003fae   0x00000014   Code   RO         1184    i.osMailPut         RTX_CM3.lib(rt_cmsis.o)
    0x00003fc2   0x00000002   PAD
    0x00003fc4   0x00000018   Code   RO         1186    i.osMessageGet      RTX_CM3.lib(rt_cmsis.o)
    0x00003fdc   0x00000018   Code   RO         1187    i.osMessagePut      RTX_CM3.lib(rt_cmsis.o)
    0x00003ff4   0x0000002c   Code   RO         1188    i.osMutexCreate     RTX_CM3.lib(rt_cmsis.o)
    0x00004020   0x00000018   Code   RO         1190    i.osMutexRelease    RTX_CM3.lib(rt_cmsis.o)
    0x00004038   0x00000018   Code   RO         1191    i.osMutexWait       RTX_CM3.lib(rt_cmsis.o)
    0x00004050   0x00000018   Code   RO         1201    i.osSignalSet       RTX_CM3.lib(rt_cmsis.o)
    0x00004068   0x00000018   Code   RO         1202    i.osSignalWait      RTX_CM3.lib(rt_cmsis.o)
    0x00004080   0x0000002c   Code   RO         1203    i.osThreadCreate    RTX_CM3.lib(rt_cmsis.o)
    0x000040ac   0x00000018   Code   RO         1204    i.osThreadExit      RTX_CM3.lib(rt_cmsis.o)
    0x000040c4   0x0000000c   Code   RO         1210    i.osTimerCall       RTX_CM3.lib(rt_cmsis.o)
    0x000040d0   0x0000002c   Code   RO         1215    i.osTimerThread     RTX_CM3.lib(rt_cmsis.o)
    0x000040fc   0x00000002   Code   RO          377    i.os_error          rtx_conf_cm.o
    0x000040fe   0x00000002   Code   RO          378    i.os_idle_demon     rtx_conf_cm.o
    0x00004100   0x00000028   Code   RO         1911    i.os_tick_init      RTX_CM3.lib(rt_system.o)
    0x00004128   0x00000002   Code   RO         1912    i.os_tick_irqack    RTX_CM3.lib(rt_system.o)
    0x0000412a   0x00000002   PAD
    0x0000412c   0x000000b0   Code   RO          200    i.rd_id_man         glcd_mcb1700.o
    0x000041dc   0x0000001a   Code   RO         2265    i.rt_alloc_box      RTX_CM3.lib(rt_membox.o)
    0x000041f6   0x0000003e   Code   RO         2293    i.rt_alloc_mem      RTX_CM3.lib(rt_memory.o)
    0x00004234   0x00000038   Code   RO         1792    i.rt_block          RTX_CM3.lib(rt_task.o)
    0x0000426c   0x00000048   Code   RO         2242    i.rt_chk_robin      RTX_CM3.lib(rt_robin.o)
    0x000042b4   0x00000070   Code   RO         2043    i.rt_dec_dly        RTX_CM3.lib(rt_list.o)
    0x00004324   0x00000044   Code   RO         1793    i.rt_dispatch       RTX_CM3.lib(rt_task.o)
    0x00004368   0x00000006   Code   RO         2209    i.rt_dly_wait       RTX_CM3.lib(rt_time.o)
    0x0000436e   0x00000002   PAD
    0x00004370   0x00000050   Code   RO         2004    i.rt_evt_psh        RTX_CM3.lib(rt_event.o)
    0x000043c0   0x0000005c   Code   RO         2005    i.rt_evt_set        RTX_CM3.lib(rt_event.o)
    0x0000441c   0x0000003c   Code   RO         2006    i.rt_evt_wait       RTX_CM3.lib(rt_event.o)
    0x00004458   0x0000002c   Code   RO         2266    i.rt_free_box       RTX_CM3.lib(rt_membox.o)
    0x00004484   0x00000028   Code   RO         2294    i.rt_free_mem       RTX_CM3.lib(rt_memory.o)
    0x000044ac   0x00000028   Code   RO         2044    i.rt_get_first      RTX_CM3.lib(rt_list.o)
    0x000044d4   0x00000008   Code   RO         1220    i.rt_id2obj         RTX_CM3.lib(rt_cmsis.o)
    0x000044dc   0x00000048   Code   RO         1794    i.rt_init_context   RTX_CM3.lib(rt_task.o)
    0x00004524   0x0000001a   Code   RO         2295    i.rt_init_mem       RTX_CM3.lib(rt_memory.o)
    0x0000453e   0x00000002   PAD
    0x00004540   0x00000018   Code   RO         2243    i.rt_init_robin     RTX_CM3.lib(rt_robin.o)
    0x00004558   0x00000080   Code   RO         2320    i.rt_init_stack     RTX_CM3.lib(hal_cm.o)
    0x000045d8   0x00000008   Code   RO         2121    i.rt_mbx_check      RTX_CM3.lib(rt_mailbox.o)
    0x000045e0   0x0000001a   Code   RO         2122    i.rt_mbx_init       RTX_CM3.lib(rt_mailbox.o)
    0x000045fa   0x00000002   PAD
    0x000045fc   0x000000f0   Code   RO         2123    i.rt_mbx_psh        RTX_CM3.lib(rt_mailbox.o)
    0x000046ec   0x00000098   Code   RO         2124    i.rt_mbx_send       RTX_CM3.lib(rt_mailbox.o)
    0x00004784   0x000000b4   Code   RO         2125    i.rt_mbx_wait       RTX_CM3.lib(rt_mailbox.o)
    0x00004838   0x00000044   Code   RO         1221    i.rt_ms2tick        RTX_CM3.lib(rt_cmsis.o)
    0x0000487c   0x00000010   Code   RO         1877    i.rt_mut_init       RTX_CM3.lib(rt_mutex.o)
    0x0000488c   0x000000d8   Code   RO         1878    i.rt_mut_release    RTX_CM3.lib(rt_mutex.o)
    0x00004964   0x00000078   Code   RO         1879    i.rt_mut_wait       RTX_CM3.lib(rt_mutex.o)
    0x000049dc   0x0000007c   Code   RO         1915    i.rt_pop_req        RTX_CM3.lib(rt_system.o)
    0x00004a58   0x00000020   Code   RO         1916    i.rt_psh_req        RTX_CM3.lib(rt_system.o)
    0x00004a78   0x0000005c   Code   RO         2046    i.rt_psq_enq        RTX_CM3.lib(rt_list.o)
    0x00004ad4   0x00000048   Code   RO         2047    i.rt_put_dly        RTX_CM3.lib(rt_list.o)
    0x00004b1c   0x00000036   Code   RO         2048    i.rt_put_prio       RTX_CM3.lib(rt_list.o)
    0x00004b52   0x00000002   PAD
    0x00004b54   0x00000014   Code   RO         2049    i.rt_put_rdy_first  RTX_CM3.lib(rt_list.o)
    0x00004b68   0x00000034   Code   RO         2050    i.rt_resort_prio    RTX_CM3.lib(rt_list.o)
    0x00004b9c   0x00000006   Code   RO         2321    i.rt_ret_val        RTX_CM3.lib(hal_cm.o)
    0x00004ba2   0x00000008   Code   RO         2322    i.rt_ret_val2       RTX_CM3.lib(hal_cm.o)
    0x00004baa   0x00000028   Code   RO         2051    i.rt_rmv_dly        RTX_CM3.lib(rt_list.o)
    0x00004bd2   0x00000002   PAD
    0x00004bd4   0x00000030   Code   RO         2052    i.rt_rmv_list       RTX_CM3.lib(rt_list.o)
    0x00004c04   0x00000034   Code   RO         2170    i.rt_sem_psh        RTX_CM3.lib(rt_semaphore.o)
    0x00004c38   0x00000024   Code   RO         1918    i.rt_stk_check      RTX_CM3.lib(rt_system.o)
    0x00004c5c   0x00000028   Code   RO         1795    i.rt_switch_req     RTX_CM3.lib(rt_task.o)
    0x00004c84   0x000000cc   Code   RO         1796    i.rt_sys_init       RTX_CM3.lib(rt_task.o)
    0x00004d50   0x00000078   Code   RO         1797    i.rt_sys_start      RTX_CM3.lib(rt_task.o)
    0x00004dc8   0x00000040   Code   RO         1920    i.rt_systick        RTX_CM3.lib(rt_system.o)
    0x00004e08   0x00000012   Code   RO         1222    i.rt_tid2ptcb       RTX_CM3.lib(rt_cmsis.o)
    0x00004e1a   0x00000002   PAD
    0x00004e1c   0x00000034   Code   RO         1223    i.rt_timer_insert   RTX_CM3.lib(rt_cmsis.o)
    0x00004e50   0x00000088   Code   RO         1798    i.rt_tsk_create     RTX_CM3.lib(rt_task.o)
    0x00004ed8   0x0000017c   Code   RO         1799    i.rt_tsk_delete     RTX_CM3.lib(rt_task.o)
    0x00005054   0x0000007c   Code   RO         1801    i.rt_tsk_prio       RTX_CM3.lib(rt_task.o)
    0x000050d0   0x00000010   Code   RO         1802    i.rt_tsk_self       RTX_CM3.lib(rt_task.o)
    0x000050e0   0x000000a0   Code   RO         2462    i.sin               m_ws.l(sin.o)
    0x00005180   0x00000024   Code   RO          201    i.spi_tran          glcd_mcb1700.o
    0x000051a4   0x0000007c   Code   RO          202    i.spi_tran_man      glcd_mcb1700.o
    0x00005220   0x00000012   Code   RO         1225    i.svcDelay          RTX_CM3.lib(rt_cmsis.o)
    0x00005232   0x00000002   PAD
    0x00005234   0x00000070   Code   RO         1226    i.svcKernelInitialize  RTX_CM3.lib(rt_cmsis.o)
    0x000052a4   0x00000048   Code   RO         1228    i.svcKernelStart    RTX_CM3.lib(rt_cmsis.o)
    0x000052ec   0x00000042   Code   RO         1230    i.svcMailCreate     RTX_CM3.lib(rt_cmsis.o)
    0x0000532e   0x00000024   Code   RO         1231    i.svcMessageCreate  RTX_CM3.lib(rt_cmsis.o)
    0x00005352   0x0000003a   Code   RO         1232    i.svcMessageGet     RTX_CM3.lib(rt_cmsis.o)
    0x0000538c   0x00000036   Code   RO         1233    i.svcMessagePut     RTX_CM3.lib(rt_cmsis.o)
    0x000053c2   0x0000001c   Code   RO         1234    i.svcMutexCreate    RTX_CM3.lib(rt_cmsis.o)
    0x000053de   0x00000022   Code   RO         1236    i.svcMutexRelease   RTX_CM3.lib(rt_cmsis.o)
    0x00005400   0x0000003a   Code   RO         1237    i.svcMutexWait      RTX_CM3.lib(rt_cmsis.o)
    0x0000543a   0x00000024   Code   RO         1244    i.svcSignalSet      RTX_CM3.lib(rt_cmsis.o)
    0x0000545e   0x00000002   PAD
    0x00005460   0x00000054   Code   RO         1245    i.svcSignalWait     RTX_CM3.lib(rt_cmsis.o)
    0x000054b4   0x0000006c   Code   RO         1246    i.svcThreadCreate   RTX_CM3.lib(rt_cmsis.o)
    0x00005520   0x0000001c   Code   RO         1247    i.svcThreadGetId    RTX_CM3.lib(rt_cmsis.o)
    0x0000553c   0x00000038   Code   RO         1250    i.svcThreadTerminate  RTX_CM3.lib(rt_cmsis.o)
    0x00005574   0x00000018   Code   RO         1252    i.svcTimerCall      RTX_CM3.lib(rt_cmsis.o)
    0x0000558c   0x00000058   Code   RO         1257    i.sysMailAlloc      RTX_CM3.lib(rt_cmsis.o)
    0x000055e4   0x00000060   Code   RO         1258    i.sysMailFree       RTX_CM3.lib(rt_cmsis.o)
    0x00005644   0x0000005c   Code   RO         1261    i.sysTimerTick      RTX_CM3.lib(rt_cmsis.o)
    0x000056a0   0x000000a4   Code   RO           15    i.updateDisplay     main.o
    0x00005744   0x0000003c   Code   RO          203    i.wr_cmd            glcd_mcb1700.o
    0x00005780   0x00000024   Code   RO          204    i.wr_dat_only       glcd_mcb1700.o
    0x000057a4   0x0000001c   Code   RO          205    i.wr_dat_start      glcd_mcb1700.o
    0x000057c0   0x00000010   Code   RO          206    i.wr_dat_stop       glcd_mcb1700.o
    0x000057d0   0x0000006c   Code   RO          207    i.wr_reg            glcd_mcb1700.o
    0x0000583c   0x00000150   Code   RO         2557    x$fpl$dadd          fz_ws.l(daddsub_clz.o)
    0x0000598c   0x00000010   Code   RO         2485    x$fpl$dcheck1       fz_ws.l(dcheck1.o)
    0x0000599c   0x000002b0   Code   RO         2564    x$fpl$ddiv          fz_ws.l(ddiv.o)
    0x00005c4c   0x0000005e   Code   RO         2425    x$fpl$dfix          fz_ws.l(dfix.o)
    0x00005caa   0x00000002   PAD
    0x00005cac   0x0000005a   Code   RO         2429    x$fpl$dfixu         fz_ws.l(dfixu.o)
    0x00005d06   0x0000002e   Code   RO         2434    x$fpl$dflt          fz_ws.l(dflt_clz.o)
    0x00005d34   0x00000026   Code   RO         2433    x$fpl$dfltu         fz_ws.l(dflt_clz.o)
    0x00005d5a   0x00000002   PAD
    0x00005d5c   0x00000154   Code   RO         2439    x$fpl$dmul          fz_ws.l(dmul.o)
    0x00005eb0   0x0000009c   Code   RO         2487    x$fpl$dnaninf       fz_ws.l(dnaninf.o)
    0x00005f4c   0x0000000c   Code   RO         2489    x$fpl$dretinf       fz_ws.l(dretinf.o)
    0x00005f58   0x00000016   Code   RO         2558    x$fpl$drsb          fz_ws.l(daddsub_clz.o)
    0x00005f6e   0x00000002   PAD
    0x00005f70   0x000001d4   Code   RO         2559    x$fpl$dsub          fz_ws.l(daddsub_clz.o)
    0x00006144   0x00000056   Code   RO         2441    x$fpl$f2d           fz_ws.l(f2d.o)
    0x0000619a   0x00000002   PAD
    0x0000619c   0x00000026   Code   RO         2443    x$fpl$ffltu         fz_ws.l(fflt_clz.o)
    0x000061c2   0x00000002   PAD
    0x000061c4   0x00000102   Code   RO         2449    x$fpl$fmul          fz_ws.l(fmul.o)
    0x000062c6   0x0000008c   Code   RO         2491    x$fpl$fnaninf       fz_ws.l(fnaninf.o)
    0x00006352   0x0000000a   Code   RO         2493    x$fpl$fretinf       fz_ws.l(fretinf.o)
    0x0000635c   0x00000064   Code   RO         2567    x$fpl$retnan        fz_ws.l(retnan.o)
    0x000063c0   0x0000005c   Code   RO         2451    x$fpl$scalbn        fz_ws.l(scalbn.o)
    0x0000641c   0x00000030   Code   RO         2589    x$fpl$trapveneer    fz_ws.l(trapv.o)
    0x0000644c   0x00000000   Code   RO         2495    x$fpl$usenofp       fz_ws.l(usenofp.o)
    0x0000644c   0x00000050   Data   RO           20    .constdata          main.o
    0x0000649c   0x00001500   Data   RO          166    .constdata          glcd_fonts.o
    0x0000799c   0x00000010   Data   RO          168    .constdata          glcd_fonts.o
    0x000079ac   0x00000002   Data   RO          386    .constdata          rtx_conf_cm.o
    0x000079ae   0x00000002   PAD
    0x000079b0   0x00000004   Data   RO          387    .constdata          rtx_conf_cm.o
    0x000079b4   0x00000004   Data   RO          388    .constdata          rtx_conf_cm.o
    0x000079b8   0x00000004   Data   RO          392    .constdata          rtx_conf_cm.o
    0x000079bc   0x00000001   Data   RO          393    .constdata          rtx_conf_cm.o
    0x000079bd   0x00000003   PAD
    0x000079c0   0x00000010   Data   RO          394    .constdata          rtx_conf_cm.o
    0x000079d0   0x00000002   Data   RO          395    .constdata          rtx_conf_cm.o
    0x000079d2   0x00000002   PAD
    0x000079d4   0x00000004   Data   RO          396    .constdata          rtx_conf_cm.o
    0x000079d8   0x00000004   Data   RO          397    .constdata          rtx_conf_cm.o
    0x000079dc   0x00000001   Data   RO          398    .constdata          rtx_conf_cm.o
    0x000079dd   0x00000003   PAD
    0x000079e0   0x00000010   Data   RO          399    .constdata          rtx_conf_cm.o
    0x000079f0   0x00000008   Data   RO          400    .constdata          rtx_conf_cm.o
    0x000079f8   0x00000002   Data   RO          401    .constdata          rtx_conf_cm.o
    0x000079fa   0x00000002   PAD
    0x000079fc   0x00000010   Data   RO          402    .constdata          rtx_conf_cm.o
    0x00007a0c   0x00000050   Data   RO          487    .constdata          ssp_lpc17xx.o
    0x00007a5c   0x0000002c   Data   RO          488    .constdata          ssp_lpc17xx.o
    0x00007a88   0x000001ec   Data   RO          695    .constdata          uart_lpc17xx.o
    0x00007c74   0x00000008   Data   RO          696    .constdata          uart_lpc17xx.o
    0x00007c7c   0x00000008   Data   RO          697    .constdata          uart_lpc17xx.o
    0x00007c84   0x00000008   Data   RO          698    .constdata          uart_lpc17xx.o
    0x00007c8c   0x00000008   Data   RO          699    .constdata          uart_lpc17xx.o
    0x00007c94   0x00000038   Data   RO          700    .constdata          uart_lpc17xx.o
    0x00007ccc   0x00000011   Data   RO         2408    .constdata          c_w.l(__printf_flags_wp.o)
    0x00007cdd   0x00000003   PAD
    0x00007ce0   0x00000030   Data   RO         2497    .constdata          m_ws.l(cos_i.o)
    0x00007d10   0x000000c8   Data   RO         2515    .constdata          m_ws.l(rred.o)
    0x00007dd8   0x00000028   Data   RO         2519    .constdata          m_ws.l(sin_i.o)
    0x00007e00   0x00000020   Data   RO         2701    Region$$Table       anon$$obj.o


    Execution Region ER_RW (Base: 0x10000000, Size: 0x00000094, Max: 0xffffffff, ABSOLUTE)

    Base Addr    Size         Type   Attr      Idx    E Section Name        Object

    0x10000000   0x00000008   Data   RW           22    .data               main.o
    0x10000008   0x00000020   Data   RW           23    .data               main.o
    0x10000028   0x00000014   Data   RW          208    .data               glcd_mcb1700.o
    0x1000003c   0x00000004   Data   RW          404    .data               rtx_conf_cm.o
    0x10000040   0x00000004   Data   RW          405    .data               rtx_conf_cm.o
    0x10000044   0x00000004   Data   RW          406    .data               rtx_conf_cm.o
    0x10000048   0x00000002   Data   RW          489    .data               ssp_lpc17xx.o
    0x1000004a   0x00000002   Data   RW          490    .data               ssp_lpc17xx.o
    0x1000004c   0x00000002   Data   RW          491    .data               ssp_lpc17xx.o
    0x1000004e   0x00000002   Data   RW          492    .data               ssp_lpc17xx.o
    0x10000050   0x00000008   Data   RW          493    .data               ssp_lpc17xx.o
    0x10000058   0x00000002   Data   RW          702    .data               uart_lpc17xx.o
    0x1000005a   0x00000002   Data   RW          703    .data               uart_lpc17xx.o
    0x1000005c   0x00000002   Data   RW          704    .data               uart_lpc17xx.o
    0x1000005e   0x00000002   Data   RW          705    .data               uart_lpc17xx.o
    0x10000060   0x00000008   Data   RW          957    .data               gpdma_lpc17xx.o
    0x10000068   0x00000004   Data   RW         1136    .data               system_lpc17xx.o
    0x1000006c   0x00000008   Data   RW         1264    .data               RTX_CM3.lib(rt_cmsis.o)
    0x10000074   0x00000008   Data   RW         1804    .data               RTX_CM3.lib(rt_task.o)
    0x1000007c   0x00000008   Data   RW         1923    .data               RTX_CM3.lib(rt_system.o)
    0x10000084   0x00000004   Data   RW         2213    .data               RTX_CM3.lib(rt_time.o)
    0x10000088   0x00000008   Data   RW         2244    .data               RTX_CM3.lib(rt_robin.o)
    0x10000090   0x00000001   Data   RW         2323    .data               RTX_CM3.lib(hal_cm.o)


    Execution Region ER_ZI (Base: 0x10000094, Size: 0x0000264c, Max: 0xffffffff, ABSOLUTE)

    Base Addr    Size         Type   Attr      Idx    E Section Name        Object

    0x10000094   0x00000050   Zero   RW           16    .bss                main.o
    0x100000e4   0x00000010   Zero   RW           17    .bss                main.o
    0x100000f4   0x0000004c   Zero   RW           19    .bss                main.o
    0x10000140   0x00000020   Zero   RW          379    .bss                rtx_conf_cm.o
    0x10000160   0x00000178   Zero   RW          380    .bss                rtx_conf_cm.o
    0x100002d8   0x00001780   Zero   RW          381    .bss                rtx_conf_cm.o
    0x10001a58   0x000004d0   Zero   RW          382    .bss                rtx_conf_cm.o
    0x10001f28   0x00000084   Zero   RW          383    .bss                rtx_conf_cm.o
    0x10001fac   0x0000001c   Zero   RW          384    .bss                rtx_conf_cm.o
    0x10001fc8   0x00000320   Zero   RW          385    .bss                rtx_conf_cm.o
    0x100022e8   0x0000000c   Zero   RW          485    .bss                ssp_lpc17xx.o
    0x100022f4   0x0000001c   Zero   RW          486    .bss                ssp_lpc17xx.o
    0x10002310   0x00000034   Zero   RW          693    .bss                uart_lpc17xx.o
    0x10002344   0x00000034   Zero   RW          694    .bss                uart_lpc17xx.o
    0x10002378   0x000000a0   Zero   RW          956    .bss                gpdma_lpc17xx.o
    0x10002418   0x00000034   Zero   RW         1803    .bss                RTX_CM3.lib(rt_task.o)
    0x1000244c   0x00000030   Zero   RW         2053    .bss                RTX_CM3.lib(rt_list.o)
    0x1000247c   0x00000060   Zero   RW         2381    .bss                c_w.l(libspace.o)
    0x100024dc   0x00000004   PAD
    0x100024e0   0x00000000   Zero   RW         1122    HEAP                startup_lpc17xx.o
    0x100024e0   0x00000200   Zero   RW         1121    STACK               startup_lpc17xx.o


==============================================================================

Image component sizes


      Code (inc. data)   RO Data    RW Data    ZI Data      Debug   Object Name

         0          0       5392          0          0        736   glcd_fonts.o
      2680        104          0         20          0      35325   glcd_mcb1700.o
       862         78          0          8        160       8206   gpdma_lpc17xx.o
       108         18          0          0          0       2258   gpio_lpc17xx.o
       856        116         80         40        172      23939   main.o
       104          4          0          0          0        864   pin_lpc17xx.o
       136         38         84         12       8616       9851   rtx_conf_cm.o
      3092        102        124         16         40      52669   ssp_lpc17xx.o
        64         26        204          0        512       1060   startup_lpc17xx.o
       208         12          0          4          0        895   system_lpc17xx.o
      4468        162        580          8        104      33884   uart_lpc17xx.o

    ----------------------------------------------------------------------
     12588        660       6508        108       9604     169687   Object Totals
         0          0         32          0          0          0   (incl. Generated)
        10          0         12          0          0          0   (incl. Padding)

    ----------------------------------------------------------------------

      Code (inc. data)   RO Data    RW Data    ZI Data      Debug   Library Member Name

       238         24          0          1          0       3268   hal_cm.o
       304         36          0          0          0        760   hal_cm3.o
      2038        210          0          8          0      47073   rt_cmsis.o
       272         18          0          0          0       2618   rt_event.o
       530         34          0          0         48       8169   rt_list.o
       706         14          0          0          0       4731   rt_mailbox.o
       140          0          0          0          0       1901   rt_membox.o
       128          0          0          0          0       2275   rt_memory.o
       352         14          0          0          0       2085   rt_mutex.o
        96         22          0          8          0       1134   rt_robin.o
        52          4          0          0          0        565   rt_semaphore.o
       298         52          0          8          0       6151   rt_system.o
      1216        174          0          8         52       9565   rt_task.o
         6          0          0          4          0        644   rt_time.o
         4          4          0          0          0        200   svc_table.o
         8          0          0          0          0         68   __main.o
       312          4         17          0          0         92   __printf_flags_wp.o
        14          0          0          0          0         68   __printf_wp.o
         0          0          0          0          0          0   __rtentry.o
        20          0          0          0          0          0   __rtentry2.o
         6          0          0          0          0          0   __rtentry4.o
        52          8          0          0          0          0   __scatter.o
        26          0          0          0          0          0   __scatter_copy.o
        28          0          0          0          0          0   __scatter_zi.o
        48          6          0          0          0         96   _printf_char_common.o
         6          0          0          0          0          0   _printf_d.o
       120         16          0          0          0         92   _printf_dec.o
       178          0          0          0          0         88   _printf_intcommon.o
        78          0          0          0          0        108   _printf_pad.o
         0          0          0          0          0          0   _printf_percent.o
         4          0          0          0          0          0   _printf_percent_end.o
        22          0          0          0          0        100   _rserrno.o
        10          0          0          0          0         68   _sputc.o
        18          0          0          0          0         80   exit.o
         6          0          0          0          0        152   heapauxi.o
         0          0          0          0          0          0   indicate_semi.o
         2          0          0          0          0          0   libinit.o
         2          0          0          0          0          0   libinit2.o
         2          0          0          0          0          0   libshutdown.o
         2          0          0          0          0          0   libshutdown2.o
         8          4          0          0         96         68   libspace.o
       238          0          0          0          0        100   lludivv7m.o
        40          6          0          0          0         84   noretval__2sprintf.o
         4          0          0          0          0         68   rt_errno_addr_twolibspace.o
        78          0          0          0          0         80   rt_memclr_w.o
         2          0          0          0          0          0   rtexit.o
        10          0          0          0          0          0   rtexit2.o
        12          4          0          0          0         68   sys_exit.o
        74          0          0          0          0         80   sys_stackheap_outer.o
         2          0          0          0          0         68   use_no_semi.o
       826         16          0          0          0        348   daddsub_clz.o
        16          4          0          0          0         68   dcheck1.o
       688        140          0          0          0        208   ddiv.o
        94          4          0          0          0         92   dfix.o
        90          4          0          0          0         92   dfixu.o
        84          0          0          0          0        136   dflt_clz.o
       340         12          0          0          0        104   dmul.o
       156          4          0          0          0         92   dnaninf.o
        12          0          0          0          0         68   dretinf.o
        86          4          0          0          0         84   f2d.o
        38          0          0          0          0         68   fflt_clz.o
       258          4          0          0          0         84   fmul.o
       140          4          0          0          0         84   fnaninf.o
        10          0          0          0          0         68   fretinf.o
       100          0          0          0          0         68   retnan.o
        92          0          0          0          0         68   scalbn.o
        48          0          0          0          0         68   trapv.o
         0          0          0          0          0          0   usenofp.o
       156          8          0          0          0        104   cos.o
       252         22         48          0          0        124   cos_i.o
        34          6          0          0          0        204   dunder.o
        40          0          0          0          0         68   fpclassify.o
       170          0          0          0          0         96   poly.o
       904         76        200          0          0        140   rred.o
       160         10          0          0          0        108   sin.o
       236         12         40          0          0        128   sin_i.o

    ----------------------------------------------------------------------
     12884        984        308         40        200      95539   Library Totals
        42          0          3          3          4          0   (incl. Padding)

    ----------------------------------------------------------------------

      Code (inc. data)   RO Data    RW Data    ZI Data      Debug   Library Name

      6380        606          0         37        100      91139   RTX_CM3.lib
      1432         48         17          0         96       1628   c_w.l
      3078        196          0          0          0       1800   fz_ws.l
      1952        134        288          0          0        972   m_ws.l

    ----------------------------------------------------------------------
     12884        984        308         40        200      95539   Library Totals

    ----------------------------------------------------------------------

==============================================================================


      Code (inc. data)   RO Data    RW Data    ZI Data      Debug   

     25472       1644       6816        148       9804     251962   Grand Totals
     25472       1644       6816        148       9804     251962   ELF Image Totals
     25472       1644       6816        148          0          0   ROM Totals

==============================================================================

    Total RO  Size (Code + RO Data)                32288 (  31.53kB)
    Total RW  Size (RW Data + ZI Data)              9952 (   9.72kB)
    Total ROM Size (Code + RO Data + RW Data)      32436 (  31.68kB)

==============================================================================

