Component: ARM Compiler 5.06 update 1 (build 61) Tool: armlink [4d35a8]

==============================================================================

Section Cross References

    main.o(i.Init_USART0) refers to uart_lpc17xx.o(.constdata) for Driver_USART0
    main.o(i.Init_USART0) refers to main.o(i.myUSART_callback) for myUSART_callback
    main.o(i.Init_USART1) refers to uart_lpc17xx.o(.constdata) for Driver_USART1
    main.o(i.LidarAffichageGLCD) refers to rt_cmsis.o(i.osMailGet) for osMailGet
    main.o(i.LidarAffichageGLCD) refers to rt_cmsis.o(i.osMailFree) for osMailFree
    main.o(i.LidarAffichageGLCD) refers to f2d.o(x$fpl$f2d) for __aeabi_f2d
    main.o(i.LidarAffichageGLCD) refers to dmul.o(x$fpl$dmul) for __aeabi_dmul
    main.o(i.LidarAffichageGLCD) refers to d2f.o(x$fpl$d2f) for __aeabi_d2f
    main.o(i.LidarAffichageGLCD) refers to cos.o(i.cos) for cos
    main.o(i.LidarAffichageGLCD) refers to sin.o(i.sin) for sin
    main.o(i.LidarAffichageGLCD) refers to faddsub_clz.o(x$fpl$fadd) for __aeabi_fadd
    main.o(i.LidarAffichageGLCD) refers to ffixu.o(x$fpl$ffixu) for __aeabi_f2uiz
    main.o(i.LidarAffichageGLCD) refers to glcd_mcb1700.o(i.GLCD_DrawPixel) for GLCD_DrawPixel
    main.o(i.LidarAffichageGLCD) refers to main.o(.data) for .data
    main.o(i.LidarAffichageUART) refers to _printf_pad.o(.text) for _printf_pre_padding
    main.o(i.LidarAffichageUART) refers to _printf_percent.o(.ARM.Collect$$_printf_percent$$00000000) for _printf_percent
    main.o(i.LidarAffichageUART) refers to _printf_d.o(.ARM.Collect$$_printf_percent$$00000009) for _printf_d
    main.o(i.LidarAffichageUART) refers to _printf_dec.o(.text) for _printf_int_dec
    main.o(i.LidarAffichageUART) refers to noretval__2sprintf.o(.text) for __2sprintf
    main.o(i.LidarAffichageUART) refers to uart_lpc17xx.o(.constdata) for Driver_USART1
    main.o(i.LidarScan) refers to uart_lpc17xx.o(.constdata) for Driver_USART1
    main.o(i.LidarScan) refers to main.o(.data) for .data
    main.o(i.main) refers to glcd_mcb1700.o(i.GLCD_Initialize) for GLCD_Initialize
    main.o(i.main) refers to glcd_mcb1700.o(i.GLCD_SetBackgroundColor) for GLCD_SetBackgroundColor
    main.o(i.main) refers to glcd_mcb1700.o(i.GLCD_ClearScreen) for GLCD_ClearScreen
    main.o(i.main) refers to glcd_mcb1700.o(i.GLCD_SetForegroundColor) for GLCD_SetForegroundColor
    main.o(i.main) refers to glcd_mcb1700.o(i.GLCD_SetFont) for GLCD_SetFont
    main.o(i.main) refers to main.o(i.Init_USART0) for Init_USART0
    main.o(i.main) refers to main.o(i.PWM_Init) for PWM_Init
    main.o(i.main) refers to rt_cmsis.o(i.osKernelInitialize) for osKernelInitialize
    main.o(i.main) refers to rt_cmsis.o(i.osThreadCreate) for osThreadCreate
    main.o(i.main) refers to rt_cmsis.o(i.osMutexCreate) for osMutexCreate
    main.o(i.main) refers to rt_cmsis.o(i.osMailCreate) for osMailCreate
    main.o(i.main) refers to rt_cmsis.o(i.osKernelStart) for osKernelStart
    main.o(i.main) refers to rt_cmsis.o(i.osDelay) for osDelay
    main.o(i.main) refers to glcd_fonts.o(.constdata) for GLCD_Font_16x24
    main.o(i.main) refers to main.o(.constdata) for .constdata
    main.o(i.main) refers to main.o(.data) for .data
    main.o(i.myUART_ThreadR) refers to rt_cmsis.o(i.osSignalWait) for osSignalWait
    main.o(i.myUART_ThreadR) refers to dflt_clz.o(x$fpl$dfltu) for __aeabi_ui2d
    main.o(i.myUART_ThreadR) refers to scalbn.o(x$fpl$scalbn) for __ARM_scalbn
    main.o(i.myUART_ThreadR) refers to d2f.o(x$fpl$d2f) for __aeabi_d2f
    main.o(i.myUART_ThreadR) refers to rt_cmsis.o(i.osMailAlloc) for osMailAlloc
    main.o(i.myUART_ThreadR) refers to rt_cmsis.o(i.osMailPut) for osMailPut
    main.o(i.myUART_ThreadR) refers to uart_lpc17xx.o(.constdata) for Driver_USART0
    main.o(i.myUART_ThreadR) refers to main.o(.data) for .data
    main.o(i.myUART_ThreadT) refers to rt_cmsis.o(i.osSignalWait) for osSignalWait
    main.o(i.myUART_ThreadT) refers to rt_cmsis.o(i.osMutexWait) for osMutexWait
    main.o(i.myUART_ThreadT) refers to rt_cmsis.o(i.osMutexRelease) for osMutexRelease
    main.o(i.myUART_ThreadT) refers to main.o(.data) for .data
    main.o(i.myUART_ThreadT) refers to uart_lpc17xx.o(.constdata) for Driver_USART0
    main.o(i.myUSART_callback) refers to rt_cmsis.o(i.osSignalSet) for osSignalSet
    main.o(i.myUSART_callback) refers to main.o(.data) for .data
    main.o(i.updateDisplay) refers to rt_cmsis.o(i.osSignalWait) for osSignalWait
    main.o(i.updateDisplay) refers to dflt_clz.o(x$fpl$dflt) for __aeabi_i2d
    main.o(i.updateDisplay) refers to cos.o(i.cos) for cos
    main.o(i.updateDisplay) refers to fflt_clz.o(x$fpl$ffltu) for __aeabi_ui2f
    main.o(i.updateDisplay) refers to fmul.o(x$fpl$fmul) for __aeabi_fmul
    main.o(i.updateDisplay) refers to f2d.o(x$fpl$f2d) for __aeabi_f2d
    main.o(i.updateDisplay) refers to dmul.o(x$fpl$dmul) for __aeabi_dmul
[...]
    spi1_pins                                0x10000030   Data           8  glcd_mcb1700.o(.data)
    .data                                    0x10000038   Section        4  rtx_conf_cm.o(.data)
    .data                                    0x1000003c   Section        4  rtx_conf_cm.o(.data)
    .data                                    0x10000040   Section        4  rtx_conf_cm.o(.data)
    .data                                    0x10000044   Section        2  ssp_lpc17xx.o(.data)
    SSP1_pin_sck                             0x10000044   Data           2  ssp_lpc17xx.o(.data)
    .data                                    0x10000046   Section        2  ssp_lpc17xx.o(.data)
    SSP1_pin_miso                            0x10000046   Data           2  ssp_lpc17xx.o(.data)
    .data                                    0x10000048   Section        2  ssp_lpc17xx.o(.data)
    SSP1_pin_mosi                            0x10000048   Data           2  ssp_lpc17xx.o(.data)
    .data                                    0x1000004a   Section        2  ssp_lpc17xx.o(.data)
    SSP1_pin_ssel                            0x1000004a   Data           2  ssp_lpc17xx.o(.data)
    .data                                    0x1000004c   Section        8  ssp_lpc17xx.o(.data)
    dummy_data                               0x1000004c   Data           4  ssp_lpc17xx.o(.data)
    dummy_data                               0x10000050   Data           4  ssp_lpc17xx.o(.data)
    .data                                    0x10000054   Section        2  uart_lpc17xx.o(.data)
    USART0_pin_tx                            0x10000054   Data           2  uart_lpc17xx.o(.data)
    .data                                    0x10000056   Section        2  uart_lpc17xx.o(.data)
    USART0_pin_rx                            0x10000056   Data           2  uart_lpc17xx.o(.data)
    .data                                    0x10000058   Section        2  uart_lpc17xx.o(.data)
    USART1_pin_tx                            0x10000058   Data           2  uart_lpc17xx.o(.data)
    .data                                    0x1000005a   Section        2  uart_lpc17xx.o(.data)
    USART1_pin_rx                            0x1000005a   Data           2  uart_lpc17xx.o(.data)
    .data                                    0x1000005c   Section        8  gpdma_lpc17xx.o(.data)
    Channel_active                           0x1000005c   Data           4  gpdma_lpc17xx.o(.data)
    Init_cnt                                 0x10000060   Data           4  gpdma_lpc17xx.o(.data)
    .data                                    0x10000064   Section        4  system_lpc17xx.o(.data)
    .data                                    0x10000068   Section        8  rt_cmsis.o(.data)
    .data                                    0x10000070   Section        8  rt_task.o(.data)
    .data                                    0x10000078   Section        8  rt_system.o(.data)
    os_lock                                  0x10000078   Data           1  rt_system.o(.data)
    os_psh_flag                              0x10000079   Data           1  rt_system.o(.data)
    pend_flags                               0x1000007a   Data           1  rt_system.o(.data)
    .data                                    0x10000080   Section        4  rt_time.o(.data)
    .data                                    0x10000084   Section        8  rt_robin.o(.data)
    .data                                    0x1000008c   Section        1  hal_cm.o(.data)
    .bss                                     0x10000090   Section       16  main.o(.bss)
    .bss                                     0x100000a0   Section       80  main.o(.bss)
    .bss                                     0x100000f0   Section      204  main.o(.bss)
    .bss                                     0x100001bc   Section       32  rtx_conf_cm.o(.bss)
    .bss                                     0x100001dc   Section      376  rtx_conf_cm.o(.bss)
    .bss                                     0x10000358   Section     6016  rtx_conf_cm.o(.bss)
    .bss                                     0x10001ad8   Section     1232  rtx_conf_cm.o(.bss)
    .bss                                     0x10001fa8   Section      132  rtx_conf_cm.o(.bss)
    .bss                                     0x1000202c   Section       28  rtx_conf_cm.o(.bss)
    .bss                                     0x10002048   Section      800  rtx_conf_cm.o(.bss)
    std_libspace                             0x10002048   Data         672  rtx_conf_cm.o(.bss)
    std_libmutex                             0x100022e8   Data         128  rtx_conf_cm.o(.bss)
    .bss                                     0x10002368   Section       12  ssp_lpc17xx.o(.bss)
    SSP1_Info                                0x10002368   Data          12  ssp_lpc17xx.o(.bss)
    .bss                                     0x10002374   Section       28  ssp_lpc17xx.o(.bss)
    SSP1_Xfer                                0x10002374   Data          28  ssp_lpc17xx.o(.bss)
    .bss                                     0x10002390   Section       52  uart_lpc17xx.o(.bss)
    USART0_Info                              0x10002390   Data          52  uart_lpc17xx.o(.bss)
    .bss                                     0x100023c4   Section       52  uart_lpc17xx.o(.bss)
    USART1_Info                              0x100023c4   Data          52  uart_lpc17xx.o(.bss)
    .bss                                     0x100023f8   Section      160  gpdma_lpc17xx.o(.bss)
    Channel_info                             0x100023f8   Data         160  gpdma_lpc17xx.o(.bss)
    .bss                                     0x10002498   Section       52  rt_task.o(.bss)
    .bss                                     0x100024cc   Section       48  rt_list.o(.bss)
    .bss                                     0x100024fc   Section       96  libspace.o(.bss)
    HEAP                                     0x10002560   Section        0  startup_lpc17xx.o(HEAP)
    STACK                                    0x10002560   Section      512  startup_lpc17xx.o(STACK)
    Heap_Mem                                 0x10002560   Data           0  startup_lpc17xx.o(HEAP)
    Stack_Mem                                0x10002560   Data         512  startup_lpc17xx.o(STACK)
    __initial_sp                             0x10002760   Data           0  startup_lpc17xx.o(STACK)

    Global Symbols

    Symbol Name                              Value     Ov Type        Size  Object(Section)

    BuildAttributes$$THM_ISAv4$P$D$K$B$S$PE$A:L22UL41UL21$X:L11$S22US41US21$IEEE1$IW$USESV6$~STKCKD$USESV7$~SHL$OTIME$ROPI$IEEEX$EBA8$UX$STANDARDLIB$REQ8$PRES8$EABIv2 0x00000000   Number         0  anon$$obj.o ABSOLUTE
    __ARM_use_no_argv                        0x00000000   Number         0  main.o ABSOLUTE
    __Vectors                                0x00000000   Data           4  startup_lpc17xx.o(RESET)
    _printf_flags                            0x00000000   Number         0  printf_stubs.o ABSOLUTE
    _printf_return_value                     0x00000000   Number         0  printf_stubs.o ABSOLUTE
    _printf_sizespec                         0x00000000   Number         0  printf_stubs.o ABSOLUTE
    _printf_widthprec                        0x00000000   Number         0  printf_stubs.o ABSOLUTE
    __ARM_exceptions_init                     - Undefined Weak Reference
    __alloca_initialize                       - Undefined Weak Reference
    __arm_preinit_                            - Undefined Weak Reference
    __cpp_initialize__aeabi_                  - Undefined Weak Reference
    __cxa_finalize                            - Undefined Weak Reference
    __rt_locale                               - Undefined Weak Reference
    __sigvec_lookup                           - Undefined Weak Reference
    _atexit_init                              - Undefined Weak Reference
    _call_atexit_fns                          - Undefined Weak Reference
    _clock_init                               - Undefined Weak Reference
    _fp_trap_init                             - Undefined Weak Reference
    _fp_trap_shutdown                         - Undefined Weak Reference
    _get_lc_collate                           - Undefined Weak Reference
    _get_lc_ctype                             - Undefined Weak Reference
    _get_lc_monetary                          - Undefined Weak Reference
    _get_lc_numeric                           - Undefined Weak Reference
    _get_lc_time                              - Undefined Weak Reference
    _getenv_init                              - Undefined Weak Reference
    _handle_redirection                       - Undefined Weak Reference
    _init_alloc                               - Undefined Weak Reference
    _init_user_alloc                          - Undefined Weak Reference
    _initio                                   - Undefined Weak Reference
    _printf_truncate_signed                   - Undefined Weak Reference
    _printf_truncate_unsigned                 - Undefined Weak Reference
    _rand_init                                - Undefined Weak Reference
    _signal_finish                            - Undefined Weak Reference
    _signal_init                              - Undefined Weak Reference
    _terminate_alloc                          - Undefined Weak Reference
    _terminate_user_alloc                     - Undefined Weak Reference
    _terminateio                              - Undefined Weak Reference
    __main                                   0x000000cd   Thumb Code     8  __main.o(!!!main)
    __scatterload                            0x000000d5   Thumb Code     0  __scatter.o(!!!scatter)
    __scatterload_rt2                        0x000000d5   Thumb Code    44  __scatter.o(!!!scatter)
    __scatterload_rt2_thumb_only             0x000000d5   Thumb Code     0  __scatter.o(!!!scatter)
    __scatterload_null                       0x000000e3   Thumb Code     0  __scatter.o(!!!scatter)
    __scatterload_copy                       0x00000109   Thumb Code    26  __scatter_copy.o(!!handler_copy)
    __scatterload_zeroinit                   0x00000125   Thumb Code    28  __scatter_zi.o(!!handler_zi)
    __rt_lib_init                            0x00000141   Thumb Code     0  libinit.o(.ARM.Collect$$libinit$$00000000)
    __rt_lib_init_alloca_1                   0x00000143   Thumb Code     0  libinit2.o(.ARM.Collect$$libinit$$0000002E)
    __rt_lib_init_argv_1                     0x00000143   Thumb Code     0  libinit2.o(.ARM.Collect$$libinit$$0000002C)
    __rt_lib_init_atexit_1                   0x00000143   Thumb Code     0  libinit2.o(.ARM.Collect$$libinit$$0000001B)
    __rt_lib_init_clock_1                    0x00000143   Thumb Code     0  libinit2.o(.ARM.Collect$$libinit$$00000021)
    __rt_lib_init_cpp_1                      0x00000143   Thumb Code     0  libinit2.o(.ARM.Collect$$libinit$$00000032)
    __rt_lib_init_exceptions_1               0x00000143   Thumb Code     0  libinit2.o(.ARM.Collect$$libinit$$00000030)
    __rt_lib_init_fp_1                       0x00000143   Thumb Code     0  libinit2.o(.ARM.Collect$$libinit$$00000002)
    __rt_lib_init_fp_trap_1                  0x00000143   Thumb Code     0  libinit2.o(.ARM.Collect$$libinit$$0000001F)
    __rt_lib_init_getenv_1                   0x00000143   Thumb Code     0  libinit2.o(.ARM.Collect$$libinit$$00000023)
    __rt_lib_init_heap_1                     0x00000143   Thumb Code     0  libinit2.o(.ARM.Collect$$libinit$$0000000A)
    __rt_lib_init_lc_collate_1               0x00000143   Thumb Code     0  libinit2.o(.ARM.Collect$$libinit$$00000011)
    __rt_lib_init_lc_ctype_1                 0x00000143   Thumb Code     0  libinit2.o(.ARM.Collect$$libinit$$00000013)
    __rt_lib_init_lc_monetary_1              0x00000143   Thumb Code     0  libinit2.o(.ARM.Collect$$libinit$$00000015)
    __rt_lib_init_lc_numeric_1               0x00000143   Thumb Code     0  libinit2.o(.ARM.Collect$$libinit$$00000017)
    __rt_lib_init_lc_time_1                  0x00000143   Thumb Code     0  libinit2.o(.ARM.Collect$$libinit$$00000019)
    __rt_lib_init_preinit_1                  0x00000143   Thumb Code     0  libinit2.o(.ARM.Collect$$libinit$$00000004)
    __rt_lib_init_rand_1                     0x00000143   Thumb Code     0  libinit2.o(.ARM.Collect$$libinit$$0000000E)
    __rt_lib_init_return                     0x00000143   Thumb Code     0  libinit2.o(.ARM.Collect$$libinit$$00000033)
    __rt_lib_init_signal_1                   0x00000143   Thumb Code     0  libinit2.o(.ARM.Collect$$libinit$$0000001D)
    __rt_lib_init_stdio_1                    0x00000143   Thumb Code     0  libinit2.o(.ARM.Collect$$libinit$$00000025)
    __rt_lib_init_user_alloc_1               0x00000143   Thumb Code     0  libinit2.o(.ARM.Collect$$libinit$$0000000C)
    __rt_lib_shutdown                        0x00000145   Thumb Code     0  libshutdown.o(.ARM.Collect$$libshutdown$$00000000)
    __rt_lib_shutdown_cpp_1                  0x00000147   Thumb Code     0  libshutdown2.o(.ARM.Collect$$libshutdown$$00000002)
    __rt_lib_shutdown_fp_trap_1              0x00000147   Thumb Code     0  libshutdown2.o(.ARM.Collect$$libshutdown$$00000007)
    __rt_lib_shutdown_heap_1                 0x00000147   Thumb Code     0  libshutdown2.o(.ARM.Collect$$libshutdown$$0000000F)
    __rt_lib_shutdown_return                 0x00000147   Thumb Code     0  libshutdown2.o(.ARM.Collect$$libshutdown$$00000010)
    __rt_lib_shutdown_signal_1               0x00000147   Thumb Code     0  libshutdown2.o(.ARM.Collect$$libshutdown$$0000000A)
    __rt_lib_shutdown_stdio_1                0x00000147   Thumb Code     0  libshutdown2.o(.ARM.Collect$$libshutdown$$00000004)
    __rt_lib_shutdown_user_alloc_1           0x00000147   Thumb Code     0  libshutdown2.o(.ARM.Collect$$libshutdown$$0000000C)
    __rt_entry                               0x00000149   Thumb Code     0  __rtentry.o(.ARM.Collect$$rtentry$$00000000)
    __rt_entry_presh_1                       0x00000149   Thumb Code     0  __rtentry2.o(.ARM.Collect$$rtentry$$00000002)
    __rt_entry_sh                            0x00000149   Thumb Code     0  __rtentry4.o(.ARM.Collect$$rtentry$$00000004)
    __rt_entry_li                            0x0000014f   Thumb Code     0  __rtentry2.o(.ARM.Collect$$rtentry$$0000000A)
    __rt_entry_postsh_1                      0x0000014f   Thumb Code     0  __rtentry2.o(.ARM.Collect$$rtentry$$00000009)
    __rt_entry_postli_1                      0x00000153   Thumb Code     0  __rtentry2.o(.ARM.Collect$$rtentry$$0000000B)
    __rt_entry_main                          0x0000015b   Thumb Code     0  __rtentry2.o(.ARM.Collect$$rtentry$$0000000D)
    __rt_exit                                0x00000163   Thumb Code     0  rtexit.o(.ARM.Collect$$rtexit$$00000000)
    __rt_exit_ls                             0x00000165   Thumb Code     0  rtexit2.o(.ARM.Collect$$rtexit$$00000003)
    __rt_exit_prels_1                        0x00000165   Thumb Code     0  rtexit2.o(.ARM.Collect$$rtexit$$00000002)
    __rt_exit_exit                           0x00000169   Thumb Code     0  rtexit2.o(.ARM.Collect$$rtexit$$00000004)
    _platform_post_lib_init                  0x00000171   Thumb Code    24  rtx_conf_cm.o(.emb_text)
    rt_set_PSP                               0x0000018d   Thumb Code     6  hal_cm3.o(.emb_text)
    rt_get_PSP                               0x00000193   Thumb Code     6  hal_cm3.o(.emb_text)
    os_set_env                               0x00000199   Thumb Code    24  hal_cm3.o(.emb_text)
    _alloc_box                               0x000001b5   Thumb Code    28  hal_cm3.o(.emb_text)
    _free_box                                0x000001d5   Thumb Code    28  hal_cm3.o(.emb_text)
    SVC_Handler                              0x000001f5   Thumb Code   108  hal_cm3.o(.emb_text)
    PendSV_Handler                           0x0000026d   Thumb Code    56  hal_cm3.o(.emb_text)
    SysTick_Handler                          0x000002a9   Thumb Code     8  hal_cm3.o(.emb_text)
    OS_Tick_Handler                          0x000002b1   Thumb Code    12  hal_cm3.o(.emb_text)
    Reset_Handler                            0x000002bd   Thumb Code     8  startup_lpc17xx.o(.text)
    NMI_Handler                              0x000002c5   Thumb Code     2  startup_lpc17xx.o(.text)
    HardFault_Handler                        0x000002c7   Thumb Code     2  startup_lpc17xx.o(.text)
    MemManage_Handler                        0x000002c9   Thumb Code     2  startup_lpc17xx.o(.text)
    BusFault_Handler                         0x000002cb   Thumb Code     2  startup_lpc17xx.o(.text)
    UsageFault_Handler                       0x000002cd   Thumb Code     2  startup_lpc17xx.o(.text)
    DebugMon_Handler                         0x000002d1   Thumb Code     2  startup_lpc17xx.o(.text)
    ADC_IRQHandler                           0x000002d7   Thumb Code     0  startup_lpc17xx.o(.text)
    BOD_IRQHandler                           0x000002d7   Thumb Code     0  startup_lpc17xx.o(.text)
    CANActivity_IRQHandler                   0x000002d7   Thumb Code     0  startup_lpc17xx.o(.text)
    CAN_IRQHandler                           0x000002d7   Thumb Code     0  startup_lpc17xx.o(.text)
    EINT0_IRQHandler                         0x000002d7   Thumb Code     0  startup_lpc17xx.o(.text)
    EINT1_IRQHandler                         0x000002d7   Thumb Code     0  startup_lpc17xx.o(.text)
    EINT2_IRQHandler                         0x000002d7   Thumb Code     0  startup_lpc17xx.o(.text)
    EINT3_IRQHandler                         0x000002d7   Thumb Code     0  startup_lpc17xx.o(.text)
    ENET_IRQHandler                          0x000002d7   Thumb Code     0  startup_lpc17xx.o(.text)
    I2C0_IRQHandler                          0x000002d7   Thumb Code     0  startup_lpc17xx.o(.text)
    I2C1_IRQHandler                          0x000002d7   Thumb Code     0  startup_lpc17xx.o(.text)
    I2C2_IRQHandler                          0x000002d7   Thumb Code     0  startup_lpc17xx.o(.text)
    I2S_IRQHandler                           0x000002d7   Thumb Code     0  startup_lpc17xx.o(.text)
    MCPWM_IRQHandler                         0x000002d7   Thumb Code     0  startup_lpc17xx.o(.text)
    PLL0_IRQHandler                          0x000002d7   Thumb Code     0  startup_lpc17xx.o(.text)
    PLL1_IRQHandler                          0x000002d7   Thumb Code     0  startup_lpc17xx.o(.text)
    PWM1_IRQHandler                          0x000002d7   Thumb Code     0  startup_lpc17xx.o(.text)
    QEI_IRQHandler                           0x000002d7   Thumb Code     0  startup_lpc17xx.o(.text)
    RIT_IRQHandler                           0x000002d7   Thumb Code     0  startup_lpc17xx.o(.text)
    RTC_IRQHandler                           0x000002d7   Thumb Code     0  startup_lpc17xx.o(.text)
    SPI_IRQHandler                           0x000002d7   Thumb Code     0  startup_lpc17xx.o(.text)
    SSP0_IRQHandler                          0x000002d7   Thumb Code     0  startup_lpc17xx.o(.text)
    TIMER0_IRQHandler                        0x000002d7   Thumb Code     0  startup_lpc17xx.o(.text)
    TIMER1_IRQHandler                        0x000002d7   Thumb Code     0  startup_lpc17xx.o(.text)
    TIMER2_IRQHandler                        0x000002d7   Thumb Code     0  startup_lpc17xx.o(.text)
    TIMER3_IRQHandler                        0x000002d7   Thumb Code     0  startup_lpc17xx.o(.text)
    UART2_IRQHandler                         0x000002d7   Thumb Code     0  startup_lpc17xx.o(.text)
    UART3_IRQHandler                         0x000002d7   Thumb Code     0  startup_lpc17xx.o(.text)
    USBActivity_IRQHandler                   0x000002d7   Thumb Code     0  startup_lpc17xx.o(.text)
    USB_IRQHandler                           0x000002d7   Thumb Code     0  startup_lpc17xx.o(.text)
    WDT_IRQHandler                           0x000002d7   Thumb Code     0  startup_lpc17xx.o(.text)
    __user_initial_stackheap                 0x000002d9   Thumb Code     0  startup_lpc17xx.o(.text)
    __aeabi_errno_addr                       0x000002f9   Thumb Code     4  rt_errno_addr_twolibspace.o(.text)
    __errno$twolibspace                      0x000002f9   Thumb Code     0  rt_errno_addr_twolibspace.o(.text)
    __rt_errno_addr$twolibspace              0x000002f9   Thumb Code     0  rt_errno_addr_twolibspace.o(.text)
    __user_libspace                          0x00000301   Thumb Code     8  libspace.o(.text)
    __user_perproc_libspace                  0x00000301   Thumb Code     0  libspace.o(.text)
    __aeabi_uldivmod                         0x00000309   Thumb Code     0  lludivv7m.o(.text)
    _ll_udiv                                 0x00000309   Thumb Code   238  lludivv7m.o(.text)
    exit                                     0x000003f7   Thumb Code    18  exit.o(.text)
    __aeabi_memclr4                          0x00000409   Thumb Code     0  rt_memclr_w.o(.text)
    __aeabi_memclr8                          0x00000409   Thumb Code     0  rt_memclr_w.o(.text)
    __rt_memclr_w                            0x00000409   Thumb Code    78  rt_memclr_w.o(.text)
    _memset_w                                0x0000040d   Thumb Code     0  rt_memclr_w.o(.text)
    __use_two_region_memory                  0x00000457   Thumb Code     2  heapauxi.o(.text)
    __rt_heap_escrow$2region                 0x00000459   Thumb Code     2  heapauxi.o(.text)
    __rt_heap_expand$2region                 0x0000045b   Thumb Code     2  heapauxi.o(.text)
    __read_errno                             0x0000045d   Thumb Code    10  _rserrno.o(.text)
    __set_errno                              0x00000467   Thumb Code    12  _rserrno.o(.text)
    _sys_exit                                0x00000475   Thumb Code     8  sys_exit.o(.text)
    __user_setup_stackheap                   0x00000481   Thumb Code    74  sys_stackheap_outer.o(.text)
    __RL_RTX_VER                             0x00000482   Number         0  rt_system.o ABSOLUTE
    __I$use$semihosting                      0x000004cb   Thumb Code     0  use_no_semi.o(.text)
    __use_no_semihosting_swi                 0x000004cb   Thumb Code     2  use_no_semi.o(.text)
    SVC_Count                                0x000004cc   Data           4  svc_table.o(SVC_TABLE)
    __semihosting_library_function           0x000004cd   Thumb Code     0  indicate_semi.o(.text)
    SVC_Table                                0x000004d0   Data           0  svc_table.o(SVC_TABLE)
    DMA_IRQHandler                           0x000004ed   Thumb Code   220  gpdma_lpc17xx.o(i.DMA_IRQHandler)
    GLCD_ClearScreen                         0x000005d5   Thumb Code    44  glcd_mcb1700.o(i.GLCD_ClearScreen)
    GLCD_DrawPixel                           0x00000605   Thumb Code   160  glcd_mcb1700.o(i.GLCD_DrawPixel)
    GLCD_Initialize                          0x000006ad   Thumb Code  1454  glcd_mcb1700.o(i.GLCD_Initialize)
    GLCD_SetBackgroundColor                  0x00000c5d   Thumb Code     8  glcd_mcb1700.o(i.GLCD_SetBackgroundColor)
    GLCD_SetFont                             0x00000c69   Thumb Code     8  glcd_mcb1700.o(i.GLCD_SetFont)
    GLCD_SetForegroundColor                  0x00000c75   Thumb Code     8  glcd_mcb1700.o(i.GLCD_SetForegroundColor)
    GLCD_SetWindow                           0x00000c81   Thumb Code   148  glcd_mcb1700.o(i.GLCD_SetWindow)
    GLCD_WindowMax                           0x00000d19   Thumb Code    14  glcd_mcb1700.o(i.GLCD_WindowMax)
    GPDMA_ChannelConfigure                   0x00000d29   Thumb Code   186  gpdma_lpc17xx.o(i.GPDMA_ChannelConfigure)
    GPDMA_ChannelDisable                     0x00000df1   Thumb Code    40  gpdma_lpc17xx.o(i.GPDMA_ChannelDisable)
    GPDMA_ChannelGetCount                    0x00000e1d   Thumb Code    38  gpdma_lpc17xx.o(i.GPDMA_ChannelGetCount)
    GPDMA_Initialize                         0x00000e4d   Thumb Code    98  gpdma_lpc17xx.o(i.GPDMA_Initialize)
    GPDMA_PeripheralSelect                   0x00000ec1   Thumb Code    48  gpdma_lpc17xx.o(i.GPDMA_PeripheralSelect)
    GPDMA_Uninitialize                       0x00000ef5   Thumb Code    64  gpdma_lpc17xx.o(i.GPDMA_Uninitialize)
    GPIO_PinRead                             0x00000f3d   Thumb Code    20  gpio_lpc17xx.o(i.GPIO_PinRead)
    GPIO_PinWrite                            0x00000f55   Thumb Code    20  gpio_lpc17xx.o(i.GPIO_PinWrite)
    GPIO_PortClock                           0x00000f6d   Thumb Code    24  gpio_lpc17xx.o(i.GPIO_PortClock)
    GPIO_SetDir                              0x00000f89   Thumb Code    26  gpio_lpc17xx.o(i.GPIO_SetDir)
    Init_USART0                              0x00001021   Thumb Code    46  main.o(i.Init_USART0)
    LidarAffichageGLCD                       0x00001059   Thumb Code   204  main.o(i.LidarAffichageGLCD)
    PIN_Configure                            0x0000114d   Thumb Code   100  pin_lpc17xx.o(i.PIN_Configure)
    PWM_Init                                 0x000011b5   Thumb Code    44  main.o(i.PWM_Init)
    SSP1_GPDMA_Rx_SignalEvent                0x000011f5   Thumb Code     6  ssp_lpc17xx.o(i.SSP1_GPDMA_Rx_SignalEvent)
    SSP1_GPDMA_Tx_SignalEvent                0x00001201   Thumb Code     6  ssp_lpc17xx.o(i.SSP1_GPDMA_Tx_SignalEvent)
    SSP1_IRQHandler                          0x00001281   Thumb Code     6  ssp_lpc17xx.o(i.SSP1_IRQHandler)
    SSPx_GPDMA_Rx_SignalEvent                0x000016d1   Thumb Code    30  ssp_lpc17xx.o(i.SSPx_GPDMA_Rx_SignalEvent)
    SSPx_GPDMA_Tx_SignalEvent                0x000016ef   Thumb Code    12  ssp_lpc17xx.o(i.SSPx_GPDMA_Tx_SignalEvent)
    SystemInit                               0x00001dd5   Thumb Code   196  system_lpc17xx.o(i.SystemInit)
    UART0_IRQHandler                         0x00001ea5   Thumb Code     6  uart_lpc17xx.o(i.UART0_IRQHandler)
    UART1_IRQHandler                         0x00001eb1   Thumb Code     6  uart_lpc17xx.o(i.UART1_IRQHandler)
    USART0_GPDMA_Rx_Event                    0x00001ec9   Thumb Code     6  uart_lpc17xx.o(i.USART0_GPDMA_Rx_Event)
    USART0_GPDMA_Tx_Event                    0x00001ed5   Thumb Code     6  uart_lpc17xx.o(i.USART0_GPDMA_Tx_Event)
    USART1_GPDMA_Rx_Event                    0x00001f71   Thumb Code     6  uart_lpc17xx.o(i.USART1_GPDMA_Rx_Event)
    USART1_GPDMA_Tx_Event                    0x00001f7d   Thumb Code     6  uart_lpc17xx.o(i.USART1_GPDMA_Tx_Event)
    USART_SetBaudrate                        0x00002d65   Thumb Code   204  uart_lpc17xx.o(i.USART_SetBaudrate)
    __ARM_fpclassify                         0x00002fc5   Thumb Code    40  fpclassify.o(i.__ARM_fpclassify)
    __ieee754_rem_pio2                       0x0000303d   Thumb Code   828  rred.o(i.__ieee754_rem_pio2)
    __kernel_cos                             0x000033c5   Thumb Code   230  cos_i.o(i.__kernel_cos)
    __kernel_poly                            0x000034c1   Thumb Code   170  poly.o(i.__kernel_poly)
    __kernel_sin                             0x0000356d   Thumb Code   224  sin_i.o(i.__kernel_sin)
    __mathlib_dbl_infnan                     0x00003659   Thumb Code     6  dunder.o(i.__mathlib_dbl_infnan)
    __mathlib_dbl_invalid                    0x0000365f   Thumb Code    12  dunder.o(i.__mathlib_dbl_invalid)
    __mathlib_dbl_underflow                  0x0000366d   Thumb Code    10  dunder.o(i.__mathlib_dbl_underflow)
    __user_perthread_libspace                0x0000367d   Thumb Code    32  rtx_conf_cm.o(i.__user_perthread_libspace)
    _init_box                                0x000036a9   Thumb Code    70  rt_membox.o(i._init_box)
    _mutex_acquire                           0x000036f1   Thumb Code    22  rtx_conf_cm.o(i._mutex_acquire)
    _mutex_release                           0x00003711   Thumb Code    18  rtx_conf_cm.o(i._mutex_release)
    cos                                      0x0000372d   Thumb Code   148  cos.o(i.cos)
    dbg_init                                 0x000037c9   Thumb Code    34  hal_cm.o(i.dbg_init)
    dbg_task_notify                          0x000037f9   Thumb Code    32  hal_cm.o(i.dbg_task_notify)
    dbg_task_switch                          0x00003819   Thumb Code    16  hal_cm.o(i.dbg_task_switch)
    isrMessageGet                            0x00003851   Thumb Code    42  rt_cmsis.o(i.isrMessageGet)
    isrMessagePut                            0x0000387b   Thumb Code    44  rt_cmsis.o(i.isrMessagePut)
    isrSignalSet                             0x000038a7   Thumb Code    36  rt_cmsis.o(i.isrSignalSet)
    isr_evt_set                              0x000038cd   Thumb Code    34  rt_event.o(i.isr_evt_set)
    isr_mbx_receive                          0x000038f5   Thumb Code    86  rt_mailbox.o(i.isr_mbx_receive)
    isr_mbx_send                             0x0000394b   Thumb Code    14  rt_mailbox.o(i.isr_mbx_send)
    main                                     0x00003959   Thumb Code   104  main.o(i.main)
    myUART_ThreadR                           0x000039cd   Thumb Code   148  main.o(i.myUART_ThreadR)
    myUSART_callback                         0x00003a69   Thumb Code    36  main.o(i.myUSART_callback)
    osDelay                                  0x00003a91   Thumb Code    18  rt_cmsis.o(i.osDelay)
    osKernelInitialize                       0x00003aa9   Thumb Code    30  rt_cmsis.o(i.osKernelInitialize)
    osKernelStart                            0x00003acd   Thumb Code    98  rt_cmsis.o(i.osKernelStart)
    osMailAlloc                              0x00003b39   Thumb Code    22  rt_cmsis.o(i.osMailAlloc)
    osMailCreate                             0x00003b55   Thumb Code    36  rt_cmsis.o(i.osMailCreate)
    osMailFree                               0x00003b81   Thumb Code    22  rt_cmsis.o(i.osMailFree)
    osMailGet                                0x00003b9d   Thumb Code    22  rt_cmsis.o(i.osMailGet)
    osMailPut                                0x00003bb3   Thumb Code    20  rt_cmsis.o(i.osMailPut)
    osMessageGet                             0x00003bc9   Thumb Code    18  rt_cmsis.o(i.osMessageGet)
    osMessagePut                             0x00003be1   Thumb Code    18  rt_cmsis.o(i.osMessagePut)
    osMutexCreate                            0x00003bf9   Thumb Code    36  rt_cmsis.o(i.osMutexCreate)
    osSignalSet                              0x00003c25   Thumb Code    18  rt_cmsis.o(i.osSignalSet)
    osSignalWait                             0x00003c3d   Thumb Code    18  rt_cmsis.o(i.osSignalWait)
    osThreadCreate                           0x00003c55   Thumb Code    36  rt_cmsis.o(i.osThreadCreate)
    osThreadExit                             0x00003c81   Thumb Code    14  rt_cmsis.o(i.osThreadExit)
    osTimerCall                              0x00003c99   Thumb Code     8  rt_cmsis.o(i.osTimerCall)
    osTimerThread                            0x00003ca5   Thumb Code    38  rt_cmsis.o(i.osTimerThread)
    os_error                                 0x00003cd1   Thumb Code     2  rtx_conf_cm.o(i.os_error)
    os_idle_demon                            0x00003cd3   Thumb Code     2  rtx_conf_cm.o(i.os_idle_demon)
    os_tick_init                             0x00003cd5   Thumb Code    32  rt_system.o(i.os_tick_init)
    os_tick_irqack                           0x00003cfd   Thumb Code     2  rt_system.o(i.os_tick_irqack)
    rt_alloc_box                             0x00003db1   Thumb Code    26  rt_membox.o(i.rt_alloc_box)
    rt_alloc_mem                             0x00003dcb   Thumb Code    62  rt_memory.o(i.rt_alloc_mem)
    rt_block                                 0x00003e09   Thumb Code    48  rt_task.o(i.rt_block)
    rt_chk_robin                             0x00003e41   Thumb Code    60  rt_robin.o(i.rt_chk_robin)
    rt_dec_dly                               0x00003e89   Thumb Code   102  rt_list.o(i.rt_dec_dly)
    rt_dispatch                              0x00003ef9   Thumb Code    60  rt_task.o(i.rt_dispatch)
    rt_dly_wait                              0x00003f3d   Thumb Code     6  rt_time.o(i.rt_dly_wait)
    rt_evt_psh                               0x00003f45   Thumb Code    76  rt_event.o(i.rt_evt_psh)
    rt_evt_set                               0x00003f95   Thumb Code    88  rt_event.o(i.rt_evt_set)
    rt_evt_wait                              0x00003ff1   Thumb Code    56  rt_event.o(i.rt_evt_wait)
    rt_free_box                              0x0000402d   Thumb Code    44  rt_membox.o(i.rt_free_box)
    rt_free_mem                              0x00004059   Thumb Code    40  rt_memory.o(i.rt_free_mem)
    rt_get_first                             0x00004081   Thumb Code    40  rt_list.o(i.rt_get_first)
    rt_init_mem                              0x000040f9   Thumb Code    26  rt_memory.o(i.rt_init_mem)
    rt_init_robin                            0x00004115   Thumb Code    14  rt_robin.o(i.rt_init_robin)
    rt_init_stack                            0x0000412d   Thumb Code   118  hal_cm.o(i.rt_init_stack)
    rt_mbx_check                             0x000041ad   Thumb Code     8  rt_mailbox.o(i.rt_mbx_check)
    rt_mbx_init                              0x000041b5   Thumb Code    26  rt_mailbox.o(i.rt_mbx_init)
    rt_mbx_psh                               0x000041d1   Thumb Code   236  rt_mailbox.o(i.rt_mbx_psh)
    rt_mbx_send                              0x000042c1   Thumb Code   148  rt_mailbox.o(i.rt_mbx_send)
    rt_mbx_wait                              0x00004359   Thumb Code   174  rt_mailbox.o(i.rt_mbx_wait)
    rt_mut_init                              0x00004451   Thumb Code    16  rt_mutex.o(i.rt_mut_init)
    rt_mut_release                           0x00004461   Thumb Code   208  rt_mutex.o(i.rt_mut_release)
    rt_mut_wait                              0x00004539   Thumb Code   114  rt_mutex.o(i.rt_mut_wait)
    rt_pop_req                               0x000045b1   Thumb Code   112  rt_system.o(i.rt_pop_req)
    rt_psh_req                               0x0000462d   Thumb Code    22  rt_system.o(i.rt_psh_req)
    rt_psq_enq                               0x0000464d   Thumb Code    88  rt_list.o(i.rt_psq_enq)
    rt_put_dly                               0x000046a9   Thumb Code    68  rt_list.o(i.rt_put_dly)
    rt_put_prio                              0x000046f1   Thumb Code    54  rt_list.o(i.rt_put_prio)
    rt_put_rdy_first                         0x00004729   Thumb Code    14  rt_list.o(i.rt_put_rdy_first)
    rt_resort_prio                           0x0000473d   Thumb Code    46  rt_list.o(i.rt_resort_prio)
    rt_ret_val                               0x00004771   Thumb Code     6  hal_cm.o(i.rt_ret_val)
    rt_ret_val2                              0x00004777   Thumb Code     8  hal_cm.o(i.rt_ret_val2)
    rt_rmv_dly                               0x0000477f   Thumb Code    40  rt_list.o(i.rt_rmv_dly)
    rt_rmv_list                              0x000047a9   Thumb Code    44  rt_list.o(i.rt_rmv_list)
    rt_sem_psh                               0x000047d9   Thumb Code    48  rt_semaphore.o(i.rt_sem_psh)
    rt_stk_check                             0x0000480d   Thumb Code    28  rt_system.o(i.rt_stk_check)
    rt_switch_req                            0x00004831   Thumb Code    30  rt_task.o(i.rt_switch_req)
    rt_sys_init                              0x00004859   Thumb Code   138  rt_task.o(i.rt_sys_init)
    rt_sys_start                             0x00004925   Thumb Code   110  rt_task.o(i.rt_sys_start)
    rt_systick                               0x0000499d   Thumb Code    50  rt_system.o(i.rt_systick)
    rt_tsk_create                            0x00004a25   Thumb Code   118  rt_task.o(i.rt_tsk_create)
    rt_tsk_delete                            0x00004aad   Thumb Code   352  rt_task.o(i.rt_tsk_delete)
    rt_tsk_prio                              0x00004c29   Thumb Code   108  rt_task.o(i.rt_tsk_prio)
    rt_tsk_self                              0x00004ca5   Thumb Code    12  rt_task.o(i.rt_tsk_self)
    sin                                      0x00004cb5   Thumb Code   150  sin.o(i.sin)
    svcDelay                                 0x00004df5   Thumb Code    18  rt_cmsis.o(i.svcDelay)
    svcKernelInitialize                      0x00004e09   Thumb Code    80  rt_cmsis.o(i.svcKernelInitialize)
    svcKernelStart                           0x00004e79   Thumb Code    62  rt_cmsis.o(i.svcKernelStart)
    svcMailCreate                            0x00004ec1   Thumb Code    66  rt_cmsis.o(i.svcMailCreate)
    svcMessageCreate                         0x00004f03   Thumb Code    36  rt_cmsis.o(i.svcMessageCreate)
    svcMessageGet                            0x00004f27   Thumb Code    58  rt_cmsis.o(i.svcMessageGet)
    svcMessagePut                            0x00004f61   Thumb Code    54  rt_cmsis.o(i.svcMessagePut)
    svcMutexCreate                           0x00004f97   Thumb Code    28  rt_cmsis.o(i.svcMutexCreate)
    svcSignalSet                             0x00004fb3   Thumb Code    36  rt_cmsis.o(i.svcSignalSet)
    svcSignalWait                            0x00004fd9   Thumb Code    80  rt_cmsis.o(i.svcSignalWait)
    svcThreadCreate                          0x0000502d   Thumb Code    96  rt_cmsis.o(i.svcThreadCreate)
    svcThreadGetId                           0x00005099   Thumb Code    22  rt_cmsis.o(i.svcThreadGetId)
    svcThreadTerminate                       0x000050b5   Thumb Code    50  rt_cmsis.o(i.svcThreadTerminate)
    svcTimerCall                             0x000050ed   Thumb Code    24  rt_cmsis.o(i.svcTimerCall)
    sysMailAlloc                             0x00005105   Thumb Code    84  rt_cmsis.o(i.sysMailAlloc)
    sysMailFree                              0x0000515d   Thumb Code    96  rt_cmsis.o(i.sysMailFree)
    sysTimerTick                             0x000051bd   Thumb Code    84  rt_cmsis.o(i.sysTimerTick)
    updateDisplay                            0x00005219   Thumb Code   158  main.o(i.updateDisplay)
    __aeabi_d2f                              0x000053b5   Thumb Code     0  d2f.o(x$fpl$d2f)
    _d2f                                     0x000053b5   Thumb Code    98  d2f.o(x$fpl$d2f)
    __aeabi_dadd                             0x00005419   Thumb Code     0  daddsub_clz.o(x$fpl$dadd)
    _dadd                                    0x00005419   Thumb Code   332  daddsub_clz.o(x$fpl$dadd)
    __fpl_dcheck_NaN1                        0x00005569   Thumb Code    10  dcheck1.o(x$fpl$dcheck1)
    __aeabi_ddiv                             0x00005579   Thumb Code     0  ddiv.o(x$fpl$ddiv)
    _ddiv                                    0x00005579   Thumb Code   552  ddiv.o(x$fpl$ddiv)
    __aeabi_d2iz                             0x00005829   Thumb Code     0  dfix.o(x$fpl$dfix)
    _dfix                                    0x00005829   Thumb Code    94  dfix.o(x$fpl$dfix)
    __aeabi_i2d                              0x00005887   Thumb Code     0  dflt_clz.o(x$fpl$dflt)
    _dflt                                    0x00005887   Thumb Code    46  dflt_clz.o(x$fpl$dflt)
    __aeabi_ui2d                             0x000058b5   Thumb Code     0  dflt_clz.o(x$fpl$dfltu)
    _dfltu                                   0x000058b5   Thumb Code    38  dflt_clz.o(x$fpl$dfltu)
    __aeabi_dmul                             0x000058dd   Thumb Code     0  dmul.o(x$fpl$dmul)
    _dmul                                    0x000058dd   Thumb Code   332  dmul.o(x$fpl$dmul)
    __fpl_dnaninf                            0x00005a31   Thumb Code   156  dnaninf.o(x$fpl$dnaninf)
    __fpl_dretinf                            0x00005acd   Thumb Code    12  dretinf.o(x$fpl$dretinf)
    __aeabi_drsub                            0x00005ad9   Thumb Code     0  daddsub_clz.o(x$fpl$drsb)
    _drsb                                    0x00005ad9   Thumb Code    22  daddsub_clz.o(x$fpl$drsb)
    __aeabi_dsub                             0x00005af1   Thumb Code     0  daddsub_clz.o(x$fpl$dsub)
    _dsub                                    0x00005af1   Thumb Code   464  daddsub_clz.o(x$fpl$dsub)
    __aeabi_f2d                              0x00005cc5   Thumb Code     0  f2d.o(x$fpl$f2d)
    _f2d                                     0x00005cc5   Thumb Code    86  f2d.o(x$fpl$f2d)
    __aeabi_fadd                             0x00005d1d   Thumb Code     0  faddsub_clz.o(x$fpl$fadd)
    _fadd                                    0x00005d1d   Thumb Code   196  faddsub_clz.o(x$fpl$fadd)
    __aeabi_f2uiz                            0x00005de1   Thumb Code     0  ffixu.o(x$fpl$ffixu)
    _ffixu                                   0x00005de1   Thumb Code    62  ffixu.o(x$fpl$ffixu)
    __aeabi_ui2f                             0x00005e21   Thumb Code     0  fflt_clz.o(x$fpl$ffltu)
    _ffltu                                   0x00005e21   Thumb Code    38  fflt_clz.o(x$fpl$ffltu)
    __aeabi_fmul                             0x00005e49   Thumb Code     0  fmul.o(x$fpl$fmul)
    _fmul                                    0x00005e49   Thumb Code   258  fmul.o(x$fpl$fmul)
    __fpl_fnaninf                            0x00005f4b   Thumb Code   140  fnaninf.o(x$fpl$fnaninf)
    __fpl_fretinf                            0x00005fd7   Thumb Code    10  fretinf.o(x$fpl$fretinf)
    __aeabi_fsub                             0x00005fe1   Thumb Code     0  faddsub_clz.o(x$fpl$fsub)
    _fsub                                    0x00005fe1   Thumb Code   234  faddsub_clz.o(x$fpl$fsub)
    __fpl_return_NaN                         0x000060cb   Thumb Code   100  retnan.o(x$fpl$retnan)
    __ARM_scalbn                             0x0000612f   Thumb Code    92  scalbn.o(x$fpl$scalbn)
    __fpl_cmpreturn                          0x0000618b   Thumb Code    48  trapv.o(x$fpl$trapveneer)
    __I$use$fp                               0x000061ba   Number         0  usenofp.o(x$fpl$usenofp)
    os_mutex_def_mut_GLCD                    0x000061bc   Data           4  main.o(.constdata)
    os_thread_def_LidarAffichageGLCD         0x000061c0   Data          16  main.o(.constdata)
    os_thread_def_myUART_ThreadR             0x000061d0   Data          16  main.o(.constdata)
    os_mailQ_def_BAL                         0x000061e0   Data          12  main.o(.constdata)
    GLCD_Font_16x24                          0x000076fc   Data          16  glcd_fonts.o(.constdata)
    os_maxtaskrun                            0x0000770c   Data           2  rtx_conf_cm.o(.constdata)
    os_stackinfo                             0x00007710   Data           4  rtx_conf_cm.o(.constdata)
    os_rrobin                                0x00007714   Data           4  rtx_conf_cm.o(.constdata)
    os_trv                                   0x00007718   Data           4  rtx_conf_cm.o(.constdata)
    os_flags                                 0x0000771c   Data           1  rtx_conf_cm.o(.constdata)
    CMSIS_RTOS_API_Version                   0x00007720   Data           4  rtx_conf_cm.o(.constdata)
    CMSIS_RTOS_RTX_Version                   0x00007724   Data           4  rtx_conf_cm.o(.constdata)
    os_clockrate                             0x00007728   Data           4  rtx_conf_cm.o(.constdata)
    os_timernum                              0x0000772c   Data           4  rtx_conf_cm.o(.constdata)
    mp_tcb_size                              0x00007730   Data           2  rtx_conf_cm.o(.constdata)
    mp_stk_size                              0x00007734   Data           4  rtx_conf_cm.o(.constdata)
    os_stack_sz                              0x00007738   Data           4  rtx_conf_cm.o(.constdata)
    os_fifo_size                             0x0000773c   Data           1  rtx_conf_cm.o(.constdata)
    os_thread_def_osTimerThread              0x00007740   Data          16  rtx_conf_cm.o(.constdata)
    os_messageQ_def_osTimerMessageQ          0x00007750   Data           8  rtx_conf_cm.o(.constdata)
    mp_tmr_size                              0x00007758   Data           2  rtx_conf_cm.o(.constdata)
    os_thread_def_main                       0x0000775c   Data          16  rtx_conf_cm.o(.constdata)
    Driver_SPI1                              0x000077bc   Data          44  ssp_lpc17xx.o(.constdata)
    Driver_USART0                            0x000079f4   Data          56  uart_lpc17xx.o(.constdata)
    Region$$Table$$Base                      0x00007b50   Number         0  anon$$obj.o(Region$$Table)
    Region$$Table$$Limit                     0x00007b70   Number         0  anon$$obj.o(Region$$Table)
    os_mailQ_p_BAL                           0x10000000   Data           8  main.o(.data)
    scale                                    0x10000010   Data           4  main.o(.data)
    ID_LidarAffichageGLCD                    0x10000014   Data           4  main.o(.data)
    ID_myUART_ThreadR                        0x10000018   Data           4  main.o(.data)
    ID_mut_GLCD                              0x1000001c   Data           4  main.o(.data)
    ID_MailInfo                              0x10000020   Data           4  main.o(.data)
    m_tmr                                    0x10000038   Data           4  rtx_conf_cm.o(.data)
    osThreadId_osTimerThread                 0x1000003c   Data           4  rtx_conf_cm.o(.data)
    osMessageQId_osTimerMessageQ             0x10000040   Data           4  rtx_conf_cm.o(.data)
    SystemCoreClock                          0x10000064   Data           4  system_lpc17xx.o(.data)
    os_initialized                           0x10000068   Data           1  rt_cmsis.o(.data)
    os_running                               0x10000069   Data           1  rt_cmsis.o(.data)
    os_timer_head                            0x1000006c   Data           4  rt_cmsis.o(.data)
    os_tsk                                   0x10000070   Data           8  rt_task.o(.data)
    os_tick_irqn                             0x1000007c   Data           4  rt_system.o(.data)
    os_time                                  0x10000080   Data           4  rt_time.o(.data)
    os_robin                                 0x10000084   Data           8  rt_robin.o(.data)
    dbg_msg                                  0x1000008c   Data           1  hal_cm.o(.data)
    os_mutex_cb_mut_GLCD                     0x10000090   Data          16  main.o(.bss)
    os_mailQ_q_BAL                           0x100000a0   Data          80  main.o(.bss)
    os_mailQ_m_BAL                           0x100000f0   Data         204  main.o(.bss)
    os_messageQ_q_osTimerMessageQ            0x100001bc   Data          32  rtx_conf_cm.o(.bss)
    mp_tcb                                   0x100001dc   Data         376  rtx_conf_cm.o(.bss)
    mp_stk                                   0x10000358   Data        6016  rtx_conf_cm.o(.bss)
    os_stack_mem                             0x10001ad8   Data        1232  rtx_conf_cm.o(.bss)
    os_fifo                                  0x10001fa8   Data         132  rtx_conf_cm.o(.bss)
    os_active_TCB                            0x1000202c   Data          28  rtx_conf_cm.o(.bss)
    os_idle_TCB                              0x10002498   Data          52  rt_task.o(.bss)
    os_rdy                                   0x100024cc   Data          24  rt_list.o(.bss)
    os_dly                                   0x100024e4   Data          24  rt_list.o(.bss)
    __libspace_start                         0x100024fc   Data          96  libspace.o(.bss)
    __temporary_stack_top$libspace           0x1000255c   Data           0  libspace.o(.bss)



==============================================================================

Memory Map of the image

  Image Entry point : 0x000002bd

  Load Region LR_1 (Base: 0x00000000, Size: 0x00007c00, Max: 0xffffffff, ABSOLUTE)

    Execution Region ER_RO (Base: 0x00000000, Size: 0x00007b70, Max: 0xffffffff, ABSOLUTE)

    Base Addr    Size         Type   Attr      Idx    E Section Name        Object

    0x00000000   0x000000cc   Data   RO         1119    RESET               startup_lpc17xx.o
    0x000000cc   0x00000008   Code   RO         2419  * !!!main             c_w.l(__main.o)
    0x000000d4   0x00000034   Code   RO         2707    !!!scatter          c_w.l(__scatter.o)
    0x00000108   0x0000001a   Code   RO         2709    !!handler_copy      c_w.l(__scatter_copy.o)
    0x00000122   0x00000002   PAD
    0x00000124   0x0000001c   Code   RO         2711    !!handler_zi        c_w.l(__scatter_zi.o)
    0x00000140   0x00000002   Code   RO         2591    .ARM.Collect$$libinit$$00000000  c_w.l(libinit.o)
    0x00000142   0x00000000   Code   RO         2605    .ARM.Collect$$libinit$$00000002  c_w.l(libinit2.o)
    0x00000142   0x00000000   Code   RO         2607    .ARM.Collect$$libinit$$00000004  c_w.l(libinit2.o)
    0x00000142   0x00000000   Code   RO         2610    .ARM.Collect$$libinit$$0000000A  c_w.l(libinit2.o)
    0x00000142   0x00000000   Code   RO         2612    .ARM.Collect$$libinit$$0000000C  c_w.l(libinit2.o)
    0x00000142   0x00000000   Code   RO         2614    .ARM.Collect$$libinit$$0000000E  c_w.l(libinit2.o)
    0x00000142   0x00000000   Code   RO         2617    .ARM.Collect$$libinit$$00000011  c_w.l(libinit2.o)
    0x00000142   0x00000000   Code   RO         2619    .ARM.Collect$$libinit$$00000013  c_w.l(libinit2.o)
    0x00000142   0x00000000   Code   RO         2621    .ARM.Collect$$libinit$$00000015  c_w.l(libinit2.o)
    0x00000142   0x00000000   Code   RO         2623    .ARM.Collect$$libinit$$00000017  c_w.l(libinit2.o)
    0x00000142   0x00000000   Code   RO         2625    .ARM.Collect$$libinit$$00000019  c_w.l(libinit2.o)
    0x00000142   0x00000000   Code   RO         2627    .ARM.Collect$$libinit$$0000001B  c_w.l(libinit2.o)
    0x00000142   0x00000000   Code   RO         2629    .ARM.Collect$$libinit$$0000001D  c_w.l(libinit2.o)
    0x00000142   0x00000000   Code   RO         2631    .ARM.Collect$$libinit$$0000001F  c_w.l(libinit2.o)
    0x00000142   0x00000000   Code   RO         2633    .ARM.Collect$$libinit$$00000021  c_w.l(libinit2.o)
    0x00000142   0x00000000   Code   RO         2635    .ARM.Collect$$libinit$$00000023  c_w.l(libinit2.o)
    0x00000142   0x00000000   Code   RO         2637    .ARM.Collect$$libinit$$00000025  c_w.l(libinit2.o)
    0x00000142   0x00000000   Code   RO         2641    .ARM.Collect$$libinit$$0000002C  c_w.l(libinit2.o)
    0x00000142   0x00000000   Code   RO         2643    .ARM.Collect$$libinit$$0000002E  c_w.l(libinit2.o)
    0x00000142   0x00000000   Code   RO         2645    .ARM.Collect$$libinit$$00000030  c_w.l(libinit2.o)
    0x00000142   0x00000000   Code   RO         2647    .ARM.Collect$$libinit$$00000032  c_w.l(libinit2.o)
    0x00000142   0x00000002   Code   RO         2648    .ARM.Collect$$libinit$$00000033  c_w.l(libinit2.o)
    0x00000144   0x00000002   Code   RO         2592    .ARM.Collect$$libshutdown$$00000000  c_w.l(libshutdown.o)
    0x00000146   0x00000000   Code   RO         2650    .ARM.Collect$$libshutdown$$00000002  c_w.l(libshutdown2.o)
    0x00000146   0x00000000   Code   RO         2652    .ARM.Collect$$libshutdown$$00000004  c_w.l(libshutdown2.o)
    0x00000146   0x00000000   Code   RO         2655    .ARM.Collect$$libshutdown$$00000007  c_w.l(libshutdown2.o)
    0x00000146   0x00000000   Code   RO         2658    .ARM.Collect$$libshutdown$$0000000A  c_w.l(libshutdown2.o)
    0x00000146   0x00000000   Code   RO         2660    .ARM.Collect$$libshutdown$$0000000C  c_w.l(libshutdown2.o)
    0x00000146   0x00000000   Code   RO         2663    .ARM.Collect$$libshutdown$$0000000F  c_w.l(libshutdown2.o)
    0x00000146   0x00000002   Code   RO         2664    .ARM.Collect$$libshutdown$$00000010  c_w.l(libshutdown2.o)
    0x00000148   0x00000000   Code   RO         2473    .ARM.Collect$$rtentry$$00000000  c_w.l(__rtentry.o)
    0x00000148   0x00000000   Code   RO         2529    .ARM.Collect$$rtentry$$00000002  c_w.l(__rtentry2.o)
    0x00000148   0x00000006   Code   RO         2541    .ARM.Collect$$rtentry$$00000004  c_w.l(__rtentry4.o)
    0x0000014e   0x00000000   Code   RO         2531    .ARM.Collect$$rtentry$$00000009  c_w.l(__rtentry2.o)
    0x0000014e   0x00000004   Code   RO         2532    .ARM.Collect$$rtentry$$0000000A  c_w.l(__rtentry2.o)
    0x00000152   0x00000008   Code   RO         2533    .ARM.Collect$$rtentry$$0000000B  c_w.l(__rtentry2.o)
    0x0000015a   0x00000008   Code   RO         2535    .ARM.Collect$$rtentry$$0000000D  c_w.l(__rtentry2.o)
    0x00000162   0x00000002   Code   RO         2474    .ARM.Collect$$rtexit$$00000000  c_w.l(rtexit.o)
    0x00000164   0x00000000   Code   RO         2544    .ARM.Collect$$rtexit$$00000002  c_w.l(rtexit2.o)
    0x00000164   0x00000004   Code   RO         2545    .ARM.Collect$$rtexit$$00000003  c_w.l(rtexit2.o)
    0x00000168   0x00000006   Code   RO         2546    .ARM.Collect$$rtexit$$00000004  c_w.l(rtexit2.o)
    0x0000016e   0x00000002   PAD
    0x00000170   0x0000001c   Code   RO          368    .emb_text           rtx_conf_cm.o
    0x0000018c   0x00000130   Code   RO         2361    .emb_text           RTX_CM3.lib(hal_cm3.o)
    0x000002bc   0x0000003c   Code   RO         1121  * .text               startup_lpc17xx.o
    0x000002f8   0x00000004   Code   RO         2557    .text               c_w.l(rt_errno_addr_twolibspace.o)
    0x000002fc   0x00000004   Code   RO         1120    .ARM.__at_0x02FC    startup_lpc17xx.o
    0x00000300   0x00000008   Code   RO         2376    .text               c_w.l(libspace.o)
    0x00000308   0x000000ee   Code   RO         2379    .text               c_w.l(lludivv7m.o)
    0x000003f6   0x00000012   Code   RO         2413    .text               c_w.l(exit.o)
    0x00000408   0x0000004e   Code   RO         2415    .text               c_w.l(rt_memclr_w.o)
    0x00000456   0x00000006   Code   RO         2417    .text               c_w.l(heapauxi.o)
    0x0000045c   0x00000016   Code   RO         2480    .text               c_w.l(_rserrno.o)
    0x00000472   0x00000002   PAD
    0x00000474   0x0000000c   Code   RO         2577    .text               c_w.l(sys_exit.o)
    0x00000480   0x0000004a   Code   RO         2579    .text               c_w.l(sys_stackheap_outer.o)
    0x000004ca   0x00000002   Code   RO         2595    .text               c_w.l(use_no_semi.o)
    0x000004cc   0x00000000   Code   RO         2597    .text               c_w.l(indicate_semi.o)
    0x000004cc   0x00000004   Code   RO         2371    SVC_TABLE           RTX_CM3.lib(svc_table.o)
    0x000004d0   0x0000001c   Code   RO          940    i.Clear_Channel_active_flag  gpdma_lpc17xx.o
    0x000004ec   0x000000e8   Code   RO          941    i.DMA_IRQHandler    gpdma_lpc17xx.o
    0x000005d4   0x00000030   Code   RO          176    i.GLCD_ClearScreen  glcd_mcb1700.o
    0x00000604   0x000000a8   Code   RO          181    i.GLCD_DrawPixel    glcd_mcb1700.o
    0x000006ac   0x000005ae   Code   RO          187    i.GLCD_Initialize   glcd_mcb1700.o
    0x00000c5a   0x00000002   PAD
    0x00000c5c   0x0000000c   Code   RO          188    i.GLCD_SetBackgroundColor  glcd_mcb1700.o
    0x00000c68   0x0000000c   Code   RO          189    i.GLCD_SetFont      glcd_mcb1700.o
    0x00000c74   0x0000000c   Code   RO          190    i.GLCD_SetForegroundColor  glcd_mcb1700.o
    0x00000c80   0x00000098   Code   RO          191    i.GLCD_SetWindow    glcd_mcb1700.o
    0x00000d18   0x0000000e   Code   RO          194    i.GLCD_WindowMax    glcd_mcb1700.o
    0x00000d26   0x00000002   PAD
    0x00000d28   0x000000c8   Code   RO          942    i.GPDMA_ChannelConfigure  gpdma_lpc17xx.o
    0x00000df0   0x0000002c   Code   RO          943    i.GPDMA_ChannelDisable  gpdma_lpc17xx.o
    0x00000e1c   0x00000030   Code   RO          945    i.GPDMA_ChannelGetCount  gpdma_lpc17xx.o
    0x00000e4c   0x00000074   Code   RO          947    i.GPDMA_Initialize  gpdma_lpc17xx.o
    0x00000ec0   0x00000034   Code   RO          948    i.GPDMA_PeripheralSelect  gpdma_lpc17xx.o
    0x00000ef4   0x00000048   Code   RO          949    i.GPDMA_Uninitialize  gpdma_lpc17xx.o
    0x00000f3c   0x00000018   Code   RO         1030    i.GPIO_PinRead      gpio_lpc17xx.o
    0x00000f54   0x00000018   Code   RO         1031    i.GPIO_PinWrite     gpio_lpc17xx.o
    0x00000f6c   0x0000001c   Code   RO         1032    i.GPIO_PortClock    gpio_lpc17xx.o
    0x00000f88   0x00000020   Code   RO         1035    i.GPIO_SetDir       gpio_lpc17xx.o
    0x00000fa8   0x0000003c   Code   RO          455    i.GetSSPClockFreq   ssp_lpc17xx.o
    0x00000fe4   0x0000003c   Code   RO          637    i.GetUsartClockFreq  uart_lpc17xx.o
    0x00001020   0x00000038   Code   RO            4    i.Init_USART0       main.o
    0x00001058   0x000000f4   Code   RO            6    i.LidarAffichageGLCD  main.o
    0x0000114c   0x00000068   Code   RO         1084    i.PIN_Configure     pin_lpc17xx.o
    0x000011b4   0x00000034   Code   RO            9    i.PWM_Init          main.o
    0x000011e8   0x0000000c   Code   RO          456    i.SSP1_Control      ssp_lpc17xx.o
    0x000011f4   0x0000000c   Code   RO          457    i.SSP1_GPDMA_Rx_SignalEvent  ssp_lpc17xx.o
    0x00001200   0x0000000c   Code   RO          458    i.SSP1_GPDMA_Tx_SignalEvent  ssp_lpc17xx.o
    0x0000120c   0x00000028   Code   RO          459    i.SSP1_GetDataCount  ssp_lpc17xx.o
    0x00001234   0x0000004c   Code   RO          460    i.SSP1_GetStatus    ssp_lpc17xx.o
    0x00001280   0x0000000c   Code   RO          461    i.SSP1_IRQHandler   ssp_lpc17xx.o
    0x0000128c   0x0000000c   Code   RO          462    i.SSP1_Initialize   ssp_lpc17xx.o
    0x00001298   0x0000000c   Code   RO          463    i.SSP1_PowerControl  ssp_lpc17xx.o
    0x000012a4   0x0000000c   Code   RO          464    i.SSP1_Receive      ssp_lpc17xx.o
    0x000012b0   0x0000000c   Code   RO          465    i.SSP1_Send         ssp_lpc17xx.o
    0x000012bc   0x0000000c   Code   RO          466    i.SSP1_Transfer     ssp_lpc17xx.o
    0x000012c8   0x0000000c   Code   RO          467    i.SSP1_Uninitialize  ssp_lpc17xx.o
    0x000012d4   0x0000000c   Code   RO          468    i.SSP_GetCapabilities  ssp_lpc17xx.o
    0x000012e0   0x0000000c   Code   RO          469    i.SSP_GetVersion    ssp_lpc17xx.o
    0x000012ec   0x000003e4   Code   RO          470    i.SSPx_Control      ssp_lpc17xx.o
    0x000016d0   0x0000001e   Code   RO          471    i.SSPx_GPDMA_Rx_SignalEvent  ssp_lpc17xx.o
    0x000016ee   0x0000000c   Code   RO          472    i.SSPx_GPDMA_Tx_SignalEvent  ssp_lpc17xx.o
    0x000016fa   0x000000ce   Code   RO          473    i.SSPx_IRQHandler   ssp_lpc17xx.o
    0x000017c8   0x00000094   Code   RO          474    i.SSPx_Initialize   ssp_lpc17xx.o
    0x0000185c   0x0000015a   Code   RO          475    i.SSPx_PowerControl  ssp_lpc17xx.o
    0x000019b6   0x00000002   PAD
    0x000019b8   0x0000012c   Code   RO          476    i.SSPx_Receive      ssp_lpc17xx.o
    0x00001ae4   0x0000012c   Code   RO          477    i.SSPx_Send         ssp_lpc17xx.o
    0x00001c10   0x00000134   Code   RO          478    i.SSPx_Transfer     ssp_lpc17xx.o
    0x00001d44   0x00000064   Code   RO          479    i.SSPx_Uninitialize  ssp_lpc17xx.o
    0x00001da8   0x0000002c   Code   RO          950    i.Set_Channel_active_flag  gpdma_lpc17xx.o
    0x00001dd4   0x000000d0   Code   RO         1131    i.SystemInit        system_lpc17xx.o
    0x00001ea4   0x0000000c   Code   RO          638    i.UART0_IRQHandler  uart_lpc17xx.o
    0x00001eb0   0x0000000c   Code   RO          639    i.UART1_IRQHandler  uart_lpc17xx.o
    0x00001ebc   0x0000000c   Code   RO          640    i.USART0_Control    uart_lpc17xx.o
    0x00001ec8   0x0000000c   Code   RO          641    i.USART0_GPDMA_Rx_Event  uart_lpc17xx.o
    0x00001ed4   0x0000000c   Code   RO          642    i.USART0_GPDMA_Tx_Event  uart_lpc17xx.o
    0x00001ee0   0x0000000c   Code   RO          643    i.USART0_GetCapabilities  uart_lpc17xx.o
    0x00001eec   0x0000000c   Code   RO          644    i.USART0_GetModemStatus  uart_lpc17xx.o
    0x00001ef8   0x0000000c   Code   RO          645    i.USART0_GetRxCount  uart_lpc17xx.o
    0x00001f04   0x0000000c   Code   RO          646    i.USART0_GetStatus  uart_lpc17xx.o
    0x00001f10   0x0000000c   Code   RO          647    i.USART0_GetTxCount  uart_lpc17xx.o
    0x00001f1c   0x0000000c   Code   RO          648    i.USART0_Initialize  uart_lpc17xx.o
    0x00001f28   0x0000000c   Code   RO          649    i.USART0_PowerControl  uart_lpc17xx.o
    0x00001f34   0x0000000c   Code   RO          650    i.USART0_Receive    uart_lpc17xx.o
    0x00001f40   0x0000000c   Code   RO          651    i.USART0_Send       uart_lpc17xx.o
    0x00001f4c   0x0000000c   Code   RO          652    i.USART0_SetModemControl  uart_lpc17xx.o
    0x00001f58   0x0000000c   Code   RO          653    i.USART0_Transfer   uart_lpc17xx.o
    0x00001f64   0x0000000c   Code   RO          654    i.USART0_Uninitialize  uart_lpc17xx.o
    0x00001f70   0x0000000c   Code   RO          656    i.USART1_GPDMA_Rx_Event  uart_lpc17xx.o
    0x00001f7c   0x0000000c   Code   RO          657    i.USART1_GPDMA_Tx_Event  uart_lpc17xx.o
    0x00001f88   0x000004e8   Code   RO          670    i.USART_Control     uart_lpc17xx.o
    0x00002470   0x00000056   Code   RO          671    i.USART_GPDMA_Rx_Event  uart_lpc17xx.o
    0x000024c6   0x0000002c   Code   RO          672    i.USART_GPDMA_Tx_Event  uart_lpc17xx.o
    0x000024f2   0x000000b8   Code   RO          673    i.USART_GetModemStatus  uart_lpc17xx.o
    0x000025aa   0x00000010   Code   RO          674    i.USART_GetRxCount  uart_lpc17xx.o
    0x000025ba   0x0000008e   Code   RO          675    i.USART_GetStatus   uart_lpc17xx.o
    0x00002648   0x00000010   Code   RO          676    i.USART_GetTxCount  uart_lpc17xx.o
    0x00002658   0x000001da   Code   RO          677    i.USART_IRQHandler  uart_lpc17xx.o
    0x00002832   0x000000dc   Code   RO          678    i.USART_Initialize  uart_lpc17xx.o
    0x0000290e   0x000001e8   Code   RO          679    i.USART_PowerControl  uart_lpc17xx.o
    0x00002af6   0x000000e2   Code   RO          680    i.USART_Receive     uart_lpc17xx.o
    0x00002bd8   0x00000056   Code   RO          681    i.USART_RxLineIntHandler  uart_lpc17xx.o
    0x00002c2e   0x00000136   Code   RO          682    i.USART_Send        uart_lpc17xx.o
    0x00002d64   0x000000d0   Code   RO          683    i.USART_SetBaudrate  uart_lpc17xx.o
    0x00002e34   0x00000068   Code   RO          684    i.USART_SetModemControl  uart_lpc17xx.o
    0x00002e9c   0x00000056   Code   RO          685    i.USART_Transfer    uart_lpc17xx.o
    0x00002ef2   0x000000c4   Code   RO          686    i.USART_Uninitialize  uart_lpc17xx.o
    0x00002fb6   0x00000002   PAD
    0x00002fb8   0x0000000c   Code   RO          687    i.USARTx_GetVersion  uart_lpc17xx.o
    0x00002fc4   0x00000028   Code   RO         2573    i.__ARM_fpclassify  m_ws.l(fpclassify.o)
    0x00002fec   0x0000001a   Code   RO          480    i.__NVIC_ClearPendingIRQ  ssp_lpc17xx.o
    0x00003006   0x0000001a   Code   RO          688    i.__NVIC_ClearPendingIRQ  uart_lpc17xx.o
    0x00003020   0x0000001a   Code   RO          951    i.__NVIC_ClearPendingIRQ  gpdma_lpc17xx.o
    0x0000303a   0x00000002   PAD
    0x0000303c   0x00000388   Code   RO         2517    i.__ieee754_rem_pio2  m_ws.l(rred.o)
    0x000033c4   0x000000fc   Code   RO         2500    i.__kernel_cos      m_ws.l(cos_i.o)
    0x000034c0   0x000000aa   Code   RO         2575    i.__kernel_poly     m_ws.l(poly.o)
    0x0000356a   0x00000002   PAD
    0x0000356c   0x000000ec   Code   RO         2522    i.__kernel_sin      m_ws.l(sin_i.o)
    0x00003658   0x00000006   Code   RO         2504    i.__mathlib_dbl_infnan  m_ws.l(dunder.o)
    0x0000365e   0x0000000c   Code   RO         2506    i.__mathlib_dbl_invalid  m_ws.l(dunder.o)
    0x0000366a   0x00000002   PAD
    0x0000366c   0x00000010   Code   RO         2509    i.__mathlib_dbl_underflow  m_ws.l(dunder.o)
    0x0000367c   0x0000002c   Code   RO          369    i.__user_perthread_libspace  rtx_conf_cm.o
    0x000036a8   0x00000046   Code   RO         2260    i._init_box         RTX_CM3.lib(rt_membox.o)
    0x000036ee   0x00000002   PAD
    0x000036f0   0x00000020   Code   RO          370    i._mutex_acquire    rtx_conf_cm.o
    0x00003710   0x0000001c   Code   RO          372    i._mutex_release    rtx_conf_cm.o
    0x0000372c   0x0000009c   Code   RO         2458    i.cos               m_ws.l(cos.o)
    0x000037c8   0x00000030   Code   RO         2313    i.dbg_init          RTX_CM3.lib(hal_cm.o)
    0x000037f8   0x00000020   Code   RO         2314    i.dbg_task_notify   RTX_CM3.lib(hal_cm.o)
    0x00003818   0x00000010   Code   RO         2315    i.dbg_task_switch   RTX_CM3.lib(hal_cm.o)
    0x00003828   0x00000028   Code   RO          195    i.delay_ms          glcd_mcb1700.o
    0x00003850   0x0000002a   Code   RO         1166    i.isrMessageGet     RTX_CM3.lib(rt_cmsis.o)
    0x0000387a   0x0000002c   Code   RO         1167    i.isrMessagePut     RTX_CM3.lib(rt_cmsis.o)
    0x000038a6   0x00000024   Code   RO         1169    i.isrSignalSet      RTX_CM3.lib(rt_cmsis.o)
    0x000038ca   0x00000002   PAD
    0x000038cc   0x00000028   Code   RO         1997    i.isr_evt_set       RTX_CM3.lib(rt_event.o)
    0x000038f4   0x00000056   Code   RO         2115    i.isr_mbx_receive   RTX_CM3.lib(rt_mailbox.o)
    0x0000394a   0x0000000e   Code   RO         2116    i.isr_mbx_send      RTX_CM3.lib(rt_mailbox.o)
    0x00003958   0x00000074   Code   RO           10    i.main              main.o
    0x000039cc   0x0000009c   Code   RO           11    i.myUART_ThreadR    main.o
    0x00003a68   0x00000028   Code   RO           13    i.myUSART_callback  main.o
    0x00003a90   0x00000018   Code   RO         1170    i.osDelay           RTX_CM3.lib(rt_cmsis.o)
    0x00003aa8   0x00000024   Code   RO         1171    i.osKernelInitialize  RTX_CM3.lib(rt_cmsis.o)
    0x00003acc   0x0000006c   Code   RO         1173    i.osKernelStart     RTX_CM3.lib(rt_cmsis.o)
    0x00003b38   0x0000001c   Code   RO         1175    i.osMailAlloc       RTX_CM3.lib(rt_cmsis.o)
    0x00003b54   0x0000002c   Code   RO         1177    i.osMailCreate      RTX_CM3.lib(rt_cmsis.o)
    0x00003b80   0x0000001c   Code   RO         1178    i.osMailFree        RTX_CM3.lib(rt_cmsis.o)
    0x00003b9c   0x00000016   Code   RO         1179    i.osMailGet         RTX_CM3.lib(rt_cmsis.o)
    0x00003bb2   0x00000014   Code   RO         1180    i.osMailPut         RTX_CM3.lib(rt_cmsis.o)
    0x00003bc6   0x00000002   PAD
    0x00003bc8   0x00000018   Code   RO         1182    i.osMessageGet      RTX_CM3.lib(rt_cmsis.o)
    0x00003be0   0x00000018   Code   RO         1183    i.osMessagePut      RTX_CM3.lib(rt_cmsis.o)
    0x00003bf8   0x0000002c   Code   RO         1184    i.osMutexCreate     RTX_CM3.lib(rt_cmsis.o)
    0x00003c24   0x00000018   Code   RO         1197    i.osSignalSet       RTX_CM3.lib(rt_cmsis.o)
    0x00003c3c   0x00000018   Code   RO         1198    i.osSignalWait      RTX_CM3.lib(rt_cmsis.o)
    0x00003c54   0x0000002c   Code   RO         1199    i.osThreadCreate    RTX_CM3.lib(rt_cmsis.o)
    0x00003c80   0x00000018   Code   RO         1200    i.osThreadExit      RTX_CM3.lib(rt_cmsis.o)
    0x00003c98   0x0000000c   Code   RO         1206    i.osTimerCall       RTX_CM3.lib(rt_cmsis.o)
    0x00003ca4   0x0000002c   Code   RO         1211    i.osTimerThread     RTX_CM3.lib(rt_cmsis.o)
    0x00003cd0   0x00000002   Code   RO          373    i.os_error          rtx_conf_cm.o
    0x00003cd2   0x00000002   Code   RO          374    i.os_idle_demon     rtx_conf_cm.o
    0x00003cd4   0x00000028   Code   RO         1907    i.os_tick_init      RTX_CM3.lib(rt_system.o)
    0x00003cfc   0x00000002   Code   RO         1908    i.os_tick_irqack    RTX_CM3.lib(rt_system.o)
    0x00003cfe   0x00000002   PAD
    0x00003d00   0x000000b0   Code   RO          196    i.rd_id_man         glcd_mcb1700.o
    0x00003db0   0x0000001a   Code   RO         2261    i.rt_alloc_box      RTX_CM3.lib(rt_membox.o)
    0x00003dca   0x0000003e   Code   RO         2289    i.rt_alloc_mem      RTX_CM3.lib(rt_memory.o)
    0x00003e08   0x00000038   Code   RO         1788    i.rt_block          RTX_CM3.lib(rt_task.o)
    0x00003e40   0x00000048   Code   RO         2238    i.rt_chk_robin      RTX_CM3.lib(rt_robin.o)
    0x00003e88   0x00000070   Code   RO         2039    i.rt_dec_dly        RTX_CM3.lib(rt_list.o)
    0x00003ef8   0x00000044   Code   RO         1789    i.rt_dispatch       RTX_CM3.lib(rt_task.o)
    0x00003f3c   0x00000006   Code   RO         2205    i.rt_dly_wait       RTX_CM3.lib(rt_time.o)
    0x00003f42   0x00000002   PAD
    0x00003f44   0x00000050   Code   RO         2000    i.rt_evt_psh        RTX_CM3.lib(rt_event.o)
    0x00003f94   0x0000005c   Code   RO         2001    i.rt_evt_set        RTX_CM3.lib(rt_event.o)
    0x00003ff0   0x0000003c   Code   RO         2002    i.rt_evt_wait       RTX_CM3.lib(rt_event.o)
    0x0000402c   0x0000002c   Code   RO         2262    i.rt_free_box       RTX_CM3.lib(rt_membox.o)
    0x00004058   0x00000028   Code   RO         2290    i.rt_free_mem       RTX_CM3.lib(rt_memory.o)
    0x00004080   0x00000028   Code   RO         2040    i.rt_get_first      RTX_CM3.lib(rt_list.o)
    0x000040a8   0x00000008   Code   RO         1216    i.rt_id2obj         RTX_CM3.lib(rt_cmsis.o)
    0x000040b0   0x00000048   Code   RO         1790    i.rt_init_context   RTX_CM3.lib(rt_task.o)
    0x000040f8   0x0000001a   Code   RO         2291    i.rt_init_mem       RTX_CM3.lib(rt_memory.o)
    0x00004112   0x00000002   PAD
    0x00004114   0x00000018   Code   RO         2239    i.rt_init_robin     RTX_CM3.lib(rt_robin.o)
    0x0000412c   0x00000080   Code   RO         2316    i.rt_init_stack     RTX_CM3.lib(hal_cm.o)
    0x000041ac   0x00000008   Code   RO         2117    i.rt_mbx_check      RTX_CM3.lib(rt_mailbox.o)
    0x000041b4   0x0000001a   Code   RO         2118    i.rt_mbx_init       RTX_CM3.lib(rt_mailbox.o)
    0x000041ce   0x00000002   PAD
    0x000041d0   0x000000f0   Code   RO         2119    i.rt_mbx_psh        RTX_CM3.lib(rt_mailbox.o)
    0x000042c0   0x00000098   Code   RO         2120    i.rt_mbx_send       RTX_CM3.lib(rt_mailbox.o)
    0x00004358   0x000000b4   Code   RO         2121    i.rt_mbx_wait       RTX_CM3.lib(rt_mailbox.o)
    0x0000440c   0x00000044   Code   RO         1217    i.rt_ms2tick        RTX_CM3.lib(rt_cmsis.o)
    0x00004450   0x00000010   Code   RO         1873    i.rt_mut_init       RTX_CM3.lib(rt_mutex.o)
    0x00004460   0x000000d8   Code   RO         1874    i.rt_mut_release    RTX_CM3.lib(rt_mutex.o)
    0x00004538   0x00000078   Code   RO         1875    i.rt_mut_wait       RTX_CM3.lib(rt_mutex.o)
    0x000045b0   0x0000007c   Code   RO         1911    i.rt_pop_req        RTX_CM3.lib(rt_system.o)
    0x0000462c   0x00000020   Code   RO         1912    i.rt_psh_req        RTX_CM3.lib(rt_system.o)
    0x0000464c   0x0000005c   Code   RO         2042    i.rt_psq_enq        RTX_CM3.lib(rt_list.o)
    0x000046a8   0x00000048   Code   RO         2043    i.rt_put_dly        RTX_CM3.lib(rt_list.o)
    0x000046f0   0x00000036   Code   RO         2044    i.rt_put_prio       RTX_CM3.lib(rt_list.o)
    0x00004726   0x00000002   PAD
    0x00004728   0x00000014   Code   RO         2045    i.rt_put_rdy_first  RTX_CM3.lib(rt_list.o)
    0x0000473c   0x00000034   Code   RO         2046    i.rt_resort_prio    RTX_CM3.lib(rt_list.o)
    0x00004770   0x00000006   Code   RO         2317    i.rt_ret_val        RTX_CM3.lib(hal_cm.o)
    0x00004776   0x00000008   Code   RO         2318    i.rt_ret_val2       RTX_CM3.lib(hal_cm.o)
    0x0000477e   0x00000028   Code   RO         2047    i.rt_rmv_dly        RTX_CM3.lib(rt_list.o)
    0x000047a6   0x00000002   PAD
    0x000047a8   0x00000030   Code   RO         2048    i.rt_rmv_list       RTX_CM3.lib(rt_list.o)
    0x000047d8   0x00000034   Code   RO         2166    i.rt_sem_psh        RTX_CM3.lib(rt_semaphore.o)
    0x0000480c   0x00000024   Code   RO         1914    i.rt_stk_check      RTX_CM3.lib(rt_system.o)
    0x00004830   0x00000028   Code   RO         1791    i.rt_switch_req     RTX_CM3.lib(rt_task.o)
    0x00004858   0x000000cc   Code   RO         1792    i.rt_sys_init       RTX_CM3.lib(rt_task.o)
    0x00004924   0x00000078   Code   RO         1793    i.rt_sys_start      RTX_CM3.lib(rt_task.o)
    0x0000499c   0x00000040   Code   RO         1916    i.rt_systick        RTX_CM3.lib(rt_system.o)
    0x000049dc   0x00000012   Code   RO         1218    i.rt_tid2ptcb       RTX_CM3.lib(rt_cmsis.o)
    0x000049ee   0x00000002   PAD
    0x000049f0   0x00000034   Code   RO         1219    i.rt_timer_insert   RTX_CM3.lib(rt_cmsis.o)
    0x00004a24   0x00000088   Code   RO         1794    i.rt_tsk_create     RTX_CM3.lib(rt_task.o)
    0x00004aac   0x0000017c   Code   RO         1795    i.rt_tsk_delete     RTX_CM3.lib(rt_task.o)
    0x00004c28   0x0000007c   Code   RO         1797    i.rt_tsk_prio       RTX_CM3.lib(rt_task.o)
    0x00004ca4   0x00000010   Code   RO         1798    i.rt_tsk_self       RTX_CM3.lib(rt_task.o)
    0x00004cb4   0x000000a0   Code   RO         2466    i.sin               m_ws.l(sin.o)
    0x00004d54   0x00000024   Code   RO          197    i.spi_tran          glcd_mcb1700.o
    0x00004d78   0x0000007c   Code   RO          198    i.spi_tran_man      glcd_mcb1700.o
    0x00004df4   0x00000012   Code   RO         1221    i.svcDelay          RTX_CM3.lib(rt_cmsis.o)
    0x00004e06   0x00000002   PAD
    0x00004e08   0x00000070   Code   RO         1222    i.svcKernelInitialize  RTX_CM3.lib(rt_cmsis.o)
    0x00004e78   0x00000048   Code   RO         1224    i.svcKernelStart    RTX_CM3.lib(rt_cmsis.o)
    0x00004ec0   0x00000042   Code   RO         1226    i.svcMailCreate     RTX_CM3.lib(rt_cmsis.o)
    0x00004f02   0x00000024   Code   RO         1227    i.svcMessageCreate  RTX_CM3.lib(rt_cmsis.o)
    0x00004f26   0x0000003a   Code   RO         1228    i.svcMessageGet     RTX_CM3.lib(rt_cmsis.o)
    0x00004f60   0x00000036   Code   RO         1229    i.svcMessagePut     RTX_CM3.lib(rt_cmsis.o)
    0x00004f96   0x0000001c   Code   RO         1230    i.svcMutexCreate    RTX_CM3.lib(rt_cmsis.o)
    0x00004fb2   0x00000024   Code   RO         1240    i.svcSignalSet      RTX_CM3.lib(rt_cmsis.o)
    0x00004fd6   0x00000002   PAD
    0x00004fd8   0x00000054   Code   RO         1241    i.svcSignalWait     RTX_CM3.lib(rt_cmsis.o)
    0x0000502c   0x0000006c   Code   RO         1242    i.svcThreadCreate   RTX_CM3.lib(rt_cmsis.o)
    0x00005098   0x0000001c   Code   RO         1243    i.svcThreadGetId    RTX_CM3.lib(rt_cmsis.o)
    0x000050b4   0x00000038   Code   RO         1246    i.svcThreadTerminate  RTX_CM3.lib(rt_cmsis.o)
    0x000050ec   0x00000018   Code   RO         1248    i.svcTimerCall      RTX_CM3.lib(rt_cmsis.o)
    0x00005104   0x00000058   Code   RO         1253    i.sysMailAlloc      RTX_CM3.lib(rt_cmsis.o)
    0x0000515c   0x00000060   Code   RO         1254    i.sysMailFree       RTX_CM3.lib(rt_cmsis.o)
    0x000051bc   0x0000005c   Code   RO         1257    i.sysTimerTick      RTX_CM3.lib(rt_cmsis.o)
    0x00005218   0x000000a4   Code   RO           14    i.updateDisplay     main.o
    0x000052bc   0x0000003c   Code   RO          199    i.wr_cmd            glcd_mcb1700.o
    0x000052f8   0x00000024   Code   RO          200    i.wr_dat_only       glcd_mcb1700.o
    0x0000531c   0x0000001c   Code   RO          201    i.wr_dat_start      glcd_mcb1700.o
    0x00005338   0x00000010   Code   RO          202    i.wr_dat_stop       glcd_mcb1700.o
    0x00005348   0x0000006c   Code   RO          203    i.wr_reg            glcd_mcb1700.o
    0x000053b4   0x00000062   Code   RO         2421    x$fpl$d2f           fz_ws.l(d2f.o)
    0x00005416   0x00000002   PAD
    0x00005418   0x00000150   Code   RO         2561    x$fpl$dadd          fz_ws.l(daddsub_clz.o)
    0x00005568   0x00000010   Code   RO         2489    x$fpl$dcheck1       fz_ws.l(dcheck1.o)
    0x00005578   0x000002b0   Code   RO         2568    x$fpl$ddiv          fz_ws.l(ddiv.o)
    0x00005828   0x0000005e   Code   RO         2423    x$fpl$dfix          fz_ws.l(dfix.o)
    0x00005886   0x0000002e   Code   RO         2428    x$fpl$dflt          fz_ws.l(dflt_clz.o)
    0x000058b4   0x00000026   Code   RO         2427    x$fpl$dfltu         fz_ws.l(dflt_clz.o)
    0x000058da   0x00000002   PAD
    0x000058dc   0x00000154   Code   RO         2433    x$fpl$dmul          fz_ws.l(dmul.o)
    0x00005a30   0x0000009c   Code   RO         2491    x$fpl$dnaninf       fz_ws.l(dnaninf.o)
    0x00005acc   0x0000000c   Code   RO         2493    x$fpl$dretinf       fz_ws.l(dretinf.o)
    0x00005ad8   0x00000016   Code   RO         2562    x$fpl$drsb          fz_ws.l(daddsub_clz.o)
    0x00005aee   0x00000002   PAD
    0x00005af0   0x000001d4   Code   RO         2563    x$fpl$dsub          fz_ws.l(daddsub_clz.o)
    0x00005cc4   0x00000056   Code   RO         2435    x$fpl$f2d           fz_ws.l(f2d.o)
    0x00005d1a   0x00000002   PAD
    0x00005d1c   0x000000c4   Code   RO         2437    x$fpl$fadd          fz_ws.l(faddsub_clz.o)
    0x00005de0   0x0000003e   Code   RO         2443    x$fpl$ffixu         fz_ws.l(ffixu.o)
    0x00005e1e   0x00000002   PAD
    0x00005e20   0x00000026   Code   RO         2447    x$fpl$ffltu         fz_ws.l(fflt_clz.o)
    0x00005e46   0x00000002   PAD
    0x00005e48   0x00000102   Code   RO         2453    x$fpl$fmul          fz_ws.l(fmul.o)
    0x00005f4a   0x0000008c   Code   RO         2495    x$fpl$fnaninf       fz_ws.l(fnaninf.o)
    0x00005fd6   0x0000000a   Code   RO         2497    x$fpl$fretinf       fz_ws.l(fretinf.o)
    0x00005fe0   0x000000ea   Code   RO         2439    x$fpl$fsub          fz_ws.l(faddsub_clz.o)
    0x000060ca   0x00000064   Code   RO         2571    x$fpl$retnan        fz_ws.l(retnan.o)
    0x0000612e   0x0000005c   Code   RO         2455    x$fpl$scalbn        fz_ws.l(scalbn.o)
    0x0000618a   0x00000030   Code   RO         2593    x$fpl$trapveneer    fz_ws.l(trapv.o)
    0x000061ba   0x00000000   Code   RO         2499    x$fpl$usenofp       fz_ws.l(usenofp.o)
    0x000061ba   0x00000002   PAD
    0x000061bc   0x00000040   Data   RO           19    .constdata          main.o
    0x000061fc   0x00001500   Data   RO          162    .constdata          glcd_fonts.o
    0x000076fc   0x00000010   Data   RO          164    .constdata          glcd_fonts.o
    0x0000770c   0x00000002   Data   RO          382    .constdata          rtx_conf_cm.o
    0x0000770e   0x00000002   PAD
    0x00007710   0x00000004   Data   RO          383    .constdata          rtx_conf_cm.o
    0x00007714   0x00000004   Data   RO          384    .constdata          rtx_conf_cm.o
    0x00007718   0x00000004   Data   RO          388    .constdata          rtx_conf_cm.o
    0x0000771c   0x00000001   Data   RO          389    .constdata          rtx_conf_cm.o
    0x0000771d   0x00000003   PAD
    0x00007720   0x00000010   Data   RO          390    .constdata          rtx_conf_cm.o
    0x00007730   0x00000002   Data   RO          391    .constdata          rtx_conf_cm.o
    0x00007732   0x00000002   PAD
    0x00007734   0x00000004   Data   RO          392    .constdata          rtx_conf_cm.o
    0x00007738   0x00000004   Data   RO          393    .constdata          rtx_conf_cm.o
    0x0000773c   0x00000001   Data   RO          394    .constdata          rtx_conf_cm.o
    0x0000773d   0x00000003   PAD
    0x00007740   0x00000010   Data   RO          395    .constdata          rtx_conf_cm.o
    0x00007750   0x00000008   Data   RO          396    .constdata          rtx_conf_cm.o
    0x00007758   0x00000002   Data   RO          397    .constdata          rtx_conf_cm.o
    0x0000775a   0x00000002   PAD
    0x0000775c   0x00000010   Data   RO          398    .constdata          rtx_conf_cm.o
    0x0000776c   0x00000050   Data   RO          483    .constdata          ssp_lpc17xx.o
    0x000077bc   0x0000002c   Data   RO          484    .constdata          ssp_lpc17xx.o
    0x000077e8   0x000001ec   Data   RO          691    .constdata          uart_lpc17xx.o
    0x000079d4   0x00000008   Data   RO          692    .constdata          uart_lpc17xx.o
    0x000079dc   0x00000008   Data   RO          693    .constdata          uart_lpc17xx.o
    0x000079e4   0x00000008   Data   RO          694    .constdata          uart_lpc17xx.o
    0x000079ec   0x00000008   Data   RO          695    .constdata          uart_lpc17xx.o
    0x000079f4   0x00000038   Data   RO          696    .constdata          uart_lpc17xx.o
    0x00007a2c   0x00000004   PAD
    0x00007a30   0x00000030   Data   RO         2501    .constdata          m_ws.l(cos_i.o)
    0x00007a60   0x000000c8   Data   RO         2519    .constdata          m_ws.l(rred.o)
    0x00007b28   0x00000028   Data   RO         2523    .constdata          m_ws.l(sin_i.o)
    0x00007b50   0x00000020   Data   RO         2705    Region$$Table       anon$$obj.o


    Execution Region ER_RW (Base: 0x10000000, Size: 0x00000090, Max: 0xffffffff, ABSOLUTE)

    Base Addr    Size         Type   Attr      Idx    E Section Name        Object

    0x10000000   0x00000008   Data   RW           21    .data               main.o
    0x10000008   0x0000001c   Data   RW           22    .data               main.o
    0x10000024   0x00000014   Data   RW          204    .data               glcd_mcb1700.o
    0x10000038   0x00000004   Data   RW          400    .data               rtx_conf_cm.o
    0x1000003c   0x00000004   Data   RW          401    .data               rtx_conf_cm.o
    0x10000040   0x00000004   Data   RW          402    .data               rtx_conf_cm.o
    0x10000044   0x00000002   Data   RW          485    .data               ssp_lpc17xx.o
    0x10000046   0x00000002   Data   RW          486    .data               ssp_lpc17xx.o
    0x10000048   0x00000002   Data   RW          487    .data               ssp_lpc17xx.o
    0x1000004a   0x00000002   Data   RW          488    .data               ssp_lpc17xx.o
    0x1000004c   0x00000008   Data   RW          489    .data               ssp_lpc17xx.o
    0x10000054   0x00000002   Data   RW          698    .data               uart_lpc17xx.o
    0x10000056   0x00000002   Data   RW          699    .data               uart_lpc17xx.o
    0x10000058   0x00000002   Data   RW          700    .data               uart_lpc17xx.o
    0x1000005a   0x00000002   Data   RW          701    .data               uart_lpc17xx.o
    0x1000005c   0x00000008   Data   RW          953    .data               gpdma_lpc17xx.o
    0x10000064   0x00000004   Data   RW         1132    .data               system_lpc17xx.o
    0x10000068   0x00000008   Data   RW         1260    .data               RTX_CM3.lib(rt_cmsis.o)
    0x10000070   0x00000008   Data   RW         1800    .data               RTX_CM3.lib(rt_task.o)
    0x10000078   0x00000008   Data   RW         1919    .data               RTX_CM3.lib(rt_system.o)
    0x10000080   0x00000004   Data   RW         2209    .data               RTX_CM3.lib(rt_time.o)
    0x10000084   0x00000008   Data   RW         2240    .data               RTX_CM3.lib(rt_robin.o)
    0x1000008c   0x00000001   Data   RW         2319    .data               RTX_CM3.lib(hal_cm.o)


    Execution Region ER_ZI (Base: 0x10000090, Size: 0x000026d0, Max: 0xffffffff, ABSOLUTE)

    Base Addr    Size         Type   Attr      Idx    E Section Name        Object

    0x10000090   0x00000010   Zero   RW           15    .bss                main.o
    0x100000a0   0x00000050   Zero   RW           16    .bss                main.o
    0x100000f0   0x000000cc   Zero   RW           17    .bss                main.o
    0x100001bc   0x00000020   Zero   RW          375    .bss                rtx_conf_cm.o
    0x100001dc   0x00000178   Zero   RW          376    .bss                rtx_conf_cm.o
    0x10000354   0x00000004   PAD
    0x10000358   0x00001780   Zero   RW          377    .bss                rtx_conf_cm.o
    0x10001ad8   0x000004d0   Zero   RW          378    .bss                rtx_conf_cm.o
    0x10001fa8   0x00000084   Zero   RW          379    .bss                rtx_conf_cm.o
    0x1000202c   0x0000001c   Zero   RW          380    .bss                rtx_conf_cm.o
    0x10002048   0x00000320   Zero   RW          381    .bss                rtx_conf_cm.o
    0x10002368   0x0000000c   Zero   RW          481    .bss                ssp_lpc17xx.o
    0x10002374   0x0000001c   Zero   RW          482    .bss                ssp_lpc17xx.o
    0x10002390   0x00000034   Zero   RW          689    .bss                uart_lpc17xx.o
    0x100023c4   0x00000034   Zero   RW          690    .bss                uart_lpc17xx.o
    0x100023f8   0x000000a0   Zero   RW          952    .bss                gpdma_lpc17xx.o
    0x10002498   0x00000034   Zero   RW         1799    .bss                RTX_CM3.lib(rt_task.o)
    0x100024cc   0x00000030   Zero   RW         2049    .bss                RTX_CM3.lib(rt_list.o)
    0x100024fc   0x00000060   Zero   RW         2377    .bss                c_w.l(libspace.o)
    0x1000255c   0x00000004   PAD
    0x10002560   0x00000000   Zero   RW         1118    HEAP                startup_lpc17xx.o
    0x10002560   0x00000200   Zero   RW         1117    STACK               startup_lpc17xx.o


==============================================================================

Image component sizes


      Code (inc. data)   RO Data    RW Data    ZI Data      Debug   Object Name

         0          0       5392          0          0        736   glcd_fonts.o
      2496         92          0         20          0      33719   glcd_mcb1700.o
       862         78          0          8        160       8206   gpdma_lpc17xx.o
       108         18          0          0          0       2258   gpio_lpc17xx.o
       828         88         64         36        300      22877   main.o
       104          4          0          0          0        864   pin_lpc17xx.o
       136         38         84         12       8616       9583   rtx_conf_cm.o
      3092        102        124         16         40      52593   ssp_lpc17xx.o
        64         26        204          0        512        988   startup_lpc17xx.o
       208         12          0          4          0        823   system_lpc17xx.o
      4468        162        580          8        104      33808   uart_lpc17xx.o

    ----------------------------------------------------------------------
     12376        620       6496        104       9736     166455   Object Totals
         0          0         32          0          0          0   (incl. Generated)
        10          0         16          0          4          0   (incl. Padding)

    ----------------------------------------------------------------------

      Code (inc. data)   RO Data    RW Data    ZI Data      Debug   Library Member Name

       238         24          0          1          0       3268   hal_cm.o
       304         36          0          0          0        760   hal_cm3.o
      1898        198          0          8          0      44465   rt_cmsis.o
       272         18          0          0          0       2618   rt_event.o
       530         34          0          0         48       8169   rt_list.o
       706         14          0          0          0       4731   rt_mailbox.o
       140          0          0          0          0       1901   rt_membox.o
       128          0          0          0          0       2275   rt_memory.o
       352         14          0          0          0       2085   rt_mutex.o
        96         22          0          8          0       1134   rt_robin.o
        52          4          0          0          0        565   rt_semaphore.o
       298         52          0          8          0       6151   rt_system.o
      1216        174          0          8         52       9565   rt_task.o
         6          0          0          4          0        644   rt_time.o
         4          4          0          0          0        200   svc_table.o
         8          0          0          0          0         68   __main.o
         0          0          0          0          0          0   __rtentry.o
        20          0          0          0          0          0   __rtentry2.o
         6          0          0          0          0          0   __rtentry4.o
        52          8          0          0          0          0   __scatter.o
        26          0          0          0          0          0   __scatter_copy.o
        28          0          0          0          0          0   __scatter_zi.o
        22          0          0          0          0        100   _rserrno.o
        18          0          0          0          0         80   exit.o
         6          0          0          0          0        152   heapauxi.o
         0          0          0          0          0          0   indicate_semi.o
         2          0          0          0          0          0   libinit.o
         2          0          0          0          0          0   libinit2.o
         2          0          0          0          0          0   libshutdown.o
         2          0          0          0          0          0   libshutdown2.o
         8          4          0          0         96         68   libspace.o
       238          0          0          0          0        100   lludivv7m.o
         4          0          0          0          0         68   rt_errno_addr_twolibspace.o
        78          0          0          0          0         80   rt_memclr_w.o
         2          0          0          0          0          0   rtexit.o
        10          0          0          0          0          0   rtexit2.o
        12          4          0          0          0         68   sys_exit.o
        74          0          0          0          0         80   sys_stackheap_outer.o
         2          0          0          0          0         68   use_no_semi.o
        98          4          0          0          0         92   d2f.o
       826         16          0          0          0        348   daddsub_clz.o
        16          4          0          0          0         68   dcheck1.o
       688        140          0          0          0        208   ddiv.o
        94          4          0          0          0         92   dfix.o
        84          0          0          0          0        136   dflt_clz.o
       340         12          0          0          0        104   dmul.o
       156          4          0          0          0         92   dnaninf.o
        12          0          0          0          0         68   dretinf.o
        86          4          0          0          0         84   f2d.o
       430          8          0          0          0        168   faddsub_clz.o
        62          4          0          0          0         84   ffixu.o
        38          0          0          0          0         68   fflt_clz.o
       258          4          0          0          0         84   fmul.o
       140          4          0          0          0         84   fnaninf.o
        10          0          0          0          0         68   fretinf.o
       100          0          0          0          0         68   retnan.o
        92          0          0          0          0         68   scalbn.o
        48          0          0          0          0         68   trapv.o
         0          0          0          0          0          0   usenofp.o
       156          8          0          0          0        104   cos.o
       252         22         48          0          0        124   cos_i.o
        34          6          0          0          0        204   dunder.o
        40          0          0          0          0         68   fpclassify.o
       170          0          0          0          0         96   poly.o
       904         76        200          0          0        140   rred.o
       160         10          0          0          0        108   sin.o
       236         12         40          0          0        128   sin_i.o

    ----------------------------------------------------------------------
     12440        952        288         40        200      92487   Library Totals
        48          0          0          3          4          0   (incl. Padding)

    ----------------------------------------------------------------------

      Code (inc. data)   RO Data    RW Data    ZI Data      Debug   Library Name

      6240        594          0         37        100      88531   RTX_CM3.lib
       622         16          0          0         96        932   c_w.l
      3578        208          0          0          0       2052   fz_ws.l
      1952        134        288          0          0        972   m_ws.l

    ----------------------------------------------------------------------
     12440        952        288         40        200      92487   Library Totals

    ----------------------------------------------------------------------

==============================================================================


      Code (inc. data)   RO Data    RW Data    ZI Data      Debug   

     24816       1572       6784        144       9936     246354   Grand Totals
     24816       1572       6784        144       9936     246354   ELF Image Totals
     24816       1572       6784        144          0          0   ROM Totals

==============================================================================

    Total RO  Size (Code + RO Data)                31600 (  30.86kB)
    Total RW  Size (RW Data + ZI Data)             10080 (   9.84kB)
    Total ROM Size (Code + RO Data + RW Data)      31744 (  31.00kB)

==============================================================================

