Component: ARM Compiler 5.06 update 1 (build 61) Tool: armlink [4d35a8]

==============================================================================

Section Cross References

    main.o(i.Direction) refers to main.o(.data) for .data
    main.o(i.Init_ServoMoteur) refers to ffix.o(x$fpl$ffix) for __aeabi_f2iz
    main.o(i.Init_ServoMoteur) refers to main.o(i.initTimer0) for initTimer0
    main.o(i.Init_ServoMoteur) refers to main.o(.data) for .data
    main.o(i.Init_UART) refers to uart_lpc17xx.o(.constdata) for Driver_USART1
    main.o(i.TIMER0_IRQHandler) refers to gpio_lpc17xx.o(i.GPIO_PinWrite) for GPIO_PinWrite
    main.o(i.TIMER0_IRQHandler) refers to fmul.o(x$fpl$fmul) for __aeabi_fmul
    main.o(i.TIMER0_IRQHandler) refers to ffixu.o(x$fpl$ffixu) for __aeabi_f2uiz
    main.o(i.TIMER0_IRQHandler) refers to faddsub_clz.o(x$fpl$fsub) for __aeabi_fsub
    main.o(i.TIMER0_IRQHandler) refers to main.o(.data) for .data
    main.o(i.main) refers to _printf_pad.o(.text) for _printf_pre_padding
    main.o(i.main) refers to _printf_percent.o(.ARM.Collect$$_printf_percent$$00000000) for _printf_percent
    main.o(i.main) refers to _printf_d.o(.ARM.Collect$$_printf_percent$$00000009) for _printf_d
    main.o(i.main) refers to _printf_x.o(.ARM.Collect$$_printf_percent$$0000000C) for _printf_x
    main.o(i.main) refers to _printf_dec.o(.text) for _printf_int_dec
    main.o(i.main) refers to _printf_hex_int.o(.text) for _printf_longlong_hex
    main.o(i.main) refers to _printf_f.o(.ARM.Collect$$_printf_percent$$00000003) for _printf_f
    main.o(i.main) refers to printf1.o(x$fpl$printf1) for _printf_fp_dec
    main.o(i.main) refers to main.o(i.Init_ServoMoteur) for Init_ServoMoteur
    main.o(i.main) refers to main.o(i.Init_UART) for Init_UART
    main.o(i.main) refers to glcd_mcb1700.o(i.GLCD_Initialize) for GLCD_Initialize
    main.o(i.main) refers to glcd_mcb1700.o(i.GLCD_ClearScreen) for GLCD_ClearScreen
    main.o(i.main) refers to glcd_mcb1700.o(i.GLCD_SetFont) for GLCD_SetFont
    main.o(i.main) refers to fflt_clz.o(x$fpl$fflt) for __aeabi_i2f
    main.o(i.main) refers to fdiv.o(x$fpl$fdiv) for __aeabi_fdiv
    main.o(i.main) refers to scalbnf.o(x$fpl$scalbnf) for __ARM_scalbnf
    main.o(i.main) refers to faddsub_clz.o(x$fpl$fadd) for __aeabi_fadd
    main.o(i.main) refers to noretval__2sprintf.o(.text) for __2sprintf
    main.o(i.main) refers to f2d.o(x$fpl$f2d) for __aeabi_f2d
    main.o(i.main) refers to glcd_mcb1700.o(i.GLCD_DrawString) for GLCD_DrawString
    main.o(i.main) refers to glcd_fonts.o(.constdata) for GLCD_Font_16x24
    main.o(i.main) refers to uart_lpc17xx.o(.constdata) for Driver_USART1
    main.o(i.main) refers to main.o(.data) for .data
    glcd_fonts.o(.constdata) refers to glcd_fonts.o(.constdata) for Font_6x8_h
    glcd_fonts.o(.constdata) refers to glcd_fonts.o(.constdata) for Font_16x24_h
    glcd_mcb1700.o(i.GLCD_ClearScreen) refers to glcd_mcb1700.o(i.GLCD_WindowMax) for GLCD_WindowMax
    glcd_mcb1700.o(i.GLCD_ClearScreen) refers to glcd_mcb1700.o(i.wr_cmd) for wr_cmd
    glcd_mcb1700.o(i.GLCD_ClearScreen) refers to glcd_mcb1700.o(i.wr_dat_start) for wr_dat_start
    glcd_mcb1700.o(i.GLCD_ClearScreen) refers to glcd_mcb1700.o(i.wr_dat_only) for wr_dat_only
    glcd_mcb1700.o(i.GLCD_ClearScreen) refers to glcd_mcb1700.o(i.wr_dat_stop) for wr_dat_stop
    glcd_mcb1700.o(i.GLCD_ClearScreen) refers to glcd_mcb1700.o(.data) for .data
    glcd_mcb1700.o(i.GLCD_DrawBargraph) refers to glcd_mcb1700.o(i.GLCD_SetWindow) for GLCD_SetWindow
    glcd_mcb1700.o(i.GLCD_DrawBargraph) refers to glcd_mcb1700.o(i.wr_cmd) for wr_cmd
    glcd_mcb1700.o(i.GLCD_DrawBargraph) refers to glcd_mcb1700.o(i.wr_dat_start) for wr_dat_start
    glcd_mcb1700.o(i.GLCD_DrawBargraph) refers to glcd_mcb1700.o(i.wr_dat_only) for wr_dat_only
    glcd_mcb1700.o(i.GLCD_DrawBargraph) refers to glcd_mcb1700.o(i.wr_dat_stop) for wr_dat_stop
    glcd_mcb1700.o(i.GLCD_DrawBargraph) refers to glcd_mcb1700.o(.data) for .data
    glcd_mcb1700.o(i.GLCD_DrawBitmap) refers to glcd_mcb1700.o(i.GLCD_SetWindow) for GLCD_SetWindow
    glcd_mcb1700.o(i.GLCD_DrawBitmap) refers to glcd_mcb1700.o(i.wr_cmd) for wr_cmd
    glcd_mcb1700.o(i.GLCD_DrawBitmap) refers to glcd_mcb1700.o(i.wr_dat_start) for wr_dat_start
    glcd_mcb1700.o(i.GLCD_DrawBitmap) refers to glcd_mcb1700.o(i.wr_dat_only) for wr_dat_only
    glcd_mcb1700.o(i.GLCD_DrawBitmap) refers to glcd_mcb1700.o(i.wr_dat_stop) for wr_dat_stop
    glcd_mcb1700.o(i.GLCD_DrawChar) refers to glcd_mcb1700.o(i.GLCD_SetWindow) for GLCD_SetWindow
    glcd_mcb1700.o(i.GLCD_DrawChar) refers to glcd_mcb1700.o(i.wr_cmd) for wr_cmd
    glcd_mcb1700.o(i.GLCD_DrawChar) refers to glcd_mcb1700.o(i.wr_dat_start) for wr_dat_start
    glcd_mcb1700.o(i.GLCD_DrawChar) refers to glcd_mcb1700.o(i.wr_dat_only) for wr_dat_only
    glcd_mcb1700.o(i.GLCD_DrawChar) refers to glcd_mcb1700.o(i.wr_dat_stop) for wr_dat_stop
[...]
    DriverCapabilities                       0x00007580   Data           4  ssp_lpc17xx.o(.constdata)
    SSP0_Resources                           0x00007584   Data          72  ssp_lpc17xx.o(.constdata)
    SSP1_Resources                           0x000075cc   Data          72  ssp_lpc17xx.o(.constdata)
    .constdata                               0x00007614   Section       44  ssp_lpc17xx.o(.constdata)
    .constdata                               0x00007640   Section      392  uart_lpc17xx.o(.constdata)
    usart_driver_version                     0x00007640   Data           4  uart_lpc17xx.o(.constdata)
    fract_div_lookup_table                   0x00007644   Data         288  uart_lpc17xx.o(.constdata)
    USART1_Resources                         0x00007764   Data         100  uart_lpc17xx.o(.constdata)
    .constdata                               0x000077c8   Section        8  uart_lpc17xx.o(.constdata)
    USART1_DMA_Tx                            0x000077c8   Data           8  uart_lpc17xx.o(.constdata)
    .constdata                               0x000077d0   Section        8  uart_lpc17xx.o(.constdata)
    USART1_DMA_Rx                            0x000077d0   Data           8  uart_lpc17xx.o(.constdata)
    .constdata                               0x000077d8   Section       56  uart_lpc17xx.o(.constdata)
    .constdata                               0x00007810   Section       40  _printf_hex_int.o(.constdata)
    uc_hextab                                0x00007810   Data          20  _printf_hex_int.o(.constdata)
    lc_hextab                                0x00007824   Data          20  _printf_hex_int.o(.constdata)
    .constdata                               0x00007838   Section       17  __printf_flags_wp.o(.constdata)
    maptable                                 0x00007838   Data          17  __printf_flags_wp.o(.constdata)
    .constdata                               0x0000784c   Section      148  bigflt0.o(.constdata)
    tenpwrs_x                                0x0000784c   Data          60  bigflt0.o(.constdata)
    tenpwrs_i                                0x00007888   Data          64  bigflt0.o(.constdata)
    locale$$data                             0x00007900   Section       28  lc_numeric_c.o(locale$$data)
    __lcnum_c_name                           0x00007904   Data           2  lc_numeric_c.o(locale$$data)
    __lcnum_c_start                          0x0000790c   Data           0  lc_numeric_c.o(locale$$data)
    __lcnum_c_point                          0x00007918   Data           0  lc_numeric_c.o(locale$$data)
    __lcnum_c_thousands                      0x0000791a   Data           0  lc_numeric_c.o(locale$$data)
    __lcnum_c_grouping                       0x0000791b   Data           0  lc_numeric_c.o(locale$$data)
    __lcnum_c_end                            0x0000791c   Data           0  lc_numeric_c.o(locale$$data)
    .data                                    0x10000000   Section       12  main.o(.data)
    a                                        0x10000000   Data           1  main.o(.data)
    b                                        0x10000001   Data           1  main.o(.data)
    .data                                    0x1000000c   Section       20  glcd_mcb1700.o(.data)
    Himax                                    0x1000000c   Data           1  glcd_mcb1700.o(.data)
    foreground_color                         0x1000000e   Data           2  glcd_mcb1700.o(.data)
    background_color                         0x10000010   Data           2  glcd_mcb1700.o(.data)
    active_font                              0x10000014   Data           4  glcd_mcb1700.o(.data)
    spi1_pins                                0x10000018   Data           8  glcd_mcb1700.o(.data)
    .data                                    0x10000020   Section        4  rtx_conf_cm.o(.data)
    .data                                    0x10000024   Section        4  rtx_conf_cm.o(.data)
    .data                                    0x10000028   Section        4  rtx_conf_cm.o(.data)
    .data                                    0x1000002c   Section        2  spi_lpc17xx.o(.data)
    SPI_pin_sck                              0x1000002c   Data           2  spi_lpc17xx.o(.data)
    .data                                    0x1000002e   Section        2  spi_lpc17xx.o(.data)
    SPI_pin_miso                             0x1000002e   Data           2  spi_lpc17xx.o(.data)
    .data                                    0x10000030   Section        2  spi_lpc17xx.o(.data)
    SPI_pin_ssel                             0x10000030   Data           2  spi_lpc17xx.o(.data)
    .data                                    0x10000034   Section        4  spi_lpc17xx.o(.data)
    spi                                      0x10000034   Data           4  spi_lpc17xx.o(.data)
    .data                                    0x10000038   Section        2  ssp_lpc17xx.o(.data)
    SSPO_pin_sck                             0x10000038   Data           2  ssp_lpc17xx.o(.data)
    .data                                    0x1000003a   Section        2  ssp_lpc17xx.o(.data)
    SSPO_pin_ssel                            0x1000003a   Data           2  ssp_lpc17xx.o(.data)
    .data                                    0x1000003c   Section        2  ssp_lpc17xx.o(.data)
    SSP1_pin_sck                             0x1000003c   Data           2  ssp_lpc17xx.o(.data)
    .data                                    0x1000003e   Section        2  ssp_lpc17xx.o(.data)
    SSP1_pin_miso                            0x1000003e   Data           2  ssp_lpc17xx.o(.data)
    .data                                    0x10000040   Section        2  ssp_lpc17xx.o(.data)
    SSP1_pin_mosi                            0x10000040   Data           2  ssp_lpc17xx.o(.data)
    .data                                    0x10000042   Section        2  ssp_lpc17xx.o(.data)
    SSP1_pin_ssel                            0x10000042   Data           2  ssp_lpc17xx.o(.data)
    .data                                    0x10000044   Section        8  ssp_lpc17xx.o(.data)
    dummy_data                               0x10000044   Data           4  ssp_lpc17xx.o(.data)
    dummy_data                               0x10000048   Data           4  ssp_lpc17xx.o(.data)
    .data                                    0x1000004c   Section        2  uart_lpc17xx.o(.data)
    USART1_pin_tx                            0x1000004c   Data           2  uart_lpc17xx.o(.data)
    .data                                    0x1000004e   Section        2  uart_lpc17xx.o(.data)
    USART1_pin_rx                            0x1000004e   Data           2  uart_lpc17xx.o(.data)
    .data                                    0x10000050   Section        8  gpdma_lpc17xx.o(.data)
    Channel_active                           0x10000050   Data           4  gpdma_lpc17xx.o(.data)
    Init_cnt                                 0x10000054   Data           4  gpdma_lpc17xx.o(.data)
    .data                                    0x10000058   Section        4  system_lpc17xx.o(.data)
    .data                                    0x1000005c   Section        8  rt_cmsis.o(.data)
    .data                                    0x10000064   Section        8  rt_task.o(.data)
    .data                                    0x1000006c   Section        8  rt_system.o(.data)
    os_lock                                  0x1000006c   Data           1  rt_system.o(.data)
    os_psh_flag                              0x1000006d   Data           1  rt_system.o(.data)
    pend_flags                               0x1000006e   Data           1  rt_system.o(.data)
    .data                                    0x10000074   Section        4  rt_time.o(.data)
    .data                                    0x10000078   Section        8  rt_robin.o(.data)
    .data                                    0x10000080   Section        1  hal_cm.o(.data)
    .bss                                     0x10000084   Section       32  rtx_conf_cm.o(.bss)
    .bss                                     0x100000a4   Section      376  rtx_conf_cm.o(.bss)
    .bss                                     0x10000220   Section     1216  rtx_conf_cm.o(.bss)
    .bss                                     0x100006e0   Section      432  rtx_conf_cm.o(.bss)
    .bss                                     0x10000890   Section      132  rtx_conf_cm.o(.bss)
    .bss                                     0x10000914   Section       28  rtx_conf_cm.o(.bss)
    .bss                                     0x10000930   Section       12  spi_lpc17xx.o(.bss)
    SPI_Info                                 0x10000930   Data          12  spi_lpc17xx.o(.bss)
    .bss                                     0x1000093c   Section       28  spi_lpc17xx.o(.bss)
    SPI_Xfer                                 0x1000093c   Data          28  spi_lpc17xx.o(.bss)
    .bss                                     0x10000958   Section       12  ssp_lpc17xx.o(.bss)
    SSP0_Info                                0x10000958   Data          12  ssp_lpc17xx.o(.bss)
    .bss                                     0x10000964   Section       28  ssp_lpc17xx.o(.bss)
    SSP0_Xfer                                0x10000964   Data          28  ssp_lpc17xx.o(.bss)
    .bss                                     0x10000980   Section       12  ssp_lpc17xx.o(.bss)
    SSP1_Info                                0x10000980   Data          12  ssp_lpc17xx.o(.bss)
    .bss                                     0x1000098c   Section       28  ssp_lpc17xx.o(.bss)
    SSP1_Xfer                                0x1000098c   Data          28  ssp_lpc17xx.o(.bss)
    .bss                                     0x100009a8   Section       52  uart_lpc17xx.o(.bss)
    USART1_Info                              0x100009a8   Data          52  uart_lpc17xx.o(.bss)
    .bss                                     0x100009dc   Section      160  gpdma_lpc17xx.o(.bss)
    Channel_info                             0x100009dc   Data         160  gpdma_lpc17xx.o(.bss)
    .bss                                     0x10000a7c   Section       52  rt_task.o(.bss)
    .bss                                     0x10000ab0   Section       48  rt_list.o(.bss)
    .bss                                     0x10000ae0   Section       96  libspace.o(.bss)
    HEAP                                     0x10000b40   Section        0  startup_lpc17xx.o(HEAP)
    STACK                                    0x10000b40   Section      512  startup_lpc17xx.o(STACK)
    Heap_Mem                                 0x10000b40   Data           0  startup_lpc17xx.o(HEAP)
    Stack_Mem                                0x10000b40   Data         512  startup_lpc17xx.o(STACK)
    __initial_sp                             0x10000d40   Data           0  startup_lpc17xx.o(STACK)

    Global Symbols

    Symbol Name                              Value     Ov Type        Size  Object(Section)

    BuildAttributes$$THM_ISAv4$P$D$K$B$S$PE$A:L22UL41UL21$X:L11$S22US41US21$IEEE1$IW$USESV6$~STKCKD$USESV7$~SHL$OTIME$ROPI$IEEEJ$EBA8$UX$STANDARDLIB$REQ8$PRES8$EABIv2 0x00000000   Number         0  anon$$obj.o ABSOLUTE
    __ARM_use_no_argv                        0x00000000   Number         0  main.o ABSOLUTE
    __Vectors                                0x00000000   Data           4  startup_lpc17xx.o(RESET)
    _printf_flags                            0x00000000   Number         0  printf_stubs.o ABSOLUTE
    _printf_return_value                     0x00000000   Number         0  printf_stubs.o ABSOLUTE
    _printf_sizespec                         0x00000000   Number         0  printf_stubs.o ABSOLUTE
    _printf_widthprec                        0x00000000   Number         0  printf_stubs.o ABSOLUTE
    __ARM_exceptions_init                     - Undefined Weak Reference
    __alloca_initialize                       - Undefined Weak Reference
    __arm_preinit_                            - Undefined Weak Reference
    __cpp_initialize__aeabi_                  - Undefined Weak Reference
    __cxa_finalize                            - Undefined Weak Reference
    __sigvec_lookup                           - Undefined Weak Reference
    _atexit_init                              - Undefined Weak Reference
    _call_atexit_fns                          - Undefined Weak Reference
    _clock_init                               - Undefined Weak Reference
    _fp_trap_init                             - Undefined Weak Reference
    _fp_trap_shutdown                         - Undefined Weak Reference
    _get_lc_collate                           - Undefined Weak Reference
    _get_lc_ctype                             - Undefined Weak Reference
    _get_lc_monetary                          - Undefined Weak Reference
    _get_lc_time                              - Undefined Weak Reference
    _getenv_init                              - Undefined Weak Reference
    _handle_redirection                       - Undefined Weak Reference
    _init_alloc                               - Undefined Weak Reference
    _init_user_alloc                          - Undefined Weak Reference
    _initio                                   - Undefined Weak Reference
    _printf_truncate_signed                   - Undefined Weak Reference
    _printf_truncate_unsigned                 - Undefined Weak Reference
    _rand_init                                - Undefined Weak Reference
    _signal_finish                            - Undefined Weak Reference
    _signal_init                              - Undefined Weak Reference
    _terminate_alloc                          - Undefined Weak Reference
    _terminate_user_alloc                     - Undefined Weak Reference
    _terminateio                              - Undefined Weak Reference
    __main                                   0x000000cd   Thumb Code     8  __main.o(!!!main)
    __scatterload                            0x000000d5   Thumb Code     0  __scatter.o(!!!scatter)
    __scatterload_rt2                        0x000000d5   Thumb Code    44  __scatter.o(!!!scatter)
    __scatterload_rt2_thumb_only             0x000000d5   Thumb Code     0  __scatter.o(!!!scatter)
    __scatterload_null                       0x000000e3   Thumb Code     0  __scatter.o(!!!scatter)
    __scatterload_copy                       0x00000109   Thumb Code    26  __scatter_copy.o(!!handler_copy)
    __scatterload_zeroinit                   0x00000125   Thumb Code    28  __scatter_zi.o(!!handler_zi)
    _printf_f                                0x00000141   Thumb Code     0  _printf_f.o(.ARM.Collect$$_printf_percent$$00000003)
    _printf_percent                          0x00000141   Thumb Code     0  _printf_percent.o(.ARM.Collect$$_printf_percent$$00000000)
    _printf_d                                0x00000147   Thumb Code     0  _printf_d.o(.ARM.Collect$$_printf_percent$$00000009)
    _printf_x                                0x0000014d   Thumb Code     0  _printf_x.o(.ARM.Collect$$_printf_percent$$0000000C)
    _printf_percent_end                      0x00000153   Thumb Code     0  _printf_percent_end.o(.ARM.Collect$$_printf_percent$$00000017)
    __rt_lib_init                            0x00000157   Thumb Code     0  libinit.o(.ARM.Collect$$libinit$$00000000)
    __rt_lib_init_fp_1                       0x00000159   Thumb Code     0  libinit2.o(.ARM.Collect$$libinit$$00000002)
    __rt_lib_init_heap_1                     0x00000159   Thumb Code     0  libinit2.o(.ARM.Collect$$libinit$$0000000A)
    __rt_lib_init_lc_common                  0x00000159   Thumb Code     0  libinit2.o(.ARM.Collect$$libinit$$0000000F)
    __rt_lib_init_preinit_1                  0x00000159   Thumb Code     0  libinit2.o(.ARM.Collect$$libinit$$00000004)
    __rt_lib_init_rand_1                     0x00000159   Thumb Code     0  libinit2.o(.ARM.Collect$$libinit$$0000000E)
    __rt_lib_init_user_alloc_1               0x00000159   Thumb Code     0  libinit2.o(.ARM.Collect$$libinit$$0000000C)
    __rt_lib_init_lc_collate_1               0x0000015f   Thumb Code     0  libinit2.o(.ARM.Collect$$libinit$$00000011)
    __rt_lib_init_lc_ctype_1                 0x0000015f   Thumb Code     0  libinit2.o(.ARM.Collect$$libinit$$00000013)
    __rt_lib_init_lc_monetary_1              0x0000015f   Thumb Code     0  libinit2.o(.ARM.Collect$$libinit$$00000015)
    __rt_lib_init_lc_numeric_2               0x0000015f   Thumb Code     0  libinit2.o(.ARM.Collect$$libinit$$00000016)
    __rt_lib_init_alloca_1                   0x00000169   Thumb Code     0  libinit2.o(.ARM.Collect$$libinit$$0000002E)
    __rt_lib_init_argv_1                     0x00000169   Thumb Code     0  libinit2.o(.ARM.Collect$$libinit$$0000002C)
    __rt_lib_init_atexit_1                   0x00000169   Thumb Code     0  libinit2.o(.ARM.Collect$$libinit$$0000001B)
    __rt_lib_init_clock_1                    0x00000169   Thumb Code     0  libinit2.o(.ARM.Collect$$libinit$$00000021)
    __rt_lib_init_cpp_1                      0x00000169   Thumb Code     0  libinit2.o(.ARM.Collect$$libinit$$00000032)
    __rt_lib_init_exceptions_1               0x00000169   Thumb Code     0  libinit2.o(.ARM.Collect$$libinit$$00000030)
    __rt_lib_init_fp_trap_1                  0x00000169   Thumb Code     0  libinit2.o(.ARM.Collect$$libinit$$0000001F)
    __rt_lib_init_getenv_1                   0x00000169   Thumb Code     0  libinit2.o(.ARM.Collect$$libinit$$00000023)
    __rt_lib_init_lc_numeric_1               0x00000169   Thumb Code     0  libinit2.o(.ARM.Collect$$libinit$$00000017)
    __rt_lib_init_lc_time_1                  0x00000169   Thumb Code     0  libinit2.o(.ARM.Collect$$libinit$$00000019)
    __rt_lib_init_return                     0x00000169   Thumb Code     0  libinit2.o(.ARM.Collect$$libinit$$00000033)
    __rt_lib_init_signal_1                   0x00000169   Thumb Code     0  libinit2.o(.ARM.Collect$$libinit$$0000001D)
    __rt_lib_init_stdio_1                    0x00000169   Thumb Code     0  libinit2.o(.ARM.Collect$$libinit$$00000025)
    __rt_lib_shutdown                        0x0000016b   Thumb Code     0  libshutdown.o(.ARM.Collect$$libshutdown$$00000000)
    __rt_lib_shutdown_cpp_1                  0x0000016d   Thumb Code     0  libshutdown2.o(.ARM.Collect$$libshutdown$$00000002)
    __rt_lib_shutdown_fp_trap_1              0x0000016d   Thumb Code     0  libshutdown2.o(.ARM.Collect$$libshutdown$$00000007)
    __rt_lib_shutdown_heap_1                 0x0000016d   Thumb Code     0  libshutdown2.o(.ARM.Collect$$libshutdown$$0000000F)
    __rt_lib_shutdown_return                 0x0000016d   Thumb Code     0  libshutdown2.o(.ARM.Collect$$libshutdown$$00000010)
    __rt_lib_shutdown_signal_1               0x0000016d   Thumb Code     0  libshutdown2.o(.ARM.Collect$$libshutdown$$0000000A)
    __rt_lib_shutdown_stdio_1                0x0000016d   Thumb Code     0  libshutdown2.o(.ARM.Collect$$libshutdown$$00000004)
    __rt_lib_shutdown_user_alloc_1           0x0000016d   Thumb Code     0  libshutdown2.o(.ARM.Collect$$libshutdown$$0000000C)
    __rt_entry                               0x0000016f   Thumb Code     0  __rtentry.o(.ARM.Collect$$rtentry$$00000000)
    __rt_entry_presh_1                       0x0000016f   Thumb Code     0  __rtentry2.o(.ARM.Collect$$rtentry$$00000002)
    __rt_entry_sh                            0x0000016f   Thumb Code     0  __rtentry4.o(.ARM.Collect$$rtentry$$00000004)
    __rt_entry_li                            0x00000175   Thumb Code     0  __rtentry2.o(.ARM.Collect$$rtentry$$0000000A)
    __rt_entry_postsh_1                      0x00000175   Thumb Code     0  __rtentry2.o(.ARM.Collect$$rtentry$$00000009)
    __rt_entry_postli_1                      0x00000179   Thumb Code     0  __rtentry2.o(.ARM.Collect$$rtentry$$0000000B)
    __rt_entry_main                          0x00000181   Thumb Code     0  __rtentry2.o(.ARM.Collect$$rtentry$$0000000D)
    __rt_exit                                0x00000189   Thumb Code     0  rtexit.o(.ARM.Collect$$rtexit$$00000000)
    __rt_exit_ls                             0x0000018b   Thumb Code     0  rtexit2.o(.ARM.Collect$$rtexit$$00000003)
    __rt_exit_prels_1                        0x0000018b   Thumb Code     0  rtexit2.o(.ARM.Collect$$rtexit$$00000002)
    __rt_exit_exit                           0x0000018f   Thumb Code     0  rtexit2.o(.ARM.Collect$$rtexit$$00000004)
    _platform_post_lib_init                  0x00000195   Thumb Code    24  rtx_conf_cm.o(.emb_text)
    rt_set_PSP                               0x000001b1   Thumb Code     6  hal_cm3.o(.emb_text)
    rt_get_PSP                               0x000001b7   Thumb Code     6  hal_cm3.o(.emb_text)
    os_set_env                               0x000001bd   Thumb Code    24  hal_cm3.o(.emb_text)
    _alloc_box                               0x000001d9   Thumb Code    28  hal_cm3.o(.emb_text)
    _free_box                                0x000001f9   Thumb Code    28  hal_cm3.o(.emb_text)
    SVC_Handler                              0x00000219   Thumb Code   108  hal_cm3.o(.emb_text)
    PendSV_Handler                           0x00000291   Thumb Code    56  hal_cm3.o(.emb_text)
    SysTick_Handler                          0x000002cd   Thumb Code     8  hal_cm3.o(.emb_text)
    OS_Tick_Handler                          0x000002d5   Thumb Code    12  hal_cm3.o(.emb_text)
    __user_libspace                          0x000002e1   Thumb Code     8  libspace.o(.text)
    __user_perproc_libspace                  0x000002e1   Thumb Code     0  libspace.o(.text)
    exit                                     0x000002e9   Thumb Code    18  exit.o(.text)
    __I$use$semihosting                      0x000002fb   Thumb Code     0  use_no_semi.o(.text)
    __use_no_semihosting_swi                 0x000002fb   Thumb Code     2  use_no_semi.o(.text)
    Reset_Handler                            0x00000301   Thumb Code     8  startup_lpc17xx.o(.text)
    NMI_Handler                              0x00000309   Thumb Code     2  startup_lpc17xx.o(.text)
    HardFault_Handler                        0x0000030b   Thumb Code     2  startup_lpc17xx.o(.text)
    MemManage_Handler                        0x0000030d   Thumb Code     2  startup_lpc17xx.o(.text)
    BusFault_Handler                         0x0000030f   Thumb Code     2  startup_lpc17xx.o(.text)
    UsageFault_Handler                       0x00000311   Thumb Code     2  startup_lpc17xx.o(.text)
    DebugMon_Handler                         0x00000315   Thumb Code     2  startup_lpc17xx.o(.text)
    ADC_IRQHandler                           0x0000031b   Thumb Code     0  startup_lpc17xx.o(.text)
    BOD_IRQHandler                           0x0000031b   Thumb Code     0  startup_lpc17xx.o(.text)
    CANActivity_IRQHandler                   0x0000031b   Thumb Code     0  startup_lpc17xx.o(.text)
    CAN_IRQHandler                           0x0000031b   Thumb Code     0  startup_lpc17xx.o(.text)
    EINT0_IRQHandler                         0x0000031b   Thumb Code     0  startup_lpc17xx.o(.text)
    EINT1_IRQHandler                         0x0000031b   Thumb Code     0  startup_lpc17xx.o(.text)
    EINT2_IRQHandler                         0x0000031b   Thumb Code     0  startup_lpc17xx.o(.text)
    EINT3_IRQHandler                         0x0000031b   Thumb Code     0  startup_lpc17xx.o(.text)
    ENET_IRQHandler                          0x0000031b   Thumb Code     0  startup_lpc17xx.o(.text)
    I2C0_IRQHandler                          0x0000031b   Thumb Code     0  startup_lpc17xx.o(.text)
    I2C1_IRQHandler                          0x0000031b   Thumb Code     0  startup_lpc17xx.o(.text)
    I2C2_IRQHandler                          0x0000031b   Thumb Code     0  startup_lpc17xx.o(.text)
    I2S_IRQHandler                           0x0000031b   Thumb Code     0  startup_lpc17xx.o(.text)
    MCPWM_IRQHandler                         0x0000031b   Thumb Code     0  startup_lpc17xx.o(.text)
    PLL0_IRQHandler                          0x0000031b   Thumb Code     0  startup_lpc17xx.o(.text)
    PLL1_IRQHandler                          0x0000031b   Thumb Code     0  startup_lpc17xx.o(.text)
    PWM1_IRQHandler                          0x0000031b   Thumb Code     0  startup_lpc17xx.o(.text)
    QEI_IRQHandler                           0x0000031b   Thumb Code     0  startup_lpc17xx.o(.text)
    RIT_IRQHandler                           0x0000031b   Thumb Code     0  startup_lpc17xx.o(.text)
    RTC_IRQHandler                           0x0000031b   Thumb Code     0  startup_lpc17xx.o(.text)
    TIMER1_IRQHandler                        0x0000031b   Thumb Code     0  startup_lpc17xx.o(.text)
    TIMER2_IRQHandler                        0x0000031b   Thumb Code     0  startup_lpc17xx.o(.text)
    TIMER3_IRQHandler                        0x0000031b   Thumb Code     0  startup_lpc17xx.o(.text)
    UART0_IRQHandler                         0x0000031b   Thumb Code     0  startup_lpc17xx.o(.text)
    UART2_IRQHandler                         0x0000031b   Thumb Code     0  startup_lpc17xx.o(.text)
    UART3_IRQHandler                         0x0000031b   Thumb Code     0  startup_lpc17xx.o(.text)
    USBActivity_IRQHandler                   0x0000031b   Thumb Code     0  startup_lpc17xx.o(.text)
    USB_IRQHandler                           0x0000031b   Thumb Code     0  startup_lpc17xx.o(.text)
    WDT_IRQHandler                           0x0000031b   Thumb Code     0  startup_lpc17xx.o(.text)
    __user_initial_stackheap                 0x0000031d   Thumb Code     0  startup_lpc17xx.o(.text)
    __aeabi_uldivmod                         0x0000033d   Thumb Code     0  lludivv7m.o(.text)
    _ll_udiv                                 0x0000033d   Thumb Code   238  lludivv7m.o(.text)
    __2sprintf                               0x0000042d   Thumb Code    34  noretval__2sprintf.o(.text)
    _printf_pre_padding                      0x00000455   Thumb Code    44  _printf_pad.o(.text)
    _printf_post_padding                     0x00000481   Thumb Code    34  _printf_pad.o(.text)
    __RL_RTX_VER                             0x00000482   Number         0  rt_system.o ABSOLUTE
    _printf_int_dec                          0x000004a5   Thumb Code   104  _printf_dec.o(.text)
    _printf_int_hex                          0x0000051d   Thumb Code    84  _printf_hex_int.o(.text)
    _printf_longlong_hex                     0x0000051d   Thumb Code     0  _printf_hex_int.o(.text)
    __printf                                 0x00000575   Thumb Code   308  __printf_flags_wp.o(.text)
    __aeabi_memclr4                          0x000006ad   Thumb Code     0  rt_memclr_w.o(.text)
    __aeabi_memclr8                          0x000006ad   Thumb Code     0  rt_memclr_w.o(.text)
    __rt_memclr_w                            0x000006ad   Thumb Code    78  rt_memclr_w.o(.text)
    _memset_w                                0x000006b1   Thumb Code     0  rt_memclr_w.o(.text)
    __use_two_region_memory                  0x000006fb   Thumb Code     2  heapauxi.o(.text)
    __rt_heap_escrow$2region                 0x000006fd   Thumb Code     2  heapauxi.o(.text)
    __rt_heap_expand$2region                 0x000006ff   Thumb Code     2  heapauxi.o(.text)
    _printf_int_common                       0x00000701   Thumb Code   178  _printf_intcommon.o(.text)
    __lib_sel_fp_printf                      0x000007b3   Thumb Code     2  _printf_fp_dec.o(.text)
    _printf_fp_dec_real                      0x00000961   Thumb Code   620  _printf_fp_dec.o(.text)
    _printf_char_common                      0x00000bd7   Thumb Code    32  _printf_char_common.o(.text)
    _sputc                                   0x00000bfd   Thumb Code    10  _sputc.o(.text)
    __rt_locale                              0x00000c07   Thumb Code    10  rt_locale_twolibspace.o(.text)
    _ll_udiv10                               0x00000c11   Thumb Code   138  lludiv10.o(.text)
    _printf_fp_infnan                        0x00000c9d   Thumb Code   112  _printf_fp_infnan.o(.text)
    _btod_etento                             0x00000d1d   Thumb Code   216  bigflt0.o(.text)
    _sys_exit                                0x00000df9   Thumb Code     8  sys_exit.o(.text)
    __user_setup_stackheap                   0x00000e05   Thumb Code    74  sys_stackheap_outer.o(.text)
    strcmp                                   0x00000e51   Thumb Code   128  strcmpv7m.o(.text)
    __semihosting_library_function           0x00000ed1   Thumb Code     0  indicate_semi.o(.text)
    _btod_d2e                                0x00000ed1   Thumb Code    62  btod.o(CL$$btod_d2e)
    _d2e_denorm_low                          0x00000f0f   Thumb Code    70  btod.o(CL$$btod_d2e_denorm_low)
    _d2e_norm_op1                            0x00000f55   Thumb Code    96  btod.o(CL$$btod_d2e_norm_op1)
    __btod_div_common                        0x00000fb5   Thumb Code   696  btod.o(CL$$btod_div_common)
    _e2e                                     0x000012ed   Thumb Code   198  btod.o(CL$$btod_e2e)
    _btod_ediv                               0x000013b3   Thumb Code    40  btod.o(CL$$btod_ediv)
    _btod_emul                               0x000013db   Thumb Code    40  btod.o(CL$$btod_emul)
    __btod_mult_common                       0x00001403   Thumb Code   580  btod.o(CL$$btod_mult_common)
    SVC_Count                                0x00001648   Data           4  svc_table.o(SVC_TABLE)
    SVC_Table                                0x0000164c   Data           0  svc_table.o(SVC_TABLE)
    DMA_IRQHandler                           0x00001669   Thumb Code   220  gpdma_lpc17xx.o(i.DMA_IRQHandler)
    GLCD_ClearScreen                         0x00001751   Thumb Code    44  glcd_mcb1700.o(i.GLCD_ClearScreen)
    GLCD_DrawChar                            0x00001781   Thumb Code   130  glcd_mcb1700.o(i.GLCD_DrawChar)
    GLCD_DrawString                          0x00001809   Thumb Code    42  glcd_mcb1700.o(i.GLCD_DrawString)
    GLCD_Initialize                          0x00001839   Thumb Code  1454  glcd_mcb1700.o(i.GLCD_Initialize)
    GLCD_SetFont                             0x00001de9   Thumb Code     8  glcd_mcb1700.o(i.GLCD_SetFont)
    GLCD_SetWindow                           0x00001df5   Thumb Code   148  glcd_mcb1700.o(i.GLCD_SetWindow)
    GLCD_WindowMax                           0x00001e8d   Thumb Code    14  glcd_mcb1700.o(i.GLCD_WindowMax)
    GPDMA_ChannelConfigure                   0x00001e9d   Thumb Code   186  gpdma_lpc17xx.o(i.GPDMA_ChannelConfigure)
    GPDMA_ChannelDisable                     0x00001f65   Thumb Code    40  gpdma_lpc17xx.o(i.GPDMA_ChannelDisable)
    GPDMA_ChannelGetCount                    0x00001f91   Thumb Code    38  gpdma_lpc17xx.o(i.GPDMA_ChannelGetCount)
    GPDMA_Initialize                         0x00001fc1   Thumb Code    98  gpdma_lpc17xx.o(i.GPDMA_Initialize)
    GPDMA_PeripheralSelect                   0x00002035   Thumb Code    48  gpdma_lpc17xx.o(i.GPDMA_PeripheralSelect)
    GPDMA_Uninitialize                       0x00002069   Thumb Code    64  gpdma_lpc17xx.o(i.GPDMA_Uninitialize)
    GPIO_PinRead                             0x000020b1   Thumb Code    20  gpio_lpc17xx.o(i.GPIO_PinRead)
    GPIO_PinWrite                            0x000020c9   Thumb Code    20  gpio_lpc17xx.o(i.GPIO_PinWrite)
    GPIO_PortClock                           0x000020e1   Thumb Code    24  gpio_lpc17xx.o(i.GPIO_PortClock)
    GPIO_SetDir                              0x000020fd   Thumb Code    26  gpio_lpc17xx.o(i.GPIO_SetDir)
    Init_ServoMoteur                         0x00002195   Thumb Code    72  main.o(i.Init_ServoMoteur)
    Init_UART                                0x000021f1   Thumb Code    46  main.o(i.Init_UART)
    PIN_Configure                            0x00002225   Thumb Code   100  pin_lpc17xx.o(i.PIN_Configure)
    SPI_IRQHandler                           0x0000228d   Thumb Code   246  spi_lpc17xx.o(i.SPI_IRQHandler)
    SSP0_GPDMA_Rx_SignalEvent                0x00002389   Thumb Code     6  ssp_lpc17xx.o(i.SSP0_GPDMA_Rx_SignalEvent)
    SSP0_GPDMA_Tx_SignalEvent                0x00002395   Thumb Code     6  ssp_lpc17xx.o(i.SSP0_GPDMA_Tx_SignalEvent)
    SSP0_IRQHandler                          0x000023a1   Thumb Code     6  ssp_lpc17xx.o(i.SSP0_IRQHandler)
    SSP1_GPDMA_Rx_SignalEvent                0x000023b9   Thumb Code     6  ssp_lpc17xx.o(i.SSP1_GPDMA_Rx_SignalEvent)
    SSP1_GPDMA_Tx_SignalEvent                0x000023c5   Thumb Code     6  ssp_lpc17xx.o(i.SSP1_GPDMA_Tx_SignalEvent)
    SSP1_IRQHandler                          0x000023e9   Thumb Code     6  ssp_lpc17xx.o(i.SSP1_IRQHandler)
    SSPx_GPDMA_Rx_SignalEvent                0x00002839   Thumb Code    30  ssp_lpc17xx.o(i.SSPx_GPDMA_Rx_SignalEvent)
    SSPx_GPDMA_Tx_SignalEvent                0x00002857   Thumb Code    12  ssp_lpc17xx.o(i.SSPx_GPDMA_Tx_SignalEvent)
    SystemInit                               0x00002f9d   Thumb Code   196  system_lpc17xx.o(i.SystemInit)
    TIMER0_IRQHandler                        0x0000306d   Thumb Code   138  main.o(i.TIMER0_IRQHandler)
    UART1_IRQHandler                         0x00003105   Thumb Code     6  uart_lpc17xx.o(i.UART1_IRQHandler)
    USART1_GPDMA_Rx_Event                    0x0000311d   Thumb Code    96  uart_lpc17xx.o(i.USART1_GPDMA_Rx_Event)
    USART1_GPDMA_Tx_Event                    0x00003181   Thumb Code    50  uart_lpc17xx.o(i.USART1_GPDMA_Tx_Event)
    USART_SetBaudrate                        0x00003fe9   Thumb Code   204  uart_lpc17xx.o(i.USART_SetBaudrate)
    __ARM_fpclassify                         0x000041f1   Thumb Code    40  fpclassify.o(i.__ARM_fpclassify)
    _init_box                                0x00004267   Thumb Code    70  rt_membox.o(i._init_box)
    _is_digit                                0x000042ad   Thumb Code    14  __printf_wp.o(i._is_digit)
    _mutex_acquire                           0x000042bd   Thumb Code    22  rtx_conf_cm.o(i._mutex_acquire)
    _mutex_release                           0x000042dd   Thumb Code    18  rtx_conf_cm.o(i._mutex_release)
    dbg_init                                 0x000042f9   Thumb Code    34  hal_cm.o(i.dbg_init)
    dbg_task_notify                          0x00004329   Thumb Code    32  hal_cm.o(i.dbg_task_notify)
    dbg_task_switch                          0x00004349   Thumb Code    16  hal_cm.o(i.dbg_task_switch)
    initTimer0                               0x00004381   Thumb Code    36  main.o(i.initTimer0)
    isrMessageGet                            0x000043ad   Thumb Code    42  rt_cmsis.o(i.isrMessageGet)
    isrMessagePut                            0x000043d7   Thumb Code    44  rt_cmsis.o(i.isrMessagePut)
    isr_mbx_receive                          0x00004405   Thumb Code    86  rt_mailbox.o(i.isr_mbx_receive)
    isr_mbx_send                             0x0000445b   Thumb Code    14  rt_mailbox.o(i.isr_mbx_send)
    main                                     0x00004469   Thumb Code   152  main.o(i.main)
    osKernelInitialize                       0x0000453d   Thumb Code    30  rt_cmsis.o(i.osKernelInitialize)
    osKernelStart                            0x00004561   Thumb Code    98  rt_cmsis.o(i.osKernelStart)
    osMessageGet                             0x000045cd   Thumb Code    18  rt_cmsis.o(i.osMessageGet)
    osThreadCreate                           0x000045e5   Thumb Code    36  rt_cmsis.o(i.osThreadCreate)
    osThreadExit                             0x00004611   Thumb Code    14  rt_cmsis.o(i.osThreadExit)
    osTimerCall                              0x00004629   Thumb Code     8  rt_cmsis.o(i.osTimerCall)
    osTimerThread                            0x00004635   Thumb Code    38  rt_cmsis.o(i.osTimerThread)
    os_error                                 0x00004661   Thumb Code     2  rtx_conf_cm.o(i.os_error)
    os_idle_demon                            0x00004663   Thumb Code     2  rtx_conf_cm.o(i.os_idle_demon)
    os_tick_init                             0x00004665   Thumb Code    32  rt_system.o(i.os_tick_init)
    os_tick_irqack                           0x0000468d   Thumb Code     2  rt_system.o(i.os_tick_irqack)
    rt_alloc_box                             0x00004741   Thumb Code    26  rt_membox.o(i.rt_alloc_box)
    rt_alloc_mem                             0x0000475b   Thumb Code    62  rt_memory.o(i.rt_alloc_mem)
    rt_block                                 0x00004799   Thumb Code    48  rt_task.o(i.rt_block)
    rt_chk_robin                             0x000047d1   Thumb Code    60  rt_robin.o(i.rt_chk_robin)
    rt_dec_dly                               0x00004819   Thumb Code   102  rt_list.o(i.rt_dec_dly)
    rt_dispatch                              0x00004889   Thumb Code    60  rt_task.o(i.rt_dispatch)
    rt_evt_psh                               0x000048cd   Thumb Code    76  rt_event.o(i.rt_evt_psh)
    rt_free_box                              0x0000491d   Thumb Code    44  rt_membox.o(i.rt_free_box)
    rt_free_mem                              0x00004949   Thumb Code    40  rt_memory.o(i.rt_free_mem)
    rt_get_first                             0x00004971   Thumb Code    40  rt_list.o(i.rt_get_first)
    rt_init_mem                              0x000049e9   Thumb Code    26  rt_memory.o(i.rt_init_mem)
    rt_init_robin                            0x00004a05   Thumb Code    14  rt_robin.o(i.rt_init_robin)
    rt_init_stack                            0x00004a1d   Thumb Code   118  hal_cm.o(i.rt_init_stack)
    rt_mbx_check                             0x00004a9d   Thumb Code     8  rt_mailbox.o(i.rt_mbx_check)
    rt_mbx_init                              0x00004aa5   Thumb Code    26  rt_mailbox.o(i.rt_mbx_init)
    rt_mbx_psh                               0x00004ac1   Thumb Code   236  rt_mailbox.o(i.rt_mbx_psh)
    rt_mbx_wait                              0x00004bb1   Thumb Code   174  rt_mailbox.o(i.rt_mbx_wait)
    rt_mut_release                           0x00004ca9   Thumb Code   208  rt_mutex.o(i.rt_mut_release)
    rt_mut_wait                              0x00004d81   Thumb Code   114  rt_mutex.o(i.rt_mut_wait)
    rt_pop_req                               0x00004df9   Thumb Code   112  rt_system.o(i.rt_pop_req)
    rt_psh_req                               0x00004e75   Thumb Code    22  rt_system.o(i.rt_psh_req)
    rt_psq_enq                               0x00004e95   Thumb Code    88  rt_list.o(i.rt_psq_enq)
    rt_put_dly                               0x00004ef1   Thumb Code    68  rt_list.o(i.rt_put_dly)
    rt_put_prio                              0x00004f39   Thumb Code    54  rt_list.o(i.rt_put_prio)
    rt_put_rdy_first                         0x00004f71   Thumb Code    14  rt_list.o(i.rt_put_rdy_first)
    rt_resort_prio                           0x00004f85   Thumb Code    46  rt_list.o(i.rt_resort_prio)
    rt_ret_val                               0x00004fb9   Thumb Code     6  hal_cm.o(i.rt_ret_val)
    rt_ret_val2                              0x00004fbf   Thumb Code     8  hal_cm.o(i.rt_ret_val2)
    rt_rmv_dly                               0x00004fc7   Thumb Code    40  rt_list.o(i.rt_rmv_dly)
    rt_rmv_list                              0x00004ff1   Thumb Code    44  rt_list.o(i.rt_rmv_list)
    rt_sem_psh                               0x00005021   Thumb Code    48  rt_semaphore.o(i.rt_sem_psh)
    rt_stk_check                             0x00005055   Thumb Code    28  rt_system.o(i.rt_stk_check)
    rt_switch_req                            0x00005079   Thumb Code    30  rt_task.o(i.rt_switch_req)
    rt_sys_init                              0x000050a1   Thumb Code   138  rt_task.o(i.rt_sys_init)
    rt_sys_start                             0x0000516d   Thumb Code   110  rt_task.o(i.rt_sys_start)
    rt_systick                               0x000051e5   Thumb Code    50  rt_system.o(i.rt_systick)
    rt_tsk_create                            0x0000526d   Thumb Code   118  rt_task.o(i.rt_tsk_create)
    rt_tsk_delete                            0x000052f5   Thumb Code   352  rt_task.o(i.rt_tsk_delete)
    rt_tsk_prio                              0x00005471   Thumb Code   108  rt_task.o(i.rt_tsk_prio)
    rt_tsk_self                              0x000054ed   Thumb Code    12  rt_task.o(i.rt_tsk_self)
    svcKernelInitialize                      0x0000559d   Thumb Code    80  rt_cmsis.o(i.svcKernelInitialize)
    svcKernelStart                           0x0000560d   Thumb Code    62  rt_cmsis.o(i.svcKernelStart)
    svcMessageCreate                         0x00005655   Thumb Code    36  rt_cmsis.o(i.svcMessageCreate)
    svcMessageGet                            0x00005679   Thumb Code    58  rt_cmsis.o(i.svcMessageGet)
    svcThreadCreate                          0x000056b5   Thumb Code    96  rt_cmsis.o(i.svcThreadCreate)
    svcThreadGetId                           0x00005721   Thumb Code    22  rt_cmsis.o(i.svcThreadGetId)
    svcThreadTerminate                       0x0000573d   Thumb Code    50  rt_cmsis.o(i.svcThreadTerminate)
    svcTimerCall                             0x00005775   Thumb Code    24  rt_cmsis.o(i.svcTimerCall)
    sysTimerTick                             0x0000578d   Thumb Code    84  rt_cmsis.o(i.sysTimerTick)
    _get_lc_numeric                          0x000058e1   Thumb Code    44  lc_numeric_c.o(locale$$code)
    __fpl_dretinf                            0x0000590d   Thumb Code    12  dretinf.o(x$fpl$dretinf)
    __aeabi_f2d                              0x00005919   Thumb Code     0  f2d.o(x$fpl$f2d)
    _f2d                                     0x00005919   Thumb Code    86  f2d.o(x$fpl$f2d)
    __aeabi_fadd                             0x00005971   Thumb Code     0  faddsub_clz.o(x$fpl$fadd)
    _fadd                                    0x00005971   Thumb Code   196  faddsub_clz.o(x$fpl$fadd)
    __fpl_fcheck_NaN1                        0x00005a35   Thumb Code     6  fcheck1.o(x$fpl$fcheck1)
    __aeabi_fdiv                             0x00005a41   Thumb Code     0  fdiv.o(x$fpl$fdiv)
    _fdiv                                    0x00005a41   Thumb Code   384  fdiv.o(x$fpl$fdiv)
    __aeabi_f2iz                             0x00005bc5   Thumb Code     0  ffix.o(x$fpl$ffix)
    _ffix                                    0x00005bc5   Thumb Code    54  ffix.o(x$fpl$ffix)
    __aeabi_f2uiz                            0x00005bfd   Thumb Code     0  ffixu.o(x$fpl$ffixu)
    _ffixu                                   0x00005bfd   Thumb Code    62  ffixu.o(x$fpl$ffixu)
    __aeabi_i2f                              0x00005c3d   Thumb Code     0  fflt_clz.o(x$fpl$fflt)
    _fflt                                    0x00005c3d   Thumb Code    48  fflt_clz.o(x$fpl$fflt)
    __aeabi_fmul                             0x00005c6d   Thumb Code     0  fmul.o(x$fpl$fmul)
    _fmul                                    0x00005c6d   Thumb Code   258  fmul.o(x$fpl$fmul)
    __fpl_fnaninf                            0x00005d6f   Thumb Code   140  fnaninf.o(x$fpl$fnaninf)
    __fpl_fretinf                            0x00005dfb   Thumb Code    10  fretinf.o(x$fpl$fretinf)
    __aeabi_fsub                             0x00005e05   Thumb Code     0  faddsub_clz.o(x$fpl$fsub)
    _fsub                                    0x00005e05   Thumb Code   234  faddsub_clz.o(x$fpl$fsub)
    _printf_fp_dec                           0x00005eef   Thumb Code     4  printf1.o(x$fpl$printf1)
    __fpl_return_NaN                         0x00005ef3   Thumb Code   100  retnan.o(x$fpl$retnan)
    __ARM_scalbnf                            0x00005f57   Thumb Code    76  scalbnf.o(x$fpl$scalbnf)
    __fpl_cmpreturn                          0x00005fa3   Thumb Code    48  trapv.o(x$fpl$trapveneer)
    __I$use$fp                               0x00005fd2   Number         0  usenofp.o(x$fpl$usenofp)
    GLCD_Font_16x24                          0x000074d4   Data          16  glcd_fonts.o(.constdata)
    os_maxtaskrun                            0x000074e4   Data           2  rtx_conf_cm.o(.constdata)
    os_stackinfo                             0x000074e8   Data           4  rtx_conf_cm.o(.constdata)
    os_rrobin                                0x000074ec   Data           4  rtx_conf_cm.o(.constdata)
    os_trv                                   0x000074f0   Data           4  rtx_conf_cm.o(.constdata)
    os_flags                                 0x000074f4   Data           1  rtx_conf_cm.o(.constdata)
    CMSIS_RTOS_API_Version                   0x000074f8   Data           4  rtx_conf_cm.o(.constdata)
    CMSIS_RTOS_RTX_Version                   0x000074fc   Data           4  rtx_conf_cm.o(.constdata)
    os_clockrate                             0x00007500   Data           4  rtx_conf_cm.o(.constdata)
    os_timernum                              0x00007504   Data           4  rtx_conf_cm.o(.constdata)
    mp_tcb_size                              0x00007508   Data           2  rtx_conf_cm.o(.constdata)
    mp_stk_size                              0x0000750c   Data           4  rtx_conf_cm.o(.constdata)
    os_stack_sz                              0x00007510   Data           4  rtx_conf_cm.o(.constdata)
    os_fifo_size                             0x00007514   Data           1  rtx_conf_cm.o(.constdata)
    os_thread_def_osTimerThread              0x00007518   Data          16  rtx_conf_cm.o(.constdata)
    os_messageQ_def_osTimerMessageQ          0x00007528   Data           8  rtx_conf_cm.o(.constdata)
    mp_tmr_size                              0x00007530   Data           2  rtx_conf_cm.o(.constdata)
    os_thread_def_main                       0x00007534   Data          16  rtx_conf_cm.o(.constdata)
    Driver_SPI1                              0x00007614   Data          44  ssp_lpc17xx.o(.constdata)
    Driver_USART1                            0x000077d8   Data          56  uart_lpc17xx.o(.constdata)
    Region$$Table$$Base                      0x000078e0   Number         0  anon$$obj.o(Region$$Table)
    Region$$Table$$Limit                     0x00007900   Number         0  anon$$obj.o(Region$$Table)
    rapport_cyclique                         0x10000004   Data           4  main.o(.data)
    DC                                       0x10000008   Data           4  main.o(.data)
    m_tmr                                    0x10000020   Data           4  rtx_conf_cm.o(.data)
    osThreadId_osTimerThread                 0x10000024   Data           4  rtx_conf_cm.o(.data)
    osMessageQId_osTimerMessageQ             0x10000028   Data           4  rtx_conf_cm.o(.data)
    SystemCoreClock                          0x10000058   Data           4  system_lpc17xx.o(.data)
    os_initialized                           0x1000005c   Data           1  rt_cmsis.o(.data)
    os_running                               0x1000005d   Data           1  rt_cmsis.o(.data)
    os_timer_head                            0x10000060   Data           4  rt_cmsis.o(.data)
    os_tsk                                   0x10000064   Data           8  rt_task.o(.data)
    os_tick_irqn                             0x10000070   Data           4  rt_system.o(.data)
    os_time                                  0x10000074   Data           4  rt_time.o(.data)
    os_robin                                 0x10000078   Data           8  rt_robin.o(.data)
    dbg_msg                                  0x10000080   Data           1  hal_cm.o(.data)
    os_messageQ_q_osTimerMessageQ            0x10000084   Data          32  rtx_conf_cm.o(.bss)
    mp_tcb                                   0x100000a4   Data         376  rtx_conf_cm.o(.bss)
    mp_stk                                   0x10000220   Data        1216  rtx_conf_cm.o(.bss)
    os_stack_mem                             0x100006e0   Data         432  rtx_conf_cm.o(.bss)
    os_fifo                                  0x10000890   Data         132  rtx_conf_cm.o(.bss)
    os_active_TCB                            0x10000914   Data          28  rtx_conf_cm.o(.bss)
    os_idle_TCB                              0x10000a7c   Data          52  rt_task.o(.bss)
    os_rdy                                   0x10000ab0   Data          24  rt_list.o(.bss)
    os_dly                                   0x10000ac8   Data          24  rt_list.o(.bss)
    __libspace_start                         0x10000ae0   Data          96  libspace.o(.bss)
    __temporary_stack_top$libspace           0x10000b40   Data           0  libspace.o(.bss)



==============================================================================

Memory Map of the image

  Image Entry point : 0x000000cd

  Load Region LR_IROM1 (Base: 0x00000000, Size: 0x000079a0, Max: 0x00080000, ABSOLUTE)

    Execution Region ER_IROM1 (Base: 0x00000000, Size: 0x0000791c, Max: 0x00080000, ABSOLUTE)

    Base Addr    Size         Type   Attr      Idx    E Section Name        Object

    0x00000000   0x000000cc   Data   RO         1143    RESET               startup_lpc17xx.o
    0x000000cc   0x00000008   Code   RO         2466  * !!!main             c_w.l(__main.o)
    0x000000d4   0x00000034   Code   RO         2728    !!!scatter          c_w.l(__scatter.o)
    0x00000108   0x0000001a   Code   RO         2730    !!handler_copy      c_w.l(__scatter_copy.o)
    0x00000122   0x00000002   PAD
    0x00000124   0x0000001c   Code   RO         2732    !!handler_zi        c_w.l(__scatter_zi.o)
    0x00000140   0x00000000   Code   RO         2459    .ARM.Collect$$_printf_percent$$00000000  c_w.l(_printf_percent.o)
    0x00000140   0x00000006   Code   RO         2458    .ARM.Collect$$_printf_percent$$00000003  c_w.l(_printf_f.o)
    0x00000146   0x00000006   Code   RO         2457    .ARM.Collect$$_printf_percent$$00000009  c_w.l(_printf_d.o)
    0x0000014c   0x00000006   Code   RO         2456    .ARM.Collect$$_printf_percent$$0000000C  c_w.l(_printf_x.o)
    0x00000152   0x00000004   Code   RO         2515    .ARM.Collect$$_printf_percent$$00000017  c_w.l(_printf_percent_end.o)
    0x00000156   0x00000002   Code   RO         2612    .ARM.Collect$$libinit$$00000000  c_w.l(libinit.o)
    0x00000158   0x00000000   Code   RO         2614    .ARM.Collect$$libinit$$00000002  c_w.l(libinit2.o)
    0x00000158   0x00000000   Code   RO         2616    .ARM.Collect$$libinit$$00000004  c_w.l(libinit2.o)
    0x00000158   0x00000000   Code   RO         2619    .ARM.Collect$$libinit$$0000000A  c_w.l(libinit2.o)
    0x00000158   0x00000000   Code   RO         2621    .ARM.Collect$$libinit$$0000000C  c_w.l(libinit2.o)
    0x00000158   0x00000000   Code   RO         2623    .ARM.Collect$$libinit$$0000000E  c_w.l(libinit2.o)
    0x00000158   0x00000006   Code   RO         2624    .ARM.Collect$$libinit$$0000000F  c_w.l(libinit2.o)
    0x0000015e   0x00000000   Code   RO         2626    .ARM.Collect$$libinit$$00000011  c_w.l(libinit2.o)
    0x0000015e   0x00000000   Code   RO         2628    .ARM.Collect$$libinit$$00000013  c_w.l(libinit2.o)
    0x0000015e   0x00000000   Code   RO         2630    .ARM.Collect$$libinit$$00000015  c_w.l(libinit2.o)
    0x0000015e   0x0000000a   Code   RO         2631    .ARM.Collect$$libinit$$00000016  c_w.l(libinit2.o)
    0x00000168   0x00000000   Code   RO         2632    .ARM.Collect$$libinit$$00000017  c_w.l(libinit2.o)
    0x00000168   0x00000000   Code   RO         2634    .ARM.Collect$$libinit$$00000019  c_w.l(libinit2.o)
    0x00000168   0x00000000   Code   RO         2636    .ARM.Collect$$libinit$$0000001B  c_w.l(libinit2.o)
    0x00000168   0x00000000   Code   RO         2638    .ARM.Collect$$libinit$$0000001D  c_w.l(libinit2.o)
    0x00000168   0x00000000   Code   RO         2640    .ARM.Collect$$libinit$$0000001F  c_w.l(libinit2.o)
    0x00000168   0x00000000   Code   RO         2642    .ARM.Collect$$libinit$$00000021  c_w.l(libinit2.o)
    0x00000168   0x00000000   Code   RO         2644    .ARM.Collect$$libinit$$00000023  c_w.l(libinit2.o)
    0x00000168   0x00000000   Code   RO         2646    .ARM.Collect$$libinit$$00000025  c_w.l(libinit2.o)
    0x00000168   0x00000000   Code   RO         2650    .ARM.Collect$$libinit$$0000002C  c_w.l(libinit2.o)
    0x00000168   0x00000000   Code   RO         2652    .ARM.Collect$$libinit$$0000002E  c_w.l(libinit2.o)
    0x00000168   0x00000000   Code   RO         2654    .ARM.Collect$$libinit$$00000030  c_w.l(libinit2.o)
    0x00000168   0x00000000   Code   RO         2656    .ARM.Collect$$libinit$$00000032  c_w.l(libinit2.o)
    0x00000168   0x00000002   Code   RO         2657    .ARM.Collect$$libinit$$00000033  c_w.l(libinit2.o)
    0x0000016a   0x00000002   Code   RO         2658    .ARM.Collect$$libshutdown$$00000000  c_w.l(libshutdown.o)
    0x0000016c   0x00000000   Code   RO         2673    .ARM.Collect$$libshutdown$$00000002  c_w.l(libshutdown2.o)
    0x0000016c   0x00000000   Code   RO         2675    .ARM.Collect$$libshutdown$$00000004  c_w.l(libshutdown2.o)
    0x0000016c   0x00000000   Code   RO         2678    .ARM.Collect$$libshutdown$$00000007  c_w.l(libshutdown2.o)
    0x0000016c   0x00000000   Code   RO         2681    .ARM.Collect$$libshutdown$$0000000A  c_w.l(libshutdown2.o)
    0x0000016c   0x00000000   Code   RO         2683    .ARM.Collect$$libshutdown$$0000000C  c_w.l(libshutdown2.o)
    0x0000016c   0x00000000   Code   RO         2686    .ARM.Collect$$libshutdown$$0000000F  c_w.l(libshutdown2.o)
    0x0000016c   0x00000002   Code   RO         2687    .ARM.Collect$$libshutdown$$00000010  c_w.l(libshutdown2.o)
    0x0000016e   0x00000000   Code   RO         2500    .ARM.Collect$$rtentry$$00000000  c_w.l(__rtentry.o)
    0x0000016e   0x00000000   Code   RO         2526    .ARM.Collect$$rtentry$$00000002  c_w.l(__rtentry2.o)
    0x0000016e   0x00000006   Code   RO         2538    .ARM.Collect$$rtentry$$00000004  c_w.l(__rtentry4.o)
    0x00000174   0x00000000   Code   RO         2528    .ARM.Collect$$rtentry$$00000009  c_w.l(__rtentry2.o)
    0x00000174   0x00000004   Code   RO         2529    .ARM.Collect$$rtentry$$0000000A  c_w.l(__rtentry2.o)
    0x00000178   0x00000008   Code   RO         2530    .ARM.Collect$$rtentry$$0000000B  c_w.l(__rtentry2.o)
    0x00000180   0x00000008   Code   RO         2532    .ARM.Collect$$rtentry$$0000000D  c_w.l(__rtentry2.o)
    0x00000188   0x00000002   Code   RO         2501    .ARM.Collect$$rtexit$$00000000  c_w.l(rtexit.o)
    0x0000018a   0x00000000   Code   RO         2541    .ARM.Collect$$rtexit$$00000002  c_w.l(rtexit2.o)
    0x0000018a   0x00000004   Code   RO         2542    .ARM.Collect$$rtexit$$00000003  c_w.l(rtexit2.o)
    0x0000018e   0x00000006   Code   RO         2543    .ARM.Collect$$rtexit$$00000004  c_w.l(rtexit2.o)
    0x00000194   0x0000001c   Code   RO          322    .emb_text           rtx_conf_cm.o
    0x000001b0   0x00000130   Code   RO         2385    .emb_text           RTX_CM3.lib(hal_cm3.o)
    0x000002e0   0x00000008   Code   RO         2400    .text               c_w.l(libspace.o)
    0x000002e8   0x00000012   Code   RO         2460    .text               c_w.l(exit.o)
    0x000002fa   0x00000002   Code   RO         2661    .text               c_w.l(use_no_semi.o)
    0x000002fc   0x00000004   Code   RO         1144    .ARM.__at_0x02FC    startup_lpc17xx.o
    0x00000300   0x0000003c   Code   RO         1145    .text               startup_lpc17xx.o
    0x0000033c   0x000000ee   Code   RO         2403    .text               c_w.l(lludivv7m.o)
    0x0000042a   0x00000002   PAD
    0x0000042c   0x00000028   Code   RO         2407    .text               c_w.l(noretval__2sprintf.o)
    0x00000454   0x0000004e   Code   RO         2411    .text               c_w.l(_printf_pad.o)
    0x000004a2   0x00000002   PAD
    0x000004a4   0x00000078   Code   RO         2413    .text               c_w.l(_printf_dec.o)
    0x0000051c   0x00000058   Code   RO         2418    .text               c_w.l(_printf_hex_int.o)
    0x00000574   0x00000138   Code   RO         2448    .text               c_w.l(__printf_flags_wp.o)
    0x000006ac   0x0000004e   Code   RO         2462    .text               c_w.l(rt_memclr_w.o)
    0x000006fa   0x00000006   Code   RO         2464    .text               c_w.l(heapauxi.o)
    0x00000700   0x000000b2   Code   RO         2507    .text               c_w.l(_printf_intcommon.o)
    0x000007b2   0x0000041a   Code   RO         2509    .text               c_w.l(_printf_fp_dec.o)
    0x00000bcc   0x00000030   Code   RO         2511    .text               c_w.l(_printf_char_common.o)
    0x00000bfc   0x0000000a   Code   RO         2513    .text               c_w.l(_sputc.o)
    0x00000c06   0x0000000a   Code   RO         2554    .text               c_w.l(rt_locale_twolibspace.o)
    0x00000c10   0x0000008a   Code   RO         2556    .text               c_w.l(lludiv10.o)
    0x00000c9a   0x00000002   PAD
    0x00000c9c   0x00000080   Code   RO         2558    .text               c_w.l(_printf_fp_infnan.o)
    0x00000d1c   0x000000dc   Code   RO         2562    .text               c_w.l(bigflt0.o)
    0x00000df8   0x0000000c   Code   RO         2596    .text               c_w.l(sys_exit.o)
    0x00000e04   0x0000004a   Code   RO         2598    .text               c_w.l(sys_stackheap_outer.o)
    0x00000e4e   0x00000002   PAD
    0x00000e50   0x00000080   Code   RO         2604    .text               c_w.l(strcmpv7m.o)
    0x00000ed0   0x00000000   Code   RO         2663    .text               c_w.l(indicate_semi.o)
    0x00000ed0   0x0000003e   Code   RO         2565    CL$$btod_d2e        c_w.l(btod.o)
    0x00000f0e   0x00000046   Code   RO         2567    CL$$btod_d2e_denorm_low  c_w.l(btod.o)
    0x00000f54   0x00000060   Code   RO         2566    CL$$btod_d2e_norm_op1  c_w.l(btod.o)
    0x00000fb4   0x00000338   Code   RO         2575    CL$$btod_div_common  c_w.l(btod.o)
    0x000012ec   0x000000c6   Code   RO         2572    CL$$btod_e2e        c_w.l(btod.o)
    0x000013b2   0x00000028   Code   RO         2569    CL$$btod_ediv       c_w.l(btod.o)
    0x000013da   0x00000028   Code   RO         2568    CL$$btod_emul       c_w.l(btod.o)
    0x00001402   0x00000244   Code   RO         2574    CL$$btod_mult_common  c_w.l(btod.o)
    0x00001646   0x00000002   PAD
    0x00001648   0x00000004   Code   RO         2395    SVC_TABLE           RTX_CM3.lib(svc_table.o)
    0x0000164c   0x0000001c   Code   RO          964    i.Clear_Channel_active_flag  gpdma_lpc17xx.o
    0x00001668   0x000000e8   Code   RO          965    i.DMA_IRQHandler    gpdma_lpc17xx.o
    0x00001750   0x00000030   Code   RO          136    i.GLCD_ClearScreen  glcd_mcb1700.o
    0x00001780   0x00000088   Code   RO          139    i.GLCD_DrawChar     glcd_mcb1700.o
    0x00001808   0x00000030   Code   RO          143    i.GLCD_DrawString   glcd_mcb1700.o
    0x00001838   0x000005ae   Code   RO          147    i.GLCD_Initialize   glcd_mcb1700.o
    0x00001de6   0x00000002   PAD
    0x00001de8   0x0000000c   Code   RO          149    i.GLCD_SetFont      glcd_mcb1700.o
    0x00001df4   0x00000098   Code   RO          151    i.GLCD_SetWindow    glcd_mcb1700.o
    0x00001e8c   0x0000000e   Code   RO          154    i.GLCD_WindowMax    glcd_mcb1700.o
    0x00001e9a   0x00000002   PAD
    0x00001e9c   0x000000c8   Code   RO          966    i.GPDMA_ChannelConfigure  gpdma_lpc17xx.o
    0x00001f64   0x0000002c   Code   RO          967    i.GPDMA_ChannelDisable  gpdma_lpc17xx.o
    0x00001f90   0x00000030   Code   RO          969    i.GPDMA_ChannelGetCount  gpdma_lpc17xx.o
    0x00001fc0   0x00000074   Code   RO          971    i.GPDMA_Initialize  gpdma_lpc17xx.o
    0x00002034   0x00000034   Code   RO          972    i.GPDMA_PeripheralSelect  gpdma_lpc17xx.o
    0x00002068   0x00000048   Code   RO          973    i.GPDMA_Uninitialize  gpdma_lpc17xx.o
    0x000020b0   0x00000018   Code   RO         1054    i.GPIO_PinRead      gpio_lpc17xx.o
    0x000020c8   0x00000018   Code   RO         1055    i.GPIO_PinWrite     gpio_lpc17xx.o
    0x000020e0   0x0000001c   Code   RO         1056    i.GPIO_PortClock    gpio_lpc17xx.o
    0x000020fc   0x00000020   Code   RO         1059    i.GPIO_SetDir       gpio_lpc17xx.o
    0x0000211c   0x0000003c   Code   RO          528    i.GetSSPClockFreq   ssp_lpc17xx.o
    0x00002158   0x0000003c   Code   RO          775    i.GetUsartClockFreq  uart_lpc17xx.o
    0x00002194   0x0000005c   Code   RO            5    i.Init_ServoMoteur  main.o
    0x000021f0   0x00000034   Code   RO            6    i.Init_UART         main.o
    0x00002224   0x00000068   Code   RO         1108    i.PIN_Configure     pin_lpc17xx.o
    0x0000228c   0x000000fc   Code   RO          415    i.SPI_IRQHandler    spi_lpc17xx.o
    0x00002388   0x0000000c   Code   RO          530    i.SSP0_GPDMA_Rx_SignalEvent  ssp_lpc17xx.o
    0x00002394   0x0000000c   Code   RO          531    i.SSP0_GPDMA_Tx_SignalEvent  ssp_lpc17xx.o
    0x000023a0   0x0000000c   Code   RO          534    i.SSP0_IRQHandler   ssp_lpc17xx.o
    0x000023ac   0x0000000c   Code   RO          541    i.SSP1_Control      ssp_lpc17xx.o
    0x000023b8   0x0000000c   Code   RO          542    i.SSP1_GPDMA_Rx_SignalEvent  ssp_lpc17xx.o
    0x000023c4   0x0000000c   Code   RO          543    i.SSP1_GPDMA_Tx_SignalEvent  ssp_lpc17xx.o
    0x000023d0   0x0000000c   Code   RO          544    i.SSP1_GetDataCount  ssp_lpc17xx.o
    0x000023dc   0x0000000c   Code   RO          545    i.SSP1_GetStatus    ssp_lpc17xx.o
    0x000023e8   0x0000000c   Code   RO          546    i.SSP1_IRQHandler   ssp_lpc17xx.o
    0x000023f4   0x0000000c   Code   RO          547    i.SSP1_Initialize   ssp_lpc17xx.o
    0x00002400   0x0000000c   Code   RO          548    i.SSP1_PowerControl  ssp_lpc17xx.o
    0x0000240c   0x0000000c   Code   RO          549    i.SSP1_Receive      ssp_lpc17xx.o
    0x00002418   0x0000000c   Code   RO          550    i.SSP1_Send         ssp_lpc17xx.o
    0x00002424   0x0000000c   Code   RO          551    i.SSP1_Transfer     ssp_lpc17xx.o
    0x00002430   0x0000000c   Code   RO          552    i.SSP1_Uninitialize  ssp_lpc17xx.o
    0x0000243c   0x0000000c   Code   RO          553    i.SSP_GetCapabilities  ssp_lpc17xx.o
    0x00002448   0x0000000c   Code   RO          554    i.SSP_GetVersion    ssp_lpc17xx.o
    0x00002454   0x000003e4   Code   RO          555    i.SSPx_Control      ssp_lpc17xx.o
    0x00002838   0x0000001e   Code   RO          556    i.SSPx_GPDMA_Rx_SignalEvent  ssp_lpc17xx.o
    0x00002856   0x0000000c   Code   RO          557    i.SSPx_GPDMA_Tx_SignalEvent  ssp_lpc17xx.o
    0x00002862   0x00000020   Code   RO          558    i.SSPx_GetDataCount  ssp_lpc17xx.o
    0x00002882   0x00000042   Code   RO          559    i.SSPx_GetStatus    ssp_lpc17xx.o
    0x000028c4   0x000000ce   Code   RO          560    i.SSPx_IRQHandler   ssp_lpc17xx.o
    0x00002992   0x00000094   Code   RO          561    i.SSPx_Initialize   ssp_lpc17xx.o
    0x00002a26   0x0000015a   Code   RO          562    i.SSPx_PowerControl  ssp_lpc17xx.o
    0x00002b80   0x0000012c   Code   RO          563    i.SSPx_Receive      ssp_lpc17xx.o
    0x00002cac   0x0000012c   Code   RO          564    i.SSPx_Send         ssp_lpc17xx.o
    0x00002dd8   0x00000134   Code   RO          565    i.SSPx_Transfer     ssp_lpc17xx.o
    0x00002f0c   0x00000064   Code   RO          566    i.SSPx_Uninitialize  ssp_lpc17xx.o
    0x00002f70   0x0000002c   Code   RO          974    i.Set_Channel_active_flag  gpdma_lpc17xx.o
    0x00002f9c   0x000000d0   Code   RO         1155    i.SystemInit        system_lpc17xx.o
    0x0000306c   0x00000098   Code   RO            7    i.TIMER0_IRQHandler  main.o
    0x00003104   0x0000000c   Code   RO          776    i.UART1_IRQHandler  uart_lpc17xx.o
    0x00003110   0x0000000c   Code   RO          777    i.USART1_Control    uart_lpc17xx.o
    0x0000311c   0x00000064   Code   RO          778    i.USART1_GPDMA_Rx_Event  uart_lpc17xx.o
    0x00003180   0x00000038   Code   RO          779    i.USART1_GPDMA_Tx_Event  uart_lpc17xx.o
    0x000031b8   0x0000000c   Code   RO          780    i.USART1_GetCapabilities  uart_lpc17xx.o
    0x000031c4   0x0000000c   Code   RO          781    i.USART1_GetModemStatus  uart_lpc17xx.o
    0x000031d0   0x00000018   Code   RO          782    i.USART1_GetRxCount  uart_lpc17xx.o
    0x000031e8   0x0000000c   Code   RO          783    i.USART1_GetStatus  uart_lpc17xx.o
    0x000031f4   0x00000018   Code   RO          784    i.USART1_GetTxCount  uart_lpc17xx.o
    0x0000320c   0x0000000c   Code   RO          785    i.USART1_Initialize  uart_lpc17xx.o
    0x00003218   0x0000000c   Code   RO          786    i.USART1_PowerControl  uart_lpc17xx.o
    0x00003224   0x0000000c   Code   RO          787    i.USART1_Receive    uart_lpc17xx.o
    0x00003230   0x0000000c   Code   RO          788    i.USART1_Send       uart_lpc17xx.o
    0x0000323c   0x0000000c   Code   RO          789    i.USART1_SetModemControl  uart_lpc17xx.o
    0x00003248   0x00000058   Code   RO          790    i.USART1_Transfer   uart_lpc17xx.o
    0x000032a0   0x0000000c   Code   RO          791    i.USART1_Uninitialize  uart_lpc17xx.o
    0x000032ac   0x000004e8   Code   RO          792    i.USART_Control     uart_lpc17xx.o
    0x00003794   0x000000b8   Code   RO          793    i.USART_GetModemStatus  uart_lpc17xx.o
    0x0000384c   0x0000008e   Code   RO          794    i.USART_GetStatus   uart_lpc17xx.o
    0x000038da   0x00000002   PAD
    0x000038dc   0x000001da   Code   RO          795    i.USART_IRQHandler  uart_lpc17xx.o
    0x00003ab6   0x000000dc   Code   RO          796    i.USART_Initialize  uart_lpc17xx.o
    0x00003b92   0x000001e8   Code   RO          797    i.USART_PowerControl  uart_lpc17xx.o
    0x00003d7a   0x000000e2   Code   RO          798    i.USART_Receive     uart_lpc17xx.o
    0x00003e5c   0x00000056   Code   RO          799    i.USART_RxLineIntHandler  uart_lpc17xx.o
    0x00003eb2   0x00000136   Code   RO          800    i.USART_Send        uart_lpc17xx.o
    0x00003fe8   0x000000d0   Code   RO          801    i.USART_SetBaudrate  uart_lpc17xx.o
    0x000040b8   0x00000068   Code   RO          802    i.USART_SetModemControl  uart_lpc17xx.o
    0x00004120   0x000000c4   Code   RO          803    i.USART_Uninitialize  uart_lpc17xx.o
    0x000041e4   0x0000000c   Code   RO          804    i.USARTx_GetVersion  uart_lpc17xx.o
    0x000041f0   0x00000028   Code   RO         2594    i.__ARM_fpclassify  m_ws.l(fpclassify.o)
    0x00004218   0x0000001a   Code   RO          567    i.__NVIC_ClearPendingIRQ  ssp_lpc17xx.o
    0x00004232   0x0000001a   Code   RO          805    i.__NVIC_ClearPendingIRQ  uart_lpc17xx.o
    0x0000424c   0x0000001a   Code   RO          975    i.__NVIC_ClearPendingIRQ  gpdma_lpc17xx.o
    0x00004266   0x00000046   Code   RO         2284    i._init_box         RTX_CM3.lib(rt_membox.o)
    0x000042ac   0x0000000e   Code   RO         2446    i._is_digit         c_w.l(__printf_wp.o)
    0x000042ba   0x00000002   PAD
    0x000042bc   0x00000020   Code   RO          324    i._mutex_acquire    rtx_conf_cm.o
    0x000042dc   0x0000001c   Code   RO          326    i._mutex_release    rtx_conf_cm.o
    0x000042f8   0x00000030   Code   RO         2337    i.dbg_init          RTX_CM3.lib(hal_cm.o)
    0x00004328   0x00000020   Code   RO         2338    i.dbg_task_notify   RTX_CM3.lib(hal_cm.o)
    0x00004348   0x00000010   Code   RO         2339    i.dbg_task_switch   RTX_CM3.lib(hal_cm.o)
    0x00004358   0x00000028   Code   RO          155    i.delay_ms          glcd_mcb1700.o
    0x00004380   0x0000002c   Code   RO            8    i.initTimer0        main.o
    0x000043ac   0x0000002a   Code   RO         1190    i.isrMessageGet     RTX_CM3.lib(rt_cmsis.o)
    0x000043d6   0x0000002c   Code   RO         1191    i.isrMessagePut     RTX_CM3.lib(rt_cmsis.o)
    0x00004402   0x00000002   PAD
    0x00004404   0x00000056   Code   RO         2139    i.isr_mbx_receive   RTX_CM3.lib(rt_mailbox.o)
    0x0000445a   0x0000000e   Code   RO         2140    i.isr_mbx_send      RTX_CM3.lib(rt_mailbox.o)
    0x00004468   0x000000d4   Code   RO            9    i.main              main.o
    0x0000453c   0x00000024   Code   RO         1195    i.osKernelInitialize  RTX_CM3.lib(rt_cmsis.o)
    0x00004560   0x0000006c   Code   RO         1197    i.osKernelStart     RTX_CM3.lib(rt_cmsis.o)
    0x000045cc   0x00000018   Code   RO         1206    i.osMessageGet      RTX_CM3.lib(rt_cmsis.o)
    0x000045e4   0x0000002c   Code   RO         1223    i.osThreadCreate    RTX_CM3.lib(rt_cmsis.o)
    0x00004610   0x00000018   Code   RO         1224    i.osThreadExit      RTX_CM3.lib(rt_cmsis.o)
    0x00004628   0x0000000c   Code   RO         1230    i.osTimerCall       RTX_CM3.lib(rt_cmsis.o)
    0x00004634   0x0000002c   Code   RO         1235    i.osTimerThread     RTX_CM3.lib(rt_cmsis.o)
    0x00004660   0x00000002   Code   RO          327    i.os_error          rtx_conf_cm.o
    0x00004662   0x00000002   Code   RO          328    i.os_idle_demon     rtx_conf_cm.o
    0x00004664   0x00000028   Code   RO         1931    i.os_tick_init      RTX_CM3.lib(rt_system.o)
    0x0000468c   0x00000002   Code   RO         1932    i.os_tick_irqack    RTX_CM3.lib(rt_system.o)
    0x0000468e   0x00000002   PAD
    0x00004690   0x000000b0   Code   RO          156    i.rd_id_man         glcd_mcb1700.o
    0x00004740   0x0000001a   Code   RO         2285    i.rt_alloc_box      RTX_CM3.lib(rt_membox.o)
    0x0000475a   0x0000003e   Code   RO         2313    i.rt_alloc_mem      RTX_CM3.lib(rt_memory.o)
    0x00004798   0x00000038   Code   RO         1812    i.rt_block          RTX_CM3.lib(rt_task.o)
    0x000047d0   0x00000048   Code   RO         2262    i.rt_chk_robin      RTX_CM3.lib(rt_robin.o)
    0x00004818   0x00000070   Code   RO         2063    i.rt_dec_dly        RTX_CM3.lib(rt_list.o)
    0x00004888   0x00000044   Code   RO         1813    i.rt_dispatch       RTX_CM3.lib(rt_task.o)
    0x000048cc   0x00000050   Code   RO         2024    i.rt_evt_psh        RTX_CM3.lib(rt_event.o)
    0x0000491c   0x0000002c   Code   RO         2286    i.rt_free_box       RTX_CM3.lib(rt_membox.o)
    0x00004948   0x00000028   Code   RO         2314    i.rt_free_mem       RTX_CM3.lib(rt_memory.o)
    0x00004970   0x00000028   Code   RO         2064    i.rt_get_first      RTX_CM3.lib(rt_list.o)
    0x00004998   0x00000008   Code   RO         1240    i.rt_id2obj         RTX_CM3.lib(rt_cmsis.o)
    0x000049a0   0x00000048   Code   RO         1814    i.rt_init_context   RTX_CM3.lib(rt_task.o)
    0x000049e8   0x0000001a   Code   RO         2315    i.rt_init_mem       RTX_CM3.lib(rt_memory.o)
    0x00004a02   0x00000002   PAD
    0x00004a04   0x00000018   Code   RO         2263    i.rt_init_robin     RTX_CM3.lib(rt_robin.o)
    0x00004a1c   0x00000080   Code   RO         2340    i.rt_init_stack     RTX_CM3.lib(hal_cm.o)
    0x00004a9c   0x00000008   Code   RO         2141    i.rt_mbx_check      RTX_CM3.lib(rt_mailbox.o)
    0x00004aa4   0x0000001a   Code   RO         2142    i.rt_mbx_init       RTX_CM3.lib(rt_mailbox.o)
    0x00004abe   0x00000002   PAD
    0x00004ac0   0x000000f0   Code   RO         2143    i.rt_mbx_psh        RTX_CM3.lib(rt_mailbox.o)
    0x00004bb0   0x000000b4   Code   RO         2145    i.rt_mbx_wait       RTX_CM3.lib(rt_mailbox.o)
    0x00004c64   0x00000044   Code   RO         1241    i.rt_ms2tick        RTX_CM3.lib(rt_cmsis.o)
    0x00004ca8   0x000000d8   Code   RO         1898    i.rt_mut_release    RTX_CM3.lib(rt_mutex.o)
    0x00004d80   0x00000078   Code   RO         1899    i.rt_mut_wait       RTX_CM3.lib(rt_mutex.o)
    0x00004df8   0x0000007c   Code   RO         1935    i.rt_pop_req        RTX_CM3.lib(rt_system.o)
    0x00004e74   0x00000020   Code   RO         1936    i.rt_psh_req        RTX_CM3.lib(rt_system.o)
    0x00004e94   0x0000005c   Code   RO         2066    i.rt_psq_enq        RTX_CM3.lib(rt_list.o)
    0x00004ef0   0x00000048   Code   RO         2067    i.rt_put_dly        RTX_CM3.lib(rt_list.o)
    0x00004f38   0x00000036   Code   RO         2068    i.rt_put_prio       RTX_CM3.lib(rt_list.o)
    0x00004f6e   0x00000002   PAD
    0x00004f70   0x00000014   Code   RO         2069    i.rt_put_rdy_first  RTX_CM3.lib(rt_list.o)
    0x00004f84   0x00000034   Code   RO         2070    i.rt_resort_prio    RTX_CM3.lib(rt_list.o)
    0x00004fb8   0x00000006   Code   RO         2341    i.rt_ret_val        RTX_CM3.lib(hal_cm.o)
    0x00004fbe   0x00000008   Code   RO         2342    i.rt_ret_val2       RTX_CM3.lib(hal_cm.o)
    0x00004fc6   0x00000028   Code   RO         2071    i.rt_rmv_dly        RTX_CM3.lib(rt_list.o)
    0x00004fee   0x00000002   PAD
    0x00004ff0   0x00000030   Code   RO         2072    i.rt_rmv_list       RTX_CM3.lib(rt_list.o)
    0x00005020   0x00000034   Code   RO         2190    i.rt_sem_psh        RTX_CM3.lib(rt_semaphore.o)
    0x00005054   0x00000024   Code   RO         1938    i.rt_stk_check      RTX_CM3.lib(rt_system.o)
    0x00005078   0x00000028   Code   RO         1815    i.rt_switch_req     RTX_CM3.lib(rt_task.o)
    0x000050a0   0x000000cc   Code   RO         1816    i.rt_sys_init       RTX_CM3.lib(rt_task.o)
    0x0000516c   0x00000078   Code   RO         1817    i.rt_sys_start      RTX_CM3.lib(rt_task.o)
    0x000051e4   0x00000040   Code   RO         1940    i.rt_systick        RTX_CM3.lib(rt_system.o)
    0x00005224   0x00000012   Code   RO         1242    i.rt_tid2ptcb       RTX_CM3.lib(rt_cmsis.o)
    0x00005236   0x00000002   PAD
    0x00005238   0x00000034   Code   RO         1243    i.rt_timer_insert   RTX_CM3.lib(rt_cmsis.o)
    0x0000526c   0x00000088   Code   RO         1818    i.rt_tsk_create     RTX_CM3.lib(rt_task.o)
    0x000052f4   0x0000017c   Code   RO         1819    i.rt_tsk_delete     RTX_CM3.lib(rt_task.o)
    0x00005470   0x0000007c   Code   RO         1821    i.rt_tsk_prio       RTX_CM3.lib(rt_task.o)
    0x000054ec   0x00000010   Code   RO         1822    i.rt_tsk_self       RTX_CM3.lib(rt_task.o)
    0x000054fc   0x00000024   Code   RO          157    i.spi_tran          glcd_mcb1700.o
    0x00005520   0x0000007c   Code   RO          158    i.spi_tran_man      glcd_mcb1700.o
    0x0000559c   0x00000070   Code   RO         1246    i.svcKernelInitialize  RTX_CM3.lib(rt_cmsis.o)
    0x0000560c   0x00000048   Code   RO         1248    i.svcKernelStart    RTX_CM3.lib(rt_cmsis.o)
    0x00005654   0x00000024   Code   RO         1251    i.svcMessageCreate  RTX_CM3.lib(rt_cmsis.o)
    0x00005678   0x0000003a   Code   RO         1252    i.svcMessageGet     RTX_CM3.lib(rt_cmsis.o)
    0x000056b2   0x00000002   PAD
    0x000056b4   0x0000006c   Code   RO         1266    i.svcThreadCreate   RTX_CM3.lib(rt_cmsis.o)
    0x00005720   0x0000001c   Code   RO         1267    i.svcThreadGetId    RTX_CM3.lib(rt_cmsis.o)
    0x0000573c   0x00000038   Code   RO         1270    i.svcThreadTerminate  RTX_CM3.lib(rt_cmsis.o)
    0x00005774   0x00000018   Code   RO         1272    i.svcTimerCall      RTX_CM3.lib(rt_cmsis.o)
    0x0000578c   0x0000005c   Code   RO         1281    i.sysTimerTick      RTX_CM3.lib(rt_cmsis.o)
    0x000057e8   0x0000003c   Code   RO          159    i.wr_cmd            glcd_mcb1700.o
    0x00005824   0x00000024   Code   RO          160    i.wr_dat_only       glcd_mcb1700.o
    0x00005848   0x0000001c   Code   RO          161    i.wr_dat_start      glcd_mcb1700.o
    0x00005864   0x00000010   Code   RO          162    i.wr_dat_stop       glcd_mcb1700.o
    0x00005874   0x0000006c   Code   RO          163    i.wr_reg            glcd_mcb1700.o
    0x000058e0   0x0000002c   Code   RO         2588    locale$$code        c_w.l(lc_numeric_c.o)
    0x0000590c   0x0000000c   Code   RO         2516    x$fpl$dretinf       fz_ws.l(dretinf.o)
    0x00005918   0x00000056   Code   RO         2468    x$fpl$f2d           fz_ws.l(f2d.o)
    0x0000596e   0x00000002   PAD
    0x00005970   0x000000c4   Code   RO         2470    x$fpl$fadd          fz_ws.l(faddsub_clz.o)
    0x00005a34   0x0000000c   Code   RO         2518    x$fpl$fcheck1       fz_ws.l(fcheck1.o)
    0x00005a40   0x00000184   Code   RO         2477    x$fpl$fdiv          fz_ws.l(fdiv.o)
    0x00005bc4   0x00000036   Code   RO         2480    x$fpl$ffix          fz_ws.l(ffix.o)
    0x00005bfa   0x00000002   PAD
    0x00005bfc   0x0000003e   Code   RO         2484    x$fpl$ffixu         fz_ws.l(ffixu.o)
    0x00005c3a   0x00000002   PAD
    0x00005c3c   0x00000030   Code   RO         2489    x$fpl$fflt          fz_ws.l(fflt_clz.o)
    0x00005c6c   0x00000102   Code   RO         2494    x$fpl$fmul          fz_ws.l(fmul.o)
    0x00005d6e   0x0000008c   Code   RO         2520    x$fpl$fnaninf       fz_ws.l(fnaninf.o)
    0x00005dfa   0x0000000a   Code   RO         2522    x$fpl$fretinf       fz_ws.l(fretinf.o)
    0x00005e04   0x000000ea   Code   RO         2472    x$fpl$fsub          fz_ws.l(faddsub_clz.o)
    0x00005eee   0x00000004   Code   RO         2496    x$fpl$printf1       fz_ws.l(printf1.o)
    0x00005ef2   0x00000064   Code   RO         2592    x$fpl$retnan        fz_ws.l(retnan.o)
    0x00005f56   0x0000004c   Code   RO         2498    x$fpl$scalbnf       fz_ws.l(scalbnf.o)
    0x00005fa2   0x00000030   Code   RO         2659    x$fpl$trapveneer    fz_ws.l(trapv.o)
    0x00005fd2   0x00000000   Code   RO         2524    x$fpl$usenofp       fz_ws.l(usenofp.o)
    0x00005fd2   0x00001500   Data   RO          122    .constdata          glcd_fonts.o
    0x000074d2   0x00000002   PAD
    0x000074d4   0x00000010   Data   RO          124    .constdata          glcd_fonts.o
    0x000074e4   0x00000002   Data   RO          336    .constdata          rtx_conf_cm.o
    0x000074e6   0x00000002   PAD
    0x000074e8   0x00000004   Data   RO          337    .constdata          rtx_conf_cm.o
    0x000074ec   0x00000004   Data   RO          338    .constdata          rtx_conf_cm.o
    0x000074f0   0x00000004   Data   RO          342    .constdata          rtx_conf_cm.o
    0x000074f4   0x00000001   Data   RO          343    .constdata          rtx_conf_cm.o
    0x000074f5   0x00000003   PAD
    0x000074f8   0x00000010   Data   RO          344    .constdata          rtx_conf_cm.o
    0x00007508   0x00000002   Data   RO          345    .constdata          rtx_conf_cm.o
    0x0000750a   0x00000002   PAD
    0x0000750c   0x00000004   Data   RO          346    .constdata          rtx_conf_cm.o
    0x00007510   0x00000004   Data   RO          347    .constdata          rtx_conf_cm.o
    0x00007514   0x00000001   Data   RO          348    .constdata          rtx_conf_cm.o
    0x00007515   0x00000003   PAD
    0x00007518   0x00000010   Data   RO          349    .constdata          rtx_conf_cm.o
    0x00007528   0x00000008   Data   RO          350    .constdata          rtx_conf_cm.o
    0x00007530   0x00000002   Data   RO          351    .constdata          rtx_conf_cm.o
    0x00007532   0x00000002   PAD
    0x00007534   0x00000010   Data   RO          352    .constdata          rtx_conf_cm.o
    0x00007544   0x00000038   Data   RO          426    .constdata          spi_lpc17xx.o
    0x0000757c   0x00000098   Data   RO          572    .constdata          ssp_lpc17xx.o
    0x00007614   0x0000002c   Data   RO          574    .constdata          ssp_lpc17xx.o
    0x00007640   0x00000188   Data   RO          807    .constdata          uart_lpc17xx.o
    0x000077c8   0x00000008   Data   RO          808    .constdata          uart_lpc17xx.o
    0x000077d0   0x00000008   Data   RO          809    .constdata          uart_lpc17xx.o
    0x000077d8   0x00000038   Data   RO          810    .constdata          uart_lpc17xx.o
    0x00007810   0x00000028   Data   RO         2419    .constdata          c_w.l(_printf_hex_int.o)
    0x00007838   0x00000011   Data   RO         2449    .constdata          c_w.l(__printf_flags_wp.o)
    0x00007849   0x00000003   PAD
    0x0000784c   0x00000094   Data   RO         2563    .constdata          c_w.l(bigflt0.o)
    0x000078e0   0x00000020   Data   RO         2726    Region$$Table       anon$$obj.o
    0x00007900   0x0000001c   Data   RO         2587    locale$$data        c_w.l(lc_numeric_c.o)


    Execution Region RW_IRAM1 (Base: 0x10000000, Size: 0x00000d40, Max: 0x00008000, ABSOLUTE)

    Base Addr    Size         Type   Attr      Idx    E Section Name        Object

    0x10000000   0x0000000c   Data   RW           10    .data               main.o
    0x1000000c   0x00000014   Data   RW          164    .data               glcd_mcb1700.o
    0x10000020   0x00000004   Data   RW          354    .data               rtx_conf_cm.o
    0x10000024   0x00000004   Data   RW          355    .data               rtx_conf_cm.o
    0x10000028   0x00000004   Data   RW          356    .data               rtx_conf_cm.o
    0x1000002c   0x00000002   Data   RW          428    .data               spi_lpc17xx.o
    0x1000002e   0x00000002   Data   RW          429    .data               spi_lpc17xx.o
    0x10000030   0x00000002   Data   RW          430    .data               spi_lpc17xx.o
    0x10000032   0x00000002   PAD
    0x10000034   0x00000004   Data   RW          431    .data               spi_lpc17xx.o
    0x10000038   0x00000002   Data   RW          575    .data               ssp_lpc17xx.o
    0x1000003a   0x00000002   Data   RW          576    .data               ssp_lpc17xx.o
    0x1000003c   0x00000002   Data   RW          577    .data               ssp_lpc17xx.o
    0x1000003e   0x00000002   Data   RW          578    .data               ssp_lpc17xx.o
    0x10000040   0x00000002   Data   RW          579    .data               ssp_lpc17xx.o
    0x10000042   0x00000002   Data   RW          580    .data               ssp_lpc17xx.o
    0x10000044   0x00000008   Data   RW          581    .data               ssp_lpc17xx.o
    0x1000004c   0x00000002   Data   RW          811    .data               uart_lpc17xx.o
    0x1000004e   0x00000002   Data   RW          812    .data               uart_lpc17xx.o
    0x10000050   0x00000008   Data   RW          977    .data               gpdma_lpc17xx.o
    0x10000058   0x00000004   Data   RW         1156    .data               system_lpc17xx.o
    0x1000005c   0x00000008   Data   RW         1284    .data               RTX_CM3.lib(rt_cmsis.o)
    0x10000064   0x00000008   Data   RW         1824    .data               RTX_CM3.lib(rt_task.o)
    0x1000006c   0x00000008   Data   RW         1943    .data               RTX_CM3.lib(rt_system.o)
    0x10000074   0x00000004   Data   RW         2233    .data               RTX_CM3.lib(rt_time.o)
    0x10000078   0x00000008   Data   RW         2264    .data               RTX_CM3.lib(rt_robin.o)
    0x10000080   0x00000001   Data   RW         2343    .data               RTX_CM3.lib(hal_cm.o)
    0x10000081   0x00000003   PAD
    0x10000084   0x00000020   Zero   RW          329    .bss                rtx_conf_cm.o
    0x100000a4   0x00000178   Zero   RW          330    .bss                rtx_conf_cm.o
    0x1000021c   0x00000004   PAD
    0x10000220   0x000004c0   Zero   RW          331    .bss                rtx_conf_cm.o
    0x100006e0   0x000001b0   Zero   RW          332    .bss                rtx_conf_cm.o
    0x10000890   0x00000084   Zero   RW          333    .bss                rtx_conf_cm.o
    0x10000914   0x0000001c   Zero   RW          334    .bss                rtx_conf_cm.o
    0x10000930   0x0000000c   Zero   RW          423    .bss                spi_lpc17xx.o
    0x1000093c   0x0000001c   Zero   RW          424    .bss                spi_lpc17xx.o
    0x10000958   0x0000000c   Zero   RW          568    .bss                ssp_lpc17xx.o
    0x10000964   0x0000001c   Zero   RW          569    .bss                ssp_lpc17xx.o
    0x10000980   0x0000000c   Zero   RW          570    .bss                ssp_lpc17xx.o
    0x1000098c   0x0000001c   Zero   RW          571    .bss                ssp_lpc17xx.o
    0x100009a8   0x00000034   Zero   RW          806    .bss                uart_lpc17xx.o
    0x100009dc   0x000000a0   Zero   RW          976    .bss                gpdma_lpc17xx.o
    0x10000a7c   0x00000034   Zero   RW         1823    .bss                RTX_CM3.lib(rt_task.o)
    0x10000ab0   0x00000030   Zero   RW         2073    .bss                RTX_CM3.lib(rt_list.o)
    0x10000ae0   0x00000060   Zero   RW         2401    .bss                c_w.l(libspace.o)
    0x10000b40   0x00000000   Zero   RW         1142    HEAP                startup_lpc17xx.o
    0x10000b40   0x00000200   Zero   RW         1141    STACK               startup_lpc17xx.o


==============================================================================

Image component sizes


      Code (inc. data)   RO Data    RW Data    ZI Data      Debug   Object Name

         0          0       5392          0          0        736   glcd_fonts.o
      2488         88          0         20          0      16660   glcd_mcb1700.o
       862         78          0          8        160       8206   gpdma_lpc17xx.o
       108         18          0          0          0       2258   gpio_lpc17xx.o
       552        108          0         12          0      62906   main.o
       104          4          0          0          0        864   pin_lpc17xx.o
        92         26         84         12       2216       8907   rtx_conf_cm.o
       252          6         56         10         40      30862   spi_lpc17xx.o
      3134        122        196         20         80      28520   ssp_lpc17xx.o
        64         26        204          0        512        964   startup_lpc17xx.o
       208         12          0          4          0        799   system_lpc17xx.o
      4416        142        464          4         52      30159   uart_lpc17xx.o

    ----------------------------------------------------------------------
     12286        630       6442         92       3064     191841   Object Totals
         0          0         32          0          0          0   (incl. Generated)
         6          0         14          2          4          0   (incl. Padding)

    ----------------------------------------------------------------------

      Code (inc. data)   RO Data    RW Data    ZI Data      Debug   Library Member Name

       238         24          0          1          0       3268   hal_cm.o
       304         36          0          0          0        760   hal_cm3.o
      1110        138          0          8          0      32041   rt_cmsis.o
        80          4          0          0          0        653   rt_event.o
       530         34          0          0         48       8169   rt_list.o
       554         10          0          0          0       3901   rt_mailbox.o
       140          0          0          0          0       1901   rt_membox.o
       128          0          0          0          0       2275   rt_memory.o
       336         14          0          0          0       1631   rt_mutex.o
        96         22          0          8          0       1134   rt_robin.o
        52          4          0          0          0        565   rt_semaphore.o
       298         52          0          8          0       6151   rt_system.o
      1216        174          0          8         52       9565   rt_task.o
         0          0          0          4          0        210   rt_time.o
         4          4          0          0          0        200   svc_table.o
         8          0          0          0          0         68   __main.o
       312          4         17          0          0         92   __printf_flags_wp.o
        14          0          0          0          0         68   __printf_wp.o
         0          0          0          0          0          0   __rtentry.o
        20          0          0          0          0          0   __rtentry2.o
         6          0          0          0          0          0   __rtentry4.o
        52          8          0          0          0          0   __scatter.o
        26          0          0          0          0          0   __scatter_copy.o
        28          0          0          0          0          0   __scatter_zi.o
        48          6          0          0          0         96   _printf_char_common.o
         6          0          0          0          0          0   _printf_d.o
       120         16          0          0          0         92   _printf_dec.o
         6          0          0          0          0          0   _printf_f.o
      1050          0          0          0          0        216   _printf_fp_dec.o
       128         16          0          0          0         84   _printf_fp_infnan.o
        88          4         40          0          0         88   _printf_hex_int.o
       178          0          0          0          0         88   _printf_intcommon.o
        78          0          0          0          0        108   _printf_pad.o
         0          0          0          0          0          0   _printf_percent.o
         4          0          0          0          0          0   _printf_percent_end.o
         6          0          0          0          0          0   _printf_x.o
        10          0          0          0          0         68   _sputc.o
       220          4        148          0          0         96   bigflt0.o
      1910        128          0          0          0        672   btod.o
        18          0          0          0          0         80   exit.o
         6          0          0          0          0        152   heapauxi.o
         0          0          0          0          0          0   indicate_semi.o
        44         10         28          0          0         76   lc_numeric_c.o
         2          0          0          0          0          0   libinit.o
        18          0          0          0          0          0   libinit2.o
         2          0          0          0          0          0   libshutdown.o
         2          0          0          0          0          0   libshutdown2.o
         8          4          0          0         96         68   libspace.o
       138          0          0          0          0         80   lludiv10.o
       238          0          0          0          0        100   lludivv7m.o
        40          6          0          0          0         84   noretval__2sprintf.o
        10          0          0          0          0         76   rt_locale_twolibspace.o
        78          0          0          0          0         80   rt_memclr_w.o
         2          0          0          0          0          0   rtexit.o
        10          0          0          0          0          0   rtexit2.o
       128          0          0          0          0         68   strcmpv7m.o
        12          4          0          0          0         68   sys_exit.o
        74          0          0          0          0         80   sys_stackheap_outer.o
         2          0          0          0          0         68   use_no_semi.o
        12          0          0          0          0         68   dretinf.o
        86          4          0          0          0         84   f2d.o
       430          8          0          0          0        168   faddsub_clz.o
        12          4          0          0          0         68   fcheck1.o
       388         76          0          0          0         96   fdiv.o
        54          4          0          0          0         84   ffix.o
        62          4          0          0          0         84   ffixu.o
        48          0          0          0          0         68   fflt_clz.o
       258          4          0          0          0         84   fmul.o
       140          4          0          0          0         84   fnaninf.o
        10          0          0          0          0         68   fretinf.o
         4          0          0          0          0         68   printf1.o
       100          0          0          0          0         68   retnan.o
        76          0          0          0          0         68   scalbnf.o
        48          0          0          0          0         68   trapv.o
         0          0          0          0          0          0   usenofp.o
        40          0          0          0          0         68   fpclassify.o

    ----------------------------------------------------------------------
     12040        834        236         40        196      76636   Library Totals
        36          0          3          3          0          0   (incl. Padding)

    ----------------------------------------------------------------------

      Code (inc. data)   RO Data    RW Data    ZI Data      Debug   Library Name

      5086        516          0         37        100      72424   RTX_CM3.lib
      5150        210        233          0         96       2916   c_w.l
      1728        108          0          0          0       1228   fz_ws.l
        40          0          0          0          0         68   m_ws.l

    ----------------------------------------------------------------------
     12040        834        236         40        196      76636   Library Totals

    ----------------------------------------------------------------------

==============================================================================


      Code (inc. data)   RO Data    RW Data    ZI Data      Debug   

     24326       1464       6678        132       3260     257137   Grand Totals
     24326       1464       6678        132       3260     257137   ELF Image Totals
     24326       1464       6678        132          0          0   ROM Totals

==============================================================================

    Total RO  Size (Code + RO Data)                31004 (  30.28kB)
    Total RW  Size (RW Data + ZI Data)              3392 (   3.31kB)
    Total ROM Size (Code + RO Data + RW Data)      31136 (  30.41kB)

==============================================================================

