Component: ARM Compiler 5.06 update 1 (build 61) Tool: armlink [4d35a8]

==============================================================================

Section Cross References

    main.o(i.Init_UART) refers to uart_lpc17xx.o(.constdata) for Driver_USART1
    main.o(i.main) refers to _printf_pad.o(.text) for _printf_pre_padding
    main.o(i.main) refers to _printf_percent.o(.ARM.Collect$$_printf_percent$$00000000) for _printf_percent
    main.o(i.main) refers to _printf_d.o(.ARM.Collect$$_printf_percent$$00000009) for _printf_d
    main.o(i.main) refers to _printf_x.o(.ARM.Collect$$_printf_percent$$0000000C) for _printf_x
    main.o(i.main) refers to _printf_dec.o(.text) for _printf_int_dec
    main.o(i.main) refers to _printf_hex_int.o(.text) for _printf_longlong_hex
    main.o(i.main) refers to main.o(i.Init_UART) for Init_UART
    main.o(i.main) refers to glcd_mcb1700.o(i.GLCD_Initialize) for GLCD_Initialize
    main.o(i.main) refers to glcd_mcb1700.o(i.GLCD_ClearScreen) for GLCD_ClearScreen
    main.o(i.main) refers to glcd_mcb1700.o(i.GLCD_SetFont) for GLCD_SetFont
    main.o(i.main) refers to noretval__2sprintf.o(.text) for __2sprintf
    main.o(i.main) refers to glcd_mcb1700.o(i.GLCD_DrawString) for GLCD_DrawString
    main.o(i.main) refers to glcd_fonts.o(.constdata) for GLCD_Font_16x24
    main.o(i.main) refers to uart_lpc17xx.o(.constdata) for Driver_USART1
    glcd_mcb1700.o(i.GLCD_ClearScreen) refers to glcd_mcb1700.o(i.GLCD_WindowMax) for GLCD_WindowMax
    glcd_mcb1700.o(i.GLCD_ClearScreen) refers to glcd_mcb1700.o(i.wr_cmd) for wr_cmd
    glcd_mcb1700.o(i.GLCD_ClearScreen) refers to glcd_mcb1700.o(i.wr_dat_start) for wr_dat_start
    glcd_mcb1700.o(i.GLCD_ClearScreen) refers to glcd_mcb1700.o(i.wr_dat_only) for wr_dat_only
    glcd_mcb1700.o(i.GLCD_ClearScreen) refers to glcd_mcb1700.o(i.wr_dat_stop) for wr_dat_stop
    glcd_mcb1700.o(i.GLCD_ClearScreen) refers to glcd_mcb1700.o(.data) for background_color
    glcd_mcb1700.o(i.GLCD_DrawBargraph) refers to glcd_mcb1700.o(i.GLCD_SetWindow) for GLCD_SetWindow
    glcd_mcb1700.o(i.GLCD_DrawBargraph) refers to glcd_mcb1700.o(i.wr_cmd) for wr_cmd
    glcd_mcb1700.o(i.GLCD_DrawBargraph) refers to glcd_mcb1700.o(i.wr_dat_start) for wr_dat_start
    glcd_mcb1700.o(i.GLCD_DrawBargraph) refers to glcd_mcb1700.o(i.wr_dat_only) for wr_dat_only
    glcd_mcb1700.o(i.GLCD_DrawBargraph) refers to glcd_mcb1700.o(i.wr_dat_stop) for wr_dat_stop
    glcd_mcb1700.o(i.GLCD_DrawBargraph) refers to glcd_mcb1700.o(.data) for background_color
    glcd_mcb1700.o(i.GLCD_DrawBitmap) refers to glcd_mcb1700.o(i.GLCD_SetWindow) for GLCD_SetWindow
    glcd_mcb1700.o(i.GLCD_DrawBitmap) refers to glcd_mcb1700.o(i.wr_cmd) for wr_cmd
    glcd_mcb1700.o(i.GLCD_DrawBitmap) refers to glcd_mcb1700.o(i.wr_dat_start) for wr_dat_start
    glcd_mcb1700.o(i.GLCD_DrawBitmap) refers to glcd_mcb1700.o(i.wr_dat_only) for wr_dat_only
    glcd_mcb1700.o(i.GLCD_DrawBitmap) refers to glcd_mcb1700.o(i.wr_dat_stop) for wr_dat_stop
    glcd_mcb1700.o(i.GLCD_DrawChar) refers to glcd_mcb1700.o(i.GLCD_SetWindow) for GLCD_SetWindow
    glcd_mcb1700.o(i.GLCD_DrawChar) refers to glcd_mcb1700.o(i.wr_cmd) for wr_cmd
    glcd_mcb1700.o(i.GLCD_DrawChar) refers to glcd_mcb1700.o(i.wr_dat_start) for wr_dat_start
    glcd_mcb1700.o(i.GLCD_DrawChar) refers to glcd_mcb1700.o(i.wr_dat_only) for wr_dat_only
    glcd_mcb1700.o(i.GLCD_DrawChar) refers to glcd_mcb1700.o(i.wr_dat_stop) for wr_dat_stop
    glcd_mcb1700.o(i.GLCD_DrawChar) refers to glcd_mcb1700.o(.data) for active_font
    glcd_mcb1700.o(i.GLCD_DrawHLine) refers to glcd_mcb1700.o(i.GLCD_SetWindow) for GLCD_SetWindow
    glcd_mcb1700.o(i.GLCD_DrawHLine) refers to glcd_mcb1700.o(i.wr_cmd) for wr_cmd
    glcd_mcb1700.o(i.GLCD_DrawHLine) refers to glcd_mcb1700.o(i.wr_dat_start) for wr_dat_start
    glcd_mcb1700.o(i.GLCD_DrawHLine) refers to glcd_mcb1700.o(i.wr_dat_only) for wr_dat_only
    glcd_mcb1700.o(i.GLCD_DrawHLine) refers to glcd_mcb1700.o(i.wr_dat_stop) for wr_dat_stop
    glcd_mcb1700.o(i.GLCD_DrawHLine) refers to glcd_mcb1700.o(.data) for foreground_color
    glcd_mcb1700.o(i.GLCD_DrawPixel) refers to glcd_mcb1700.o(i.wr_reg) for wr_reg
    glcd_mcb1700.o(i.GLCD_DrawPixel) refers to glcd_mcb1700.o(i.wr_cmd) for wr_cmd
    glcd_mcb1700.o(i.GLCD_DrawPixel) refers to glcd_mcb1700.o(i.wr_dat) for wr_dat
    glcd_mcb1700.o(i.GLCD_DrawPixel) refers to glcd_mcb1700.o(.data) for Himax
    glcd_mcb1700.o(i.GLCD_DrawRectangle) refers to glcd_mcb1700.o(i.GLCD_DrawHLine) for GLCD_DrawHLine
    glcd_mcb1700.o(i.GLCD_DrawRectangle) refers to glcd_mcb1700.o(i.GLCD_DrawVLine) for GLCD_DrawVLine
    glcd_mcb1700.o(i.GLCD_DrawString) refers to glcd_mcb1700.o(i.GLCD_DrawChar) for GLCD_DrawChar
    glcd_mcb1700.o(i.GLCD_DrawString) refers to glcd_mcb1700.o(.data) for active_font
    glcd_mcb1700.o(i.GLCD_DrawVLine) refers to glcd_mcb1700.o(i.GLCD_SetWindow) for GLCD_SetWindow
[...]
    ../clib/printf.c                         0x00000000   Number         0  _printf_hex_int_ptr.o ABSOLUTE
    ../clib/printf.c                         0x00000000   Number         0  _printf_hex_int.o ABSOLUTE
    ../clib/printf.c                         0x00000000   Number         0  __printf_flags_ss.o ABSOLUTE
    ../clib/printf.c                         0x00000000   Number         0  _printf_dec.o ABSOLUTE
    ../clib/printf.c                         0x00000000   Number         0  _printf_pad.o ABSOLUTE
    ../clib/printf.c                         0x00000000   Number         0  __printf.o ABSOLUTE
    ../clib/printf.c                         0x00000000   Number         0  noretval__2sprintf.o ABSOLUTE
    ../clib/printf.c                         0x00000000   Number         0  __2sprintf.o ABSOLUTE
    ../clib/printf.c                         0x00000000   Number         0  _printf_intcommon.o ABSOLUTE
    ../clib/printf.c                         0x00000000   Number         0  _printf_hex_ll.o ABSOLUTE
    ../clib/printf_percent.s                 0x00000000   Number         0  _printf_percent.o ABSOLUTE
    ../clib/printf_percent.s                 0x00000000   Number         0  _printf_d.o ABSOLUTE
    ../clib/printf_percent.s                 0x00000000   Number         0  _printf_percent_end.o ABSOLUTE
    ../clib/printf_percent.s                 0x00000000   Number         0  _printf_x.o ABSOLUTE
    ../clib/signal.c                         0x00000000   Number         0  defsig_fpe_outer.o ABSOLUTE
    ../clib/signal.c                         0x00000000   Number         0  defsig_fpe_inner.o ABSOLUTE
    ../clib/signal.c                         0x00000000   Number         0  defsig_abrt_inner.o ABSOLUTE
    ../clib/signal.c                         0x00000000   Number         0  defsig_rtred_inner.o ABSOLUTE
    ../clib/signal.c                         0x00000000   Number         0  defsig_rtmem_inner.o ABSOLUTE
    ../clib/signal.c                         0x00000000   Number         0  defsig_rtmem_outer.o ABSOLUTE
    ../clib/signal.c                         0x00000000   Number         0  defsig_rtmem_formal.o ABSOLUTE
    ../clib/signal.c                         0x00000000   Number         0  defsig_stak_inner.o ABSOLUTE
    ../clib/signal.c                         0x00000000   Number         0  defsig_exit.o ABSOLUTE
    ../clib/signal.c                         0x00000000   Number         0  defsig_pvfn_inner.o ABSOLUTE
    ../clib/signal.c                         0x00000000   Number         0  defsig_segv_inner.o ABSOLUTE
    ../clib/signal.c                         0x00000000   Number         0  defsig_other.o ABSOLUTE
    ../clib/signal.c                         0x00000000   Number         0  defsig_cppl_inner.o ABSOLUTE
    ../clib/signal.c                         0x00000000   Number         0  defsig_fpe_formal.o ABSOLUTE
    ../clib/signal.c                         0x00000000   Number         0  defsig_general.o ABSOLUTE
    ../clib/signal.c                         0x00000000   Number         0  __raise.o ABSOLUTE
    ../clib/signal.s                         0x00000000   Number         0  defsig.o ABSOLUTE
    ../clib/stdlib.c                         0x00000000   Number         0  exit.o ABSOLUTE
    ../fplib/fpinit.s                        0x00000000   Number         0  fpinit.o ABSOLUTE
    C:\Keil_v5\ARM\PACK\Keil\LPC1700_DFP\2.4.0\Boards\Keil\MCB1700\Common\GLCD_Fonts.c 0x00000000   Number         0  glcd_fonts.o ABSOLUTE
    C:\Keil_v5\ARM\PACK\Keil\LPC1700_DFP\2.4.0\Boards\Keil\MCB1700\Common\GLCD_MCB1700.c 0x00000000   Number         0  glcd_mcb1700.o ABSOLUTE
    C:\Keil_v5\ARM\PACK\Keil\LPC1700_DFP\2.4.0\RTE_Driver\GPDMA_LPC17xx.c 0x00000000   Number         0  gpdma_lpc17xx.o ABSOLUTE
    C:\Keil_v5\ARM\PACK\Keil\LPC1700_DFP\2.4.0\RTE_Driver\GPIO_LPC17xx.c 0x00000000   Number         0  gpio_lpc17xx.o ABSOLUTE
    C:\Keil_v5\ARM\PACK\Keil\LPC1700_DFP\2.4.0\RTE_Driver\PIN_LPC17xx.c 0x00000000   Number         0  pin_lpc17xx.o ABSOLUTE
    C:\Keil_v5\ARM\PACK\Keil\LPC1700_DFP\2.4.0\RTE_Driver\SPI_LPC17xx.c 0x00000000   Number         0  spi_lpc17xx.o ABSOLUTE
    C:\Keil_v5\ARM\PACK\Keil\LPC1700_DFP\2.4.0\RTE_Driver\SSP_LPC17xx.c 0x00000000   Number         0  ssp_lpc17xx.o ABSOLUTE
    C:\Keil_v5\ARM\PACK\Keil\LPC1700_DFP\2.4.0\RTE_Driver\UART_LPC17xx.c 0x00000000   Number         0  uart_lpc17xx.o ABSOLUTE
    C:\\Keil_v5\\ARM\\PACK\\Keil\\LPC1700_DFP\\2.4.0\\Boards\\Keil\\MCB1700\\Common\\GLCD_MCB1700.c 0x00000000   Number         0  glcd_mcb1700.o ABSOLUTE
    C:\\Keil_v5\\ARM\\PACK\\Keil\\LPC1700_DFP\\2.4.0\\RTE_Driver\\GPDMA_LPC17xx.c 0x00000000   Number         0  gpdma_lpc17xx.o ABSOLUTE
    C:\\Keil_v5\\ARM\\PACK\\Keil\\LPC1700_DFP\\2.4.0\\RTE_Driver\\GPIO_LPC17xx.c 0x00000000   Number         0  gpio_lpc17xx.o ABSOLUTE
    C:\\Keil_v5\\ARM\\PACK\\Keil\\LPC1700_DFP\\2.4.0\\RTE_Driver\\PIN_LPC17xx.c 0x00000000   Number         0  pin_lpc17xx.o ABSOLUTE
    C:\\Keil_v5\\ARM\\PACK\\Keil\\LPC1700_DFP\\2.4.0\\RTE_Driver\\SPI_LPC17xx.c 0x00000000   Number         0  spi_lpc17xx.o ABSOLUTE
    C:\\Keil_v5\\ARM\\PACK\\Keil\\LPC1700_DFP\\2.4.0\\RTE_Driver\\SSP_LPC17xx.c 0x00000000   Number         0  ssp_lpc17xx.o ABSOLUTE
    C:\\Keil_v5\\ARM\\PACK\\Keil\\LPC1700_DFP\\2.4.0\\RTE_Driver\\UART_LPC17xx.c 0x00000000   Number         0  uart_lpc17xx.o ABSOLUTE
    RTE\Device\LPC1768\startup_LPC17xx.s     0x00000000   Number         0  startup_lpc17xx.o ABSOLUTE
    RTE\Device\LPC1768\system_LPC17xx.c      0x00000000   Number         0  system_lpc17xx.o ABSOLUTE
    RTE\\Device\\LPC1768\\system_LPC17xx.c   0x00000000   Number         0  system_lpc17xx.o ABSOLUTE
    dc.s                                     0x00000000   Number         0  dc.o ABSOLUTE
    main.c                                   0x00000000   Number         0  main.o ABSOLUTE
    main.c                                   0x00000000   Number         0  main.o ABSOLUTE
    !!!main                                  0x000000cc   Section        8  __main.o(!!!main)
    !!!scatter                               0x000000d4   Section       52  __scatter.o(!!!scatter)
    !!handler_copy                           0x00000108   Section       26  __scatter_copy.o(!!handler_copy)
    !!handler_zi                             0x00000124   Section       28  __scatter_zi.o(!!handler_zi)
    .ARM.Collect$$_printf_percent$$00000000  0x00000140   Section        0  _printf_percent.o(.ARM.Collect$$_printf_percent$$00000000)
    .ARM.Collect$$_printf_percent$$00000009  0x00000140   Section        6  _printf_d.o(.ARM.Collect$$_printf_percent$$00000009)
    .ARM.Collect$$_printf_percent$$0000000C  0x00000146   Section        6  _printf_x.o(.ARM.Collect$$_printf_percent$$0000000C)
    .ARM.Collect$$_printf_percent$$00000017  0x0000014c   Section        4  _printf_percent_end.o(.ARM.Collect$$_printf_percent$$00000017)
    .ARM.Collect$$libinit$$00000000          0x00000150   Section        2  libinit.o(.ARM.Collect$$libinit$$00000000)
    .ARM.Collect$$libinit$$00000002          0x00000152   Section        0  libinit2.o(.ARM.Collect$$libinit$$00000002)
    .ARM.Collect$$libinit$$00000004          0x00000152   Section        0  libinit2.o(.ARM.Collect$$libinit$$00000004)
    .ARM.Collect$$libinit$$0000000A          0x00000152   Section        0  libinit2.o(.ARM.Collect$$libinit$$0000000A)
    .ARM.Collect$$libinit$$0000000C          0x00000152   Section        0  libinit2.o(.ARM.Collect$$libinit$$0000000C)
    .ARM.Collect$$libinit$$0000000E          0x00000152   Section        0  libinit2.o(.ARM.Collect$$libinit$$0000000E)
    .ARM.Collect$$libinit$$00000011          0x00000152   Section        0  libinit2.o(.ARM.Collect$$libinit$$00000011)
    .ARM.Collect$$libinit$$00000013          0x00000152   Section        0  libinit2.o(.ARM.Collect$$libinit$$00000013)
    .ARM.Collect$$libinit$$00000015          0x00000152   Section        0  libinit2.o(.ARM.Collect$$libinit$$00000015)
    .ARM.Collect$$libinit$$00000017          0x00000152   Section        0  libinit2.o(.ARM.Collect$$libinit$$00000017)
    .ARM.Collect$$libinit$$00000019          0x00000152   Section        0  libinit2.o(.ARM.Collect$$libinit$$00000019)
    .ARM.Collect$$libinit$$0000001B          0x00000152   Section        0  libinit2.o(.ARM.Collect$$libinit$$0000001B)
    .ARM.Collect$$libinit$$0000001D          0x00000152   Section        0  libinit2.o(.ARM.Collect$$libinit$$0000001D)
    .ARM.Collect$$libinit$$0000001F          0x00000152   Section        0  libinit2.o(.ARM.Collect$$libinit$$0000001F)
    .ARM.Collect$$libinit$$00000021          0x00000152   Section        0  libinit2.o(.ARM.Collect$$libinit$$00000021)
    .ARM.Collect$$libinit$$00000023          0x00000152   Section        0  libinit2.o(.ARM.Collect$$libinit$$00000023)
    .ARM.Collect$$libinit$$00000025          0x00000152   Section        0  libinit2.o(.ARM.Collect$$libinit$$00000025)
    .ARM.Collect$$libinit$$0000002C          0x00000152   Section        0  libinit2.o(.ARM.Collect$$libinit$$0000002C)
    .ARM.Collect$$libinit$$0000002E          0x00000152   Section        0  libinit2.o(.ARM.Collect$$libinit$$0000002E)
    .ARM.Collect$$libinit$$00000030          0x00000152   Section        0  libinit2.o(.ARM.Collect$$libinit$$00000030)
    .ARM.Collect$$libinit$$00000032          0x00000152   Section        0  libinit2.o(.ARM.Collect$$libinit$$00000032)
    .ARM.Collect$$libinit$$00000033          0x00000152   Section        2  libinit2.o(.ARM.Collect$$libinit$$00000033)
    .ARM.Collect$$libshutdown$$00000000      0x00000154   Section        2  libshutdown.o(.ARM.Collect$$libshutdown$$00000000)
    .ARM.Collect$$libshutdown$$00000002      0x00000156   Section        0  libshutdown2.o(.ARM.Collect$$libshutdown$$00000002)
    .ARM.Collect$$libshutdown$$00000004      0x00000156   Section        0  libshutdown2.o(.ARM.Collect$$libshutdown$$00000004)
    .ARM.Collect$$libshutdown$$00000007      0x00000156   Section        0  libshutdown2.o(.ARM.Collect$$libshutdown$$00000007)
    .ARM.Collect$$libshutdown$$0000000A      0x00000156   Section        0  libshutdown2.o(.ARM.Collect$$libshutdown$$0000000A)
    .ARM.Collect$$libshutdown$$0000000C      0x00000156   Section        0  libshutdown2.o(.ARM.Collect$$libshutdown$$0000000C)
    .ARM.Collect$$libshutdown$$0000000F      0x00000156   Section        0  libshutdown2.o(.ARM.Collect$$libshutdown$$0000000F)
    .ARM.Collect$$libshutdown$$00000010      0x00000156   Section        2  libshutdown2.o(.ARM.Collect$$libshutdown$$00000010)
    .ARM.Collect$$rtentry$$00000000          0x00000158   Section        0  __rtentry.o(.ARM.Collect$$rtentry$$00000000)
    .ARM.Collect$$rtentry$$00000002          0x00000158   Section        0  __rtentry2.o(.ARM.Collect$$rtentry$$00000002)
    .ARM.Collect$$rtentry$$00000004          0x00000158   Section        6  __rtentry4.o(.ARM.Collect$$rtentry$$00000004)
    .ARM.Collect$$rtentry$$00000009          0x0000015e   Section        0  __rtentry2.o(.ARM.Collect$$rtentry$$00000009)
    .ARM.Collect$$rtentry$$0000000A          0x0000015e   Section        4  __rtentry2.o(.ARM.Collect$$rtentry$$0000000A)
    .ARM.Collect$$rtentry$$0000000C          0x00000162   Section        0  __rtentry2.o(.ARM.Collect$$rtentry$$0000000C)
    .ARM.Collect$$rtentry$$0000000D          0x00000162   Section        8  __rtentry2.o(.ARM.Collect$$rtentry$$0000000D)
    .ARM.Collect$$rtexit$$00000000           0x0000016a   Section        2  rtexit.o(.ARM.Collect$$rtexit$$00000000)
    .ARM.Collect$$rtexit$$00000002           0x0000016c   Section        0  rtexit2.o(.ARM.Collect$$rtexit$$00000002)
    .ARM.Collect$$rtexit$$00000003           0x0000016c   Section        4  rtexit2.o(.ARM.Collect$$rtexit$$00000003)
    .ARM.Collect$$rtexit$$00000004           0x00000170   Section        6  rtexit2.o(.ARM.Collect$$rtexit$$00000004)
    .text                                    0x00000178   Section       60  startup_lpc17xx.o(.text)
    .text                                    0x000001b4   Section      238  lludivv7m.o(.text)
    .text                                    0x000002a4   Section        0  noretval__2sprintf.o(.text)
    .text                                    0x000002cc   Section        0  heapauxi.o(.text)
    .text                                    0x000002d2   Section        0  _sputc.o(.text)
    .text                                    0x000002dc   Section        0  exit.o(.text)
    .text                                    0x000002f0   Section        8  libspace.o(.text)
    .text                                    0x000002f8   Section        2  use_no_semi.o(.text)
    .text                                    0x000002fa   Section        0  indicate_semi.o(.text)
    .ARM.__at_0x02FC                         0x000002fc   Section        4  startup_lpc17xx.o(.ARM.__at_0x02FC)
    .text                                    0x00000300   Section        0  _printf_pad.o(.text)
    .text                                    0x00000350   Section        0  _printf_dec.o(.text)
    .text                                    0x000003c8   Section        0  _printf_hex_int.o(.text)
    .text                                    0x00000420   Section        0  __printf_flags_wp.o(.text)
    .text                                    0x00000558   Section       78  rt_memclr_w.o(.text)
    .text                                    0x000005a6   Section        0  _printf_intcommon.o(.text)
    .text                                    0x00000658   Section        0  _printf_char_common.o(.text)
    _printf_input_char                       0x00000659   Thumb Code    10  _printf_char_common.o(.text)
    .text                                    0x00000688   Section       74  sys_stackheap_outer.o(.text)
    .text                                    0x000006d4   Section        0  sys_exit.o(.text)
    i.Clear_Channel_active_flag              0x000006e0   Section        0  gpdma_lpc17xx.o(i.Clear_Channel_active_flag)
    Clear_Channel_active_flag                0x000006e1   Thumb Code    28  gpdma_lpc17xx.o(i.Clear_Channel_active_flag)
    i.DMA_IRQHandler                         0x00000700   Section        0  gpdma_lpc17xx.o(i.DMA_IRQHandler)
    i.GLCD_ClearScreen                       0x00000880   Section        0  glcd_mcb1700.o(i.GLCD_ClearScreen)
    i.GLCD_DrawChar                          0x000008b0   Section        0  glcd_mcb1700.o(i.GLCD_DrawChar)
    i.GLCD_DrawString                        0x00000980   Section        0  glcd_mcb1700.o(i.GLCD_DrawString)
    i.GLCD_Initialize                        0x000009ac   Section        0  glcd_mcb1700.o(i.GLCD_Initialize)
    i.GLCD_SetFont                           0x00000f64   Section        0  glcd_mcb1700.o(i.GLCD_SetFont)
    i.GLCD_SetWindow                         0x00000f74   Section        0  glcd_mcb1700.o(i.GLCD_SetWindow)
    i.GLCD_WindowMax                         0x00001020   Section        0  glcd_mcb1700.o(i.GLCD_WindowMax)
    i.GPDMA_ChannelConfigure                 0x00001034   Section        0  gpdma_lpc17xx.o(i.GPDMA_ChannelConfigure)
    i.GPDMA_ChannelDisable                   0x00001128   Section        0  gpdma_lpc17xx.o(i.GPDMA_ChannelDisable)
    i.GPDMA_ChannelGetCount                  0x00001158   Section        0  gpdma_lpc17xx.o(i.GPDMA_ChannelGetCount)
    i.GPDMA_Initialize                       0x00001188   Section        0  gpdma_lpc17xx.o(i.GPDMA_Initialize)
    i.GPDMA_PeripheralSelect                 0x00001238   Section        0  gpdma_lpc17xx.o(i.GPDMA_PeripheralSelect)
    i.GPDMA_Uninitialize                     0x0000127c   Section        0  gpdma_lpc17xx.o(i.GPDMA_Uninitialize)
    i.GPIO_PinRead                           0x000012fc   Section        0  gpio_lpc17xx.o(i.GPIO_PinRead)
    i.GPIO_PinWrite                          0x0000131c   Section        0  gpio_lpc17xx.o(i.GPIO_PinWrite)
    i.GPIO_PortClock                         0x00001344   Section        0  gpio_lpc17xx.o(i.GPIO_PortClock)
    i.GPIO_SetDir                            0x00001370   Section        0  gpio_lpc17xx.o(i.GPIO_SetDir)
    i.GetSPIClockFreq                        0x000013a8   Section        0  spi_lpc17xx.o(i.GetSPIClockFreq)
    GetSPIClockFreq                          0x000013a9   Thumb Code    70  spi_lpc17xx.o(i.GetSPIClockFreq)
    i.GetSSPClockFreq                        0x000013f8   Section        0  ssp_lpc17xx.o(i.GetSSPClockFreq)
    GetSSPClockFreq                          0x000013f9   Thumb Code    64  ssp_lpc17xx.o(i.GetSSPClockFreq)
    i.GetUsartClockFreq                      0x0000143c   Section        0  uart_lpc17xx.o(i.GetUsartClockFreq)
    GetUsartClockFreq                        0x0000143d   Thumb Code    62  uart_lpc17xx.o(i.GetUsartClockFreq)
    i.Init_UART                              0x00001480   Section        0  main.o(i.Init_UART)
    i.PIN_Configure                          0x000014b8   Section        0  pin_lpc17xx.o(i.PIN_Configure)
    i.SPI_Control                            0x000015b4   Section        0  spi_lpc17xx.o(i.SPI_Control)
    SPI_Control                              0x000015b5   Thumb Code  1508  spi_lpc17xx.o(i.SPI_Control)
    i.SPI_GetCapabilities                    0x00001b9c   Section        0  spi_lpc17xx.o(i.SPI_GetCapabilities)
    SPI_GetCapabilities                      0x00001b9d   Thumb Code     6  spi_lpc17xx.o(i.SPI_GetCapabilities)
    i.SPI_GetDataCount                       0x00001ba8   Section        0  spi_lpc17xx.o(i.SPI_GetDataCount)
    SPI_GetDataCount                         0x00001ba9   Thumb Code    28  spi_lpc17xx.o(i.SPI_GetDataCount)
    i.SPI_GetStatus                          0x00001bc8   Section        0  spi_lpc17xx.o(i.SPI_GetStatus)
    SPI_GetStatus                            0x00001bc9   Thumb Code   100  spi_lpc17xx.o(i.SPI_GetStatus)
    i.SPI_GetVersion                         0x00001c30   Section        0  spi_lpc17xx.o(i.SPI_GetVersion)
    SPI_GetVersion                           0x00001c31   Thumb Code    10  spi_lpc17xx.o(i.SPI_GetVersion)
    i.SPI_IRQHandler                         0x00001c40   Section        0  spi_lpc17xx.o(i.SPI_IRQHandler)
    i.SPI_Initialize                         0x00001e48   Section        0  spi_lpc17xx.o(i.SPI_Initialize)
    SPI_Initialize                           0x00001e49   Thumb Code   196  spi_lpc17xx.o(i.SPI_Initialize)
    i.SPI_PowerControl                       0x00001f10   Section        0  spi_lpc17xx.o(i.SPI_PowerControl)
    SPI_PowerControl                         0x00001f11   Thumb Code   450  spi_lpc17xx.o(i.SPI_PowerControl)
    i.SPI_Receive                            0x000020e0   Section        0  spi_lpc17xx.o(i.SPI_Receive)
    SPI_Receive                              0x000020e1   Thumb Code   178  spi_lpc17xx.o(i.SPI_Receive)
    i.SPI_Send                               0x00002198   Section        0  spi_lpc17xx.o(i.SPI_Send)
    SPI_Send                                 0x00002199   Thumb Code   276  spi_lpc17xx.o(i.SPI_Send)
    i.SPI_Transfer                           0x000022b0   Section        0  spi_lpc17xx.o(i.SPI_Transfer)
    SPI_Transfer                             0x000022b1   Thumb Code   276  spi_lpc17xx.o(i.SPI_Transfer)
    i.SPI_Uninitialize                       0x000023c8   Section        0  spi_lpc17xx.o(i.SPI_Uninitialize)
    SPI_Uninitialize                         0x000023c9   Thumb Code   150  spi_lpc17xx.o(i.SPI_Uninitialize)
    i.SSP0_Control                           0x00002464   Section        0  ssp_lpc17xx.o(i.SSP0_Control)
    SSP0_Control                             0x00002465   Thumb Code    18  ssp_lpc17xx.o(i.SSP0_Control)
    i.SSP0_GPDMA_Rx_SignalEvent              0x0000247c   Section        0  ssp_lpc17xx.o(i.SSP0_GPDMA_Rx_SignalEvent)
    i.SSP0_GPDMA_Tx_SignalEvent              0x00002490   Section        0  ssp_lpc17xx.o(i.SSP0_GPDMA_Tx_SignalEvent)
    i.SSP0_GetDataCount                      0x000024a4   Section        0  ssp_lpc17xx.o(i.SSP0_GetDataCount)
    SSP0_GetDataCount                        0x000024a5   Thumb Code    10  ssp_lpc17xx.o(i.SSP0_GetDataCount)
    i.SSP0_GetStatus                         0x000024b4   Section        0  ssp_lpc17xx.o(i.SSP0_GetStatus)
    SSP0_GetStatus                           0x000024b5   Thumb Code    12  ssp_lpc17xx.o(i.SSP0_GetStatus)
    i.SSP0_IRQHandler                        0x000024c4   Section        0  ssp_lpc17xx.o(i.SSP0_IRQHandler)
    i.SSP0_Initialize                        0x000024d4   Section        0  ssp_lpc17xx.o(i.SSP0_Initialize)
    SSP0_Initialize                          0x000024d5   Thumb Code    14  ssp_lpc17xx.o(i.SSP0_Initialize)
    i.SSP0_PowerControl                      0x000024e8   Section        0  ssp_lpc17xx.o(i.SSP0_PowerControl)
    SSP0_PowerControl                        0x000024e9   Thumb Code    14  ssp_lpc17xx.o(i.SSP0_PowerControl)
    i.SSP0_Receive                           0x000024fc   Section        0  ssp_lpc17xx.o(i.SSP0_Receive)
    SSP0_Receive                             0x000024fd   Thumb Code    18  ssp_lpc17xx.o(i.SSP0_Receive)
    i.SSP0_Send                              0x00002514   Section        0  ssp_lpc17xx.o(i.SSP0_Send)
    SSP0_Send                                0x00002515   Thumb Code    18  ssp_lpc17xx.o(i.SSP0_Send)
    i.SSP0_Transfer                          0x0000252c   Section        0  ssp_lpc17xx.o(i.SSP0_Transfer)
    SSP0_Transfer                            0x0000252d   Thumb Code    22  ssp_lpc17xx.o(i.SSP0_Transfer)
    i.SSP0_Uninitialize                      0x00002548   Section        0  ssp_lpc17xx.o(i.SSP0_Uninitialize)
    SSP0_Uninitialize                        0x00002549   Thumb Code    10  ssp_lpc17xx.o(i.SSP0_Uninitialize)
    i.SSP1_Control                           0x00002558   Section        0  ssp_lpc17xx.o(i.SSP1_Control)
    SSP1_Control                             0x00002559   Thumb Code    18  ssp_lpc17xx.o(i.SSP1_Control)
    i.SSP1_GPDMA_Rx_SignalEvent              0x00002570   Section        0  ssp_lpc17xx.o(i.SSP1_GPDMA_Rx_SignalEvent)
    i.SSP1_GPDMA_Tx_SignalEvent              0x00002584   Section        0  ssp_lpc17xx.o(i.SSP1_GPDMA_Tx_SignalEvent)
    i.SSP1_GetDataCount                      0x00002598   Section        0  ssp_lpc17xx.o(i.SSP1_GetDataCount)
    SSP1_GetDataCount                        0x00002599   Thumb Code    10  ssp_lpc17xx.o(i.SSP1_GetDataCount)
    i.SSP1_GetStatus                         0x000025a8   Section        0  ssp_lpc17xx.o(i.SSP1_GetStatus)
    SSP1_GetStatus                           0x000025a9   Thumb Code    12  ssp_lpc17xx.o(i.SSP1_GetStatus)
    i.SSP1_IRQHandler                        0x000025b8   Section        0  ssp_lpc17xx.o(i.SSP1_IRQHandler)
    i.SSP1_Initialize                        0x000025c8   Section        0  ssp_lpc17xx.o(i.SSP1_Initialize)
    SSP1_Initialize                          0x000025c9   Thumb Code    14  ssp_lpc17xx.o(i.SSP1_Initialize)
    i.SSP1_PowerControl                      0x000025dc   Section        0  ssp_lpc17xx.o(i.SSP1_PowerControl)
    SSP1_PowerControl                        0x000025dd   Thumb Code    14  ssp_lpc17xx.o(i.SSP1_PowerControl)
    i.SSP1_Receive                           0x000025f0   Section        0  ssp_lpc17xx.o(i.SSP1_Receive)
    SSP1_Receive                             0x000025f1   Thumb Code    18  ssp_lpc17xx.o(i.SSP1_Receive)
    i.SSP1_Send                              0x00002608   Section        0  ssp_lpc17xx.o(i.SSP1_Send)
    SSP1_Send                                0x00002609   Thumb Code    18  ssp_lpc17xx.o(i.SSP1_Send)
    i.SSP1_Transfer                          0x00002620   Section        0  ssp_lpc17xx.o(i.SSP1_Transfer)
    SSP1_Transfer                            0x00002621   Thumb Code    22  ssp_lpc17xx.o(i.SSP1_Transfer)
    i.SSP1_Uninitialize                      0x0000263c   Section        0  ssp_lpc17xx.o(i.SSP1_Uninitialize)
    SSP1_Uninitialize                        0x0000263d   Thumb Code    10  ssp_lpc17xx.o(i.SSP1_Uninitialize)
    i.SSP_GetCapabilities                    0x0000264c   Section        0  ssp_lpc17xx.o(i.SSP_GetCapabilities)
    SSP_GetCapabilities                      0x0000264d   Thumb Code     6  ssp_lpc17xx.o(i.SSP_GetCapabilities)
    i.SSP_GetVersion                         0x00002658   Section        0  ssp_lpc17xx.o(i.SSP_GetVersion)
    SSP_GetVersion                           0x00002659   Thumb Code    10  ssp_lpc17xx.o(i.SSP_GetVersion)
    i.SSPx_Control                           0x00002668   Section        0  ssp_lpc17xx.o(i.SSPx_Control)
    SSPx_Control                             0x00002669   Thumb Code  1310  ssp_lpc17xx.o(i.SSPx_Control)
    i.SSPx_GPDMA_Rx_SignalEvent              0x00002b86   Section        0  ssp_lpc17xx.o(i.SSPx_GPDMA_Rx_SignalEvent)
    i.SSPx_GPDMA_Tx_SignalEvent              0x00002bbc   Section        0  ssp_lpc17xx.o(i.SSPx_GPDMA_Tx_SignalEvent)
    i.SSPx_GetDataCount                      0x00002bd8   Section        0  ssp_lpc17xx.o(i.SSPx_GetDataCount)
    SSPx_GetDataCount                        0x00002bd9   Thumb Code    44  ssp_lpc17xx.o(i.SSPx_GetDataCount)
    i.SSPx_GetStatus                         0x00002c04   Section        0  ssp_lpc17xx.o(i.SSPx_GetStatus)
    SSPx_GetStatus                           0x00002c05   Thumb Code    90  ssp_lpc17xx.o(i.SSPx_GetStatus)
    i.SSPx_IRQHandler                        0x00002c5e   Section        0  ssp_lpc17xx.o(i.SSPx_IRQHandler)
    SSPx_IRQHandler                          0x00002c5f   Thumb Code   260  ssp_lpc17xx.o(i.SSPx_IRQHandler)
    i.SSPx_Initialize                        0x00002d62   Section        0  ssp_lpc17xx.o(i.SSPx_Initialize)
    SSPx_Initialize                          0x00002d63   Thumb Code   168  ssp_lpc17xx.o(i.SSPx_Initialize)
    i.SSPx_PowerControl                      0x00002e0c   Section        0  ssp_lpc17xx.o(i.SSPx_PowerControl)
    SSPx_PowerControl                        0x00002e0d   Thumb Code   438  ssp_lpc17xx.o(i.SSPx_PowerControl)
    i.SSPx_Receive                           0x00002fc8   Section        0  ssp_lpc17xx.o(i.SSPx_Receive)
    SSPx_Receive                             0x00002fc9   Thumb Code   344  ssp_lpc17xx.o(i.SSPx_Receive)
    i.SSPx_Send                              0x00003124   Section        0  ssp_lpc17xx.o(i.SSPx_Send)
    SSPx_Send                                0x00003125   Thumb Code   336  ssp_lpc17xx.o(i.SSPx_Send)
    i.SSPx_Transfer                          0x00003278   Section        0  ssp_lpc17xx.o(i.SSPx_Transfer)
    SSPx_Transfer                            0x00003279   Thumb Code   338  ssp_lpc17xx.o(i.SSPx_Transfer)
    i.SSPx_Uninitialize                      0x000033ca   Section        0  ssp_lpc17xx.o(i.SSPx_Uninitialize)
    SSPx_Uninitialize                        0x000033cb   Thumb Code   112  ssp_lpc17xx.o(i.SSPx_Uninitialize)
    i.Set_Channel_active_flag                0x0000343c   Section        0  gpdma_lpc17xx.o(i.Set_Channel_active_flag)
    Set_Channel_active_flag                  0x0000343d   Thumb Code    50  gpdma_lpc17xx.o(i.Set_Channel_active_flag)
    i.SystemInit                             0x00003474   Section        0  system_lpc17xx.o(i.SystemInit)
    i.UART1_IRQHandler                       0x000035b4   Section        0  uart_lpc17xx.o(i.UART1_IRQHandler)
    i.USART1_Control                         0x000035c4   Section        0  uart_lpc17xx.o(i.USART1_Control)
    USART1_Control                           0x000035c5   Thumb Code    18  uart_lpc17xx.o(i.USART1_Control)
    i.USART1_GPDMA_Rx_Event                  0x000035dc   Section        0  uart_lpc17xx.o(i.USART1_GPDMA_Rx_Event)
    i.USART1_GPDMA_Tx_Event                  0x000035f0   Section        0  uart_lpc17xx.o(i.USART1_GPDMA_Tx_Event)
    i.USART1_GetCapabilities                 0x00003604   Section        0  uart_lpc17xx.o(i.USART1_GetCapabilities)
    USART1_GetCapabilities                   0x00003605   Thumb Code    12  uart_lpc17xx.o(i.USART1_GetCapabilities)
    i.USART1_GetModemStatus                  0x00003614   Section        0  uart_lpc17xx.o(i.USART1_GetModemStatus)
    USART1_GetModemStatus                    0x00003615   Thumb Code    12  uart_lpc17xx.o(i.USART1_GetModemStatus)
    i.USART1_GetRxCount                      0x00003624   Section        0  uart_lpc17xx.o(i.USART1_GetRxCount)
    USART1_GetRxCount                        0x00003625   Thumb Code    10  uart_lpc17xx.o(i.USART1_GetRxCount)
    i.USART1_GetStatus                       0x00003634   Section        0  uart_lpc17xx.o(i.USART1_GetStatus)
    USART1_GetStatus                         0x00003635   Thumb Code    12  uart_lpc17xx.o(i.USART1_GetStatus)
    i.USART1_GetTxCount                      0x00003644   Section        0  uart_lpc17xx.o(i.USART1_GetTxCount)
    USART1_GetTxCount                        0x00003645   Thumb Code    10  uart_lpc17xx.o(i.USART1_GetTxCount)
    i.USART1_Initialize                      0x00003654   Section        0  uart_lpc17xx.o(i.USART1_Initialize)
    USART1_Initialize                        0x00003655   Thumb Code    14  uart_lpc17xx.o(i.USART1_Initialize)
    i.USART1_PowerControl                    0x00003668   Section        0  uart_lpc17xx.o(i.USART1_PowerControl)
    USART1_PowerControl                      0x00003669   Thumb Code    14  uart_lpc17xx.o(i.USART1_PowerControl)
    i.USART1_Receive                         0x0000367c   Section        0  uart_lpc17xx.o(i.USART1_Receive)
    USART1_Receive                           0x0000367d   Thumb Code    18  uart_lpc17xx.o(i.USART1_Receive)
    i.USART1_Send                            0x00003694   Section        0  uart_lpc17xx.o(i.USART1_Send)
    USART1_Send                              0x00003695   Thumb Code    18  uart_lpc17xx.o(i.USART1_Send)
    i.USART1_SetModemControl                 0x000036ac   Section        0  uart_lpc17xx.o(i.USART1_SetModemControl)
    USART1_SetModemControl                   0x000036ad   Thumb Code    14  uart_lpc17xx.o(i.USART1_SetModemControl)
    i.USART1_Transfer                        0x000036c0   Section        0  uart_lpc17xx.o(i.USART1_Transfer)
    USART1_Transfer                          0x000036c1   Thumb Code    22  uart_lpc17xx.o(i.USART1_Transfer)
    i.USART1_Uninitialize                    0x000036dc   Section        0  uart_lpc17xx.o(i.USART1_Uninitialize)
    USART1_Uninitialize                      0x000036dd   Thumb Code    10  uart_lpc17xx.o(i.USART1_Uninitialize)
    i.USART_Control                          0x000036ec   Section        0  uart_lpc17xx.o(i.USART_Control)
    USART_Control                            0x000036ed   Thumb Code  1642  uart_lpc17xx.o(i.USART_Control)
    i.USART_GPDMA_Rx_Event                   0x00003d5c   Section        0  uart_lpc17xx.o(i.USART_GPDMA_Rx_Event)
    USART_GPDMA_Rx_Event                     0x00003d5d   Thumb Code   134  uart_lpc17xx.o(i.USART_GPDMA_Rx_Event)
    i.USART_GPDMA_Tx_Event                   0x00003de2   Section        0  uart_lpc17xx.o(i.USART_GPDMA_Tx_Event)
    USART_GPDMA_Tx_Event                     0x00003de3   Thumb Code    74  uart_lpc17xx.o(i.USART_GPDMA_Tx_Event)
    i.USART_GetCapabilities                  0x00003e2c   Section        0  uart_lpc17xx.o(i.USART_GetCapabilities)
    USART_GetCapabilities                    0x00003e2d   Thumb Code     6  uart_lpc17xx.o(i.USART_GetCapabilities)
    i.USART_GetModemStatus                   0x00003e32   Section        0  uart_lpc17xx.o(i.USART_GetModemStatus)
    USART_GetModemStatus                     0x00003e33   Thumb Code   236  uart_lpc17xx.o(i.USART_GetModemStatus)
    i.USART_GetRxCount                       0x00003f1e   Section        0  uart_lpc17xx.o(i.USART_GetRxCount)
    USART_GetRxCount                         0x00003f1f   Thumb Code    28  uart_lpc17xx.o(i.USART_GetRxCount)
    i.USART_GetStatus                        0x00003f3a   Section        0  uart_lpc17xx.o(i.USART_GetStatus)
    USART_GetStatus                          0x00003f3b   Thumb Code   188  uart_lpc17xx.o(i.USART_GetStatus)
    i.USART_GetTxCount                       0x00003ff6   Section        0  uart_lpc17xx.o(i.USART_GetTxCount)
    USART_GetTxCount                         0x00003ff7   Thumb Code    28  uart_lpc17xx.o(i.USART_GetTxCount)
    i.USART_IRQHandler                       0x00004012   Section        0  uart_lpc17xx.o(i.USART_IRQHandler)
    USART_IRQHandler                         0x00004013   Thumb Code   620  uart_lpc17xx.o(i.USART_IRQHandler)
    i.USART_Initialize                       0x0000427e   Section        0  uart_lpc17xx.o(i.USART_Initialize)
    USART_Initialize                         0x0000427f   Thumb Code   254  uart_lpc17xx.o(i.USART_Initialize)
    i.USART_PowerControl                     0x0000437c   Section        0  uart_lpc17xx.o(i.USART_PowerControl)
    USART_PowerControl                       0x0000437d   Thumb Code   592  uart_lpc17xx.o(i.USART_PowerControl)
    i.USART_Receive                          0x000045d0   Section        0  uart_lpc17xx.o(i.USART_Receive)
    USART_Receive                            0x000045d1   Thumb Code   272  uart_lpc17xx.o(i.USART_Receive)
    i.USART_RxLineIntHandler                 0x000046e0   Section        0  uart_lpc17xx.o(i.USART_RxLineIntHandler)
    USART_RxLineIntHandler                   0x000046e1   Thumb Code   104  uart_lpc17xx.o(i.USART_RxLineIntHandler)
    i.USART_Send                             0x00004748   Section        0  uart_lpc17xx.o(i.USART_Send)
    USART_Send                               0x00004749   Thumb Code   412  uart_lpc17xx.o(i.USART_Send)
    i.USART_SetBaudrate                      0x000048e4   Section        0  uart_lpc17xx.o(i.USART_SetBaudrate)
    i.USART_SetModemControl                  0x00004a18   Section        0  uart_lpc17xx.o(i.USART_SetModemControl)
    USART_SetModemControl                    0x00004a19   Thumb Code   160  uart_lpc17xx.o(i.USART_SetModemControl)
    i.USART_Transfer                         0x00004ab8   Section        0  uart_lpc17xx.o(i.USART_Transfer)
    USART_Transfer                           0x00004ab9   Thumb Code   122  uart_lpc17xx.o(i.USART_Transfer)
    i.USART_Uninitialize                     0x00004b32   Section        0  uart_lpc17xx.o(i.USART_Uninitialize)
    USART_Uninitialize                       0x00004b33   Thumb Code   226  uart_lpc17xx.o(i.USART_Uninitialize)
    i.USARTx_GetVersion                      0x00004c14   Section        0  uart_lpc17xx.o(i.USARTx_GetVersion)
    USARTx_GetVersion                        0x00004c15   Thumb Code    10  uart_lpc17xx.o(i.USARTx_GetVersion)
    i.__NVIC_ClearPendingIRQ                 0x00004c24   Section        0  uart_lpc17xx.o(i.__NVIC_ClearPendingIRQ)
    __NVIC_ClearPendingIRQ                   0x00004c25   Thumb Code    22  uart_lpc17xx.o(i.__NVIC_ClearPendingIRQ)
    i.__NVIC_ClearPendingIRQ                 0x00004c40   Section        0  spi_lpc17xx.o(i.__NVIC_ClearPendingIRQ)
    __NVIC_ClearPendingIRQ                   0x00004c41   Thumb Code    22  spi_lpc17xx.o(i.__NVIC_ClearPendingIRQ)
    i.__NVIC_ClearPendingIRQ                 0x00004c5c   Section        0  ssp_lpc17xx.o(i.__NVIC_ClearPendingIRQ)
    __NVIC_ClearPendingIRQ                   0x00004c5d   Thumb Code    22  ssp_lpc17xx.o(i.__NVIC_ClearPendingIRQ)
    i.__NVIC_ClearPendingIRQ                 0x00004c78   Section        0  gpdma_lpc17xx.o(i.__NVIC_ClearPendingIRQ)
    __NVIC_ClearPendingIRQ                   0x00004c79   Thumb Code    22  gpdma_lpc17xx.o(i.__NVIC_ClearPendingIRQ)
    i._is_digit                              0x00004c94   Section        0  __printf_wp.o(i._is_digit)
    i.delay_ms                               0x00004ca4   Section        0  glcd_mcb1700.o(i.delay_ms)
    delay_ms                                 0x00004ca5   Thumb Code    38  glcd_mcb1700.o(i.delay_ms)
    i.main                                   0x00004cd0   Section        0  main.o(i.main)
    i.rd_dat                                 0x00004d68   Section        0  glcd_mcb1700.o(i.rd_dat)
    rd_dat                                   0x00004d69   Thumb Code    64  glcd_mcb1700.o(i.rd_dat)
    i.rd_id_man                              0x00004dac   Section        0  glcd_mcb1700.o(i.rd_id_man)
    rd_id_man                                0x00004dad   Thumb Code   196  glcd_mcb1700.o(i.rd_id_man)
    i.rd_reg                                 0x00004e74   Section        0  glcd_mcb1700.o(i.rd_reg)
    rd_reg                                   0x00004e75   Thumb Code    16  glcd_mcb1700.o(i.rd_reg)
    i.spi_tran                               0x00004e84   Section        0  glcd_mcb1700.o(i.spi_tran)
    spi_tran                                 0x00004e85   Thumb Code    40  glcd_mcb1700.o(i.spi_tran)
    i.spi_tran_man                           0x00004eb0   Section        0  glcd_mcb1700.o(i.spi_tran_man)
    spi_tran_man                             0x00004eb1   Thumb Code   132  glcd_mcb1700.o(i.spi_tran_man)
    i.wr_cmd                                 0x00004f38   Section        0  glcd_mcb1700.o(i.wr_cmd)
    wr_cmd                                   0x00004f39   Thumb Code    70  glcd_mcb1700.o(i.wr_cmd)
    i.wr_dat_only                            0x00004f84   Section        0  glcd_mcb1700.o(i.wr_dat_only)
    wr_dat_only                              0x00004f85   Thumb Code    46  glcd_mcb1700.o(i.wr_dat_only)
    i.wr_dat_start                           0x00004fb8   Section        0  glcd_mcb1700.o(i.wr_dat_start)
    wr_dat_start                             0x00004fb9   Thumb Code    20  glcd_mcb1700.o(i.wr_dat_start)
    i.wr_dat_stop                            0x00004fd0   Section        0  glcd_mcb1700.o(i.wr_dat_stop)
    wr_dat_stop                              0x00004fd1   Thumb Code    14  glcd_mcb1700.o(i.wr_dat_stop)
    i.wr_reg                                 0x00004fe4   Section        0  glcd_mcb1700.o(i.wr_reg)
    wr_reg                                   0x00004fe5   Thumb Code   140  glcd_mcb1700.o(i.wr_reg)
    .constdata                               0x00005074   Section     6304  glcd_fonts.o(.constdata)
    Font_6x8_h                               0x00005074   Data         896  glcd_fonts.o(.constdata)
    Font_16x24_h                             0x000053f4   Data        5376  glcd_fonts.o(.constdata)
    .constdata                               0x00006914   Section      464  uart_lpc17xx.o(.constdata)
    usart_driver_version                     0x00006914   Data           4  uart_lpc17xx.o(.constdata)
    fract_div_lookup_table                   0x00006918   Data         288  uart_lpc17xx.o(.constdata)
    USART1_DMA_Tx                            0x00006a38   Data           8  uart_lpc17xx.o(.constdata)
    USART1_DMA_Rx                            0x00006a40   Data           8  uart_lpc17xx.o(.constdata)
    USART1_Resources                         0x00006a48   Data         100  uart_lpc17xx.o(.constdata)
    .constdata                               0x00006ae4   Section      108  spi_lpc17xx.o(.constdata)
    DriverVersion                            0x00006ae4   Data           4  spi_lpc17xx.o(.constdata)
    DriverCapabilities                       0x00006ae8   Data           4  spi_lpc17xx.o(.constdata)
    SPI_Resources                            0x00006aec   Data          56  spi_lpc17xx.o(.constdata)
    .constdata                               0x00006b50   Section      240  ssp_lpc17xx.o(.constdata)
    DriverVersion                            0x00006b50   Data           4  ssp_lpc17xx.o(.constdata)
    DriverCapabilities                       0x00006b54   Data           4  ssp_lpc17xx.o(.constdata)
    SSP0_Resources                           0x00006b58   Data          72  ssp_lpc17xx.o(.constdata)
    SSP1_Resources                           0x00006ba0   Data          72  ssp_lpc17xx.o(.constdata)
    .constdata                               0x00006c40   Section       40  _printf_hex_int.o(.constdata)
    uc_hextab                                0x00006c40   Data          20  _printf_hex_int.o(.constdata)
    lc_hextab                                0x00006c54   Data          20  _printf_hex_int.o(.constdata)
    .constdata                               0x00006c68   Section       17  __printf_flags_wp.o(.constdata)
    maptable                                 0x00006c68   Data          17  __printf_flags_wp.o(.constdata)
    .data                                    0x10000000   Section       17  glcd_mcb1700.o(.data)
    spi1_pins                                0x10000000   Data           8  glcd_mcb1700.o(.data)
    foreground_color                         0x10000008   Data           2  glcd_mcb1700.o(.data)
    background_color                         0x1000000a   Data           2  glcd_mcb1700.o(.data)
    active_font                              0x1000000c   Data           4  glcd_mcb1700.o(.data)
    Himax                                    0x10000010   Data           1  glcd_mcb1700.o(.data)
    .data                                    0x10000011   Section        4  uart_lpc17xx.o(.data)
    USART1_pin_tx                            0x10000011   Data           2  uart_lpc17xx.o(.data)
    USART1_pin_rx                            0x10000013   Data           2  uart_lpc17xx.o(.data)
    .data                                    0x10000018   Section       12  spi_lpc17xx.o(.data)
    SPI_pin_sck                              0x10000018   Data           2  spi_lpc17xx.o(.data)
    SPI_pin_miso                             0x1000001a   Data           2  spi_lpc17xx.o(.data)
    SPI_pin_ssel                             0x1000001c   Data           2  spi_lpc17xx.o(.data)
    spi                                      0x10000020   Data           4  spi_lpc17xx.o(.data)
    .data                                    0x10000024   Section       20  ssp_lpc17xx.o(.data)
    SSPO_pin_sck                             0x10000024   Data           2  ssp_lpc17xx.o(.data)
    SSPO_pin_ssel                            0x10000026   Data           2  ssp_lpc17xx.o(.data)
    SSP1_pin_sck                             0x10000028   Data           2  ssp_lpc17xx.o(.data)
    SSP1_pin_miso                            0x1000002a   Data           2  ssp_lpc17xx.o(.data)
    SSP1_pin_mosi                            0x1000002c   Data           2  ssp_lpc17xx.o(.data)
    SSP1_pin_ssel                            0x1000002e   Data           2  ssp_lpc17xx.o(.data)
    dummy_data                               0x10000030   Data           4  ssp_lpc17xx.o(.data)
    dummy_data                               0x10000034   Data           4  ssp_lpc17xx.o(.data)
    .data                                    0x10000038   Section        8  gpdma_lpc17xx.o(.data)
    Channel_active                           0x10000038   Data           4  gpdma_lpc17xx.o(.data)
    Init_cnt                                 0x1000003c   Data           4  gpdma_lpc17xx.o(.data)
    .data                                    0x10000040   Section        4  system_lpc17xx.o(.data)
    .bss                                     0x10000044   Section       52  uart_lpc17xx.o(.bss)
    USART1_Info                              0x10000044   Data          52  uart_lpc17xx.o(.bss)
    .bss                                     0x10000078   Section       40  spi_lpc17xx.o(.bss)
    SPI_Info                                 0x10000078   Data          12  spi_lpc17xx.o(.bss)
    SPI_Xfer                                 0x10000084   Data          28  spi_lpc17xx.o(.bss)
    .bss                                     0x100000a0   Section       80  ssp_lpc17xx.o(.bss)
    SSP0_Info                                0x100000a0   Data          12  ssp_lpc17xx.o(.bss)
    SSP0_Xfer                                0x100000ac   Data          28  ssp_lpc17xx.o(.bss)
    SSP1_Info                                0x100000c8   Data          12  ssp_lpc17xx.o(.bss)
    SSP1_Xfer                                0x100000d4   Data          28  ssp_lpc17xx.o(.bss)
    .bss                                     0x100000f0   Section      160  gpdma_lpc17xx.o(.bss)
    Channel_info                             0x100000f0   Data         160  gpdma_lpc17xx.o(.bss)
    .bss                                     0x10000190   Section       96  libspace.o(.bss)
    HEAP                                     0x100001f0   Section        0  startup_lpc17xx.o(HEAP)
    STACK                                    0x100001f0   Section      512  startup_lpc17xx.o(STACK)
    Heap_Mem                                 0x100001f0   Data           0  startup_lpc17xx.o(HEAP)
    Stack_Mem                                0x100001f0   Data         512  startup_lpc17xx.o(STACK)
    __initial_sp                             0x100003f0   Data           0  startup_lpc17xx.o(STACK)

    Global Symbols

    Symbol Name                              Value     Ov Type        Size  Object(Section)

    BuildAttributes$$THM_ISAv4$P$D$K$B$S$PE$A:L22UL41UL21$X:L11$S22US41US21$IEEE1$IW$USESV6$~STKCKD$USESV7$~SHL$OSPACE$ROPI$EBA8$UX$STANDARDLIB$REQ8$PRES8$EABIv2 0x00000000   Number         0  anon$$obj.o ABSOLUTE
    __ARM_use_no_argv                        0x00000000   Number         0  main.o ABSOLUTE
    __Vectors                                0x00000000   Data           4  startup_lpc17xx.o(RESET)
    _printf_flags                            0x00000000   Number         0  printf_stubs.o ABSOLUTE
    _printf_return_value                     0x00000000   Number         0  printf_stubs.o ABSOLUTE
    _printf_sizespec                         0x00000000   Number         0  printf_stubs.o ABSOLUTE
    _printf_widthprec                        0x00000000   Number         0  printf_stubs.o ABSOLUTE
    __ARM_exceptions_init                     - Undefined Weak Reference
    __alloca_initialize                       - Undefined Weak Reference
    __arm_preinit_                            - Undefined Weak Reference
    __cpp_initialize__aeabi_                  - Undefined Weak Reference
    __cxa_finalize                            - Undefined Weak Reference
    __rt_locale                               - Undefined Weak Reference
    __sigvec_lookup                           - Undefined Weak Reference
    _atexit_init                              - Undefined Weak Reference
    _call_atexit_fns                          - Undefined Weak Reference
    _clock_init                               - Undefined Weak Reference
    _fp_trap_init                             - Undefined Weak Reference
    _fp_trap_shutdown                         - Undefined Weak Reference
    _get_lc_collate                           - Undefined Weak Reference
    _get_lc_ctype                             - Undefined Weak Reference
    _get_lc_monetary                          - Undefined Weak Reference
    _get_lc_numeric                           - Undefined Weak Reference
    _get_lc_time                              - Undefined Weak Reference
    _getenv_init                              - Undefined Weak Reference
    _handle_redirection                       - Undefined Weak Reference
    _init_alloc                               - Undefined Weak Reference
    _init_user_alloc                          - Undefined Weak Reference
    _initio                                   - Undefined Weak Reference
    _printf_truncate_signed                   - Undefined Weak Reference
    _printf_truncate_unsigned                 - Undefined Weak Reference
    _rand_init                                - Undefined Weak Reference
    _signal_finish                            - Undefined Weak Reference
    _signal_init                              - Undefined Weak Reference
    _terminate_alloc                          - Undefined Weak Reference
    _terminate_user_alloc                     - Undefined Weak Reference
    _terminateio                              - Undefined Weak Reference
    __main                                   0x000000cd   Thumb Code     8  __main.o(!!!main)
    __scatterload                            0x000000d5   Thumb Code     0  __scatter.o(!!!scatter)
    __scatterload_rt2                        0x000000d5   Thumb Code    44  __scatter.o(!!!scatter)
    __scatterload_rt2_thumb_only             0x000000d5   Thumb Code     0  __scatter.o(!!!scatter)
    __scatterload_null                       0x000000e3   Thumb Code     0  __scatter.o(!!!scatter)
    __scatterload_copy                       0x00000109   Thumb Code    26  __scatter_copy.o(!!handler_copy)
    __scatterload_zeroinit                   0x00000125   Thumb Code    28  __scatter_zi.o(!!handler_zi)
    _printf_d                                0x00000141   Thumb Code     0  _printf_d.o(.ARM.Collect$$_printf_percent$$00000009)
    _printf_percent                          0x00000141   Thumb Code     0  _printf_percent.o(.ARM.Collect$$_printf_percent$$00000000)
    _printf_x                                0x00000147   Thumb Code     0  _printf_x.o(.ARM.Collect$$_printf_percent$$0000000C)
    _printf_percent_end                      0x0000014d   Thumb Code     0  _printf_percent_end.o(.ARM.Collect$$_printf_percent$$00000017)
    __rt_lib_init                            0x00000151   Thumb Code     0  libinit.o(.ARM.Collect$$libinit$$00000000)
    __rt_lib_init_alloca_1                   0x00000153   Thumb Code     0  libinit2.o(.ARM.Collect$$libinit$$0000002E)
    __rt_lib_init_argv_1                     0x00000153   Thumb Code     0  libinit2.o(.ARM.Collect$$libinit$$0000002C)
    __rt_lib_init_atexit_1                   0x00000153   Thumb Code     0  libinit2.o(.ARM.Collect$$libinit$$0000001B)
    __rt_lib_init_clock_1                    0x00000153   Thumb Code     0  libinit2.o(.ARM.Collect$$libinit$$00000021)
    __rt_lib_init_cpp_1                      0x00000153   Thumb Code     0  libinit2.o(.ARM.Collect$$libinit$$00000032)
    __rt_lib_init_exceptions_1               0x00000153   Thumb Code     0  libinit2.o(.ARM.Collect$$libinit$$00000030)
    __rt_lib_init_fp_1                       0x00000153   Thumb Code     0  libinit2.o(.ARM.Collect$$libinit$$00000002)
    __rt_lib_init_fp_trap_1                  0x00000153   Thumb Code     0  libinit2.o(.ARM.Collect$$libinit$$0000001F)
    __rt_lib_init_getenv_1                   0x00000153   Thumb Code     0  libinit2.o(.ARM.Collect$$libinit$$00000023)
    __rt_lib_init_heap_1                     0x00000153   Thumb Code     0  libinit2.o(.ARM.Collect$$libinit$$0000000A)
    __rt_lib_init_lc_collate_1               0x00000153   Thumb Code     0  libinit2.o(.ARM.Collect$$libinit$$00000011)
    __rt_lib_init_lc_ctype_1                 0x00000153   Thumb Code     0  libinit2.o(.ARM.Collect$$libinit$$00000013)
    __rt_lib_init_lc_monetary_1              0x00000153   Thumb Code     0  libinit2.o(.ARM.Collect$$libinit$$00000015)
    __rt_lib_init_lc_numeric_1               0x00000153   Thumb Code     0  libinit2.o(.ARM.Collect$$libinit$$00000017)
    __rt_lib_init_lc_time_1                  0x00000153   Thumb Code     0  libinit2.o(.ARM.Collect$$libinit$$00000019)
    __rt_lib_init_preinit_1                  0x00000153   Thumb Code     0  libinit2.o(.ARM.Collect$$libinit$$00000004)
    __rt_lib_init_rand_1                     0x00000153   Thumb Code     0  libinit2.o(.ARM.Collect$$libinit$$0000000E)
    __rt_lib_init_return                     0x00000153   Thumb Code     0  libinit2.o(.ARM.Collect$$libinit$$00000033)
    __rt_lib_init_signal_1                   0x00000153   Thumb Code     0  libinit2.o(.ARM.Collect$$libinit$$0000001D)
    __rt_lib_init_stdio_1                    0x00000153   Thumb Code     0  libinit2.o(.ARM.Collect$$libinit$$00000025)
    __rt_lib_init_user_alloc_1               0x00000153   Thumb Code     0  libinit2.o(.ARM.Collect$$libinit$$0000000C)
    __rt_lib_shutdown                        0x00000155   Thumb Code     0  libshutdown.o(.ARM.Collect$$libshutdown$$00000000)
    __rt_lib_shutdown_cpp_1                  0x00000157   Thumb Code     0  libshutdown2.o(.ARM.Collect$$libshutdown$$00000002)
    __rt_lib_shutdown_fp_trap_1              0x00000157   Thumb Code     0  libshutdown2.o(.ARM.Collect$$libshutdown$$00000007)
    __rt_lib_shutdown_heap_1                 0x00000157   Thumb Code     0  libshutdown2.o(.ARM.Collect$$libshutdown$$0000000F)
    __rt_lib_shutdown_return                 0x00000157   Thumb Code     0  libshutdown2.o(.ARM.Collect$$libshutdown$$00000010)
    __rt_lib_shutdown_signal_1               0x00000157   Thumb Code     0  libshutdown2.o(.ARM.Collect$$libshutdown$$0000000A)
    __rt_lib_shutdown_stdio_1                0x00000157   Thumb Code     0  libshutdown2.o(.ARM.Collect$$libshutdown$$00000004)
    __rt_lib_shutdown_user_alloc_1           0x00000157   Thumb Code     0  libshutdown2.o(.ARM.Collect$$libshutdown$$0000000C)
    __rt_entry                               0x00000159   Thumb Code     0  __rtentry.o(.ARM.Collect$$rtentry$$00000000)
    __rt_entry_presh_1                       0x00000159   Thumb Code     0  __rtentry2.o(.ARM.Collect$$rtentry$$00000002)
    __rt_entry_sh                            0x00000159   Thumb Code     0  __rtentry4.o(.ARM.Collect$$rtentry$$00000004)
    __rt_entry_li                            0x0000015f   Thumb Code     0  __rtentry2.o(.ARM.Collect$$rtentry$$0000000A)
    __rt_entry_postsh_1                      0x0000015f   Thumb Code     0  __rtentry2.o(.ARM.Collect$$rtentry$$00000009)
    __rt_entry_main                          0x00000163   Thumb Code     0  __rtentry2.o(.ARM.Collect$$rtentry$$0000000D)
    __rt_entry_postli_1                      0x00000163   Thumb Code     0  __rtentry2.o(.ARM.Collect$$rtentry$$0000000C)
    __rt_exit                                0x0000016b   Thumb Code     0  rtexit.o(.ARM.Collect$$rtexit$$00000000)
    __rt_exit_ls                             0x0000016d   Thumb Code     0  rtexit2.o(.ARM.Collect$$rtexit$$00000003)
    __rt_exit_prels_1                        0x0000016d   Thumb Code     0  rtexit2.o(.ARM.Collect$$rtexit$$00000002)
    __rt_exit_exit                           0x00000171   Thumb Code     0  rtexit2.o(.ARM.Collect$$rtexit$$00000004)
    Reset_Handler                            0x00000179   Thumb Code     8  startup_lpc17xx.o(.text)
    NMI_Handler                              0x00000181   Thumb Code     2  startup_lpc17xx.o(.text)
    HardFault_Handler                        0x00000183   Thumb Code     2  startup_lpc17xx.o(.text)
    MemManage_Handler                        0x00000185   Thumb Code     2  startup_lpc17xx.o(.text)
    BusFault_Handler                         0x00000187   Thumb Code     2  startup_lpc17xx.o(.text)
    UsageFault_Handler                       0x00000189   Thumb Code     2  startup_lpc17xx.o(.text)
    SVC_Handler                              0x0000018b   Thumb Code     2  startup_lpc17xx.o(.text)
    DebugMon_Handler                         0x0000018d   Thumb Code     2  startup_lpc17xx.o(.text)
    PendSV_Handler                           0x0000018f   Thumb Code     2  startup_lpc17xx.o(.text)
    SysTick_Handler                          0x00000191   Thumb Code     2  startup_lpc17xx.o(.text)
    ADC_IRQHandler                           0x00000193   Thumb Code     0  startup_lpc17xx.o(.text)
    BOD_IRQHandler                           0x00000193   Thumb Code     0  startup_lpc17xx.o(.text)
    CANActivity_IRQHandler                   0x00000193   Thumb Code     0  startup_lpc17xx.o(.text)
    CAN_IRQHandler                           0x00000193   Thumb Code     0  startup_lpc17xx.o(.text)
    EINT0_IRQHandler                         0x00000193   Thumb Code     0  startup_lpc17xx.o(.text)
    EINT1_IRQHandler                         0x00000193   Thumb Code     0  startup_lpc17xx.o(.text)
    EINT2_IRQHandler                         0x00000193   Thumb Code     0  startup_lpc17xx.o(.text)
    EINT3_IRQHandler                         0x00000193   Thumb Code     0  startup_lpc17xx.o(.text)
    ENET_IRQHandler                          0x00000193   Thumb Code     0  startup_lpc17xx.o(.text)
    I2C0_IRQHandler                          0x00000193   Thumb Code     0  startup_lpc17xx.o(.text)
    I2C1_IRQHandler                          0x00000193   Thumb Code     0  startup_lpc17xx.o(.text)
    I2C2_IRQHandler                          0x00000193   Thumb Code     0  startup_lpc17xx.o(.text)
    I2S_IRQHandler                           0x00000193   Thumb Code     0  startup_lpc17xx.o(.text)
    MCPWM_IRQHandler                         0x00000193   Thumb Code     0  startup_lpc17xx.o(.text)
    PLL0_IRQHandler                          0x00000193   Thumb Code     0  startup_lpc17xx.o(.text)
    PLL1_IRQHandler                          0x00000193   Thumb Code     0  startup_lpc17xx.o(.text)
    PWM1_IRQHandler                          0x00000193   Thumb Code     0  startup_lpc17xx.o(.text)
    QEI_IRQHandler                           0x00000193   Thumb Code     0  startup_lpc17xx.o(.text)
    RIT_IRQHandler                           0x00000193   Thumb Code     0  startup_lpc17xx.o(.text)
    RTC_IRQHandler                           0x00000193   Thumb Code     0  startup_lpc17xx.o(.text)
    TIMER0_IRQHandler                        0x00000193   Thumb Code     0  startup_lpc17xx.o(.text)
    TIMER1_IRQHandler                        0x00000193   Thumb Code     0  startup_lpc17xx.o(.text)
    TIMER2_IRQHandler                        0x00000193   Thumb Code     0  startup_lpc17xx.o(.text)
    TIMER3_IRQHandler                        0x00000193   Thumb Code     0  startup_lpc17xx.o(.text)
    UART0_IRQHandler                         0x00000193   Thumb Code     0  startup_lpc17xx.o(.text)
    UART2_IRQHandler                         0x00000193   Thumb Code     0  startup_lpc17xx.o(.text)
    UART3_IRQHandler                         0x00000193   Thumb Code     0  startup_lpc17xx.o(.text)
    USBActivity_IRQHandler                   0x00000193   Thumb Code     0  startup_lpc17xx.o(.text)
    USB_IRQHandler                           0x00000193   Thumb Code     0  startup_lpc17xx.o(.text)
    WDT_IRQHandler                           0x00000193   Thumb Code     0  startup_lpc17xx.o(.text)
    __user_initial_stackheap                 0x00000195   Thumb Code     0  startup_lpc17xx.o(.text)
    __aeabi_uldivmod                         0x000001b5   Thumb Code     0  lludivv7m.o(.text)
    _ll_udiv                                 0x000001b5   Thumb Code   238  lludivv7m.o(.text)
    __2sprintf                               0x000002a5   Thumb Code    34  noretval__2sprintf.o(.text)
    __use_two_region_memory                  0x000002cd   Thumb Code     2  heapauxi.o(.text)
    __rt_heap_escrow$2region                 0x000002cf   Thumb Code     2  heapauxi.o(.text)
    __rt_heap_expand$2region                 0x000002d1   Thumb Code     2  heapauxi.o(.text)
    _sputc                                   0x000002d3   Thumb Code    10  _sputc.o(.text)
    exit                                     0x000002dd   Thumb Code    18  exit.o(.text)
    __user_libspace                          0x000002f1   Thumb Code     8  libspace.o(.text)
    __user_perproc_libspace                  0x000002f1   Thumb Code     0  libspace.o(.text)
    __user_perthread_libspace                0x000002f1   Thumb Code     0  libspace.o(.text)
    __I$use$semihosting                      0x000002f9   Thumb Code     0  use_no_semi.o(.text)
    __use_no_semihosting_swi                 0x000002f9   Thumb Code     2  use_no_semi.o(.text)
    __semihosting_library_function           0x000002fb   Thumb Code     0  indicate_semi.o(.text)
    _printf_pre_padding                      0x00000301   Thumb Code    44  _printf_pad.o(.text)
    _printf_post_padding                     0x0000032d   Thumb Code    34  _printf_pad.o(.text)
    _printf_int_dec                          0x00000351   Thumb Code   104  _printf_dec.o(.text)
    _printf_int_hex                          0x000003c9   Thumb Code    84  _printf_hex_int.o(.text)
    _printf_longlong_hex                     0x000003c9   Thumb Code     0  _printf_hex_int.o(.text)
    __printf                                 0x00000421   Thumb Code   308  __printf_flags_wp.o(.text)
    __aeabi_memclr4                          0x00000559   Thumb Code     0  rt_memclr_w.o(.text)
    __aeabi_memclr8                          0x00000559   Thumb Code     0  rt_memclr_w.o(.text)
    __rt_memclr_w                            0x00000559   Thumb Code    78  rt_memclr_w.o(.text)
    _memset_w                                0x0000055d   Thumb Code     0  rt_memclr_w.o(.text)
    _printf_int_common                       0x000005a7   Thumb Code   178  _printf_intcommon.o(.text)
    _printf_char_common                      0x00000663   Thumb Code    32  _printf_char_common.o(.text)
    __user_setup_stackheap                   0x00000689   Thumb Code    74  sys_stackheap_outer.o(.text)
    _sys_exit                                0x000006d5   Thumb Code     8  sys_exit.o(.text)
    DMA_IRQHandler                           0x00000701   Thumb Code   372  gpdma_lpc17xx.o(i.DMA_IRQHandler)
    GLCD_ClearScreen                         0x00000881   Thumb Code    44  glcd_mcb1700.o(i.GLCD_ClearScreen)
    GLCD_DrawChar                            0x000008b1   Thumb Code   194  glcd_mcb1700.o(i.GLCD_DrawChar)
    GLCD_DrawString                          0x00000981   Thumb Code    38  glcd_mcb1700.o(i.GLCD_DrawString)
    GLCD_Initialize                          0x000009ad   Thumb Code  1462  glcd_mcb1700.o(i.GLCD_Initialize)
    GLCD_SetFont                             0x00000f65   Thumb Code    10  glcd_mcb1700.o(i.GLCD_SetFont)
    GLCD_SetWindow                           0x00000f75   Thumb Code   168  glcd_mcb1700.o(i.GLCD_SetWindow)
    GLCD_WindowMax                           0x00001021   Thumb Code    18  glcd_mcb1700.o(i.GLCD_WindowMax)
    GPDMA_ChannelConfigure                   0x00001035   Thumb Code   232  gpdma_lpc17xx.o(i.GPDMA_ChannelConfigure)
    GPDMA_ChannelDisable                     0x00001129   Thumb Code    44  gpdma_lpc17xx.o(i.GPDMA_ChannelDisable)
    GPDMA_ChannelGetCount                    0x00001159   Thumb Code    38  gpdma_lpc17xx.o(i.GPDMA_ChannelGetCount)
    GPDMA_Initialize                         0x00001189   Thumb Code   154  gpdma_lpc17xx.o(i.GPDMA_Initialize)
    GPDMA_PeripheralSelect                   0x00001239   Thumb Code    62  gpdma_lpc17xx.o(i.GPDMA_PeripheralSelect)
    GPDMA_Uninitialize                       0x0000127d   Thumb Code   116  gpdma_lpc17xx.o(i.GPDMA_Uninitialize)
    GPIO_PinRead                             0x000012fd   Thumb Code    28  gpio_lpc17xx.o(i.GPIO_PinRead)
    GPIO_PinWrite                            0x0000131d   Thumb Code    36  gpio_lpc17xx.o(i.GPIO_PinWrite)
    GPIO_PortClock                           0x00001345   Thumb Code    38  gpio_lpc17xx.o(i.GPIO_PortClock)
    GPIO_SetDir                              0x00001371   Thumb Code    52  gpio_lpc17xx.o(i.GPIO_SetDir)
    Init_UART                                0x00001481   Thumb Code    52  main.o(i.Init_UART)
    PIN_Configure                            0x000014b9   Thumb Code   246  pin_lpc17xx.o(i.PIN_Configure)
    SPI_IRQHandler                           0x00001c41   Thumb Code   516  spi_lpc17xx.o(i.SPI_IRQHandler)
    SSP0_GPDMA_Rx_SignalEvent                0x0000247d   Thumb Code    14  ssp_lpc17xx.o(i.SSP0_GPDMA_Rx_SignalEvent)
    SSP0_GPDMA_Tx_SignalEvent                0x00002491   Thumb Code    14  ssp_lpc17xx.o(i.SSP0_GPDMA_Tx_SignalEvent)
    SSP0_IRQHandler                          0x000024c5   Thumb Code    10  ssp_lpc17xx.o(i.SSP0_IRQHandler)
    SSP1_GPDMA_Rx_SignalEvent                0x00002571   Thumb Code    14  ssp_lpc17xx.o(i.SSP1_GPDMA_Rx_SignalEvent)
    SSP1_GPDMA_Tx_SignalEvent                0x00002585   Thumb Code    14  ssp_lpc17xx.o(i.SSP1_GPDMA_Tx_SignalEvent)
    SSP1_IRQHandler                          0x000025b9   Thumb Code    10  ssp_lpc17xx.o(i.SSP1_IRQHandler)
    SSPx_GPDMA_Rx_SignalEvent                0x00002b87   Thumb Code    54  ssp_lpc17xx.o(i.SSPx_GPDMA_Rx_SignalEvent)
    SSPx_GPDMA_Tx_SignalEvent                0x00002bbd   Thumb Code    28  ssp_lpc17xx.o(i.SSPx_GPDMA_Tx_SignalEvent)
    SystemInit                               0x00003475   Thumb Code   302  system_lpc17xx.o(i.SystemInit)
    UART1_IRQHandler                         0x000035b5   Thumb Code    10  uart_lpc17xx.o(i.UART1_IRQHandler)
    USART1_GPDMA_Rx_Event                    0x000035dd   Thumb Code    14  uart_lpc17xx.o(i.USART1_GPDMA_Rx_Event)
    USART1_GPDMA_Tx_Event                    0x000035f1   Thumb Code    14  uart_lpc17xx.o(i.USART1_GPDMA_Tx_Event)
    USART_SetBaudrate                        0x000048e5   Thumb Code   302  uart_lpc17xx.o(i.USART_SetBaudrate)
    _is_digit                                0x00004c95   Thumb Code    14  __printf_wp.o(i._is_digit)
    main                                     0x00004cd1   Thumb Code   116  main.o(i.main)
    GLCD_Font_6x8                            0x000068f4   Data          16  glcd_fonts.o(.constdata)
    GLCD_Font_16x24                          0x00006904   Data          16  glcd_fonts.o(.constdata)
    Driver_USART1                            0x00006aac   Data          56  uart_lpc17xx.o(.constdata)
    Driver_SPI2                              0x00006b24   Data          44  spi_lpc17xx.o(.constdata)
    Driver_SPI0                              0x00006be8   Data          44  ssp_lpc17xx.o(.constdata)
    Driver_SPI1                              0x00006c14   Data          44  ssp_lpc17xx.o(.constdata)
    Region$$Table$$Base                      0x00006c7c   Number         0  anon$$obj.o(Region$$Table)
    Region$$Table$$Limit                     0x00006c9c   Number         0  anon$$obj.o(Region$$Table)
    SystemCoreClock                          0x10000040   Data           4  system_lpc17xx.o(.data)
    __libspace_start                         0x10000190   Data          96  libspace.o(.bss)
    __temporary_stack_top$libspace           0x100001f0   Data           0  libspace.o(.bss)



==============================================================================

Memory Map of the image

  Image Entry point : 0x000000cd

  Load Region LR_IROM1 (Base: 0x00000000, Size: 0x00006ce0, Max: 0x00080000, ABSOLUTE)

    Execution Region ER_IROM1 (Base: 0x00000000, Size: 0x00006c9c, Max: 0x00080000, ABSOLUTE)

    Base Addr    Size         Type   Attr      Idx    E Section Name        Object

    0x00000000   0x000000cc   Data   RO         1046    RESET               startup_lpc17xx.o
    0x000000cc   0x00000008   Code   RO         1152  * !!!main             c_w.l(__main.o)
    0x000000d4   0x00000034   Code   RO         1328    !!!scatter          c_w.l(__scatter.o)
    0x00000108   0x0000001a   Code   RO         1330    !!handler_copy      c_w.l(__scatter_copy.o)
    0x00000122   0x00000002   PAD
    0x00000124   0x0000001c   Code   RO         1332    !!handler_zi        c_w.l(__scatter_zi.o)
    0x00000140   0x00000000   Code   RO         1147    .ARM.Collect$$_printf_percent$$00000000  c_w.l(_printf_percent.o)
    0x00000140   0x00000006   Code   RO         1146    .ARM.Collect$$_printf_percent$$00000009  c_w.l(_printf_d.o)
    0x00000146   0x00000006   Code   RO         1145    .ARM.Collect$$_printf_percent$$0000000C  c_w.l(_printf_x.o)
    0x0000014c   0x00000004   Code   RO         1165    .ARM.Collect$$_printf_percent$$00000017  c_w.l(_printf_percent_end.o)
    0x00000150   0x00000002   Code   RO         1198    .ARM.Collect$$libinit$$00000000  c_w.l(libinit.o)
    0x00000152   0x00000000   Code   RO         1211    .ARM.Collect$$libinit$$00000002  c_w.l(libinit2.o)
    0x00000152   0x00000000   Code   RO         1213    .ARM.Collect$$libinit$$00000004  c_w.l(libinit2.o)
    0x00000152   0x00000000   Code   RO         1216    .ARM.Collect$$libinit$$0000000A  c_w.l(libinit2.o)
    0x00000152   0x00000000   Code   RO         1218    .ARM.Collect$$libinit$$0000000C  c_w.l(libinit2.o)
    0x00000152   0x00000000   Code   RO         1220    .ARM.Collect$$libinit$$0000000E  c_w.l(libinit2.o)
    0x00000152   0x00000000   Code   RO         1223    .ARM.Collect$$libinit$$00000011  c_w.l(libinit2.o)
    0x00000152   0x00000000   Code   RO         1225    .ARM.Collect$$libinit$$00000013  c_w.l(libinit2.o)
    0x00000152   0x00000000   Code   RO         1227    .ARM.Collect$$libinit$$00000015  c_w.l(libinit2.o)
    0x00000152   0x00000000   Code   RO         1229    .ARM.Collect$$libinit$$00000017  c_w.l(libinit2.o)
    0x00000152   0x00000000   Code   RO         1231    .ARM.Collect$$libinit$$00000019  c_w.l(libinit2.o)
    0x00000152   0x00000000   Code   RO         1233    .ARM.Collect$$libinit$$0000001B  c_w.l(libinit2.o)
    0x00000152   0x00000000   Code   RO         1235    .ARM.Collect$$libinit$$0000001D  c_w.l(libinit2.o)
    0x00000152   0x00000000   Code   RO         1237    .ARM.Collect$$libinit$$0000001F  c_w.l(libinit2.o)
    0x00000152   0x00000000   Code   RO         1239    .ARM.Collect$$libinit$$00000021  c_w.l(libinit2.o)
    0x00000152   0x00000000   Code   RO         1241    .ARM.Collect$$libinit$$00000023  c_w.l(libinit2.o)
    0x00000152   0x00000000   Code   RO         1243    .ARM.Collect$$libinit$$00000025  c_w.l(libinit2.o)
    0x00000152   0x00000000   Code   RO         1247    .ARM.Collect$$libinit$$0000002C  c_w.l(libinit2.o)
    0x00000152   0x00000000   Code   RO         1249    .ARM.Collect$$libinit$$0000002E  c_w.l(libinit2.o)
    0x00000152   0x00000000   Code   RO         1251    .ARM.Collect$$libinit$$00000030  c_w.l(libinit2.o)
    0x00000152   0x00000000   Code   RO         1253    .ARM.Collect$$libinit$$00000032  c_w.l(libinit2.o)
    0x00000152   0x00000002   Code   RO         1254    .ARM.Collect$$libinit$$00000033  c_w.l(libinit2.o)
    0x00000154   0x00000002   Code   RO         1285    .ARM.Collect$$libshutdown$$00000000  c_w.l(libshutdown.o)
    0x00000156   0x00000000   Code   RO         1311    .ARM.Collect$$libshutdown$$00000002  c_w.l(libshutdown2.o)
    0x00000156   0x00000000   Code   RO         1313    .ARM.Collect$$libshutdown$$00000004  c_w.l(libshutdown2.o)
    0x00000156   0x00000000   Code   RO         1316    .ARM.Collect$$libshutdown$$00000007  c_w.l(libshutdown2.o)
    0x00000156   0x00000000   Code   RO         1319    .ARM.Collect$$libshutdown$$0000000A  c_w.l(libshutdown2.o)
    0x00000156   0x00000000   Code   RO         1321    .ARM.Collect$$libshutdown$$0000000C  c_w.l(libshutdown2.o)
    0x00000156   0x00000000   Code   RO         1324    .ARM.Collect$$libshutdown$$0000000F  c_w.l(libshutdown2.o)
    0x00000156   0x00000002   Code   RO         1325    .ARM.Collect$$libshutdown$$00000010  c_w.l(libshutdown2.o)
    0x00000158   0x00000000   Code   RO         1154    .ARM.Collect$$rtentry$$00000000  c_w.l(__rtentry.o)
    0x00000158   0x00000000   Code   RO         1167    .ARM.Collect$$rtentry$$00000002  c_w.l(__rtentry2.o)
    0x00000158   0x00000006   Code   RO         1179    .ARM.Collect$$rtentry$$00000004  c_w.l(__rtentry4.o)
    0x0000015e   0x00000000   Code   RO         1169    .ARM.Collect$$rtentry$$00000009  c_w.l(__rtentry2.o)
    0x0000015e   0x00000004   Code   RO         1170    .ARM.Collect$$rtentry$$0000000A  c_w.l(__rtentry2.o)
    0x00000162   0x00000000   Code   RO         1172    .ARM.Collect$$rtentry$$0000000C  c_w.l(__rtentry2.o)
    0x00000162   0x00000008   Code   RO         1173    .ARM.Collect$$rtentry$$0000000D  c_w.l(__rtentry2.o)
    0x0000016a   0x00000002   Code   RO         1202    .ARM.Collect$$rtexit$$00000000  c_w.l(rtexit.o)
    0x0000016c   0x00000000   Code   RO         1258    .ARM.Collect$$rtexit$$00000002  c_w.l(rtexit2.o)
    0x0000016c   0x00000004   Code   RO         1259    .ARM.Collect$$rtexit$$00000003  c_w.l(rtexit2.o)
    0x00000170   0x00000006   Code   RO         1260    .ARM.Collect$$rtexit$$00000004  c_w.l(rtexit2.o)
    0x00000176   0x00000002   PAD
    0x00000178   0x0000003c   Code   RO         1048    .text               startup_lpc17xx.o
    0x000001b4   0x000000ee   Code   RO         1092    .text               c_w.l(lludivv7m.o)
    0x000002a2   0x00000002   PAD
    0x000002a4   0x00000028   Code   RO         1096    .text               c_w.l(noretval__2sprintf.o)
    0x000002cc   0x00000006   Code   RO         1150    .text               c_w.l(heapauxi.o)
    0x000002d2   0x0000000a   Code   RO         1163    .text               c_w.l(_sputc.o)
    0x000002dc   0x00000012   Code   RO         1187    .text               c_w.l(exit.o)
    0x000002ee   0x00000002   PAD
    0x000002f0   0x00000008   Code   RO         1199    .text               c_w.l(libspace.o)
    0x000002f8   0x00000002   Code   RO         1274    .text               c_w.l(use_no_semi.o)
    0x000002fa   0x00000000   Code   RO         1276    .text               c_w.l(indicate_semi.o)
    0x000002fa   0x00000002   PAD
    0x000002fc   0x00000004   Code   RO         1047    .ARM.__at_0x02FC    startup_lpc17xx.o
    0x00000300   0x0000004e   Code   RO         1100    .text               c_w.l(_printf_pad.o)
    0x0000034e   0x00000002   PAD
    0x00000350   0x00000078   Code   RO         1102    .text               c_w.l(_printf_dec.o)
    0x000003c8   0x00000058   Code   RO         1107    .text               c_w.l(_printf_hex_int.o)
    0x00000420   0x00000138   Code   RO         1137    .text               c_w.l(__printf_flags_wp.o)
    0x00000558   0x0000004e   Code   RO         1148    .text               c_w.l(rt_memclr_w.o)
    0x000005a6   0x000000b2   Code   RO         1159    .text               c_w.l(_printf_intcommon.o)
    0x00000658   0x00000030   Code   RO         1161    .text               c_w.l(_printf_char_common.o)
    0x00000688   0x0000004a   Code   RO         1185    .text               c_w.l(sys_stackheap_outer.o)
    0x000006d2   0x00000002   PAD
    0x000006d4   0x0000000c   Code   RO         1255    .text               c_w.l(sys_exit.o)
    0x000006e0   0x00000020   Code   RO          867    i.Clear_Channel_active_flag  gpdma_lpc17xx.o
    0x00000700   0x00000180   Code   RO          868    i.DMA_IRQHandler    gpdma_lpc17xx.o
    0x00000880   0x00000030   Code   RO          101    i.GLCD_ClearScreen  glcd_mcb1700.o
    0x000008b0   0x000000d0   Code   RO          104    i.GLCD_DrawChar     glcd_mcb1700.o
    0x00000980   0x0000002c   Code   RO          108    i.GLCD_DrawString   glcd_mcb1700.o
    0x000009ac   0x000005b6   Code   RO          112    i.GLCD_Initialize   glcd_mcb1700.o
    0x00000f62   0x00000002   PAD
    0x00000f64   0x00000010   Code   RO          114    i.GLCD_SetFont      glcd_mcb1700.o
    0x00000f74   0x000000ac   Code   RO          116    i.GLCD_SetWindow    glcd_mcb1700.o
    0x00001020   0x00000012   Code   RO          119    i.GLCD_WindowMax    glcd_mcb1700.o
    0x00001032   0x00000002   PAD
    0x00001034   0x000000f4   Code   RO          869    i.GPDMA_ChannelConfigure  gpdma_lpc17xx.o
    0x00001128   0x00000030   Code   RO          870    i.GPDMA_ChannelDisable  gpdma_lpc17xx.o
    0x00001158   0x00000030   Code   RO          872    i.GPDMA_ChannelGetCount  gpdma_lpc17xx.o
    0x00001188   0x000000b0   Code   RO          874    i.GPDMA_Initialize  gpdma_lpc17xx.o
    0x00001238   0x00000044   Code   RO          875    i.GPDMA_PeripheralSelect  gpdma_lpc17xx.o
    0x0000127c   0x00000080   Code   RO          876    i.GPDMA_Uninitialize  gpdma_lpc17xx.o
    0x000012fc   0x00000020   Code   RO          957    i.GPIO_PinRead      gpio_lpc17xx.o
    0x0000131c   0x00000028   Code   RO          958    i.GPIO_PinWrite     gpio_lpc17xx.o
    0x00001344   0x0000002c   Code   RO          959    i.GPIO_PortClock    gpio_lpc17xx.o
    0x00001370   0x00000038   Code   RO          962    i.GPIO_SetDir       gpio_lpc17xx.o
    0x000013a8   0x00000050   Code   RO          530    i.GetSPIClockFreq   spi_lpc17xx.o
    0x000013f8   0x00000044   Code   RO          633    i.GetSSPClockFreq   ssp_lpc17xx.o
    0x0000143c   0x00000044   Code   RO          302    i.GetUsartClockFreq  uart_lpc17xx.o
    0x00001480   0x00000038   Code   RO            4    i.Init_UART         main.o
    0x000014b8   0x000000fc   Code   RO         1011    i.PIN_Configure     pin_lpc17xx.o
    0x000015b4   0x000005e8   Code   RO          531    i.SPI_Control       spi_lpc17xx.o
    0x00001b9c   0x0000000c   Code   RO          532    i.SPI_GetCapabilities  spi_lpc17xx.o
    0x00001ba8   0x00000020   Code   RO          533    i.SPI_GetDataCount  spi_lpc17xx.o
    0x00001bc8   0x00000068   Code   RO          534    i.SPI_GetStatus     spi_lpc17xx.o
    0x00001c30   0x00000010   Code   RO          535    i.SPI_GetVersion    spi_lpc17xx.o
    0x00001c40   0x00000208   Code   RO          536    i.SPI_IRQHandler    spi_lpc17xx.o
    0x00001e48   0x000000c8   Code   RO          537    i.SPI_Initialize    spi_lpc17xx.o
    0x00001f10   0x000001d0   Code   RO          538    i.SPI_PowerControl  spi_lpc17xx.o
    0x000020e0   0x000000b8   Code   RO          539    i.SPI_Receive       spi_lpc17xx.o
    0x00002198   0x00000118   Code   RO          540    i.SPI_Send          spi_lpc17xx.o
    0x000022b0   0x00000118   Code   RO          541    i.SPI_Transfer      spi_lpc17xx.o
    0x000023c8   0x0000009c   Code   RO          542    i.SPI_Uninitialize  spi_lpc17xx.o
    0x00002464   0x00000018   Code   RO          634    i.SSP0_Control      ssp_lpc17xx.o
    0x0000247c   0x00000014   Code   RO          635    i.SSP0_GPDMA_Rx_SignalEvent  ssp_lpc17xx.o
    0x00002490   0x00000014   Code   RO          636    i.SSP0_GPDMA_Tx_SignalEvent  ssp_lpc17xx.o
    0x000024a4   0x00000010   Code   RO          637    i.SSP0_GetDataCount  ssp_lpc17xx.o
    0x000024b4   0x00000010   Code   RO          638    i.SSP0_GetStatus    ssp_lpc17xx.o
    0x000024c4   0x00000010   Code   RO          639    i.SSP0_IRQHandler   ssp_lpc17xx.o
    0x000024d4   0x00000014   Code   RO          640    i.SSP0_Initialize   ssp_lpc17xx.o
    0x000024e8   0x00000014   Code   RO          641    i.SSP0_PowerControl  ssp_lpc17xx.o
    0x000024fc   0x00000018   Code   RO          642    i.SSP0_Receive      ssp_lpc17xx.o
    0x00002514   0x00000018   Code   RO          643    i.SSP0_Send         ssp_lpc17xx.o
    0x0000252c   0x0000001c   Code   RO          644    i.SSP0_Transfer     ssp_lpc17xx.o
    0x00002548   0x00000010   Code   RO          645    i.SSP0_Uninitialize  ssp_lpc17xx.o
    0x00002558   0x00000018   Code   RO          646    i.SSP1_Control      ssp_lpc17xx.o
    0x00002570   0x00000014   Code   RO          647    i.SSP1_GPDMA_Rx_SignalEvent  ssp_lpc17xx.o
    0x00002584   0x00000014   Code   RO          648    i.SSP1_GPDMA_Tx_SignalEvent  ssp_lpc17xx.o
    0x00002598   0x00000010   Code   RO          649    i.SSP1_GetDataCount  ssp_lpc17xx.o
    0x000025a8   0x00000010   Code   RO          650    i.SSP1_GetStatus    ssp_lpc17xx.o
    0x000025b8   0x00000010   Code   RO          651    i.SSP1_IRQHandler   ssp_lpc17xx.o
    0x000025c8   0x00000014   Code   RO          652    i.SSP1_Initialize   ssp_lpc17xx.o
    0x000025dc   0x00000014   Code   RO          653    i.SSP1_PowerControl  ssp_lpc17xx.o
    0x000025f0   0x00000018   Code   RO          654    i.SSP1_Receive      ssp_lpc17xx.o
    0x00002608   0x00000018   Code   RO          655    i.SSP1_Send         ssp_lpc17xx.o
    0x00002620   0x0000001c   Code   RO          656    i.SSP1_Transfer     ssp_lpc17xx.o
    0x0000263c   0x00000010   Code   RO          657    i.SSP1_Uninitialize  ssp_lpc17xx.o
    0x0000264c   0x0000000c   Code   RO          658    i.SSP_GetCapabilities  ssp_lpc17xx.o
    0x00002658   0x00000010   Code   RO          659    i.SSP_GetVersion    ssp_lpc17xx.o
    0x00002668   0x0000051e   Code   RO          660    i.SSPx_Control      ssp_lpc17xx.o
    0x00002b86   0x00000036   Code   RO          661    i.SSPx_GPDMA_Rx_SignalEvent  ssp_lpc17xx.o
    0x00002bbc   0x0000001c   Code   RO          662    i.SSPx_GPDMA_Tx_SignalEvent  ssp_lpc17xx.o
    0x00002bd8   0x0000002c   Code   RO          663    i.SSPx_GetDataCount  ssp_lpc17xx.o
    0x00002c04   0x0000005a   Code   RO          664    i.SSPx_GetStatus    ssp_lpc17xx.o
    0x00002c5e   0x00000104   Code   RO          665    i.SSPx_IRQHandler   ssp_lpc17xx.o
    0x00002d62   0x000000a8   Code   RO          666    i.SSPx_Initialize   ssp_lpc17xx.o
    0x00002e0a   0x00000002   PAD
    0x00002e0c   0x000001bc   Code   RO          667    i.SSPx_PowerControl  ssp_lpc17xx.o
    0x00002fc8   0x0000015c   Code   RO          668    i.SSPx_Receive      ssp_lpc17xx.o
    0x00003124   0x00000154   Code   RO          669    i.SSPx_Send         ssp_lpc17xx.o
    0x00003278   0x00000152   Code   RO          670    i.SSPx_Transfer     ssp_lpc17xx.o
    0x000033ca   0x00000070   Code   RO          671    i.SSPx_Uninitialize  ssp_lpc17xx.o
    0x0000343a   0x00000002   PAD
    0x0000343c   0x00000038   Code   RO          877    i.Set_Channel_active_flag  gpdma_lpc17xx.o
    0x00003474   0x00000140   Code   RO         1058    i.SystemInit        system_lpc17xx.o
    0x000035b4   0x00000010   Code   RO          303    i.UART1_IRQHandler  uart_lpc17xx.o
    0x000035c4   0x00000018   Code   RO          304    i.USART1_Control    uart_lpc17xx.o
    0x000035dc   0x00000014   Code   RO          305    i.USART1_GPDMA_Rx_Event  uart_lpc17xx.o
    0x000035f0   0x00000014   Code   RO          306    i.USART1_GPDMA_Tx_Event  uart_lpc17xx.o
    0x00003604   0x00000010   Code   RO          307    i.USART1_GetCapabilities  uart_lpc17xx.o
    0x00003614   0x00000010   Code   RO          308    i.USART1_GetModemStatus  uart_lpc17xx.o
    0x00003624   0x00000010   Code   RO          309    i.USART1_GetRxCount  uart_lpc17xx.o
    0x00003634   0x00000010   Code   RO          310    i.USART1_GetStatus  uart_lpc17xx.o
    0x00003644   0x00000010   Code   RO          311    i.USART1_GetTxCount  uart_lpc17xx.o
    0x00003654   0x00000014   Code   RO          312    i.USART1_Initialize  uart_lpc17xx.o
    0x00003668   0x00000014   Code   RO          313    i.USART1_PowerControl  uart_lpc17xx.o
    0x0000367c   0x00000018   Code   RO          314    i.USART1_Receive    uart_lpc17xx.o
    0x00003694   0x00000018   Code   RO          315    i.USART1_Send       uart_lpc17xx.o
    0x000036ac   0x00000014   Code   RO          316    i.USART1_SetModemControl  uart_lpc17xx.o
    0x000036c0   0x0000001c   Code   RO          317    i.USART1_Transfer   uart_lpc17xx.o
    0x000036dc   0x00000010   Code   RO          318    i.USART1_Uninitialize  uart_lpc17xx.o
    0x000036ec   0x00000670   Code   RO          319    i.USART_Control     uart_lpc17xx.o
    0x00003d5c   0x00000086   Code   RO          320    i.USART_GPDMA_Rx_Event  uart_lpc17xx.o
    0x00003de2   0x0000004a   Code   RO          321    i.USART_GPDMA_Tx_Event  uart_lpc17xx.o
    0x00003e2c   0x00000006   Code   RO          322    i.USART_GetCapabilities  uart_lpc17xx.o
    0x00003e32   0x000000ec   Code   RO          323    i.USART_GetModemStatus  uart_lpc17xx.o
    0x00003f1e   0x0000001c   Code   RO          324    i.USART_GetRxCount  uart_lpc17xx.o
    0x00003f3a   0x000000bc   Code   RO          325    i.USART_GetStatus   uart_lpc17xx.o
    0x00003ff6   0x0000001c   Code   RO          326    i.USART_GetTxCount  uart_lpc17xx.o
    0x00004012   0x0000026c   Code   RO          327    i.USART_IRQHandler  uart_lpc17xx.o
    0x0000427e   0x000000fe   Code   RO          328    i.USART_Initialize  uart_lpc17xx.o
    0x0000437c   0x00000254   Code   RO          329    i.USART_PowerControl  uart_lpc17xx.o
    0x000045d0   0x00000110   Code   RO          330    i.USART_Receive     uart_lpc17xx.o
    0x000046e0   0x00000068   Code   RO          331    i.USART_RxLineIntHandler  uart_lpc17xx.o
    0x00004748   0x0000019c   Code   RO          332    i.USART_Send        uart_lpc17xx.o
    0x000048e4   0x00000134   Code   RO          333    i.USART_SetBaudrate  uart_lpc17xx.o
    0x00004a18   0x000000a0   Code   RO          334    i.USART_SetModemControl  uart_lpc17xx.o
    0x00004ab8   0x0000007a   Code   RO          335    i.USART_Transfer    uart_lpc17xx.o
    0x00004b32   0x000000e2   Code   RO          336    i.USART_Uninitialize  uart_lpc17xx.o
    0x00004c14   0x00000010   Code   RO          337    i.USARTx_GetVersion  uart_lpc17xx.o
    0x00004c24   0x0000001c   Code   RO          338    i.__NVIC_ClearPendingIRQ  uart_lpc17xx.o
    0x00004c40   0x0000001c   Code   RO          543    i.__NVIC_ClearPendingIRQ  spi_lpc17xx.o
    0x00004c5c   0x0000001c   Code   RO          672    i.__NVIC_ClearPendingIRQ  ssp_lpc17xx.o
    0x00004c78   0x0000001c   Code   RO          878    i.__NVIC_ClearPendingIRQ  gpdma_lpc17xx.o
    0x00004c94   0x0000000e   Code   RO         1135    i._is_digit         c_w.l(__printf_wp.o)
    0x00004ca2   0x00000002   PAD
    0x00004ca4   0x0000002c   Code   RO          120    i.delay_ms          glcd_mcb1700.o
    0x00004cd0   0x00000098   Code   RO            5    i.main              main.o
    0x00004d68   0x00000044   Code   RO          121    i.rd_dat            glcd_mcb1700.o
    0x00004dac   0x000000c8   Code   RO          122    i.rd_id_man         glcd_mcb1700.o
    0x00004e74   0x00000010   Code   RO          123    i.rd_reg            glcd_mcb1700.o
    0x00004e84   0x0000002c   Code   RO          124    i.spi_tran          glcd_mcb1700.o
    0x00004eb0   0x00000088   Code   RO          125    i.spi_tran_man      glcd_mcb1700.o
    0x00004f38   0x0000004c   Code   RO          126    i.wr_cmd            glcd_mcb1700.o
    0x00004f84   0x00000034   Code   RO          128    i.wr_dat_only       glcd_mcb1700.o
    0x00004fb8   0x00000018   Code   RO          129    i.wr_dat_start      glcd_mcb1700.o
    0x00004fd0   0x00000014   Code   RO          130    i.wr_dat_stop       glcd_mcb1700.o
    0x00004fe4   0x00000090   Code   RO          131    i.wr_reg            glcd_mcb1700.o
    0x00005074   0x000018a0   Data   RO           89    .constdata          glcd_fonts.o
    0x00006914   0x000001d0   Data   RO          340    .constdata          uart_lpc17xx.o
    0x00006ae4   0x0000006c   Data   RO          545    .constdata          spi_lpc17xx.o
    0x00006b50   0x000000f0   Data   RO          674    .constdata          ssp_lpc17xx.o
    0x00006c40   0x00000028   Data   RO         1108    .constdata          c_w.l(_printf_hex_int.o)
    0x00006c68   0x00000011   Data   RO         1138    .constdata          c_w.l(__printf_flags_wp.o)
    0x00006c79   0x00000003   PAD
    0x00006c7c   0x00000020   Data   RO         1326    Region$$Table       anon$$obj.o


    Execution Region RW_IRAM1 (Base: 0x10000000, Size: 0x000003f0, Max: 0x00008000, ABSOLUTE)

    Base Addr    Size         Type   Attr      Idx    E Section Name        Object

    0x10000000   0x00000011   Data   RW          132    .data               glcd_mcb1700.o
    0x10000011   0x00000004   Data   RW          341    .data               uart_lpc17xx.o
    0x10000015   0x00000003   PAD
    0x10000018   0x0000000c   Data   RW          546    .data               spi_lpc17xx.o
    0x10000024   0x00000014   Data   RW          675    .data               ssp_lpc17xx.o
    0x10000038   0x00000008   Data   RW          880    .data               gpdma_lpc17xx.o
    0x10000040   0x00000004   Data   RW         1059    .data               system_lpc17xx.o
    0x10000044   0x00000034   Zero   RW          339    .bss                uart_lpc17xx.o
    0x10000078   0x00000028   Zero   RW          544    .bss                spi_lpc17xx.o
    0x100000a0   0x00000050   Zero   RW          673    .bss                ssp_lpc17xx.o
    0x100000f0   0x000000a0   Zero   RW          879    .bss                gpdma_lpc17xx.o
    0x10000190   0x00000060   Zero   RW         1200    .bss                c_w.l(libspace.o)
    0x100001f0   0x00000000   Zero   RW         1045    HEAP                startup_lpc17xx.o
    0x100001f0   0x00000200   Zero   RW         1044    STACK               startup_lpc17xx.o


==============================================================================

Image component sizes


      Code (inc. data)   RO Data    RW Data    ZI Data      Debug   Object Name

         0          0       6304          0          0        736   glcd_fonts.o
      2792         98          0         17          0      17446   glcd_mcb1700.o
      1212         94          0          8        160       8082   gpdma_lpc17xx.o
       172         18          0          0          0       2294   gpio_lpc17xx.o
       208         40          0          0          0      29539   main.o
       252          6          0          0          0        804   pin_lpc17xx.o
      3868         86        108         12         40      12799   spi_lpc17xx.o
      4148        176        240         20         80      29302   ssp_lpc17xx.o
        64         26        204          0        512        972   startup_lpc17xx.o
       320         18          0          4          0        783   system_lpc17xx.o
      5840        152        464          4         52      63170   uart_lpc17xx.o

    ----------------------------------------------------------------------
     18884        714       7352         68        844     165927   Object Totals
         0          0         32          0          0          0   (incl. Generated)
         8          0          0          3          0          0   (incl. Padding)

    ----------------------------------------------------------------------

      Code (inc. data)   RO Data    RW Data    ZI Data      Debug   Library Member Name

         8          0          0          0          0         68   __main.o
       312          4         17          0          0         92   __printf_flags_wp.o
        14          0          0          0          0         68   __printf_wp.o
         0          0          0          0          0          0   __rtentry.o
        12          0          0          0          0          0   __rtentry2.o
         6          0          0          0          0          0   __rtentry4.o
        52          8          0          0          0          0   __scatter.o
        26          0          0          0          0          0   __scatter_copy.o
        28          0          0          0          0          0   __scatter_zi.o
        48          6          0          0          0         96   _printf_char_common.o
         6          0          0          0          0          0   _printf_d.o
       120         16          0          0          0         92   _printf_dec.o
        88          4         40          0          0         88   _printf_hex_int.o
       178          0          0          0          0         88   _printf_intcommon.o
        78          0          0          0          0        108   _printf_pad.o
         0          0          0          0          0          0   _printf_percent.o
         4          0          0          0          0          0   _printf_percent_end.o
         6          0          0          0          0          0   _printf_x.o
        10          0          0          0          0         68   _sputc.o
        18          0          0          0          0         80   exit.o
         6          0          0          0          0        152   heapauxi.o
         0          0          0          0          0          0   indicate_semi.o
         2          0          0          0          0          0   libinit.o
         2          0          0          0          0          0   libinit2.o
         2          0          0          0          0          0   libshutdown.o
         2          0          0          0          0          0   libshutdown2.o
         8          4          0          0         96         68   libspace.o
       238          0          0          0          0        100   lludivv7m.o
        40          6          0          0          0         84   noretval__2sprintf.o
        78          0          0          0          0         80   rt_memclr_w.o
         2          0          0          0          0          0   rtexit.o
        10          0          0          0          0          0   rtexit2.o
        12          4          0          0          0         68   sys_exit.o
        74          0          0          0          0         80   sys_stackheap_outer.o
         2          0          0          0          0         68   use_no_semi.o

    ----------------------------------------------------------------------
      1508         52         60          0         96       1548   Library Totals
        16          0          3          0          0          0   (incl. Padding)

    ----------------------------------------------------------------------

      Code (inc. data)   RO Data    RW Data    ZI Data      Debug   Library Name

      1492         52         57          0         96       1548   c_w.l

    ----------------------------------------------------------------------
      1508         52         60          0         96       1548   Library Totals

    ----------------------------------------------------------------------

==============================================================================


      Code (inc. data)   RO Data    RW Data    ZI Data      Debug   

     20392        766       7412         68        940     160295   Grand Totals
     20392        766       7412         68        940     160295   ELF Image Totals
     20392        766       7412         68          0          0   ROM Totals

==============================================================================

    Total RO  Size (Code + RO Data)                27804 (  27.15kB)
    Total RW  Size (RW Data + ZI Data)              1008 (   0.98kB)
    Total ROM Size (Code + RO Data + RW Data)      27872 (  27.22kB)

==============================================================================

