Component: ARM Compiler 5.06 update 1 (build 61) Tool: armlink [4d35a8]

==============================================================================

Section Cross References

    main.o(i.CANthreadT_IA) refers to rt_cmsis.o(i.osSignalWait) for osSignalWait
    main.o(i.CANthreadT_IA) refers to main.o(.bss) for tab
    main.o(i.CANthreadT_IA) refers to can_lpc17xx.o(.constdata) for Driver_CAN1
    main.o(i.CB_USART) refers to rt_cmsis.o(i.osSignalSet) for osSignalSet
    main.o(i.CB_USART) refers to main.o(.data) for id_IAthread
    main.o(i.IA) refers to rt_cmsis.o(i.osSignalWait) for osSignalWait
    main.o(i.IA) refers to rt_cmsis.o(i.osSignalSet) for osSignalSet
    main.o(i.IA) refers to haut-parleur.o(i.haut_parleurs) for haut_parleurs
    main.o(i.IA) refers to uart_lpc17xx.o(.constdata) for Driver_USART2
    main.o(i.IA) refers to main.o(.bss) for tab
    main.o(i.IA) refers to main.o(.data) for id_CANthreadT_IA
    main.o(i.InitCan1) refers to can_lpc17xx.o(.constdata) for Driver_CAN1
    main.o(i.Init_UART2) refers to uart_lpc17xx.o(.constdata) for Driver_USART2
    main.o(i.Init_UART2) refers to main.o(i.CB_USART) for CB_USART
    main.o(i.main) refers to main.o(i.Init_UART2) for Init_UART2
    main.o(i.main) refers to main.o(i.InitCan1) for InitCan1
    main.o(i.main) refers to led_mcb1700.o(i.LED_Initialize) for LED_Initialize
    main.o(i.main) refers to glcd_mcb1700.o(i.GLCD_Initialize) for GLCD_Initialize
    main.o(i.main) refers to rt_cmsis.o(i.osKernelInitialize) for osKernelInitialize
    main.o(i.main) refers to rt_cmsis.o(i.osThreadCreate) for osThreadCreate
    main.o(i.main) refers to glcd_mcb1700.o(i.GLCD_ClearScreen) for GLCD_ClearScreen
    main.o(i.main) refers to glcd_mcb1700.o(i.GLCD_SetFont) for GLCD_SetFont
    main.o(i.main) refers to rt_cmsis.o(i.osKernelStart) for osKernelStart
    main.o(i.main) refers to rt_cmsis.o(i.osDelay) for osDelay
    main.o(i.main) refers to main.o(.constdata) for os_thread_def_IA
    main.o(i.main) refers to main.o(.data) for id_IAthread
    main.o(i.main) refers to glcd_fonts.o(.constdata) for GLCD_Font_16x24
    main.o(.constdata) refers to main.o(i.IA) for IA
    main.o(.constdata) refers to main.o(i.CANthreadT_IA) for CANthreadT_IA
    thread.o(i.Init_Thread) refers to rt_cmsis.o(i.osThreadCreate) for osThreadCreate
    thread.o(i.Init_Thread) refers to thread.o(.constdata) for os_thread_def_Thread
    thread.o(i.Init_Thread) refers to thread.o(.data) for tid_Thread
    thread.o(i.Thread) refers to rt_cmsis.o(i.osThreadYield) for osThreadYield
    thread.o(.constdata) refers to thread.o(i.Thread) for Thread
    haut-parleur.o(i.Init_UART_HAUT_PARLEURS) refers to uart_lpc17xx.o(.constdata) for Driver_USART2
    haut-parleur.o(i.datasend) refers to uart_lpc17xx.o(.constdata) for Driver_USART2
    haut-parleur.o(i.haut_parleurs) refers to haut-parleur.o(i.datasend) for datasend
    glcd_mcb1700.o(i.GLCD_ClearScreen) refers to glcd_mcb1700.o(i.GLCD_WindowMax) for GLCD_WindowMax
    glcd_mcb1700.o(i.GLCD_ClearScreen) refers to glcd_mcb1700.o(i.wr_cmd) for wr_cmd
    glcd_mcb1700.o(i.GLCD_ClearScreen) refers to glcd_mcb1700.o(i.wr_dat_start) for wr_dat_start
    glcd_mcb1700.o(i.GLCD_ClearScreen) refers to glcd_mcb1700.o(i.wr_dat_only) for wr_dat_only
    glcd_mcb1700.o(i.GLCD_ClearScreen) refers to glcd_mcb1700.o(i.wr_dat_stop) for wr_dat_stop
    glcd_mcb1700.o(i.GLCD_ClearScreen) refers to glcd_mcb1700.o(.data) for background_color
    glcd_mcb1700.o(i.GLCD_DrawBargraph) refers to glcd_mcb1700.o(i.GLCD_SetWindow) for GLCD_SetWindow
    glcd_mcb1700.o(i.GLCD_DrawBargraph) refers to glcd_mcb1700.o(i.wr_cmd) for wr_cmd
    glcd_mcb1700.o(i.GLCD_DrawBargraph) refers to glcd_mcb1700.o(i.wr_dat_start) for wr_dat_start
    glcd_mcb1700.o(i.GLCD_DrawBargraph) refers to glcd_mcb1700.o(i.wr_dat_only) for wr_dat_only
    glcd_mcb1700.o(i.GLCD_DrawBargraph) refers to glcd_mcb1700.o(i.wr_dat_stop) for wr_dat_stop
    glcd_mcb1700.o(i.GLCD_DrawBargraph) refers to glcd_mcb1700.o(.data) for background_color
    glcd_mcb1700.o(i.GLCD_DrawBitmap) refers to glcd_mcb1700.o(i.GLCD_SetWindow) for GLCD_SetWindow
    glcd_mcb1700.o(i.GLCD_DrawBitmap) refers to glcd_mcb1700.o(i.wr_cmd) for wr_cmd
    glcd_mcb1700.o(i.GLCD_DrawBitmap) refers to glcd_mcb1700.o(i.wr_dat_start) for wr_dat_start
    glcd_mcb1700.o(i.GLCD_DrawBitmap) refers to glcd_mcb1700.o(i.wr_dat_only) for wr_dat_only
    glcd_mcb1700.o(i.GLCD_DrawBitmap) refers to glcd_mcb1700.o(i.wr_dat_stop) for wr_dat_stop
    glcd_mcb1700.o(i.GLCD_DrawChar) refers to glcd_mcb1700.o(i.GLCD_SetWindow) for GLCD_SetWindow
    glcd_mcb1700.o(i.GLCD_DrawChar) refers to glcd_mcb1700.o(i.wr_cmd) for wr_cmd
    glcd_mcb1700.o(i.GLCD_DrawChar) refers to glcd_mcb1700.o(i.wr_dat_start) for wr_dat_start
    glcd_mcb1700.o(i.GLCD_DrawChar) refers to glcd_mcb1700.o(i.wr_dat_only) for wr_dat_only
[...]
    i.__NVIC_ClearPendingIRQ                 0x000052d4   Section        0  ssp_lpc17xx.o(i.__NVIC_ClearPendingIRQ)
    __NVIC_ClearPendingIRQ                   0x000052d5   Thumb Code    22  ssp_lpc17xx.o(i.__NVIC_ClearPendingIRQ)
    i.__NVIC_ClearPendingIRQ                 0x000052f0   Section        0  uart_lpc17xx.o(i.__NVIC_ClearPendingIRQ)
    __NVIC_ClearPendingIRQ                   0x000052f1   Thumb Code    22  uart_lpc17xx.o(i.__NVIC_ClearPendingIRQ)
    i.__NVIC_ClearPendingIRQ                 0x0000530c   Section        0  gpdma_lpc17xx.o(i.__NVIC_ClearPendingIRQ)
    __NVIC_ClearPendingIRQ                   0x0000530d   Thumb Code    22  gpdma_lpc17xx.o(i.__NVIC_ClearPendingIRQ)
    i._init_box                              0x00005328   Section        0  rt_membox.o(i._init_box)
    i._mutex_acquire                         0x00005370   Section        0  rtx_conf_cm.o(i._mutex_acquire)
    __tagsym$$used                           0x00005371   Number         0  rtx_conf_cm.o(i._mutex_acquire)
    i._mutex_release                         0x00005390   Section        0  rtx_conf_cm.o(i._mutex_release)
    __tagsym$$used                           0x00005391   Number         0  rtx_conf_cm.o(i._mutex_release)
    i.datasend                               0x000053ac   Section        0  haut-parleur.o(i.datasend)
    i.dbg_init                               0x00005424   Section        0  hal_cm.o(i.dbg_init)
    i.dbg_task_notify                        0x00005454   Section        0  hal_cm.o(i.dbg_task_notify)
    i.dbg_task_switch                        0x00005474   Section        0  hal_cm.o(i.dbg_task_switch)
    i.delay_ms                               0x00005484   Section        0  glcd_mcb1700.o(i.delay_ms)
    delay_ms                                 0x00005485   Thumb Code    38  glcd_mcb1700.o(i.delay_ms)
    i.haut_parleurs                          0x000054b0   Section        0  haut-parleur.o(i.haut_parleurs)
    i.isrMessagePut                          0x000054be   Section        0  rt_cmsis.o(i.isrMessagePut)
    i.isrSignalSet                           0x000054ea   Section        0  rt_cmsis.o(i.isrSignalSet)
    i.isr_evt_set                            0x00005510   Section        0  rt_event.o(i.isr_evt_set)
    i.isr_mbx_send                           0x00005538   Section        0  rt_mailbox.o(i.isr_mbx_send)
    i.main                                   0x00005548   Section        0  main.o(i.main)
    i.osDelay                                0x000055a4   Section        0  rt_cmsis.o(i.osDelay)
    i.osKernelInitialize                     0x000055bc   Section        0  rt_cmsis.o(i.osKernelInitialize)
    i.osKernelStart                          0x000055e0   Section        0  rt_cmsis.o(i.osKernelStart)
    i.osSignalSet                            0x0000564c   Section        0  rt_cmsis.o(i.osSignalSet)
    i.osSignalWait                           0x00005664   Section        0  rt_cmsis.o(i.osSignalWait)
    i.osThreadCreate                         0x0000567c   Section        0  rt_cmsis.o(i.osThreadCreate)
    i.osThreadExit                           0x000056a8   Section        0  rt_cmsis.o(i.osThreadExit)
    i.os_error                               0x000056c0   Section        0  rtx_conf_cm.o(i.os_error)
    i.os_idle_demon                          0x000056e2   Section        0  rtx_conf_cm.o(i.os_idle_demon)
    i.os_tick_init                           0x000056e8   Section        0  rt_system.o(i.os_tick_init)
    i.rd_dat                                 0x00005710   Section        0  glcd_mcb1700.o(i.rd_dat)
    rd_dat                                   0x00005711   Thumb Code    64  glcd_mcb1700.o(i.rd_dat)
    i.rd_id_man                              0x00005754   Section        0  glcd_mcb1700.o(i.rd_id_man)
    rd_id_man                                0x00005755   Thumb Code   196  glcd_mcb1700.o(i.rd_id_man)
    i.rd_reg                                 0x0000581c   Section        0  glcd_mcb1700.o(i.rd_reg)
    rd_reg                                   0x0000581d   Thumb Code    16  glcd_mcb1700.o(i.rd_reg)
    i.rt_alloc_box                           0x0000582c   Section        0  rt_membox.o(i.rt_alloc_box)
    i.rt_alloc_mem                           0x00005846   Section        0  rt_memory.o(i.rt_alloc_mem)
    i.rt_block                               0x00005884   Section        0  rt_task.o(i.rt_block)
    i.rt_chk_robin                           0x000058bc   Section        0  rt_robin.o(i.rt_chk_robin)
    i.rt_dec_dly                             0x00005904   Section        0  rt_list.o(i.rt_dec_dly)
    i.rt_dispatch                            0x00005974   Section        0  rt_task.o(i.rt_dispatch)
    i.rt_dly_wait                            0x000059b8   Section        0  rt_time.o(i.rt_dly_wait)
    i.rt_evt_psh                             0x000059c0   Section        0  rt_event.o(i.rt_evt_psh)
    i.rt_evt_set                             0x00005a10   Section        0  rt_event.o(i.rt_evt_set)
    i.rt_evt_wait                            0x00005a6c   Section        0  rt_event.o(i.rt_evt_wait)
    i.rt_free_box                            0x00005aa8   Section        0  rt_membox.o(i.rt_free_box)
    i.rt_free_mem                            0x00005ad4   Section        0  rt_memory.o(i.rt_free_mem)
    i.rt_get_first                           0x00005afc   Section        0  rt_list.o(i.rt_get_first)
    i.rt_init_context                        0x00005b24   Section        0  rt_task.o(i.rt_init_context)
    rt_init_context                          0x00005b25   Thumb Code    66  rt_task.o(i.rt_init_context)
    i.rt_init_mem                            0x00005b6c   Section        0  rt_memory.o(i.rt_init_mem)
    i.rt_init_robin                          0x00005b88   Section        0  rt_robin.o(i.rt_init_robin)
    i.rt_init_stack                          0x00005ba0   Section        0  hal_cm.o(i.rt_init_stack)
    i.rt_mbx_check                           0x00005c20   Section        0  rt_mailbox.o(i.rt_mbx_check)
    i.rt_mbx_init                            0x00005c28   Section        0  rt_mailbox.o(i.rt_mbx_init)
    i.rt_mbx_psh                             0x00005c44   Section        0  rt_mailbox.o(i.rt_mbx_psh)
    i.rt_ms2tick                             0x00005d34   Section        0  rt_cmsis.o(i.rt_ms2tick)
    rt_ms2tick                               0x00005d35   Thumb Code    58  rt_cmsis.o(i.rt_ms2tick)
    i.rt_mut_release                         0x00005d78   Section        0  rt_mutex.o(i.rt_mut_release)
    i.rt_mut_wait                            0x00005e50   Section        0  rt_mutex.o(i.rt_mut_wait)
    i.rt_pop_req                             0x00005ec8   Section        0  rt_system.o(i.rt_pop_req)
    i.rt_psh_req                             0x00005f44   Section        0  rt_system.o(i.rt_psh_req)
    i.rt_psq_enq                             0x00005f64   Section        0  rt_list.o(i.rt_psq_enq)
    i.rt_put_dly                             0x00005fc0   Section        0  rt_list.o(i.rt_put_dly)
    i.rt_put_prio                            0x00006008   Section        0  rt_list.o(i.rt_put_prio)
    i.rt_put_rdy_first                       0x00006040   Section        0  rt_list.o(i.rt_put_rdy_first)
    i.rt_resort_prio                         0x00006054   Section        0  rt_list.o(i.rt_resort_prio)
    i.rt_ret_val                             0x00006088   Section        0  hal_cm.o(i.rt_ret_val)
    i.rt_ret_val2                            0x0000608e   Section        0  hal_cm.o(i.rt_ret_val2)
    i.rt_rmv_dly                             0x00006096   Section        0  rt_list.o(i.rt_rmv_dly)
    i.rt_rmv_list                            0x000060c0   Section        0  rt_list.o(i.rt_rmv_list)
    i.rt_sem_psh                             0x000060f0   Section        0  rt_semaphore.o(i.rt_sem_psh)
    i.rt_stk_check                           0x00006124   Section        0  rt_system.o(i.rt_stk_check)
    i.rt_switch_req                          0x00006148   Section        0  rt_task.o(i.rt_switch_req)
    i.rt_sys_init                            0x00006170   Section        0  rt_task.o(i.rt_sys_init)
    i.rt_sys_start                           0x0000623c   Section        0  rt_task.o(i.rt_sys_start)
    i.rt_systick                             0x000062b4   Section        0  rt_system.o(i.rt_systick)
    i.rt_tid2ptcb                            0x000062f4   Section        0  rt_cmsis.o(i.rt_tid2ptcb)
    rt_tid2ptcb                              0x000062f5   Thumb Code    18  rt_cmsis.o(i.rt_tid2ptcb)
    i.rt_timer_insert                        0x00006308   Section        0  rt_cmsis.o(i.rt_timer_insert)
    rt_timer_insert                          0x00006309   Thumb Code    48  rt_cmsis.o(i.rt_timer_insert)
    i.rt_tsk_create                          0x0000633c   Section        0  rt_task.o(i.rt_tsk_create)
    i.rt_tsk_delete                          0x000063c4   Section        0  rt_task.o(i.rt_tsk_delete)
    i.rt_tsk_prio                            0x00006540   Section        0  rt_task.o(i.rt_tsk_prio)
    i.rt_tsk_self                            0x000065bc   Section        0  rt_task.o(i.rt_tsk_self)
    i.spi_tran                               0x000065cc   Section        0  glcd_mcb1700.o(i.spi_tran)
    spi_tran                                 0x000065cd   Thumb Code    40  glcd_mcb1700.o(i.spi_tran)
    i.spi_tran_man                           0x000065f8   Section        0  glcd_mcb1700.o(i.spi_tran_man)
    spi_tran_man                             0x000065f9   Thumb Code   132  glcd_mcb1700.o(i.spi_tran_man)
    i.svcDelay                               0x00006680   Section        0  rt_cmsis.o(i.svcDelay)
    i.svcKernelInitialize                    0x00006694   Section        0  rt_cmsis.o(i.svcKernelInitialize)
    i.svcKernelStart                         0x00006704   Section        0  rt_cmsis.o(i.svcKernelStart)
    i.svcMessageCreate                       0x0000674c   Section        0  rt_cmsis.o(i.svcMessageCreate)
    i.svcSignalSet                           0x00006770   Section        0  rt_cmsis.o(i.svcSignalSet)
    i.svcSignalWait                          0x00006794   Section        0  rt_cmsis.o(i.svcSignalWait)
    i.svcThreadCreate                        0x000067e8   Section        0  rt_cmsis.o(i.svcThreadCreate)
    i.svcThreadGetId                         0x00006854   Section        0  rt_cmsis.o(i.svcThreadGetId)
    i.svcThreadTerminate                     0x00006870   Section        0  rt_cmsis.o(i.svcThreadTerminate)
    i.sysTimerTick                           0x000068a8   Section        0  rt_cmsis.o(i.sysTimerTick)
    i.wr_cmd                                 0x00006904   Section        0  glcd_mcb1700.o(i.wr_cmd)
    wr_cmd                                   0x00006905   Thumb Code    70  glcd_mcb1700.o(i.wr_cmd)
    i.wr_dat_only                            0x00006950   Section        0  glcd_mcb1700.o(i.wr_dat_only)
    wr_dat_only                              0x00006951   Thumb Code    46  glcd_mcb1700.o(i.wr_dat_only)
    i.wr_dat_start                           0x00006984   Section        0  glcd_mcb1700.o(i.wr_dat_start)
    wr_dat_start                             0x00006985   Thumb Code    20  glcd_mcb1700.o(i.wr_dat_start)
    i.wr_dat_stop                            0x0000699c   Section        0  glcd_mcb1700.o(i.wr_dat_stop)
    wr_dat_stop                              0x0000699d   Thumb Code    14  glcd_mcb1700.o(i.wr_dat_stop)
    i.wr_reg                                 0x000069b0   Section        0  glcd_mcb1700.o(i.wr_reg)
    wr_reg                                   0x000069b1   Thumb Code   140  glcd_mcb1700.o(i.wr_reg)
    .constdata                               0x00006a40   Section       32  main.o(.constdata)
    .constdata                               0x00006a60   Section     6304  glcd_fonts.o(.constdata)
    Font_6x8_h                               0x00006a60   Data         896  glcd_fonts.o(.constdata)
    Font_16x24_h                             0x00006de0   Data        5376  glcd_fonts.o(.constdata)
    .constdata                               0x00008300   Section       16  led_mcb1700.o(.constdata)
    .constdata                               0x00008310   Section      104  rtx_conf_cm.o(.constdata)
    __tagsym$$used                           0x0000832c   Number         0  rtx_conf_cm.o(.constdata)
    __tagsym$$used                           0x00008330   Number         0  rtx_conf_cm.o(.constdata)
    __tagsym$$used                           0x00008334   Number         0  rtx_conf_cm.o(.constdata)
    __tagsym$$used                           0x00008338   Number         0  rtx_conf_cm.o(.constdata)
    .constdata                               0x00008378   Section       84  can_lpc17xx.o(.constdata)
    can_driver_version                       0x00008378   Data           4  can_lpc17xx.o(.constdata)
    can_driver_capabilities                  0x0000837c   Data           4  can_lpc17xx.o(.constdata)
    can_object_capabilities_rx               0x00008380   Data           4  can_lpc17xx.o(.constdata)
    can_object_capabilities_tx               0x00008384   Data           4  can_lpc17xx.o(.constdata)
    ptr_CANx                                 0x00008388   Data           8  can_lpc17xx.o(.constdata)
    .constdata                               0x000083cc   Section      124  ssp_lpc17xx.o(.constdata)
    DriverVersion                            0x000083cc   Data           4  ssp_lpc17xx.o(.constdata)
    DriverCapabilities                       0x000083d0   Data           4  ssp_lpc17xx.o(.constdata)
    SSP1_Resources                           0x000083d4   Data          72  ssp_lpc17xx.o(.constdata)
    .constdata                               0x00008448   Section      636  uart_lpc17xx.o(.constdata)
    usart_driver_version                     0x00008448   Data           4  uart_lpc17xx.o(.constdata)
    fract_div_lookup_table                   0x0000844c   Data         288  uart_lpc17xx.o(.constdata)
    USART1_DMA_Tx                            0x0000856c   Data           8  uart_lpc17xx.o(.constdata)
    USART1_DMA_Rx                            0x00008574   Data           8  uart_lpc17xx.o(.constdata)
    USART1_Resources                         0x0000857c   Data         100  uart_lpc17xx.o(.constdata)
    USART2_DMA_Tx                            0x000085e0   Data           8  uart_lpc17xx.o(.constdata)
    USART2_DMA_Rx                            0x000085e8   Data           8  uart_lpc17xx.o(.constdata)
    USART2_Resources                         0x000085f0   Data         100  uart_lpc17xx.o(.constdata)
    .data                                    0x10000000   Section       12  main.o(.data)
    .data                                    0x1000000c   Section       17  glcd_mcb1700.o(.data)
    spi1_pins                                0x1000000c   Data           8  glcd_mcb1700.o(.data)
    foreground_color                         0x10000014   Data           2  glcd_mcb1700.o(.data)
    background_color                         0x10000016   Data           2  glcd_mcb1700.o(.data)
    active_font                              0x10000018   Data           4  glcd_mcb1700.o(.data)
    Himax                                    0x1000001c   Data           1  glcd_mcb1700.o(.data)
    .data                                    0x10000020   Section       20  rtx_conf_cm.o(.data)
    nr_mutex                                 0x10000030   Data           4  rtx_conf_cm.o(.data)
    .data                                    0x10000034   Section       20  can_lpc17xx.o(.data)
    can_driver_powered                       0x10000034   Data           1  can_lpc17xx.o(.data)
    can_driver_initialized                   0x10000035   Data           1  can_lpc17xx.o(.data)
    can_obj_tx_alloc                         0x10000036   Data           3  can_lpc17xx.o(.data)
    can_obj_tx_alloc_lock                    0x10000039   Data           1  can_lpc17xx.o(.data)
    can_no_retransmission                    0x1000003a   Data           1  can_lpc17xx.o(.data)
    can_loopback                             0x1000003b   Data           1  can_lpc17xx.o(.data)
    can_obj_cfg_msk                          0x1000003c   Data           1  can_lpc17xx.o(.data)
    can_unit_state                           0x1000003d   Data           1  can_lpc17xx.o(.data)
    can_last_error_code                      0x1000003e   Data           1  can_lpc17xx.o(.data)
    CAN_SignalUnitEvent                      0x10000040   Data           4  can_lpc17xx.o(.data)
    CAN_SignalObjectEvent                    0x10000044   Data           4  can_lpc17xx.o(.data)
    .data                                    0x10000048   Section       16  ssp_lpc17xx.o(.data)
    SSP1_pin_sck                             0x10000048   Data           2  ssp_lpc17xx.o(.data)
    SSP1_pin_miso                            0x1000004a   Data           2  ssp_lpc17xx.o(.data)
    SSP1_pin_mosi                            0x1000004c   Data           2  ssp_lpc17xx.o(.data)
    SSP1_pin_ssel                            0x1000004e   Data           2  ssp_lpc17xx.o(.data)
    dummy_data                               0x10000050   Data           4  ssp_lpc17xx.o(.data)
    dummy_data                               0x10000054   Data           4  ssp_lpc17xx.o(.data)
    .data                                    0x10000058   Section        8  uart_lpc17xx.o(.data)
    USART1_pin_tx                            0x10000058   Data           2  uart_lpc17xx.o(.data)
    USART1_pin_rx                            0x1000005a   Data           2  uart_lpc17xx.o(.data)
    USART2_pin_tx                            0x1000005c   Data           2  uart_lpc17xx.o(.data)
    USART2_pin_rx                            0x1000005e   Data           2  uart_lpc17xx.o(.data)
    .data                                    0x10000060   Section        8  gpdma_lpc17xx.o(.data)
    Channel_active                           0x10000060   Data           4  gpdma_lpc17xx.o(.data)
    Init_cnt                                 0x10000064   Data           4  gpdma_lpc17xx.o(.data)
    .data                                    0x10000068   Section        4  system_lpc17xx.o(.data)
    .data                                    0x1000006c   Section        8  rt_cmsis.o(.data)
    .data                                    0x10000074   Section        8  rt_task.o(.data)
    .data                                    0x1000007c   Section        8  rt_system.o(.data)
    os_lock                                  0x1000007c   Data           1  rt_system.o(.data)
    os_psh_flag                              0x1000007d   Data           1  rt_system.o(.data)
    pend_flags                               0x1000007e   Data           1  rt_system.o(.data)
    .data                                    0x10000084   Section        4  rt_time.o(.data)
    .data                                    0x10000088   Section        8  rt_robin.o(.data)
    .data                                    0x10000090   Section        1  hal_cm.o(.data)
    .bss                                     0x10000094   Section       15  main.o(.bss)
    .bss                                     0x100000a8   Section     6844  rtx_conf_cm.o(.bss)
    std_libspace                             0x100018a4   Data         576  rtx_conf_cm.o(.bss)
    std_libmutex                             0x10001ae4   Data         128  rtx_conf_cm.o(.bss)
    .bss                                     0x10001b64   Section       40  ssp_lpc17xx.o(.bss)
    SSP1_Info                                0x10001b64   Data          12  ssp_lpc17xx.o(.bss)
    SSP1_Xfer                                0x10001b70   Data          28  ssp_lpc17xx.o(.bss)
    .bss                                     0x10001b8c   Section      104  uart_lpc17xx.o(.bss)
    USART1_Info                              0x10001b8c   Data          52  uart_lpc17xx.o(.bss)
    USART2_Info                              0x10001bc0   Data          52  uart_lpc17xx.o(.bss)
    .bss                                     0x10001bf4   Section      160  gpdma_lpc17xx.o(.bss)
    Channel_info                             0x10001bf4   Data         160  gpdma_lpc17xx.o(.bss)
    .bss                                     0x10001c94   Section       52  rt_task.o(.bss)
    .bss                                     0x10001cc8   Section       48  rt_list.o(.bss)
    .bss                                     0x10001cf8   Section       96  libspace.o(.bss)
    HEAP                                     0x10001d58   Section        0  startup_lpc17xx.o(HEAP)
    STACK                                    0x10001d58   Section      512  startup_lpc17xx.o(STACK)
    Heap_Mem                                 0x10001d58   Data           0  startup_lpc17xx.o(HEAP)
    Stack_Mem                                0x10001d58   Data         512  startup_lpc17xx.o(STACK)
    __initial_sp                             0x10001f58   Data           0  startup_lpc17xx.o(STACK)

    Global Symbols

    Symbol Name                              Value     Ov Type        Size  Object(Section)

    BuildAttributes$$THM_ISAv4$P$D$K$B$S$PE$A:L22UL41UL21$X:L11$S22US41US21$IEEE1$IW$USESV6$~STKCKD$USESV7$~SHL$OSPACE$ROPI$EBA8$UX$STANDARDLIB$REQ8$PRES8$EABIv2 0x00000000   Number         0  anon$$obj.o ABSOLUTE
    __ARM_use_no_argv                        0x00000000   Number         0  main.o ABSOLUTE
    __Vectors                                0x00000000   Data           4  startup_lpc17xx.o(RESET)
    __ARM_exceptions_init                     - Undefined Weak Reference
    __alloca_initialize                       - Undefined Weak Reference
    __arm_preinit_                            - Undefined Weak Reference
    __cpp_initialize__aeabi_                  - Undefined Weak Reference
    __cxa_finalize                            - Undefined Weak Reference
    __rt_locale                               - Undefined Weak Reference
    __sigvec_lookup                           - Undefined Weak Reference
    _atexit_init                              - Undefined Weak Reference
    _call_atexit_fns                          - Undefined Weak Reference
    _clock_init                               - Undefined Weak Reference
    _fp_trap_init                             - Undefined Weak Reference
    _fp_trap_shutdown                         - Undefined Weak Reference
    _get_lc_collate                           - Undefined Weak Reference
    _get_lc_ctype                             - Undefined Weak Reference
    _get_lc_monetary                          - Undefined Weak Reference
    _get_lc_numeric                           - Undefined Weak Reference
    _get_lc_time                              - Undefined Weak Reference
    _getenv_init                              - Undefined Weak Reference
    _handle_redirection                       - Undefined Weak Reference
    _init_alloc                               - Undefined Weak Reference
    _init_user_alloc                          - Undefined Weak Reference
    _initio                                   - Undefined Weak Reference
    _rand_init                                - Undefined Weak Reference
    _signal_finish                            - Undefined Weak Reference
    _signal_init                              - Undefined Weak Reference
    _terminate_alloc                          - Undefined Weak Reference
    _terminate_user_alloc                     - Undefined Weak Reference
    _terminateio                              - Undefined Weak Reference
    __main                                   0x000000cd   Thumb Code     8  __main.o(!!!main)
    __scatterload                            0x000000d5   Thumb Code     0  __scatter.o(!!!scatter)
    __scatterload_rt2                        0x000000d5   Thumb Code    44  __scatter.o(!!!scatter)
    __scatterload_rt2_thumb_only             0x000000d5   Thumb Code     0  __scatter.o(!!!scatter)
    __scatterload_null                       0x000000e3   Thumb Code     0  __scatter.o(!!!scatter)
    __scatterload_copy                       0x00000109   Thumb Code    26  __scatter_copy.o(!!handler_copy)
    __scatterload_zeroinit                   0x00000125   Thumb Code    28  __scatter_zi.o(!!handler_zi)
    __rt_lib_init                            0x00000141   Thumb Code     0  libinit.o(.ARM.Collect$$libinit$$00000000)
    __rt_lib_init_alloca_1                   0x00000143   Thumb Code     0  libinit2.o(.ARM.Collect$$libinit$$0000002E)
    __rt_lib_init_argv_1                     0x00000143   Thumb Code     0  libinit2.o(.ARM.Collect$$libinit$$0000002C)
    __rt_lib_init_atexit_1                   0x00000143   Thumb Code     0  libinit2.o(.ARM.Collect$$libinit$$0000001B)
    __rt_lib_init_clock_1                    0x00000143   Thumb Code     0  libinit2.o(.ARM.Collect$$libinit$$00000021)
    __rt_lib_init_cpp_1                      0x00000143   Thumb Code     0  libinit2.o(.ARM.Collect$$libinit$$00000032)
    __rt_lib_init_exceptions_1               0x00000143   Thumb Code     0  libinit2.o(.ARM.Collect$$libinit$$00000030)
    __rt_lib_init_fp_1                       0x00000143   Thumb Code     0  libinit2.o(.ARM.Collect$$libinit$$00000002)
    __rt_lib_init_fp_trap_1                  0x00000143   Thumb Code     0  libinit2.o(.ARM.Collect$$libinit$$0000001F)
    __rt_lib_init_getenv_1                   0x00000143   Thumb Code     0  libinit2.o(.ARM.Collect$$libinit$$00000023)
    __rt_lib_init_heap_1                     0x00000143   Thumb Code     0  libinit2.o(.ARM.Collect$$libinit$$0000000A)
    __rt_lib_init_lc_collate_1               0x00000143   Thumb Code     0  libinit2.o(.ARM.Collect$$libinit$$00000011)
    __rt_lib_init_lc_ctype_1                 0x00000143   Thumb Code     0  libinit2.o(.ARM.Collect$$libinit$$00000013)
    __rt_lib_init_lc_monetary_1              0x00000143   Thumb Code     0  libinit2.o(.ARM.Collect$$libinit$$00000015)
    __rt_lib_init_lc_numeric_1               0x00000143   Thumb Code     0  libinit2.o(.ARM.Collect$$libinit$$00000017)
    __rt_lib_init_lc_time_1                  0x00000143   Thumb Code     0  libinit2.o(.ARM.Collect$$libinit$$00000019)
    __rt_lib_init_preinit_1                  0x00000143   Thumb Code     0  libinit2.o(.ARM.Collect$$libinit$$00000004)
    __rt_lib_init_rand_1                     0x00000143   Thumb Code     0  libinit2.o(.ARM.Collect$$libinit$$0000000E)
    __rt_lib_init_return                     0x00000143   Thumb Code     0  libinit2.o(.ARM.Collect$$libinit$$00000033)
    __rt_lib_init_signal_1                   0x00000143   Thumb Code     0  libinit2.o(.ARM.Collect$$libinit$$0000001D)
    __rt_lib_init_stdio_1                    0x00000143   Thumb Code     0  libinit2.o(.ARM.Collect$$libinit$$00000025)
    __rt_lib_init_user_alloc_1               0x00000143   Thumb Code     0  libinit2.o(.ARM.Collect$$libinit$$0000000C)
    __rt_lib_shutdown                        0x00000145   Thumb Code     0  libshutdown.o(.ARM.Collect$$libshutdown$$00000000)
    __rt_lib_shutdown_cpp_1                  0x00000147   Thumb Code     0  libshutdown2.o(.ARM.Collect$$libshutdown$$00000002)
    __rt_lib_shutdown_fp_trap_1              0x00000147   Thumb Code     0  libshutdown2.o(.ARM.Collect$$libshutdown$$00000007)
    __rt_lib_shutdown_heap_1                 0x00000147   Thumb Code     0  libshutdown2.o(.ARM.Collect$$libshutdown$$0000000F)
    __rt_lib_shutdown_return                 0x00000147   Thumb Code     0  libshutdown2.o(.ARM.Collect$$libshutdown$$00000010)
    __rt_lib_shutdown_signal_1               0x00000147   Thumb Code     0  libshutdown2.o(.ARM.Collect$$libshutdown$$0000000A)
    __rt_lib_shutdown_stdio_1                0x00000147   Thumb Code     0  libshutdown2.o(.ARM.Collect$$libshutdown$$00000004)
    __rt_lib_shutdown_user_alloc_1           0x00000147   Thumb Code     0  libshutdown2.o(.ARM.Collect$$libshutdown$$0000000C)
    __rt_entry                               0x00000149   Thumb Code     0  __rtentry.o(.ARM.Collect$$rtentry$$00000000)
    __rt_entry_presh_1                       0x00000149   Thumb Code     0  __rtentry2.o(.ARM.Collect$$rtentry$$00000002)
    __rt_entry_sh                            0x00000149   Thumb Code     0  __rtentry4.o(.ARM.Collect$$rtentry$$00000004)
    __rt_entry_li                            0x0000014f   Thumb Code     0  __rtentry2.o(.ARM.Collect$$rtentry$$0000000A)
    __rt_entry_postsh_1                      0x0000014f   Thumb Code     0  __rtentry2.o(.ARM.Collect$$rtentry$$00000009)
    __rt_entry_postli_1                      0x00000153   Thumb Code     0  __rtentry2.o(.ARM.Collect$$rtentry$$0000000B)
    __rt_entry_main                          0x0000015b   Thumb Code     0  __rtentry2.o(.ARM.Collect$$rtentry$$0000000D)
    __rt_exit                                0x00000163   Thumb Code     0  rtexit.o(.ARM.Collect$$rtexit$$00000000)
    __rt_exit_ls                             0x00000165   Thumb Code     0  rtexit2.o(.ARM.Collect$$rtexit$$00000003)
    __rt_exit_prels_1                        0x00000165   Thumb Code     0  rtexit2.o(.ARM.Collect$$rtexit$$00000002)
    __rt_exit_exit                           0x00000169   Thumb Code     0  rtexit2.o(.ARM.Collect$$rtexit$$00000004)
    _platform_post_lib_init                  0x00000171   Thumb Code    24  rtx_conf_cm.o(.emb_text)
    rt_set_PSP                               0x0000018d   Thumb Code     6  hal_cm3.o(.emb_text)
    rt_get_PSP                               0x00000193   Thumb Code     6  hal_cm3.o(.emb_text)
    os_set_env                               0x00000199   Thumb Code    24  hal_cm3.o(.emb_text)
    _alloc_box                               0x000001b5   Thumb Code    28  hal_cm3.o(.emb_text)
    _free_box                                0x000001d5   Thumb Code    28  hal_cm3.o(.emb_text)
    SVC_Handler                              0x000001f5   Thumb Code   108  hal_cm3.o(.emb_text)
    PendSV_Handler                           0x0000026d   Thumb Code    56  hal_cm3.o(.emb_text)
    SysTick_Handler                          0x000002a9   Thumb Code     8  hal_cm3.o(.emb_text)
    OS_Tick_Handler                          0x000002b1   Thumb Code    12  hal_cm3.o(.emb_text)
    Reset_Handler                            0x000002bd   Thumb Code     8  startup_lpc17xx.o(.text)
    NMI_Handler                              0x000002c5   Thumb Code     2  startup_lpc17xx.o(.text)
    HardFault_Handler                        0x000002c7   Thumb Code     2  startup_lpc17xx.o(.text)
    MemManage_Handler                        0x000002c9   Thumb Code     2  startup_lpc17xx.o(.text)
    BusFault_Handler                         0x000002cb   Thumb Code     2  startup_lpc17xx.o(.text)
    UsageFault_Handler                       0x000002cd   Thumb Code     2  startup_lpc17xx.o(.text)
    DebugMon_Handler                         0x000002d1   Thumb Code     2  startup_lpc17xx.o(.text)
    ADC_IRQHandler                           0x000002d7   Thumb Code     0  startup_lpc17xx.o(.text)
    BOD_IRQHandler                           0x000002d7   Thumb Code     0  startup_lpc17xx.o(.text)
    CANActivity_IRQHandler                   0x000002d7   Thumb Code     0  startup_lpc17xx.o(.text)
    EINT0_IRQHandler                         0x000002d7   Thumb Code     0  startup_lpc17xx.o(.text)
    EINT1_IRQHandler                         0x000002d7   Thumb Code     0  startup_lpc17xx.o(.text)
    EINT2_IRQHandler                         0x000002d7   Thumb Code     0  startup_lpc17xx.o(.text)
    EINT3_IRQHandler                         0x000002d7   Thumb Code     0  startup_lpc17xx.o(.text)
    ENET_IRQHandler                          0x000002d7   Thumb Code     0  startup_lpc17xx.o(.text)
    I2C0_IRQHandler                          0x000002d7   Thumb Code     0  startup_lpc17xx.o(.text)
    I2C1_IRQHandler                          0x000002d7   Thumb Code     0  startup_lpc17xx.o(.text)
    I2C2_IRQHandler                          0x000002d7   Thumb Code     0  startup_lpc17xx.o(.text)
    I2S_IRQHandler                           0x000002d7   Thumb Code     0  startup_lpc17xx.o(.text)
    MCPWM_IRQHandler                         0x000002d7   Thumb Code     0  startup_lpc17xx.o(.text)
    PLL0_IRQHandler                          0x000002d7   Thumb Code     0  startup_lpc17xx.o(.text)
    PLL1_IRQHandler                          0x000002d7   Thumb Code     0  startup_lpc17xx.o(.text)
    PWM1_IRQHandler                          0x000002d7   Thumb Code     0  startup_lpc17xx.o(.text)
    QEI_IRQHandler                           0x000002d7   Thumb Code     0  startup_lpc17xx.o(.text)
    RIT_IRQHandler                           0x000002d7   Thumb Code     0  startup_lpc17xx.o(.text)
    RTC_IRQHandler                           0x000002d7   Thumb Code     0  startup_lpc17xx.o(.text)
    SPI_IRQHandler                           0x000002d7   Thumb Code     0  startup_lpc17xx.o(.text)
    SSP0_IRQHandler                          0x000002d7   Thumb Code     0  startup_lpc17xx.o(.text)
    TIMER0_IRQHandler                        0x000002d7   Thumb Code     0  startup_lpc17xx.o(.text)
    TIMER1_IRQHandler                        0x000002d7   Thumb Code     0  startup_lpc17xx.o(.text)
    TIMER2_IRQHandler                        0x000002d7   Thumb Code     0  startup_lpc17xx.o(.text)
    TIMER3_IRQHandler                        0x000002d7   Thumb Code     0  startup_lpc17xx.o(.text)
    UART0_IRQHandler                         0x000002d7   Thumb Code     0  startup_lpc17xx.o(.text)
    UART3_IRQHandler                         0x000002d7   Thumb Code     0  startup_lpc17xx.o(.text)
    USBActivity_IRQHandler                   0x000002d7   Thumb Code     0  startup_lpc17xx.o(.text)
    USB_IRQHandler                           0x000002d7   Thumb Code     0  startup_lpc17xx.o(.text)
    WDT_IRQHandler                           0x000002d7   Thumb Code     0  startup_lpc17xx.o(.text)
    __user_initial_stackheap                 0x000002d9   Thumb Code     0  startup_lpc17xx.o(.text)
    __I$use$semihosting                      0x000002f9   Thumb Code     0  use_no_semi.o(.text)
    __use_no_semihosting_swi                 0x000002f9   Thumb Code     2  use_no_semi.o(.text)
    __semihosting_library_function           0x000002fb   Thumb Code     0  indicate_semi.o(.text)
    os_tick_irqack                           0x000002fb   Thumb Code     2  rt_system.o(i.os_tick_irqack)
    __user_libspace                          0x00000301   Thumb Code     8  libspace.o(.text)
    __user_perproc_libspace                  0x00000301   Thumb Code     0  libspace.o(.text)
    __aeabi_uldivmod                         0x00000309   Thumb Code     0  lludivv7m.o(.text)
    _ll_udiv                                 0x00000309   Thumb Code   238  lludivv7m.o(.text)
    exit                                     0x000003f7   Thumb Code    18  exit.o(.text)
    __aeabi_memcpy                           0x00000409   Thumb Code     0  rt_memcpy_v6.o(.text)
    __rt_memcpy                              0x00000409   Thumb Code   138  rt_memcpy_v6.o(.text)
    _memcpy_lastbytes                        0x0000046f   Thumb Code     0  rt_memcpy_v6.o(.text)
    __RL_RTX_VER                             0x00000482   Number         0  rt_system.o ABSOLUTE
    __aeabi_memclr4                          0x00000493   Thumb Code     0  rt_memclr_w.o(.text)
    __aeabi_memclr8                          0x00000493   Thumb Code     0  rt_memclr_w.o(.text)
    __rt_memclr_w                            0x00000493   Thumb Code    78  rt_memclr_w.o(.text)
    _memset_w                                0x00000497   Thumb Code     0  rt_memclr_w.o(.text)
    __use_two_region_memory                  0x000004e1   Thumb Code     2  heapauxi.o(.text)
    __rt_heap_escrow$2region                 0x000004e3   Thumb Code     2  heapauxi.o(.text)
    __rt_heap_expand$2region                 0x000004e5   Thumb Code     2  heapauxi.o(.text)
    __aeabi_memcpy4                          0x000004e7   Thumb Code     0  rt_memcpy_w.o(.text)
    __aeabi_memcpy8                          0x000004e7   Thumb Code     0  rt_memcpy_w.o(.text)
    __rt_memcpy_w                            0x000004e7   Thumb Code   100  rt_memcpy_w.o(.text)
    _memcpy_lastbytes_aligned                0x0000052f   Thumb Code     0  rt_memcpy_w.o(.text)
    _sys_exit                                0x0000054d   Thumb Code     8  sys_exit.o(.text)
    __user_setup_stackheap                   0x00000559   Thumb Code    74  sys_stackheap_outer.o(.text)
    SVC_Count                                0x000005a4   Data           4  svc_table.o(SVC_TABLE)
    SVC_Table                                0x000005a8   Data           0  svc_table.o(SVC_TABLE)
    CAN1_ObjectGetCapabilities               0x0000062d   Thumb Code    16  can_lpc17xx.o(i.CAN1_ObjectGetCapabilities)
    CAN_IRQHandler                           0x000006b1   Thumb Code   448  can_lpc17xx.o(i.CAN_IRQHandler)
    CANthreadT_IA                            0x00000889   Thumb Code   108  main.o(i.CANthreadT_IA)
    CANx_GetClock                            0x00000db1   Thumb Code   154  can_lpc17xx.o(i.CANx_GetClock)
    CANx_ObjectGetCapabilities               0x00001305   Thumb Code    32  can_lpc17xx.o(i.CANx_ObjectGetCapabilities)
    CB_USART                                 0x00001c11   Thumb Code    22  main.o(i.CB_USART)
    DMA_IRQHandler                           0x00001c4d   Thumb Code   372  gpdma_lpc17xx.o(i.DMA_IRQHandler)
    GLCD_ClearScreen                         0x00001dcd   Thumb Code    44  glcd_mcb1700.o(i.GLCD_ClearScreen)
    GLCD_Initialize                          0x00001dfd   Thumb Code  1462  glcd_mcb1700.o(i.GLCD_Initialize)
    GLCD_SetFont                             0x000023b5   Thumb Code    10  glcd_mcb1700.o(i.GLCD_SetFont)
    GLCD_SetWindow                           0x000023c5   Thumb Code   168  glcd_mcb1700.o(i.GLCD_SetWindow)
    GLCD_WindowMax                           0x00002471   Thumb Code    18  glcd_mcb1700.o(i.GLCD_WindowMax)
    GPDMA_ChannelConfigure                   0x00002485   Thumb Code   232  gpdma_lpc17xx.o(i.GPDMA_ChannelConfigure)
    GPDMA_ChannelDisable                     0x00002579   Thumb Code    44  gpdma_lpc17xx.o(i.GPDMA_ChannelDisable)
    GPDMA_ChannelGetCount                    0x000025a9   Thumb Code    38  gpdma_lpc17xx.o(i.GPDMA_ChannelGetCount)
    GPDMA_Initialize                         0x000025d9   Thumb Code   154  gpdma_lpc17xx.o(i.GPDMA_Initialize)
    GPDMA_PeripheralSelect                   0x00002689   Thumb Code    62  gpdma_lpc17xx.o(i.GPDMA_PeripheralSelect)
    GPDMA_Uninitialize                       0x000026cd   Thumb Code   116  gpdma_lpc17xx.o(i.GPDMA_Uninitialize)
    GPIO_PinRead                             0x0000274d   Thumb Code    28  gpio_lpc17xx.o(i.GPIO_PinRead)
    GPIO_PinWrite                            0x0000276d   Thumb Code    36  gpio_lpc17xx.o(i.GPIO_PinWrite)
    GPIO_PortClock                           0x00002795   Thumb Code    38  gpio_lpc17xx.o(i.GPIO_PortClock)
    GPIO_SetDir                              0x000027c1   Thumb Code    52  gpio_lpc17xx.o(i.GPIO_SetDir)
    IA                                       0x00002881   Thumb Code   102  main.o(i.IA)
    InitCan1                                 0x000028f5   Thumb Code    60  main.o(i.InitCan1)
    Init_UART2                               0x0000293d   Thumb Code    52  main.o(i.Init_UART2)
    LED_Initialize                           0x00002979   Thumb Code    88  led_mcb1700.o(i.LED_Initialize)
    PIN_Configure                            0x000029d5   Thumb Code   246  pin_lpc17xx.o(i.PIN_Configure)
    SSP1_GPDMA_Rx_SignalEvent                0x00002ae9   Thumb Code    14  ssp_lpc17xx.o(i.SSP1_GPDMA_Rx_SignalEvent)
    SSP1_GPDMA_Tx_SignalEvent                0x00002afd   Thumb Code    14  ssp_lpc17xx.o(i.SSP1_GPDMA_Tx_SignalEvent)
    SSP1_IRQHandler                          0x00002b31   Thumb Code    10  ssp_lpc17xx.o(i.SSP1_IRQHandler)
    SSPx_GPDMA_Rx_SignalEvent                0x000030ff   Thumb Code    54  ssp_lpc17xx.o(i.SSPx_GPDMA_Rx_SignalEvent)
    SSPx_GPDMA_Tx_SignalEvent                0x00003135   Thumb Code    28  ssp_lpc17xx.o(i.SSPx_GPDMA_Tx_SignalEvent)
    SystemInit                               0x000039ed   Thumb Code   302  system_lpc17xx.o(i.SystemInit)
    UART1_IRQHandler                         0x00003b2d   Thumb Code    10  uart_lpc17xx.o(i.UART1_IRQHandler)
    UART2_IRQHandler                         0x00003b3d   Thumb Code    10  uart_lpc17xx.o(i.UART2_IRQHandler)
    USART1_GPDMA_Rx_Event                    0x00003b65   Thumb Code    14  uart_lpc17xx.o(i.USART1_GPDMA_Rx_Event)
    USART1_GPDMA_Tx_Event                    0x00003b79   Thumb Code    14  uart_lpc17xx.o(i.USART1_GPDMA_Tx_Event)
    USART2_GPDMA_Rx_Event                    0x00003c8d   Thumb Code    14  uart_lpc17xx.o(i.USART2_GPDMA_Rx_Event)
    USART2_GPDMA_Tx_Event                    0x00003ca1   Thumb Code    14  uart_lpc17xx.o(i.USART2_GPDMA_Tx_Event)
    USART_SetBaudrate                        0x00004f95   Thumb Code   302  uart_lpc17xx.o(i.USART_SetBaudrate)
    _init_box                                0x00005329   Thumb Code    70  rt_membox.o(i._init_box)
    _mutex_acquire                           0x00005371   Thumb Code    22  rtx_conf_cm.o(i._mutex_acquire)
    _mutex_release                           0x00005391   Thumb Code    18  rtx_conf_cm.o(i._mutex_release)
    datasend                                 0x000053ad   Thumb Code   104  haut-parleur.o(i.datasend)
    dbg_init                                 0x00005425   Thumb Code    34  hal_cm.o(i.dbg_init)
    dbg_task_notify                          0x00005455   Thumb Code    32  hal_cm.o(i.dbg_task_notify)
    dbg_task_switch                          0x00005475   Thumb Code    16  hal_cm.o(i.dbg_task_switch)
    haut_parleurs                            0x000054b1   Thumb Code    14  haut-parleur.o(i.haut_parleurs)
    isrMessagePut                            0x000054bf   Thumb Code    44  rt_cmsis.o(i.isrMessagePut)
    isrSignalSet                             0x000054eb   Thumb Code    36  rt_cmsis.o(i.isrSignalSet)
    isr_evt_set                              0x00005511   Thumb Code    34  rt_event.o(i.isr_evt_set)
    isr_mbx_send                             0x00005539   Thumb Code    14  rt_mailbox.o(i.isr_mbx_send)
    main                                     0x00005549   Thumb Code    72  main.o(i.main)
    osDelay                                  0x000055a5   Thumb Code    18  rt_cmsis.o(i.osDelay)
    osKernelInitialize                       0x000055bd   Thumb Code    30  rt_cmsis.o(i.osKernelInitialize)
    osKernelStart                            0x000055e1   Thumb Code    98  rt_cmsis.o(i.osKernelStart)
    osSignalSet                              0x0000564d   Thumb Code    18  rt_cmsis.o(i.osSignalSet)
    osSignalWait                             0x00005665   Thumb Code    18  rt_cmsis.o(i.osSignalWait)
    osThreadCreate                           0x0000567d   Thumb Code    36  rt_cmsis.o(i.osThreadCreate)
    osThreadExit                             0x000056a9   Thumb Code    14  rt_cmsis.o(i.osThreadExit)
    os_error                                 0x000056c1   Thumb Code    34  rtx_conf_cm.o(i.os_error)
    os_idle_demon                            0x000056e3   Thumb Code     4  rtx_conf_cm.o(i.os_idle_demon)
    os_tick_init                             0x000056e9   Thumb Code    32  rt_system.o(i.os_tick_init)
    rt_alloc_box                             0x0000582d   Thumb Code    26  rt_membox.o(i.rt_alloc_box)
    rt_alloc_mem                             0x00005847   Thumb Code    62  rt_memory.o(i.rt_alloc_mem)
    rt_block                                 0x00005885   Thumb Code    48  rt_task.o(i.rt_block)
    rt_chk_robin                             0x000058bd   Thumb Code    60  rt_robin.o(i.rt_chk_robin)
    rt_dec_dly                               0x00005905   Thumb Code   102  rt_list.o(i.rt_dec_dly)
    rt_dispatch                              0x00005975   Thumb Code    60  rt_task.o(i.rt_dispatch)
    rt_dly_wait                              0x000059b9   Thumb Code     6  rt_time.o(i.rt_dly_wait)
    rt_evt_psh                               0x000059c1   Thumb Code    76  rt_event.o(i.rt_evt_psh)
    rt_evt_set                               0x00005a11   Thumb Code    88  rt_event.o(i.rt_evt_set)
    rt_evt_wait                              0x00005a6d   Thumb Code    56  rt_event.o(i.rt_evt_wait)
    rt_free_box                              0x00005aa9   Thumb Code    44  rt_membox.o(i.rt_free_box)
    rt_free_mem                              0x00005ad5   Thumb Code    40  rt_memory.o(i.rt_free_mem)
    rt_get_first                             0x00005afd   Thumb Code    40  rt_list.o(i.rt_get_first)
    rt_init_mem                              0x00005b6d   Thumb Code    26  rt_memory.o(i.rt_init_mem)
    rt_init_robin                            0x00005b89   Thumb Code    14  rt_robin.o(i.rt_init_robin)
    rt_init_stack                            0x00005ba1   Thumb Code   118  hal_cm.o(i.rt_init_stack)
    rt_mbx_check                             0x00005c21   Thumb Code     8  rt_mailbox.o(i.rt_mbx_check)
    rt_mbx_init                              0x00005c29   Thumb Code    26  rt_mailbox.o(i.rt_mbx_init)
    rt_mbx_psh                               0x00005c45   Thumb Code   236  rt_mailbox.o(i.rt_mbx_psh)
    rt_mut_release                           0x00005d79   Thumb Code   208  rt_mutex.o(i.rt_mut_release)
    rt_mut_wait                              0x00005e51   Thumb Code   114  rt_mutex.o(i.rt_mut_wait)
    rt_pop_req                               0x00005ec9   Thumb Code   112  rt_system.o(i.rt_pop_req)
    rt_psh_req                               0x00005f45   Thumb Code    22  rt_system.o(i.rt_psh_req)
    rt_psq_enq                               0x00005f65   Thumb Code    88  rt_list.o(i.rt_psq_enq)
    rt_put_dly                               0x00005fc1   Thumb Code    68  rt_list.o(i.rt_put_dly)
    rt_put_prio                              0x00006009   Thumb Code    54  rt_list.o(i.rt_put_prio)
    rt_put_rdy_first                         0x00006041   Thumb Code    14  rt_list.o(i.rt_put_rdy_first)
    rt_resort_prio                           0x00006055   Thumb Code    46  rt_list.o(i.rt_resort_prio)
    rt_ret_val                               0x00006089   Thumb Code     6  hal_cm.o(i.rt_ret_val)
    rt_ret_val2                              0x0000608f   Thumb Code     8  hal_cm.o(i.rt_ret_val2)
    rt_rmv_dly                               0x00006097   Thumb Code    40  rt_list.o(i.rt_rmv_dly)
    rt_rmv_list                              0x000060c1   Thumb Code    44  rt_list.o(i.rt_rmv_list)
    rt_sem_psh                               0x000060f1   Thumb Code    48  rt_semaphore.o(i.rt_sem_psh)
    rt_stk_check                             0x00006125   Thumb Code    28  rt_system.o(i.rt_stk_check)
    rt_switch_req                            0x00006149   Thumb Code    30  rt_task.o(i.rt_switch_req)
    rt_sys_init                              0x00006171   Thumb Code   138  rt_task.o(i.rt_sys_init)
    rt_sys_start                             0x0000623d   Thumb Code   110  rt_task.o(i.rt_sys_start)
    rt_systick                               0x000062b5   Thumb Code    50  rt_system.o(i.rt_systick)
    rt_tsk_create                            0x0000633d   Thumb Code   118  rt_task.o(i.rt_tsk_create)
    rt_tsk_delete                            0x000063c5   Thumb Code   352  rt_task.o(i.rt_tsk_delete)
    rt_tsk_prio                              0x00006541   Thumb Code   108  rt_task.o(i.rt_tsk_prio)
    rt_tsk_self                              0x000065bd   Thumb Code    12  rt_task.o(i.rt_tsk_self)
    svcDelay                                 0x00006681   Thumb Code    18  rt_cmsis.o(i.svcDelay)
    svcKernelInitialize                      0x00006695   Thumb Code    80  rt_cmsis.o(i.svcKernelInitialize)
    svcKernelStart                           0x00006705   Thumb Code    62  rt_cmsis.o(i.svcKernelStart)
    svcMessageCreate                         0x0000674d   Thumb Code    36  rt_cmsis.o(i.svcMessageCreate)
    svcSignalSet                             0x00006771   Thumb Code    36  rt_cmsis.o(i.svcSignalSet)
    svcSignalWait                            0x00006795   Thumb Code    80  rt_cmsis.o(i.svcSignalWait)
    svcThreadCreate                          0x000067e9   Thumb Code    96  rt_cmsis.o(i.svcThreadCreate)
    svcThreadGetId                           0x00006855   Thumb Code    22  rt_cmsis.o(i.svcThreadGetId)
    svcThreadTerminate                       0x00006871   Thumb Code    50  rt_cmsis.o(i.svcThreadTerminate)
    sysTimerTick                             0x000068a9   Thumb Code    84  rt_cmsis.o(i.sysTimerTick)
    os_thread_def_IA                         0x00006a40   Data          16  main.o(.constdata)
    os_thread_def_CANthreadT_IA              0x00006a50   Data          16  main.o(.constdata)
    GLCD_Font_6x8                            0x000082e0   Data          16  glcd_fonts.o(.constdata)
    GLCD_Font_16x24                          0x000082f0   Data          16  glcd_fonts.o(.constdata)
    LED_PIN                                  0x00008300   Data          16  led_mcb1700.o(.constdata)
    os_maxtaskrun                            0x00008310   Data           2  rtx_conf_cm.o(.constdata)
    os_stackinfo                             0x00008314   Data           4  rtx_conf_cm.o(.constdata)
    os_rrobin                                0x00008318   Data           4  rtx_conf_cm.o(.constdata)
    os_tickfreq                              0x0000831c   Data           4  rtx_conf_cm.o(.constdata)
    os_tickus_i                              0x00008320   Data           2  rtx_conf_cm.o(.constdata)
    os_tickus_f                              0x00008322   Data           2  rtx_conf_cm.o(.constdata)
    os_trv                                   0x00008324   Data           4  rtx_conf_cm.o(.constdata)
    os_flags                                 0x00008328   Data           1  rtx_conf_cm.o(.constdata)
    CMSIS_RTOS_API_Version                   0x0000832c   Data           4  rtx_conf_cm.o(.constdata)
    CMSIS_RTOS_RTX_Version                   0x00008330   Data           4  rtx_conf_cm.o(.constdata)
    os_clockrate                             0x00008334   Data           4  rtx_conf_cm.o(.constdata)
    os_timernum                              0x00008338   Data           4  rtx_conf_cm.o(.constdata)
    mp_tcb_size                              0x0000833c   Data           2  rtx_conf_cm.o(.constdata)
    mp_stk_size                              0x00008340   Data           4  rtx_conf_cm.o(.constdata)
    os_stack_sz                              0x00008344   Data           4  rtx_conf_cm.o(.constdata)
    os_fifo_size                             0x00008348   Data           1  rtx_conf_cm.o(.constdata)
    os_thread_def_osTimerThread              0x0000834c   Data          16  rtx_conf_cm.o(.constdata)
    os_messageQ_def_osTimerMessageQ          0x0000835c   Data           8  rtx_conf_cm.o(.constdata)
    mp_tmr_size                              0x00008364   Data           2  rtx_conf_cm.o(.constdata)
    os_thread_def_main                       0x00008368   Data          16  rtx_conf_cm.o(.constdata)
    Driver_CAN1                              0x00008390   Data          60  can_lpc17xx.o(.constdata)
    Driver_SPI1                              0x0000841c   Data          44  ssp_lpc17xx.o(.constdata)
    Driver_USART1                            0x00008654   Data          56  uart_lpc17xx.o(.constdata)
    Driver_USART2                            0x0000868c   Data          56  uart_lpc17xx.o(.constdata)
    Region$$Table$$Base                      0x000086c4   Number         0  anon$$obj.o(Region$$Table)
    Region$$Table$$Limit                     0x000086e4   Number         0  anon$$obj.o(Region$$Table)
    id_IAthread                              0x10000000   Data           4  main.o(.data)
    id_CANthreadT_IA                         0x10000004   Data           4  main.o(.data)
    resultat                                 0x10000008   Data           4  main.o(.data)
    osThreadId_osTimerThread                 0x10000020   Data           4  rtx_conf_cm.o(.data)
    osMessageQId_osTimerMessageQ             0x10000024   Data           4  rtx_conf_cm.o(.data)
    os_tmr                                   0x10000028   Data           4  rtx_conf_cm.o(.data)
    m_tmr                                    0x1000002c   Data           4  rtx_conf_cm.o(.data)
    SystemCoreClock                          0x10000068   Data           4  system_lpc17xx.o(.data)
    os_initialized                           0x1000006c   Data           1  rt_cmsis.o(.data)
    os_running                               0x1000006d   Data           1  rt_cmsis.o(.data)
    os_timer_head                            0x10000070   Data           4  rt_cmsis.o(.data)
    os_tsk                                   0x10000074   Data           8  rt_task.o(.data)
    os_tick_irqn                             0x10000080   Data           4  rt_system.o(.data)
    os_time                                  0x10000084   Data           4  rt_time.o(.data)
    os_robin                                 0x10000088   Data           8  rt_robin.o(.data)
    dbg_msg                                  0x10000090   Data           1  hal_cm.o(.data)
    tab                                      0x10000094   Data          15  main.o(.bss)
    mp_tcb                                   0x100000a8   Data         324  rtx_conf_cm.o(.bss)
    mp_stk                                   0x100001f0   Data        4816  rtx_conf_cm.o(.bss)
    os_stack_mem                             0x100014c0   Data         824  rtx_conf_cm.o(.bss)
    os_fifo                                  0x100017f8   Data         132  rtx_conf_cm.o(.bss)
    os_active_TCB                            0x1000187c   Data          24  rtx_conf_cm.o(.bss)
    os_messageQ_q_osTimerMessageQ            0x10001894   Data          16  rtx_conf_cm.o(.bss)
    os_idle_TCB                              0x10001c94   Data          52  rt_task.o(.bss)
    os_rdy                                   0x10001cc8   Data          24  rt_list.o(.bss)
    os_dly                                   0x10001ce0   Data          24  rt_list.o(.bss)
    __libspace_start                         0x10001cf8   Data          96  libspace.o(.bss)
    __temporary_stack_top$libspace           0x10001d58   Data           0  libspace.o(.bss)



==============================================================================

Memory Map of the image

  Image Entry point : 0x000000cd

  Load Region LR_IROM1 (Base: 0x00000000, Size: 0x00008778, Max: 0x00080000, ABSOLUTE)

    Execution Region ER_IROM1 (Base: 0x00000000, Size: 0x000086e4, Max: 0x00080000, ABSOLUTE)

    Base Addr    Size         Type   Attr      Idx    E Section Name        Object

    0x00000000   0x000000cc   Data   RO         1334    RESET               startup_lpc17xx.o
    0x000000cc   0x00000008   Code   RO         2604  * !!!main             c_w.l(__main.o)
    0x000000d4   0x00000034   Code   RO         2767    !!!scatter          c_w.l(__scatter.o)
    0x00000108   0x0000001a   Code   RO         2769    !!handler_copy      c_w.l(__scatter_copy.o)
    0x00000122   0x00000002   PAD
    0x00000124   0x0000001c   Code   RO         2771    !!handler_zi        c_w.l(__scatter_zi.o)
    0x00000140   0x00000002   Code   RO         2653    .ARM.Collect$$libinit$$00000000  c_w.l(libinit.o)
    0x00000142   0x00000000   Code   RO         2665    .ARM.Collect$$libinit$$00000002  c_w.l(libinit2.o)
    0x00000142   0x00000000   Code   RO         2667    .ARM.Collect$$libinit$$00000004  c_w.l(libinit2.o)
    0x00000142   0x00000000   Code   RO         2670    .ARM.Collect$$libinit$$0000000A  c_w.l(libinit2.o)
    0x00000142   0x00000000   Code   RO         2672    .ARM.Collect$$libinit$$0000000C  c_w.l(libinit2.o)
    0x00000142   0x00000000   Code   RO         2674    .ARM.Collect$$libinit$$0000000E  c_w.l(libinit2.o)
    0x00000142   0x00000000   Code   RO         2677    .ARM.Collect$$libinit$$00000011  c_w.l(libinit2.o)
    0x00000142   0x00000000   Code   RO         2679    .ARM.Collect$$libinit$$00000013  c_w.l(libinit2.o)
    0x00000142   0x00000000   Code   RO         2681    .ARM.Collect$$libinit$$00000015  c_w.l(libinit2.o)
    0x00000142   0x00000000   Code   RO         2683    .ARM.Collect$$libinit$$00000017  c_w.l(libinit2.o)
    0x00000142   0x00000000   Code   RO         2685    .ARM.Collect$$libinit$$00000019  c_w.l(libinit2.o)
    0x00000142   0x00000000   Code   RO         2687    .ARM.Collect$$libinit$$0000001B  c_w.l(libinit2.o)
    0x00000142   0x00000000   Code   RO         2689    .ARM.Collect$$libinit$$0000001D  c_w.l(libinit2.o)
    0x00000142   0x00000000   Code   RO         2691    .ARM.Collect$$libinit$$0000001F  c_w.l(libinit2.o)
    0x00000142   0x00000000   Code   RO         2693    .ARM.Collect$$libinit$$00000021  c_w.l(libinit2.o)
    0x00000142   0x00000000   Code   RO         2695    .ARM.Collect$$libinit$$00000023  c_w.l(libinit2.o)
    0x00000142   0x00000000   Code   RO         2697    .ARM.Collect$$libinit$$00000025  c_w.l(libinit2.o)
    0x00000142   0x00000000   Code   RO         2701    .ARM.Collect$$libinit$$0000002C  c_w.l(libinit2.o)
    0x00000142   0x00000000   Code   RO         2703    .ARM.Collect$$libinit$$0000002E  c_w.l(libinit2.o)
    0x00000142   0x00000000   Code   RO         2705    .ARM.Collect$$libinit$$00000030  c_w.l(libinit2.o)
    0x00000142   0x00000000   Code   RO         2707    .ARM.Collect$$libinit$$00000032  c_w.l(libinit2.o)
    0x00000142   0x00000002   Code   RO         2708    .ARM.Collect$$libinit$$00000033  c_w.l(libinit2.o)
    0x00000144   0x00000002   Code   RO         2654    .ARM.Collect$$libshutdown$$00000000  c_w.l(libshutdown.o)
    0x00000146   0x00000000   Code   RO         2710    .ARM.Collect$$libshutdown$$00000002  c_w.l(libshutdown2.o)
    0x00000146   0x00000000   Code   RO         2712    .ARM.Collect$$libshutdown$$00000004  c_w.l(libshutdown2.o)
    0x00000146   0x00000000   Code   RO         2715    .ARM.Collect$$libshutdown$$00000007  c_w.l(libshutdown2.o)
    0x00000146   0x00000000   Code   RO         2718    .ARM.Collect$$libshutdown$$0000000A  c_w.l(libshutdown2.o)
    0x00000146   0x00000000   Code   RO         2720    .ARM.Collect$$libshutdown$$0000000C  c_w.l(libshutdown2.o)
    0x00000146   0x00000000   Code   RO         2723    .ARM.Collect$$libshutdown$$0000000F  c_w.l(libshutdown2.o)
    0x00000146   0x00000002   Code   RO         2724    .ARM.Collect$$libshutdown$$00000010  c_w.l(libshutdown2.o)
    0x00000148   0x00000000   Code   RO         2606    .ARM.Collect$$rtentry$$00000000  c_w.l(__rtentry.o)
    0x00000148   0x00000000   Code   RO         2616    .ARM.Collect$$rtentry$$00000002  c_w.l(__rtentry2.o)
    0x00000148   0x00000006   Code   RO         2628    .ARM.Collect$$rtentry$$00000004  c_w.l(__rtentry4.o)
    0x0000014e   0x00000000   Code   RO         2618    .ARM.Collect$$rtentry$$00000009  c_w.l(__rtentry2.o)
    0x0000014e   0x00000004   Code   RO         2619    .ARM.Collect$$rtentry$$0000000A  c_w.l(__rtentry2.o)
    0x00000152   0x00000008   Code   RO         2620    .ARM.Collect$$rtentry$$0000000B  c_w.l(__rtentry2.o)
    0x0000015a   0x00000008   Code   RO         2622    .ARM.Collect$$rtentry$$0000000D  c_w.l(__rtentry2.o)
    0x00000162   0x00000002   Code   RO         2607    .ARM.Collect$$rtexit$$00000000  c_w.l(rtexit.o)
    0x00000164   0x00000000   Code   RO         2631    .ARM.Collect$$rtexit$$00000002  c_w.l(rtexit2.o)
    0x00000164   0x00000004   Code   RO         2632    .ARM.Collect$$rtexit$$00000003  c_w.l(rtexit2.o)
    0x00000168   0x00000006   Code   RO         2633    .ARM.Collect$$rtexit$$00000004  c_w.l(rtexit2.o)
    0x0000016e   0x00000002   PAD
    0x00000170   0x0000001c   Code   RO          420    .emb_text           rtx_conf_cm.o
    0x0000018c   0x00000130   Code   RO         2576    .emb_text           RTX_CM3.lib(hal_cm3.o)
    0x000002bc   0x0000003c   Code   RO         1336    .text               startup_lpc17xx.o
    0x000002f8   0x00000002   Code   RO         2655    .text               c_w.l(use_no_semi.o)
    0x000002fa   0x00000000   Code   RO         2657    .text               c_w.l(indicate_semi.o)
    0x000002fa   0x00000002   Code   RO         2123    i.os_tick_irqack    RTX_CM3.lib(rt_system.o)
    0x000002fc   0x00000004   Code   RO         1335    .ARM.__at_0x02FC    startup_lpc17xx.o
    0x00000300   0x00000008   Code   RO         2591    .text               c_w.l(libspace.o)
    0x00000308   0x000000ee   Code   RO         2594    .text               c_w.l(lludivv7m.o)
    0x000003f6   0x00000012   Code   RO         2596    .text               c_w.l(exit.o)
    0x00000408   0x0000008a   Code   RO         2598    .text               c_w.l(rt_memcpy_v6.o)
    0x00000492   0x0000004e   Code   RO         2600    .text               c_w.l(rt_memclr_w.o)
    0x000004e0   0x00000006   Code   RO         2602    .text               c_w.l(heapauxi.o)
    0x000004e6   0x00000064   Code   RO         2613    .text               c_w.l(rt_memcpy_w.o)
    0x0000054a   0x00000002   PAD
    0x0000054c   0x0000000c   Code   RO         2639    .text               c_w.l(sys_exit.o)
    0x00000558   0x0000004a   Code   RO         2641    .text               c_w.l(sys_stackheap_outer.o)
    0x000005a2   0x00000002   PAD
    0x000005a4   0x00000004   Code   RO         2586    SVC_TABLE           RTX_CM3.lib(svc_table.o)
    0x000005a8   0x00000012   Code   RO          481    i.CAN1_Control      can_lpc17xx.o
    0x000005ba   0x0000000a   Code   RO          482    i.CAN1_GetClock     can_lpc17xx.o
    0x000005c4   0x0000000c   Code   RO          483    i.CAN1_GetStatus    can_lpc17xx.o
    0x000005d0   0x00000012   Code   RO          484    i.CAN1_Initialize   can_lpc17xx.o
    0x000005e2   0x0000001c   Code   RO          485    i.CAN1_MessageRead  can_lpc17xx.o
    0x000005fe   0x0000001c   Code   RO          486    i.CAN1_MessageSend  can_lpc17xx.o
    0x0000061a   0x00000012   Code   RO          487    i.CAN1_ObjectConfigure  can_lpc17xx.o
    0x0000062c   0x00000010   Code   RO          488    i.CAN1_ObjectGetCapabilities  can_lpc17xx.o
    0x0000063c   0x0000001c   Code   RO          489    i.CAN1_ObjectSetFilter  can_lpc17xx.o
    0x00000658   0x0000000e   Code   RO          490    i.CAN1_PowerControl  can_lpc17xx.o
    0x00000666   0x00000016   Code   RO          491    i.CAN1_SetBitrate   can_lpc17xx.o
    0x0000067c   0x0000000e   Code   RO          492    i.CAN1_SetMode      can_lpc17xx.o
    0x0000068a   0x0000000a   Code   RO          493    i.CAN1_Uninitialize  can_lpc17xx.o
    0x00000694   0x0000000c   Code   RO          494    i.CAN_GetCapabilities  can_lpc17xx.o
    0x000006a0   0x00000010   Code   RO          495    i.CAN_GetVersion    can_lpc17xx.o
    0x000006b0   0x000001d8   Code   RO          496    i.CAN_IRQHandler    can_lpc17xx.o
    0x00000888   0x00000074   Code   RO            1    i.CANthreadT_IA     main.o
    0x000008fc   0x00000434   Code   RO          497    i.CANx_AddFilter    can_lpc17xx.o
    0x00000d30   0x00000080   Code   RO          498    i.CANx_Control      can_lpc17xx.o
    0x00000db0   0x000000a4   Code   RO          499    i.CANx_GetClock     can_lpc17xx.o
    0x00000e54   0x000000d4   Code   RO          500    i.CANx_GetStatus    can_lpc17xx.o
    0x00000f28   0x0000005c   Code   RO          501    i.CANx_Initialize   can_lpc17xx.o
    0x00000f84   0x000000b4   Code   RO          502    i.CANx_MessageRead  can_lpc17xx.o
    0x00001038   0x00000240   Code   RO          503    i.CANx_MessageSend  can_lpc17xx.o
    0x00001278   0x0000008c   Code   RO          504    i.CANx_ObjectConfigure  can_lpc17xx.o
    0x00001304   0x00000028   Code   RO          505    i.CANx_ObjectGetCapabilities  can_lpc17xx.o
    0x0000132c   0x000000a4   Code   RO          506    i.CANx_ObjectSetFilter  can_lpc17xx.o
    0x000013d0   0x00000148   Code   RO          507    i.CANx_PowerControl  can_lpc17xx.o
    0x00001518   0x000003f4   Code   RO          508    i.CANx_RemoveFilter  can_lpc17xx.o
    0x0000190c   0x0000005c   Code   RO          509    i.CANx_ResetRuntimeInfo  can_lpc17xx.o
    0x00001968   0x00000134   Code   RO          510    i.CANx_SetBitrate   can_lpc17xx.o
    0x00001a9c   0x0000013c   Code   RO          511    i.CANx_SetMode      can_lpc17xx.o
    0x00001bd8   0x00000038   Code   RO          512    i.CANx_Uninitialize  can_lpc17xx.o
    0x00001c10   0x0000001c   Code   RO            2    i.CB_USART          main.o
    0x00001c2c   0x00000020   Code   RO         1155    i.Clear_Channel_active_flag  gpdma_lpc17xx.o
    0x00001c4c   0x00000180   Code   RO         1156    i.DMA_IRQHandler    gpdma_lpc17xx.o
    0x00001dcc   0x00000030   Code   RO          150    i.GLCD_ClearScreen  glcd_mcb1700.o
    0x00001dfc   0x000005b6   Code   RO          161    i.GLCD_Initialize   glcd_mcb1700.o
    0x000023b2   0x00000002   PAD
    0x000023b4   0x00000010   Code   RO          163    i.GLCD_SetFont      glcd_mcb1700.o
    0x000023c4   0x000000ac   Code   RO          165    i.GLCD_SetWindow    glcd_mcb1700.o
    0x00002470   0x00000012   Code   RO          168    i.GLCD_WindowMax    glcd_mcb1700.o
    0x00002482   0x00000002   PAD
    0x00002484   0x000000f4   Code   RO         1157    i.GPDMA_ChannelConfigure  gpdma_lpc17xx.o
    0x00002578   0x00000030   Code   RO         1158    i.GPDMA_ChannelDisable  gpdma_lpc17xx.o
    0x000025a8   0x00000030   Code   RO         1160    i.GPDMA_ChannelGetCount  gpdma_lpc17xx.o
    0x000025d8   0x000000b0   Code   RO         1162    i.GPDMA_Initialize  gpdma_lpc17xx.o
    0x00002688   0x00000044   Code   RO         1163    i.GPDMA_PeripheralSelect  gpdma_lpc17xx.o
    0x000026cc   0x00000080   Code   RO         1164    i.GPDMA_Uninitialize  gpdma_lpc17xx.o
    0x0000274c   0x00000020   Code   RO         1245    i.GPIO_PinRead      gpio_lpc17xx.o
    0x0000276c   0x00000028   Code   RO         1246    i.GPIO_PinWrite     gpio_lpc17xx.o
    0x00002794   0x0000002c   Code   RO         1247    i.GPIO_PortClock    gpio_lpc17xx.o
    0x000027c0   0x00000038   Code   RO         1250    i.GPIO_SetDir       gpio_lpc17xx.o
    0x000027f8   0x00000044   Code   RO          683    i.GetSSPClockFreq   ssp_lpc17xx.o
    0x0000283c   0x00000044   Code   RO          857    i.GetUsartClockFreq  uart_lpc17xx.o
    0x00002880   0x00000074   Code   RO            3    i.IA                main.o
    0x000028f4   0x00000048   Code   RO            4    i.InitCan1          main.o
    0x0000293c   0x0000003c   Code   RO            5    i.Init_UART2        main.o
    0x00002978   0x0000005c   Code   RO          376    i.LED_Initialize    led_mcb1700.o
    0x000029d4   0x000000fc   Code   RO         1299    i.PIN_Configure     pin_lpc17xx.o
    0x00002ad0   0x00000018   Code   RO          684    i.SSP1_Control      ssp_lpc17xx.o
    0x00002ae8   0x00000014   Code   RO          685    i.SSP1_GPDMA_Rx_SignalEvent  ssp_lpc17xx.o
    0x00002afc   0x00000014   Code   RO          686    i.SSP1_GPDMA_Tx_SignalEvent  ssp_lpc17xx.o
    0x00002b10   0x00000010   Code   RO          687    i.SSP1_GetDataCount  ssp_lpc17xx.o
    0x00002b20   0x00000010   Code   RO          688    i.SSP1_GetStatus    ssp_lpc17xx.o
    0x00002b30   0x00000010   Code   RO          689    i.SSP1_IRQHandler   ssp_lpc17xx.o
    0x00002b40   0x00000014   Code   RO          690    i.SSP1_Initialize   ssp_lpc17xx.o
    0x00002b54   0x00000014   Code   RO          691    i.SSP1_PowerControl  ssp_lpc17xx.o
    0x00002b68   0x00000018   Code   RO          692    i.SSP1_Receive      ssp_lpc17xx.o
    0x00002b80   0x00000018   Code   RO          693    i.SSP1_Send         ssp_lpc17xx.o
    0x00002b98   0x0000001c   Code   RO          694    i.SSP1_Transfer     ssp_lpc17xx.o
    0x00002bb4   0x00000010   Code   RO          695    i.SSP1_Uninitialize  ssp_lpc17xx.o
    0x00002bc4   0x0000000c   Code   RO          696    i.SSP_GetCapabilities  ssp_lpc17xx.o
    0x00002bd0   0x00000010   Code   RO          697    i.SSP_GetVersion    ssp_lpc17xx.o
    0x00002be0   0x0000051e   Code   RO          698    i.SSPx_Control      ssp_lpc17xx.o
    0x000030fe   0x00000036   Code   RO          699    i.SSPx_GPDMA_Rx_SignalEvent  ssp_lpc17xx.o
    0x00003134   0x0000001c   Code   RO          700    i.SSPx_GPDMA_Tx_SignalEvent  ssp_lpc17xx.o
    0x00003150   0x0000002c   Code   RO          701    i.SSPx_GetDataCount  ssp_lpc17xx.o
    0x0000317c   0x0000005a   Code   RO          702    i.SSPx_GetStatus    ssp_lpc17xx.o
    0x000031d6   0x00000104   Code   RO          703    i.SSPx_IRQHandler   ssp_lpc17xx.o
    0x000032da   0x000000a8   Code   RO          704    i.SSPx_Initialize   ssp_lpc17xx.o
    0x00003382   0x00000002   PAD
    0x00003384   0x000001bc   Code   RO          705    i.SSPx_PowerControl  ssp_lpc17xx.o
    0x00003540   0x0000015c   Code   RO          706    i.SSPx_Receive      ssp_lpc17xx.o
    0x0000369c   0x00000154   Code   RO          707    i.SSPx_Send         ssp_lpc17xx.o
    0x000037f0   0x00000152   Code   RO          708    i.SSPx_Transfer     ssp_lpc17xx.o
    0x00003942   0x00000070   Code   RO          709    i.SSPx_Uninitialize  ssp_lpc17xx.o
    0x000039b2   0x00000002   PAD
    0x000039b4   0x00000038   Code   RO         1165    i.Set_Channel_active_flag  gpdma_lpc17xx.o
    0x000039ec   0x00000140   Code   RO         1346    i.SystemInit        system_lpc17xx.o
    0x00003b2c   0x00000010   Code   RO          858    i.UART1_IRQHandler  uart_lpc17xx.o
    0x00003b3c   0x00000010   Code   RO          859    i.UART2_IRQHandler  uart_lpc17xx.o
    0x00003b4c   0x00000018   Code   RO          860    i.USART1_Control    uart_lpc17xx.o
    0x00003b64   0x00000014   Code   RO          861    i.USART1_GPDMA_Rx_Event  uart_lpc17xx.o
    0x00003b78   0x00000014   Code   RO          862    i.USART1_GPDMA_Tx_Event  uart_lpc17xx.o
    0x00003b8c   0x00000010   Code   RO          863    i.USART1_GetCapabilities  uart_lpc17xx.o
    0x00003b9c   0x00000010   Code   RO          864    i.USART1_GetModemStatus  uart_lpc17xx.o
    0x00003bac   0x00000010   Code   RO          865    i.USART1_GetRxCount  uart_lpc17xx.o
    0x00003bbc   0x00000010   Code   RO          866    i.USART1_GetStatus  uart_lpc17xx.o
    0x00003bcc   0x00000010   Code   RO          867    i.USART1_GetTxCount  uart_lpc17xx.o
    0x00003bdc   0x00000014   Code   RO          868    i.USART1_Initialize  uart_lpc17xx.o
    0x00003bf0   0x00000014   Code   RO          869    i.USART1_PowerControl  uart_lpc17xx.o
    0x00003c04   0x00000018   Code   RO          870    i.USART1_Receive    uart_lpc17xx.o
    0x00003c1c   0x00000018   Code   RO          871    i.USART1_Send       uart_lpc17xx.o
    0x00003c34   0x00000014   Code   RO          872    i.USART1_SetModemControl  uart_lpc17xx.o
    0x00003c48   0x0000001c   Code   RO          873    i.USART1_Transfer   uart_lpc17xx.o
    0x00003c64   0x00000010   Code   RO          874    i.USART1_Uninitialize  uart_lpc17xx.o
    0x00003c74   0x00000018   Code   RO          875    i.USART2_Control    uart_lpc17xx.o
    0x00003c8c   0x00000014   Code   RO          876    i.USART2_GPDMA_Rx_Event  uart_lpc17xx.o
    0x00003ca0   0x00000014   Code   RO          877    i.USART2_GPDMA_Tx_Event  uart_lpc17xx.o
    0x00003cb4   0x00000010   Code   RO          878    i.USART2_GetCapabilities  uart_lpc17xx.o
    0x00003cc4   0x00000010   Code   RO          879    i.USART2_GetModemStatus  uart_lpc17xx.o
    0x00003cd4   0x00000010   Code   RO          880    i.USART2_GetRxCount  uart_lpc17xx.o
    0x00003ce4   0x00000010   Code   RO          881    i.USART2_GetStatus  uart_lpc17xx.o
    0x00003cf4   0x00000010   Code   RO          882    i.USART2_GetTxCount  uart_lpc17xx.o
    0x00003d04   0x00000014   Code   RO          883    i.USART2_Initialize  uart_lpc17xx.o
    0x00003d18   0x00000014   Code   RO          884    i.USART2_PowerControl  uart_lpc17xx.o
    0x00003d2c   0x00000018   Code   RO          885    i.USART2_Receive    uart_lpc17xx.o
    0x00003d44   0x00000018   Code   RO          886    i.USART2_Send       uart_lpc17xx.o
    0x00003d5c   0x00000014   Code   RO          887    i.USART2_SetModemControl  uart_lpc17xx.o
    0x00003d70   0x0000001c   Code   RO          888    i.USART2_Transfer   uart_lpc17xx.o
    0x00003d8c   0x00000010   Code   RO          889    i.USART2_Uninitialize  uart_lpc17xx.o
    0x00003d9c   0x00000670   Code   RO          890    i.USART_Control     uart_lpc17xx.o
    0x0000440c   0x00000086   Code   RO          891    i.USART_GPDMA_Rx_Event  uart_lpc17xx.o
    0x00004492   0x0000004a   Code   RO          892    i.USART_GPDMA_Tx_Event  uart_lpc17xx.o
    0x000044dc   0x00000006   Code   RO          893    i.USART_GetCapabilities  uart_lpc17xx.o
    0x000044e2   0x000000ec   Code   RO          894    i.USART_GetModemStatus  uart_lpc17xx.o
    0x000045ce   0x0000001c   Code   RO          895    i.USART_GetRxCount  uart_lpc17xx.o
    0x000045ea   0x000000bc   Code   RO          896    i.USART_GetStatus   uart_lpc17xx.o
    0x000046a6   0x0000001c   Code   RO          897    i.USART_GetTxCount  uart_lpc17xx.o
    0x000046c2   0x0000026c   Code   RO          898    i.USART_IRQHandler  uart_lpc17xx.o
    0x0000492e   0x000000fe   Code   RO          899    i.USART_Initialize  uart_lpc17xx.o
    0x00004a2c   0x00000254   Code   RO          900    i.USART_PowerControl  uart_lpc17xx.o
    0x00004c80   0x00000110   Code   RO          901    i.USART_Receive     uart_lpc17xx.o
    0x00004d90   0x00000068   Code   RO          902    i.USART_RxLineIntHandler  uart_lpc17xx.o
    0x00004df8   0x0000019c   Code   RO          903    i.USART_Send        uart_lpc17xx.o
    0x00004f94   0x00000134   Code   RO          904    i.USART_SetBaudrate  uart_lpc17xx.o
    0x000050c8   0x000000a0   Code   RO          905    i.USART_SetModemControl  uart_lpc17xx.o
    0x00005168   0x0000007a   Code   RO          906    i.USART_Transfer    uart_lpc17xx.o
    0x000051e2   0x000000e2   Code   RO          907    i.USART_Uninitialize  uart_lpc17xx.o
    0x000052c4   0x00000010   Code   RO          908    i.USARTx_GetVersion  uart_lpc17xx.o
    0x000052d4   0x0000001c   Code   RO          710    i.__NVIC_ClearPendingIRQ  ssp_lpc17xx.o
    0x000052f0   0x0000001c   Code   RO          909    i.__NVIC_ClearPendingIRQ  uart_lpc17xx.o
    0x0000530c   0x0000001c   Code   RO         1166    i.__NVIC_ClearPendingIRQ  gpdma_lpc17xx.o
    0x00005328   0x00000046   Code   RO         2475    i._init_box         RTX_CM3.lib(rt_membox.o)
    0x0000536e   0x00000002   PAD
    0x00005370   0x00000020   Code   RO          422    i._mutex_acquire    rtx_conf_cm.o
    0x00005390   0x0000001c   Code   RO          424    i._mutex_release    rtx_conf_cm.o
    0x000053ac   0x00000078   Code   RO          111    i.datasend          haut-parleur.o
    0x00005424   0x00000030   Code   RO         2528    i.dbg_init          RTX_CM3.lib(hal_cm.o)
    0x00005454   0x00000020   Code   RO         2529    i.dbg_task_notify   RTX_CM3.lib(hal_cm.o)
    0x00005474   0x00000010   Code   RO         2530    i.dbg_task_switch   RTX_CM3.lib(hal_cm.o)
    0x00005484   0x0000002c   Code   RO          169    i.delay_ms          glcd_mcb1700.o
    0x000054b0   0x0000000e   Code   RO          112    i.haut_parleurs     haut-parleur.o
    0x000054be   0x0000002c   Code   RO         1382    i.isrMessagePut     RTX_CM3.lib(rt_cmsis.o)
    0x000054ea   0x00000024   Code   RO         1384    i.isrSignalSet      RTX_CM3.lib(rt_cmsis.o)
    0x0000550e   0x00000002   PAD
    0x00005510   0x00000028   Code   RO         2212    i.isr_evt_set       RTX_CM3.lib(rt_event.o)
    0x00005538   0x0000000e   Code   RO         2331    i.isr_mbx_send      RTX_CM3.lib(rt_mailbox.o)
    0x00005546   0x00000002   PAD
    0x00005548   0x0000005c   Code   RO            6    i.main              main.o
    0x000055a4   0x00000018   Code   RO         1385    i.osDelay           RTX_CM3.lib(rt_cmsis.o)
    0x000055bc   0x00000024   Code   RO         1386    i.osKernelInitialize  RTX_CM3.lib(rt_cmsis.o)
    0x000055e0   0x0000006c   Code   RO         1388    i.osKernelStart     RTX_CM3.lib(rt_cmsis.o)
    0x0000564c   0x00000018   Code   RO         1412    i.osSignalSet       RTX_CM3.lib(rt_cmsis.o)
    0x00005664   0x00000018   Code   RO         1413    i.osSignalWait      RTX_CM3.lib(rt_cmsis.o)
    0x0000567c   0x0000002c   Code   RO         1414    i.osThreadCreate    RTX_CM3.lib(rt_cmsis.o)
    0x000056a8   0x00000018   Code   RO         1415    i.osThreadExit      RTX_CM3.lib(rt_cmsis.o)
    0x000056c0   0x00000022   Code   RO          425    i.os_error          rtx_conf_cm.o
    0x000056e2   0x00000004   Code   RO          426    i.os_idle_demon     rtx_conf_cm.o
    0x000056e6   0x00000002   PAD
    0x000056e8   0x00000028   Code   RO         2122    i.os_tick_init      RTX_CM3.lib(rt_system.o)
    0x00005710   0x00000044   Code   RO          170    i.rd_dat            glcd_mcb1700.o
    0x00005754   0x000000c8   Code   RO          171    i.rd_id_man         glcd_mcb1700.o
    0x0000581c   0x00000010   Code   RO          172    i.rd_reg            glcd_mcb1700.o
    0x0000582c   0x0000001a   Code   RO         2476    i.rt_alloc_box      RTX_CM3.lib(rt_membox.o)
    0x00005846   0x0000003e   Code   RO         2504    i.rt_alloc_mem      RTX_CM3.lib(rt_memory.o)
    0x00005884   0x00000038   Code   RO         2003    i.rt_block          RTX_CM3.lib(rt_task.o)
    0x000058bc   0x00000048   Code   RO         2453    i.rt_chk_robin      RTX_CM3.lib(rt_robin.o)
    0x00005904   0x00000070   Code   RO         2254    i.rt_dec_dly        RTX_CM3.lib(rt_list.o)
    0x00005974   0x00000044   Code   RO         2004    i.rt_dispatch       RTX_CM3.lib(rt_task.o)
    0x000059b8   0x00000006   Code   RO         2420    i.rt_dly_wait       RTX_CM3.lib(rt_time.o)
    0x000059be   0x00000002   PAD
    0x000059c0   0x00000050   Code   RO         2215    i.rt_evt_psh        RTX_CM3.lib(rt_event.o)
    0x00005a10   0x0000005c   Code   RO         2216    i.rt_evt_set        RTX_CM3.lib(rt_event.o)
    0x00005a6c   0x0000003c   Code   RO         2217    i.rt_evt_wait       RTX_CM3.lib(rt_event.o)
    0x00005aa8   0x0000002c   Code   RO         2477    i.rt_free_box       RTX_CM3.lib(rt_membox.o)
    0x00005ad4   0x00000028   Code   RO         2505    i.rt_free_mem       RTX_CM3.lib(rt_memory.o)
    0x00005afc   0x00000028   Code   RO         2255    i.rt_get_first      RTX_CM3.lib(rt_list.o)
    0x00005b24   0x00000048   Code   RO         2005    i.rt_init_context   RTX_CM3.lib(rt_task.o)
    0x00005b6c   0x0000001a   Code   RO         2506    i.rt_init_mem       RTX_CM3.lib(rt_memory.o)
    0x00005b86   0x00000002   PAD
    0x00005b88   0x00000018   Code   RO         2454    i.rt_init_robin     RTX_CM3.lib(rt_robin.o)
    0x00005ba0   0x00000080   Code   RO         2531    i.rt_init_stack     RTX_CM3.lib(hal_cm.o)
    0x00005c20   0x00000008   Code   RO         2332    i.rt_mbx_check      RTX_CM3.lib(rt_mailbox.o)
    0x00005c28   0x0000001a   Code   RO         2333    i.rt_mbx_init       RTX_CM3.lib(rt_mailbox.o)
    0x00005c42   0x00000002   PAD
    0x00005c44   0x000000f0   Code   RO         2334    i.rt_mbx_psh        RTX_CM3.lib(rt_mailbox.o)
    0x00005d34   0x00000044   Code   RO         1432    i.rt_ms2tick        RTX_CM3.lib(rt_cmsis.o)
    0x00005d78   0x000000d8   Code   RO         2089    i.rt_mut_release    RTX_CM3.lib(rt_mutex.o)
    0x00005e50   0x00000078   Code   RO         2090    i.rt_mut_wait       RTX_CM3.lib(rt_mutex.o)
    0x00005ec8   0x0000007c   Code   RO         2126    i.rt_pop_req        RTX_CM3.lib(rt_system.o)
    0x00005f44   0x00000020   Code   RO         2127    i.rt_psh_req        RTX_CM3.lib(rt_system.o)
    0x00005f64   0x0000005c   Code   RO         2257    i.rt_psq_enq        RTX_CM3.lib(rt_list.o)
    0x00005fc0   0x00000048   Code   RO         2258    i.rt_put_dly        RTX_CM3.lib(rt_list.o)
    0x00006008   0x00000036   Code   RO         2259    i.rt_put_prio       RTX_CM3.lib(rt_list.o)
    0x0000603e   0x00000002   PAD
    0x00006040   0x00000014   Code   RO         2260    i.rt_put_rdy_first  RTX_CM3.lib(rt_list.o)
    0x00006054   0x00000034   Code   RO         2261    i.rt_resort_prio    RTX_CM3.lib(rt_list.o)
    0x00006088   0x00000006   Code   RO         2532    i.rt_ret_val        RTX_CM3.lib(hal_cm.o)
    0x0000608e   0x00000008   Code   RO         2533    i.rt_ret_val2       RTX_CM3.lib(hal_cm.o)
    0x00006096   0x00000028   Code   RO         2262    i.rt_rmv_dly        RTX_CM3.lib(rt_list.o)
    0x000060be   0x00000002   PAD
    0x000060c0   0x00000030   Code   RO         2263    i.rt_rmv_list       RTX_CM3.lib(rt_list.o)
    0x000060f0   0x00000034   Code   RO         2381    i.rt_sem_psh        RTX_CM3.lib(rt_semaphore.o)
    0x00006124   0x00000024   Code   RO         2129    i.rt_stk_check      RTX_CM3.lib(rt_system.o)
    0x00006148   0x00000028   Code   RO         2006    i.rt_switch_req     RTX_CM3.lib(rt_task.o)
    0x00006170   0x000000cc   Code   RO         2007    i.rt_sys_init       RTX_CM3.lib(rt_task.o)
    0x0000623c   0x00000078   Code   RO         2008    i.rt_sys_start      RTX_CM3.lib(rt_task.o)
    0x000062b4   0x00000040   Code   RO         2131    i.rt_systick        RTX_CM3.lib(rt_system.o)
    0x000062f4   0x00000012   Code   RO         1433    i.rt_tid2ptcb       RTX_CM3.lib(rt_cmsis.o)
    0x00006306   0x00000002   PAD
    0x00006308   0x00000034   Code   RO         1434    i.rt_timer_insert   RTX_CM3.lib(rt_cmsis.o)
    0x0000633c   0x00000088   Code   RO         2009    i.rt_tsk_create     RTX_CM3.lib(rt_task.o)
    0x000063c4   0x0000017c   Code   RO         2010    i.rt_tsk_delete     RTX_CM3.lib(rt_task.o)
    0x00006540   0x0000007c   Code   RO         2012    i.rt_tsk_prio       RTX_CM3.lib(rt_task.o)
    0x000065bc   0x00000010   Code   RO         2013    i.rt_tsk_self       RTX_CM3.lib(rt_task.o)
    0x000065cc   0x0000002c   Code   RO          173    i.spi_tran          glcd_mcb1700.o
    0x000065f8   0x00000088   Code   RO          174    i.spi_tran_man      glcd_mcb1700.o
    0x00006680   0x00000012   Code   RO         1436    i.svcDelay          RTX_CM3.lib(rt_cmsis.o)
    0x00006692   0x00000002   PAD
    0x00006694   0x00000070   Code   RO         1437    i.svcKernelInitialize  RTX_CM3.lib(rt_cmsis.o)
    0x00006704   0x00000048   Code   RO         1439    i.svcKernelStart    RTX_CM3.lib(rt_cmsis.o)
    0x0000674c   0x00000024   Code   RO         1442    i.svcMessageCreate  RTX_CM3.lib(rt_cmsis.o)
    0x00006770   0x00000024   Code   RO         1455    i.svcSignalSet      RTX_CM3.lib(rt_cmsis.o)
    0x00006794   0x00000054   Code   RO         1456    i.svcSignalWait     RTX_CM3.lib(rt_cmsis.o)
    0x000067e8   0x0000006c   Code   RO         1457    i.svcThreadCreate   RTX_CM3.lib(rt_cmsis.o)
    0x00006854   0x0000001c   Code   RO         1458    i.svcThreadGetId    RTX_CM3.lib(rt_cmsis.o)
    0x00006870   0x00000038   Code   RO         1461    i.svcThreadTerminate  RTX_CM3.lib(rt_cmsis.o)
    0x000068a8   0x0000005c   Code   RO         1472    i.sysTimerTick      RTX_CM3.lib(rt_cmsis.o)
    0x00006904   0x0000004c   Code   RO          175    i.wr_cmd            glcd_mcb1700.o
    0x00006950   0x00000034   Code   RO          177    i.wr_dat_only       glcd_mcb1700.o
    0x00006984   0x00000018   Code   RO          178    i.wr_dat_start      glcd_mcb1700.o
    0x0000699c   0x00000014   Code   RO          179    i.wr_dat_stop       glcd_mcb1700.o
    0x000069b0   0x00000090   Code   RO          180    i.wr_reg            glcd_mcb1700.o
    0x00006a40   0x00000020   Data   RO            8    .constdata          main.o
    0x00006a60   0x000018a0   Data   RO          138    .constdata          glcd_fonts.o
    0x00008300   0x00000010   Data   RO          381    .constdata          led_mcb1700.o
    0x00008310   0x00000068   Data   RO          428    .constdata          rtx_conf_cm.o
    0x00008378   0x00000054   Data   RO          513    .constdata          can_lpc17xx.o
    0x000083cc   0x0000007c   Data   RO          712    .constdata          ssp_lpc17xx.o
    0x00008448   0x0000027c   Data   RO          911    .constdata          uart_lpc17xx.o
    0x000086c4   0x00000020   Data   RO         2765    Region$$Table       anon$$obj.o


    Execution Region RW_IRAM1 (Base: 0x10000000, Size: 0x00001f58, Max: 0x00008000, ABSOLUTE)

    Base Addr    Size         Type   Attr      Idx    E Section Name        Object

    0x10000000   0x0000000c   Data   RW            9    .data               main.o
    0x1000000c   0x00000011   Data   RW          181    .data               glcd_mcb1700.o
    0x1000001d   0x00000003   PAD
    0x10000020   0x00000014   Data   RW          429    .data               rtx_conf_cm.o
    0x10000034   0x00000014   Data   RW          514    .data               can_lpc17xx.o
    0x10000048   0x00000010   Data   RW          713    .data               ssp_lpc17xx.o
    0x10000058   0x00000008   Data   RW          912    .data               uart_lpc17xx.o
    0x10000060   0x00000008   Data   RW         1168    .data               gpdma_lpc17xx.o
    0x10000068   0x00000004   Data   RW         1347    .data               system_lpc17xx.o
    0x1000006c   0x00000008   Data   RW         1475    .data               RTX_CM3.lib(rt_cmsis.o)
    0x10000074   0x00000008   Data   RW         2015    .data               RTX_CM3.lib(rt_task.o)
    0x1000007c   0x00000008   Data   RW         2134    .data               RTX_CM3.lib(rt_system.o)
    0x10000084   0x00000004   Data   RW         2424    .data               RTX_CM3.lib(rt_time.o)
    0x10000088   0x00000008   Data   RW         2455    .data               RTX_CM3.lib(rt_robin.o)
    0x10000090   0x00000001   Data   RW         2534    .data               RTX_CM3.lib(hal_cm.o)
    0x10000091   0x00000003   PAD
    0x10000094   0x0000000f   Zero   RW            7    .bss                main.o
    0x100000a3   0x00000005   PAD
    0x100000a8   0x00001abc   Zero   RW          427    .bss                rtx_conf_cm.o
    0x10001b64   0x00000028   Zero   RW          711    .bss                ssp_lpc17xx.o
    0x10001b8c   0x00000068   Zero   RW          910    .bss                uart_lpc17xx.o
    0x10001bf4   0x000000a0   Zero   RW         1167    .bss                gpdma_lpc17xx.o
    0x10001c94   0x00000034   Zero   RW         2014    .bss                RTX_CM3.lib(rt_task.o)
    0x10001cc8   0x00000030   Zero   RW         2264    .bss                RTX_CM3.lib(rt_list.o)
    0x10001cf8   0x00000060   Zero   RW         2592    .bss                c_w.l(libspace.o)
    0x10001d58   0x00000000   Zero   RW         1333    HEAP                startup_lpc17xx.o
    0x10001d58   0x00000200   Zero   RW         1332    STACK               startup_lpc17xx.o


==============================================================================

Image component sizes


      Code (inc. data)   RO Data    RW Data    ZI Data      Debug   Object Name

      5620        278         84         20          0      51608   can_lpc17xx.o
         0          0       6304          0          0        736   glcd_fonts.o
      2540         78          0         17          0      32564   glcd_mcb1700.o
      1212         94          0          8        160       8082   gpdma_lpc17xx.o
       172         18          0          0          0       2294   gpio_lpc17xx.o
       134         16          0          0          0       1147   haut-parleur.o
        92          4         16          0          0       1315   led_mcb1700.o
       484         68         32         12         15      25384   main.o
       252          6          0          0          0        804   pin_lpc17xx.o
       126         26        104         20       6844       9279   rtx_conf_cm.o
      3904        106        124         16         40      26740   ssp_lpc17xx.o
        64         26        204          0        512       1084   startup_lpc17xx.o
       320         18          0          4          0        891   system_lpc17xx.o
      6152        242        636          8        104      41500   uart_lpc17xx.o

    ----------------------------------------------------------------------
     21082        980       7536        108       7680     203428   Object Totals
         0          0         32          0          0          0   (incl. Generated)
        10          0          0          3          5          0   (incl. Padding)

    ----------------------------------------------------------------------

      Code (inc. data)   RO Data    RW Data    ZI Data      Debug   Library Member Name

       238         24          0          1          0       3268   hal_cm.o
       304         36          0          0          0        760   hal_cm3.o
      1144        144          0          8          0      32619   rt_cmsis.o
       272         18          0          0          0       2618   rt_event.o
       530         34          0          0         48       8169   rt_list.o
       288          4          0          0          0       2393   rt_mailbox.o
       140          0          0          0          0       1901   rt_membox.o
       128          0          0          0          0       2275   rt_memory.o
       336         14          0          0          0       1631   rt_mutex.o
        96         22          0          8          0       1134   rt_robin.o
        52          4          0          0          0        565   rt_semaphore.o
       298         52          0          8          0       6151   rt_system.o
      1216        174          0          8         52       9565   rt_task.o
         6          0          0          4          0        644   rt_time.o
         4          4          0          0          0        200   svc_table.o
         8          0          0          0          0         68   __main.o
         0          0          0          0          0          0   __rtentry.o
        20          0          0          0          0          0   __rtentry2.o
         6          0          0          0          0          0   __rtentry4.o
        52          8          0          0          0          0   __scatter.o
        26          0          0          0          0          0   __scatter_copy.o
        28          0          0          0          0          0   __scatter_zi.o
        18          0          0          0          0         80   exit.o
         6          0          0          0          0        152   heapauxi.o
         0          0          0          0          0          0   indicate_semi.o
         2          0          0          0          0          0   libinit.o
         2          0          0          0          0          0   libinit2.o
         2          0          0          0          0          0   libshutdown.o
         2          0          0          0          0          0   libshutdown2.o
         8          4          0          0         96         68   libspace.o
       238          0          0          0          0        100   lludivv7m.o
        78          0          0          0          0         80   rt_memclr_w.o
       138          0          0          0          0         68   rt_memcpy_v6.o
       100          0          0          0          0         80   rt_memcpy_w.o
         2          0          0          0          0          0   rtexit.o
        10          0          0          0          0          0   rtexit2.o
        12          4          0          0          0         68   sys_exit.o
        74          0          0          0          0         80   sys_stackheap_outer.o
         2          0          0          0          0         68   use_no_semi.o

    ----------------------------------------------------------------------
      5914        546          0         40        196      74805   Library Totals
        28          0          0          3          0          0   (incl. Padding)

    ----------------------------------------------------------------------

      Code (inc. data)   RO Data    RW Data    ZI Data      Debug   Library Name

      5052        530          0         37        100      73893   RTX_CM3.lib
       834         16          0          0         96        912   c_w.l

    ----------------------------------------------------------------------
      5914        546          0         40        196      74805   Library Totals

    ----------------------------------------------------------------------

==============================================================================


      Code (inc. data)   RO Data    RW Data    ZI Data      Debug   

     26996       1526       7536        148       7876     266217   Grand Totals
     26996       1526       7536        148       7876     266217   ELF Image Totals
     26996       1526       7536        148          0          0   ROM Totals

==============================================================================

    Total RO  Size (Code + RO Data)                34532 (  33.72kB)
    Total RW  Size (RW Data + ZI Data)              8024 (   7.84kB)
    Total ROM Size (Code + RO Data + RW Data)      34680 (  33.87kB)

==============================================================================

