<!doctype html public "-//w3c//dtd html 4.0 transitional//en">
<html><head>
<title>Static Call Graph - [.\Objects\pilotage.axf]</title></head>
<body><HR>
<H1>Static Call Graph for image .\Objects\pilotage.axf</H1><HR>
<BR><P>#&#060CALLGRAPH&#062# ARM Linker, 5060061: Last Updated: Mon Feb 12 14:18:31 2024
<BR><P>
<H3>Maximum Stack Usage =        120 bytes + Unknown(Functions without stacksize, Cycles, Untraceable Function Pointers)</H3><H3>
Call chain for Maximum Stack Depth:</H3>
USART2_Control &rArr; USART_Control &rArr; HAL_GPIO_Init
<P>
<H3>
Functions with no stack information
</H3><UL>
 <LI><a href="#[9b]">__user_initial_stackheap</a>
</UL>
</UL>
<P>
<H3>
Mutually Recursive functions
</H3> <LI><a href="#[4]">NMI_Handler</a>&nbsp;&nbsp;&nbsp;&rArr;&nbsp;&nbsp;&nbsp;<a href="#[4]">NMI_Handler</a><BR>
 <LI><a href="#[5]">HardFault_Handler</a>&nbsp;&nbsp;&nbsp;&rArr;&nbsp;&nbsp;&nbsp;<a href="#[5]">HardFault_Handler</a><BR>
 <LI><a href="#[6]">MemManage_Handler</a>&nbsp;&nbsp;&nbsp;&rArr;&nbsp;&nbsp;&nbsp;<a href="#[6]">MemManage_Handler</a><BR>
 <LI><a href="#[7]">BusFault_Handler</a>&nbsp;&nbsp;&nbsp;&rArr;&nbsp;&nbsp;&nbsp;<a href="#[7]">BusFault_Handler</a><BR>
 <LI><a href="#[8]">UsageFault_Handler</a>&nbsp;&nbsp;&nbsp;&rArr;&nbsp;&nbsp;&nbsp;<a href="#[8]">UsageFault_Handler</a><BR>
 <LI><a href="#[9]">SVC_Handler</a>&nbsp;&nbsp;&nbsp;&rArr;&nbsp;&nbsp;&nbsp;<a href="#[9]">SVC_Handler</a><BR>
 <LI><a href="#[a]">DebugMon_Handler</a>&nbsp;&nbsp;&nbsp;&rArr;&nbsp;&nbsp;&nbsp;<a href="#[a]">DebugMon_Handler</a><BR>
 <LI><a href="#[b]">PendSV_Handler</a>&nbsp;&nbsp;&nbsp;&rArr;&nbsp;&nbsp;&nbsp;<a href="#[b]">PendSV_Handler</a><BR>
 <LI><a href="#[c]">SysTick_Handler</a>&nbsp;&nbsp;&nbsp;&rArr;&nbsp;&nbsp;&nbsp;<a href="#[c]">SysTick_Handler</a><BR>
 <LI><a href="#[1f]">ADC_IRQHandler</a>&nbsp;&nbsp;&nbsp;&rArr;&nbsp;&nbsp;&nbsp;<a href="#[1f]">ADC_IRQHandler</a><BR>
 <LI><a href="#[c5]">USART_Send</a>&nbsp;&nbsp;&nbsp;&rArr;&nbsp;&nbsp;&nbsp;<a href="#[c4]">USART_Receive</a><BR>
</UL>
<P>
<H3>
Function Pointers
</H3><UL>
 <LI><a href="#[1f]">ADC_IRQHandler</a> from startup_stm32f407xx.o(.text) referenced from startup_stm32f407xx.o(RESET)
 <LI><a href="#[7]">BusFault_Handler</a> from startup_stm32f407xx.o(.text) referenced from startup_stm32f407xx.o(RESET)
 <LI><a href="#[21]">CAN1_RX0_IRQHandler</a> from startup_stm32f407xx.o(.text) referenced from startup_stm32f407xx.o(RESET)
 <LI><a href="#[22]">CAN1_RX1_IRQHandler</a> from startup_stm32f407xx.o(.text) referenced from startup_stm32f407xx.o(RESET)
 <LI><a href="#[23]">CAN1_SCE_IRQHandler</a> from startup_stm32f407xx.o(.text) referenced from startup_stm32f407xx.o(RESET)
 <LI><a href="#[20]">CAN1_TX_IRQHandler</a> from startup_stm32f407xx.o(.text) referenced from startup_stm32f407xx.o(RESET)
 <LI><a href="#[4d]">CAN2_RX0_IRQHandler</a> from startup_stm32f407xx.o(.text) referenced from startup_stm32f407xx.o(RESET)
 <LI><a href="#[4e]">CAN2_RX1_IRQHandler</a> from startup_stm32f407xx.o(.text) referenced from startup_stm32f407xx.o(RESET)
 <LI><a href="#[4f]">CAN2_SCE_IRQHandler</a> from startup_stm32f407xx.o(.text) referenced from startup_stm32f407xx.o(RESET)
 <LI><a href="#[4c]">CAN2_TX_IRQHandler</a> from startup_stm32f407xx.o(.text) referenced from startup_stm32f407xx.o(RESET)
 <LI><a href="#[5b]">DCMI_IRQHandler</a> from startup_stm32f407xx.o(.text) referenced from startup_stm32f407xx.o(RESET)
 <LI><a href="#[18]">DMA1_Stream0_IRQHandler</a> from startup_stm32f407xx.o(.text) referenced from startup_stm32f407xx.o(RESET)
 <LI><a href="#[19]">DMA1_Stream1_IRQHandler</a> from startup_stm32f407xx.o(.text) referenced from startup_stm32f407xx.o(RESET)
 <LI><a href="#[1a]">DMA1_Stream2_IRQHandler</a> from startup_stm32f407xx.o(.text) referenced from startup_stm32f407xx.o(RESET)
 <LI><a href="#[1b]">DMA1_Stream3_IRQHandler</a> from startup_stm32f407xx.o(.text) referenced from startup_stm32f407xx.o(RESET)
 <LI><a href="#[1c]">DMA1_Stream4_IRQHandler</a> from startup_stm32f407xx.o(.text) referenced from startup_stm32f407xx.o(RESET)
 <LI><a href="#[1d]">DMA1_Stream5_IRQHandler</a> from startup_stm32f407xx.o(.text) referenced from startup_stm32f407xx.o(RESET)
 <LI><a href="#[1e]">DMA1_Stream6_IRQHandler</a> from startup_stm32f407xx.o(.text) referenced from startup_stm32f407xx.o(RESET)
 <LI><a href="#[3c]">DMA1_Stream7_IRQHandler</a> from startup_stm32f407xx.o(.text) referenced from startup_stm32f407xx.o(RESET)
 <LI><a href="#[45]">DMA2_Stream0_IRQHandler</a> from startup_stm32f407xx.o(.text) referenced from startup_stm32f407xx.o(RESET)
 <LI><a href="#[46]">DMA2_Stream1_IRQHandler</a> from startup_stm32f407xx.o(.text) referenced from startup_stm32f407xx.o(RESET)
 <LI><a href="#[47]">DMA2_Stream2_IRQHandler</a> from startup_stm32f407xx.o(.text) referenced from startup_stm32f407xx.o(RESET)
 <LI><a href="#[48]">DMA2_Stream3_IRQHandler</a> from startup_stm32f407xx.o(.text) referenced from startup_stm32f407xx.o(RESET)
 <LI><a href="#[49]">DMA2_Stream4_IRQHandler</a> from startup_stm32f407xx.o(.text) referenced from startup_stm32f407xx.o(RESET)
 <LI><a href="#[51]">DMA2_Stream5_IRQHandler</a> from startup_stm32f407xx.o(.text) referenced from startup_stm32f407xx.o(RESET)
 <LI><a href="#[52]">DMA2_Stream6_IRQHandler</a> from startup_stm32f407xx.o(.text) referenced from startup_stm32f407xx.o(RESET)
 <LI><a href="#[53]">DMA2_Stream7_IRQHandler</a> from startup_stm32f407xx.o(.text) referenced from startup_stm32f407xx.o(RESET)
 <LI><a href="#[a]">DebugMon_Handler</a> from startup_stm32f407xx.o(.text) referenced from startup_stm32f407xx.o(RESET)
 <LI><a href="#[4a]">ETH_IRQHandler</a> from startup_stm32f407xx.o(.text) referenced from startup_stm32f407xx.o(RESET)
 <LI><a href="#[4b]">ETH_WKUP_IRQHandler</a> from startup_stm32f407xx.o(.text) referenced from startup_stm32f407xx.o(RESET)
 <LI><a href="#[13]">EXTI0_IRQHandler</a> from startup_stm32f407xx.o(.text) referenced from startup_stm32f407xx.o(RESET)
 <LI><a href="#[35]">EXTI15_10_IRQHandler</a> from startup_stm32f407xx.o(.text) referenced from startup_stm32f407xx.o(RESET)
 <LI><a href="#[14]">EXTI1_IRQHandler</a> from startup_stm32f407xx.o(.text) referenced from startup_stm32f407xx.o(RESET)
 <LI><a href="#[15]">EXTI2_IRQHandler</a> from startup_stm32f407xx.o(.text) referenced from startup_stm32f407xx.o(RESET)
 <LI><a href="#[16]">EXTI3_IRQHandler</a> from startup_stm32f407xx.o(.text) referenced from startup_stm32f407xx.o(RESET)
 <LI><a href="#[17]">EXTI4_IRQHandler</a> from startup_stm32f407xx.o(.text) referenced from startup_stm32f407xx.o(RESET)
 <LI><a href="#[24]">EXTI9_5_IRQHandler</a> from startup_stm32f407xx.o(.text) referenced from startup_stm32f407xx.o(RESET)
 <LI><a href="#[11]">FLASH_IRQHandler</a> from startup_stm32f407xx.o(.text) referenced from startup_stm32f407xx.o(RESET)
 <LI><a href="#[3d]">FMC_IRQHandler</a> from startup_stm32f407xx.o(.text) referenced from startup_stm32f407xx.o(RESET)
 <LI><a href="#[5d]">FPU_IRQHandler</a> from startup_stm32f407xx.o(.text) referenced from startup_stm32f407xx.o(RESET)
 <LI><a href="#[6c]">HAL_RCC_GetPCLK1Freq</a> from stm32f4xx_hal_rcc.o(i.HAL_RCC_GetPCLK1Freq) referenced 2 times from usart_stm32f4xx.o(.constdata)
 <LI><a href="#[5c]">HASH_RNG_IRQHandler</a> from startup_stm32f407xx.o(.text) referenced from startup_stm32f407xx.o(RESET)
 <LI><a href="#[5]">HardFault_Handler</a> from startup_stm32f407xx.o(.text) referenced from startup_stm32f407xx.o(RESET)
 <LI><a href="#[6a]">I2C1_Control</a> from i2c_stm32f4xx.o(i.I2C1_Control) referenced from i2c_stm32f4xx.o(.constdata)
 <LI><a href="#[2d]">I2C1_ER_IRQHandler</a> from i2c_stm32f4xx.o(i.I2C1_ER_IRQHandler) referenced from startup_stm32f407xx.o(RESET)
 <LI><a href="#[2c]">I2C1_EV_IRQHandler</a> from i2c_stm32f4xx.o(i.I2C1_EV_IRQHandler) referenced from startup_stm32f407xx.o(RESET)
 <LI><a href="#[69]">I2C1_GetDataCount</a> from i2c_stm32f4xx.o(i.I2C1_GetDataCount) referenced from i2c_stm32f4xx.o(.constdata)
 <LI><a href="#[6b]">I2C1_GetStatus</a> from i2c_stm32f4xx.o(i.I2C1_GetStatus) referenced from i2c_stm32f4xx.o(.constdata)
 <LI><a href="#[62]">I2C1_Initialize</a> from i2c_stm32f4xx.o(i.I2C1_Initialize) referenced from i2c_stm32f4xx.o(.constdata)
 <LI><a href="#[66]">I2C1_MasterReceive</a> from i2c_stm32f4xx.o(i.I2C1_MasterReceive) referenced from i2c_stm32f4xx.o(.constdata)
 <LI><a href="#[65]">I2C1_MasterTransmit</a> from i2c_stm32f4xx.o(i.I2C1_MasterTransmit) referenced from i2c_stm32f4xx.o(.constdata)
 <LI><a href="#[64]">I2C1_PowerControl</a> from i2c_stm32f4xx.o(i.I2C1_PowerControl) referenced from i2c_stm32f4xx.o(.constdata)
 <LI><a href="#[68]">I2C1_SlaveReceive</a> from i2c_stm32f4xx.o(i.I2C1_SlaveReceive) referenced from i2c_stm32f4xx.o(.constdata)
 <LI><a href="#[67]">I2C1_SlaveTransmit</a> from i2c_stm32f4xx.o(i.I2C1_SlaveTransmit) referenced from i2c_stm32f4xx.o(.constdata)
 <LI><a href="#[63]">I2C1_Uninitialize</a> from i2c_stm32f4xx.o(i.I2C1_Uninitialize) referenced from i2c_stm32f4xx.o(.constdata)
 <LI><a href="#[2f]">I2C2_ER_IRQHandler</a> from startup_stm32f407xx.o(.text) referenced from startup_stm32f407xx.o(RESET)
 <LI><a href="#[2e]">I2C2_EV_IRQHandler</a> from startup_stm32f407xx.o(.text) referenced from startup_stm32f407xx.o(RESET)
 <LI><a href="#[56]">I2C3_ER_IRQHandler</a> from startup_stm32f407xx.o(.text) referenced from startup_stm32f407xx.o(RESET)
 <LI><a href="#[55]">I2C3_EV_IRQHandler</a> from startup_stm32f407xx.o(.text) referenced from startup_stm32f407xx.o(RESET)
 <LI><a href="#[61]">I2CX_GetCapabilities</a> from i2c_stm32f4xx.o(i.I2CX_GetCapabilities) referenced from i2c_stm32f4xx.o(.constdata)
 <LI><a href="#[60]">I2CX_GetVersion</a> from i2c_stm32f4xx.o(i.I2CX_GetVersion) referenced from i2c_stm32f4xx.o(.constdata)
 <LI><a href="#[6]">MemManage_Handler</a> from startup_stm32f407xx.o(.text) referenced from startup_stm32f407xx.o(RESET)
 <LI><a href="#[4]">NMI_Handler</a> from startup_stm32f407xx.o(.text) referenced from startup_stm32f407xx.o(RESET)
 <LI><a href="#[50]">OTG_FS_IRQHandler</a> from startup_stm32f407xx.o(.text) referenced from startup_stm32f407xx.o(RESET)
 <LI><a href="#[37]">OTG_FS_WKUP_IRQHandler</a> from startup_stm32f407xx.o(.text) referenced from startup_stm32f407xx.o(RESET)
 <LI><a href="#[58]">OTG_HS_EP1_IN_IRQHandler</a> from startup_stm32f407xx.o(.text) referenced from startup_stm32f407xx.o(RESET)
 <LI><a href="#[57]">OTG_HS_EP1_OUT_IRQHandler</a> from startup_stm32f407xx.o(.text) referenced from startup_stm32f407xx.o(RESET)
 <LI><a href="#[5a]">OTG_HS_IRQHandler</a> from startup_stm32f407xx.o(.text) referenced from startup_stm32f407xx.o(RESET)
 <LI><a href="#[59]">OTG_HS_WKUP_IRQHandler</a> from startup_stm32f407xx.o(.text) referenced from startup_stm32f407xx.o(RESET)
 <LI><a href="#[e]">PVD_IRQHandler</a> from startup_stm32f407xx.o(.text) referenced from startup_stm32f407xx.o(RESET)
 <LI><a href="#[b]">PendSV_Handler</a> from startup_stm32f407xx.o(.text) referenced from startup_stm32f407xx.o(RESET)
 <LI><a href="#[12]">RCC_IRQHandler</a> from startup_stm32f407xx.o(.text) referenced from startup_stm32f407xx.o(RESET)
 <LI><a href="#[36]">RTC_Alarm_IRQHandler</a> from startup_stm32f407xx.o(.text) referenced from startup_stm32f407xx.o(RESET)
 <LI><a href="#[10]">RTC_WKUP_IRQHandler</a> from startup_stm32f407xx.o(.text) referenced from startup_stm32f407xx.o(RESET)
 <LI><a href="#[3]">Reset_Handler</a> from startup_stm32f407xx.o(.text) referenced from startup_stm32f407xx.o(RESET)
 <LI><a href="#[3e]">SDIO_IRQHandler</a> from startup_stm32f407xx.o(.text) referenced from startup_stm32f407xx.o(RESET)
 <LI><a href="#[30]">SPI1_IRQHandler</a> from startup_stm32f407xx.o(.text) referenced from startup_stm32f407xx.o(RESET)
 <LI><a href="#[31]">SPI2_IRQHandler</a> from startup_stm32f407xx.o(.text) referenced from startup_stm32f407xx.o(RESET)
 <LI><a href="#[40]">SPI3_IRQHandler</a> from startup_stm32f407xx.o(.text) referenced from startup_stm32f407xx.o(RESET)
 <LI><a href="#[9]">SVC_Handler</a> from startup_stm32f407xx.o(.text) referenced from startup_stm32f407xx.o(RESET)
 <LI><a href="#[c]">SysTick_Handler</a> from startup_stm32f407xx.o(.text) referenced from startup_stm32f407xx.o(RESET)
 <LI><a href="#[5e]">SystemInit</a> from system_stm32f4xx.o(i.SystemInit) referenced from startup_stm32f407xx.o(.text)
 <LI><a href="#[f]">TAMP_STAMP_IRQHandler</a> from startup_stm32f407xx.o(.text) referenced from startup_stm32f407xx.o(RESET)
 <LI><a href="#[25]">TIM1_BRK_TIM9_IRQHandler</a> from startup_stm32f407xx.o(.text) referenced from startup_stm32f407xx.o(RESET)
 <LI><a href="#[28]">TIM1_CC_IRQHandler</a> from startup_stm32f407xx.o(.text) referenced from startup_stm32f407xx.o(RESET)
 <LI><a href="#[27]">TIM1_TRG_COM_TIM11_IRQHandler</a> from startup_stm32f407xx.o(.text) referenced from startup_stm32f407xx.o(RESET)
 <LI><a href="#[26]">TIM1_UP_TIM10_IRQHandler</a> from startup_stm32f407xx.o(.text) referenced from startup_stm32f407xx.o(RESET)
 <LI><a href="#[29]">TIM2_IRQHandler</a> from startup_stm32f407xx.o(.text) referenced from startup_stm32f407xx.o(RESET)
 <LI><a href="#[2a]">TIM3_IRQHandler</a> from startup_stm32f407xx.o(.text) referenced from startup_stm32f407xx.o(RESET)
 <LI><a href="#[2b]">TIM4_IRQHandler</a> from startup_stm32f407xx.o(.text) referenced from startup_stm32f407xx.o(RESET)
 <LI><a href="#[3f]">TIM5_IRQHandler</a> from startup_stm32f407xx.o(.text) referenced from startup_stm32f407xx.o(RESET)
 <LI><a href="#[43]">TIM6_DAC_IRQHandler</a> from startup_stm32f407xx.o(.text) referenced from startup_stm32f407xx.o(RESET)
 <LI><a href="#[44]">TIM7_IRQHandler</a> from startup_stm32f407xx.o(.text) referenced from startup_stm32f407xx.o(RESET)
 <LI><a href="#[38]">TIM8_BRK_TIM12_IRQHandler</a> from startup_stm32f407xx.o(.text) referenced from startup_stm32f407xx.o(RESET)
 <LI><a href="#[3b]">TIM8_CC_IRQHandler</a> from startup_stm32f407xx.o(.text) referenced from startup_stm32f407xx.o(RESET)
 <LI><a href="#[3a]">TIM8_TRG_COM_TIM14_IRQHandler</a> from startup_stm32f407xx.o(.text) referenced from startup_stm32f407xx.o(RESET)
 <LI><a href="#[39]">TIM8_UP_TIM13_IRQHandler</a> from startup_stm32f407xx.o(.text) referenced from startup_stm32f407xx.o(RESET)
 <LI><a href="#[41]">UART4_IRQHandler</a> from startup_stm32f407xx.o(.text) referenced from startup_stm32f407xx.o(RESET)
 <LI><a href="#[42]">UART5_IRQHandler</a> from startup_stm32f407xx.o(.text) referenced from startup_stm32f407xx.o(RESET)
 <LI><a href="#[32]">USART1_IRQHandler</a> from startup_stm32f407xx.o(.text) referenced from startup_stm32f407xx.o(RESET)
 <LI><a href="#[77]">USART2_Control</a> from usart_stm32f4xx.o(i.USART2_Control) referenced from usart_stm32f4xx.o(.constdata)
 <LI><a href="#[6e]">USART2_GetCapabilities</a> from usart_stm32f4xx.o(i.USART2_GetCapabilities) referenced from usart_stm32f4xx.o(.constdata)
 <LI><a href="#[7a]">USART2_GetModemStatus</a> from usart_stm32f4xx.o(i.USART2_GetModemStatus) referenced from usart_stm32f4xx.o(.constdata)
 <LI><a href="#[76]">USART2_GetRxCount</a> from usart_stm32f4xx.o(i.USART2_GetRxCount) referenced from usart_stm32f4xx.o(.constdata)
 <LI><a href="#[78]">USART2_GetStatus</a> from usart_stm32f4xx.o(i.USART2_GetStatus) referenced from usart_stm32f4xx.o(.constdata)
 <LI><a href="#[75]">USART2_GetTxCount</a> from usart_stm32f4xx.o(i.USART2_GetTxCount) referenced from usart_stm32f4xx.o(.constdata)
 <LI><a href="#[33]">USART2_IRQHandler</a> from usart_stm32f4xx.o(i.USART2_IRQHandler) referenced from startup_stm32f407xx.o(RESET)
 <LI><a href="#[6f]">USART2_Initialize</a> from usart_stm32f4xx.o(i.USART2_Initialize) referenced from usart_stm32f4xx.o(.constdata)
 <LI><a href="#[71]">USART2_PowerControl</a> from usart_stm32f4xx.o(i.USART2_PowerControl) referenced from usart_stm32f4xx.o(.constdata)
 <LI><a href="#[73]">USART2_Receive</a> from usart_stm32f4xx.o(i.USART2_Receive) referenced from usart_stm32f4xx.o(.constdata)
 <LI><a href="#[72]">USART2_Send</a> from usart_stm32f4xx.o(i.USART2_Send) referenced from usart_stm32f4xx.o(.constdata)
 <LI><a href="#[79]">USART2_SetModemControl</a> from usart_stm32f4xx.o(i.USART2_SetModemControl) referenced from usart_stm32f4xx.o(.constdata)
 <LI><a href="#[74]">USART2_Transfer</a> from usart_stm32f4xx.o(i.USART2_Transfer) referenced from usart_stm32f4xx.o(.constdata)
 <LI><a href="#[70]">USART2_Uninitialize</a> from usart_stm32f4xx.o(i.USART2_Uninitialize) referenced from usart_stm32f4xx.o(.constdata)
 <LI><a href="#[84]">USART3_Control</a> from usart_stm32f4xx.o(i.USART3_Control) referenced from usart_stm32f4xx.o(.constdata)
 <LI><a href="#[7b]">USART3_GetCapabilities</a> from usart_stm32f4xx.o(i.USART3_GetCapabilities) referenced from usart_stm32f4xx.o(.constdata)
 <LI><a href="#[87]">USART3_GetModemStatus</a> from usart_stm32f4xx.o(i.USART3_GetModemStatus) referenced from usart_stm32f4xx.o(.constdata)
 <LI><a href="#[83]">USART3_GetRxCount</a> from usart_stm32f4xx.o(i.USART3_GetRxCount) referenced from usart_stm32f4xx.o(.constdata)
 <LI><a href="#[85]">USART3_GetStatus</a> from usart_stm32f4xx.o(i.USART3_GetStatus) referenced from usart_stm32f4xx.o(.constdata)
 <LI><a href="#[82]">USART3_GetTxCount</a> from usart_stm32f4xx.o(i.USART3_GetTxCount) referenced from usart_stm32f4xx.o(.constdata)
 <LI><a href="#[34]">USART3_IRQHandler</a> from usart_stm32f4xx.o(i.USART3_IRQHandler) referenced from startup_stm32f407xx.o(RESET)
 <LI><a href="#[7c]">USART3_Initialize</a> from usart_stm32f4xx.o(i.USART3_Initialize) referenced from usart_stm32f4xx.o(.constdata)
 <LI><a href="#[7e]">USART3_PowerControl</a> from usart_stm32f4xx.o(i.USART3_PowerControl) referenced from usart_stm32f4xx.o(.constdata)
 <LI><a href="#[80]">USART3_Receive</a> from usart_stm32f4xx.o(i.USART3_Receive) referenced from usart_stm32f4xx.o(.constdata)
 <LI><a href="#[7f]">USART3_Send</a> from usart_stm32f4xx.o(i.USART3_Send) referenced from usart_stm32f4xx.o(.constdata)
 <LI><a href="#[86]">USART3_SetModemControl</a> from usart_stm32f4xx.o(i.USART3_SetModemControl) referenced from usart_stm32f4xx.o(.constdata)
 <LI><a href="#[81]">USART3_Transfer</a> from usart_stm32f4xx.o(i.USART3_Transfer) referenced from usart_stm32f4xx.o(.constdata)
 <LI><a href="#[7d]">USART3_Uninitialize</a> from usart_stm32f4xx.o(i.USART3_Uninitialize) referenced from usart_stm32f4xx.o(.constdata)
 <LI><a href="#[54]">USART6_IRQHandler</a> from startup_stm32f407xx.o(.text) referenced from startup_stm32f407xx.o(RESET)
 <LI><a href="#[6d]">USARTx_GetVersion</a> from usart_stm32f4xx.o(i.USARTx_GetVersion) referenced 2 times from usart_stm32f4xx.o(.constdata)
 <LI><a href="#[8]">UsageFault_Handler</a> from startup_stm32f407xx.o(.text) referenced from startup_stm32f407xx.o(RESET)
 <LI><a href="#[d]">WWDG_IRQHandler</a> from startup_stm32f407xx.o(.text) referenced from startup_stm32f407xx.o(RESET)
 <LI><a href="#[88]">__main</a> from __main.o(!!!main) referenced from startup_stm32f407xx.o(.text)
</UL>
<P>
<H3>
Global Symbols
</H3>
<P><STRONG><a name="[88]"></a>__main</STRONG> (Thumb, 8 bytes, Stack size 0 bytes, __main.o(!!!main))
<BR><BR>[Calls]<UL><LI><a href="#[89]">&gt;&gt;</a>&nbsp;&nbsp;&nbsp;__scatterload
<LI><a href="#[8a]">&gt;&gt;</a>&nbsp;&nbsp;&nbsp;__rt_entry
</UL>

<P><STRONG><a name="[89]"></a>__scatterload</STRONG> (Thumb, 0 bytes, Stack size unknown bytes, __scatter.o(!!!scatter))
<BR><BR>[Called By]<UL><LI><a href="#[88]">&gt;&gt;</a>&nbsp;&nbsp;&nbsp;__main
</UL>

<P><STRONG><a name="[8b]"></a>__scatterload_rt2</STRONG> (Thumb, 44 bytes, Stack size unknown bytes, __scatter.o(!!!scatter), UNUSED)
<BR><BR>[Calls]<UL><LI><a href="#[8a]">&gt;&gt;</a>&nbsp;&nbsp;&nbsp;__rt_entry
</UL>

<P><STRONG><a name="[cc]"></a>__scatterload_rt2_thumb_only</STRONG> (Thumb, 0 bytes, Stack size unknown bytes, __scatter.o(!!!scatter), UNUSED)

<P><STRONG><a name="[cd]"></a>__scatterload_null</STRONG> (Thumb, 0 bytes, Stack size unknown bytes, __scatter.o(!!!scatter), UNUSED)

<P><STRONG><a name="[8c]"></a>__scatterload_copy</STRONG> (Thumb, 26 bytes, Stack size unknown bytes, __scatter_copy.o(!!handler_copy), UNUSED)
<BR><BR>[Calls]<UL><LI><a href="#[8c]">&gt;&gt;</a>&nbsp;&nbsp;&nbsp;__scatterload_copy
</UL>
<BR>[Called By]<UL><LI><a href="#[8c]">&gt;&gt;</a>&nbsp;&nbsp;&nbsp;__scatterload_copy
</UL>

<P><STRONG><a name="[ce]"></a>__scatterload_zeroinit</STRONG> (Thumb, 28 bytes, Stack size unknown bytes, __scatter_zi.o(!!handler_zi), UNUSED)

<P><STRONG><a name="[92]"></a>__rt_lib_init</STRONG> (Thumb, 0 bytes, Stack size unknown bytes, libinit.o(.ARM.Collect$$libinit$$00000000))
<BR><BR>[Called By]<UL><LI><a href="#[91]">&gt;&gt;</a>&nbsp;&nbsp;&nbsp;__rt_entry_li
</UL>

<P><STRONG><a name="[8d]"></a>__rt_lib_init_fp_1</STRONG> (Thumb, 0 bytes, Stack size unknown bytes, libinit2.o(.ARM.Collect$$libinit$$00000001))
<BR><BR>[Calls]<UL><LI><a href="#[8e]">&gt;&gt;</a>&nbsp;&nbsp;&nbsp;_fp_init
</UL>

<P><STRONG><a name="[cf]"></a>__rt_lib_init_alloca_1</STRONG> (Thumb, 0 bytes, Stack size unknown bytes, libinit2.o(.ARM.Collect$$libinit$$0000002E))

<P><STRONG><a name="[d0]"></a>__rt_lib_init_argv_1</STRONG> (Thumb, 0 bytes, Stack size unknown bytes, libinit2.o(.ARM.Collect$$libinit$$0000002C))

<P><STRONG><a name="[d1]"></a>__rt_lib_init_atexit_1</STRONG> (Thumb, 0 bytes, Stack size unknown bytes, libinit2.o(.ARM.Collect$$libinit$$0000001B))

<P><STRONG><a name="[d2]"></a>__rt_lib_init_clock_1</STRONG> (Thumb, 0 bytes, Stack size unknown bytes, libinit2.o(.ARM.Collect$$libinit$$00000021))

<P><STRONG><a name="[d3]"></a>__rt_lib_init_cpp_1</STRONG> (Thumb, 0 bytes, Stack size unknown bytes, libinit2.o(.ARM.Collect$$libinit$$00000032))

<P><STRONG><a name="[d4]"></a>__rt_lib_init_exceptions_1</STRONG> (Thumb, 0 bytes, Stack size unknown bytes, libinit2.o(.ARM.Collect$$libinit$$00000030))

<P><STRONG><a name="[d5]"></a>__rt_lib_init_fp_trap_1</STRONG> (Thumb, 0 bytes, Stack size unknown bytes, libinit2.o(.ARM.Collect$$libinit$$0000001F))

<P><STRONG><a name="[d6]"></a>__rt_lib_init_getenv_1</STRONG> (Thumb, 0 bytes, Stack size unknown bytes, libinit2.o(.ARM.Collect$$libinit$$00000023))

<P><STRONG><a name="[d7]"></a>__rt_lib_init_heap_1</STRONG> (Thumb, 0 bytes, Stack size unknown bytes, libinit2.o(.ARM.Collect$$libinit$$0000000A))

<P><STRONG><a name="[d8]"></a>__rt_lib_init_lc_collate_1</STRONG> (Thumb, 0 bytes, Stack size unknown bytes, libinit2.o(.ARM.Collect$$libinit$$00000011))

<P><STRONG><a name="[d9]"></a>__rt_lib_init_lc_ctype_1</STRONG> (Thumb, 0 bytes, Stack size unknown bytes, libinit2.o(.ARM.Collect$$libinit$$00000013))

<P><STRONG><a name="[da]"></a>__rt_lib_init_lc_monetary_1</STRONG> (Thumb, 0 bytes, Stack size unknown bytes, libinit2.o(.ARM.Collect$$libinit$$00000015))

<P><STRONG><a name="[db]"></a>__rt_lib_init_lc_numeric_1</STRONG> (Thumb, 0 bytes, Stack size unknown bytes, libinit2.o(.ARM.Collect$$libinit$$00000017))

<P><STRONG><a name="[dc]"></a>__rt_lib_init_lc_time_1</STRONG> (Thumb, 0 bytes, Stack size unknown bytes, libinit2.o(.ARM.Collect$$libinit$$00000019))

<P><STRONG><a name="[dd]"></a>__rt_lib_init_preinit_1</STRONG> (Thumb, 0 bytes, Stack size unknown bytes, libinit2.o(.ARM.Collect$$libinit$$00000004))

<P><STRONG><a name="[de]"></a>__rt_lib_init_rand_1</STRONG> (Thumb, 0 bytes, Stack size unknown bytes, libinit2.o(.ARM.Collect$$libinit$$0000000E))

<P><STRONG><a name="[df]"></a>__rt_lib_init_return</STRONG> (Thumb, 0 bytes, Stack size unknown bytes, libinit2.o(.ARM.Collect$$libinit$$00000033))

<P><STRONG><a name="[e0]"></a>__rt_lib_init_signal_1</STRONG> (Thumb, 0 bytes, Stack size unknown bytes, libinit2.o(.ARM.Collect$$libinit$$0000001D))

<P><STRONG><a name="[e1]"></a>__rt_lib_init_stdio_1</STRONG> (Thumb, 0 bytes, Stack size unknown bytes, libinit2.o(.ARM.Collect$$libinit$$00000025))

<P><STRONG><a name="[e2]"></a>__rt_lib_init_user_alloc_1</STRONG> (Thumb, 0 bytes, Stack size unknown bytes, libinit2.o(.ARM.Collect$$libinit$$0000000C))

<P><STRONG><a name="[97]"></a>__rt_lib_shutdown</STRONG> (Thumb, 0 bytes, Stack size unknown bytes, libshutdown.o(.ARM.Collect$$libshutdown$$00000000))
<BR><BR>[Called By]<UL><LI><a href="#[96]">&gt;&gt;</a>&nbsp;&nbsp;&nbsp;__rt_exit_ls
</UL>

<P><STRONG><a name="[e3]"></a>__rt_lib_shutdown_cpp_1</STRONG> (Thumb, 0 bytes, Stack size unknown bytes, libshutdown2.o(.ARM.Collect$$libshutdown$$00000002))

<P><STRONG><a name="[e4]"></a>__rt_lib_shutdown_fp_trap_1</STRONG> (Thumb, 0 bytes, Stack size unknown bytes, libshutdown2.o(.ARM.Collect$$libshutdown$$00000007))

<P><STRONG><a name="[e5]"></a>__rt_lib_shutdown_heap_1</STRONG> (Thumb, 0 bytes, Stack size unknown bytes, libshutdown2.o(.ARM.Collect$$libshutdown$$0000000F))

<P><STRONG><a name="[e6]"></a>__rt_lib_shutdown_return</STRONG> (Thumb, 0 bytes, Stack size unknown bytes, libshutdown2.o(.ARM.Collect$$libshutdown$$00000010))

<P><STRONG><a name="[e7]"></a>__rt_lib_shutdown_signal_1</STRONG> (Thumb, 0 bytes, Stack size unknown bytes, libshutdown2.o(.ARM.Collect$$libshutdown$$0000000A))

<P><STRONG><a name="[e8]"></a>__rt_lib_shutdown_stdio_1</STRONG> (Thumb, 0 bytes, Stack size unknown bytes, libshutdown2.o(.ARM.Collect$$libshutdown$$00000004))

<P><STRONG><a name="[e9]"></a>__rt_lib_shutdown_user_alloc_1</STRONG> (Thumb, 0 bytes, Stack size unknown bytes, libshutdown2.o(.ARM.Collect$$libshutdown$$0000000C))

<P><STRONG><a name="[8a]"></a>__rt_entry</STRONG> (Thumb, 0 bytes, Stack size unknown bytes, __rtentry.o(.ARM.Collect$$rtentry$$00000000))
<BR><BR>[Called By]<UL><LI><a href="#[8b]">&gt;&gt;</a>&nbsp;&nbsp;&nbsp;__scatterload_rt2
<LI><a href="#[88]">&gt;&gt;</a>&nbsp;&nbsp;&nbsp;__main
</UL>

<P><STRONG><a name="[ea]"></a>__rt_entry_presh_1</STRONG> (Thumb, 0 bytes, Stack size unknown bytes, __rtentry2.o(.ARM.Collect$$rtentry$$00000002))

<P><STRONG><a name="[8f]"></a>__rt_entry_sh</STRONG> (Thumb, 0 bytes, Stack size unknown bytes, __rtentry4.o(.ARM.Collect$$rtentry$$00000004))
<BR><BR>[Stack]<UL><LI>Max Depth = 8 + Unknown Stack Size
<LI>Call Chain = __rt_entry_sh &rArr; __user_setup_stackheap
</UL>
<BR>[Calls]<UL><LI><a href="#[90]">&gt;&gt;</a>&nbsp;&nbsp;&nbsp;__user_setup_stackheap
</UL>

<P><STRONG><a name="[91]"></a>__rt_entry_li</STRONG> (Thumb, 0 bytes, Stack size unknown bytes, __rtentry2.o(.ARM.Collect$$rtentry$$0000000A))
<BR><BR>[Calls]<UL><LI><a href="#[92]">&gt;&gt;</a>&nbsp;&nbsp;&nbsp;__rt_lib_init
</UL>

<P><STRONG><a name="[eb]"></a>__rt_entry_postsh_1</STRONG> (Thumb, 0 bytes, Stack size unknown bytes, __rtentry2.o(.ARM.Collect$$rtentry$$00000009))

<P><STRONG><a name="[93]"></a>__rt_entry_main</STRONG> (Thumb, 0 bytes, Stack size unknown bytes, __rtentry2.o(.ARM.Collect$$rtentry$$0000000D))
<BR><BR>[Stack]<UL><LI>Max Depth = 32 + Unknown Stack Size
<LI>Call Chain = __rt_entry_main &rArr; main &rArr; Init_I2C
</UL>
<BR>[Calls]<UL><LI><a href="#[95]">&gt;&gt;</a>&nbsp;&nbsp;&nbsp;exit
<LI><a href="#[94]">&gt;&gt;</a>&nbsp;&nbsp;&nbsp;main
</UL>

<P><STRONG><a name="[ec]"></a>__rt_entry_postli_1</STRONG> (Thumb, 0 bytes, Stack size unknown bytes, __rtentry2.o(.ARM.Collect$$rtentry$$0000000C))

<P><STRONG><a name="[9c]"></a>__rt_exit</STRONG> (Thumb, 0 bytes, Stack size unknown bytes, rtexit.o(.ARM.Collect$$rtexit$$00000000))
<BR><BR>[Called By]<UL><LI><a href="#[95]">&gt;&gt;</a>&nbsp;&nbsp;&nbsp;exit
</UL>

<P><STRONG><a name="[96]"></a>__rt_exit_ls</STRONG> (Thumb, 0 bytes, Stack size unknown bytes, rtexit2.o(.ARM.Collect$$rtexit$$00000003))
<BR><BR>[Calls]<UL><LI><a href="#[97]">&gt;&gt;</a>&nbsp;&nbsp;&nbsp;__rt_lib_shutdown
</UL>

<P><STRONG><a name="[ed]"></a>__rt_exit_prels_1</STRONG> (Thumb, 0 bytes, Stack size unknown bytes, rtexit2.o(.ARM.Collect$$rtexit$$00000002))

<P><STRONG><a name="[98]"></a>__rt_exit_exit</STRONG> (Thumb, 0 bytes, Stack size unknown bytes, rtexit2.o(.ARM.Collect$$rtexit$$00000004))
<BR><BR>[Calls]<UL><LI><a href="#[99]">&gt;&gt;</a>&nbsp;&nbsp;&nbsp;_sys_exit
</UL>

<P><STRONG><a name="[3]"></a>Reset_Handler</STRONG> (Thumb, 8 bytes, Stack size 0 bytes, startup_stm32f407xx.o(.text))
<BR>[Address Reference Count : 1]<UL><LI> startup_stm32f407xx.o(RESET)
</UL>
<P><STRONG><a name="[4]"></a>NMI_Handler</STRONG> (Thumb, 2 bytes, Stack size 0 bytes, startup_stm32f407xx.o(.text))
<BR><BR>[Calls]<UL><LI><a href="#[4]">&gt;&gt;</a>&nbsp;&nbsp;&nbsp;NMI_Handler
</UL>
<BR>[Called By]<UL><LI><a href="#[4]">&gt;&gt;</a>&nbsp;&nbsp;&nbsp;NMI_Handler
</UL>
<BR>[Address Reference Count : 1]<UL><LI> startup_stm32f407xx.o(RESET)
</UL>
<P><STRONG><a name="[5]"></a>HardFault_Handler</STRONG> (Thumb, 2 bytes, Stack size 0 bytes, startup_stm32f407xx.o(.text))
<BR><BR>[Calls]<UL><LI><a href="#[5]">&gt;&gt;</a>&nbsp;&nbsp;&nbsp;HardFault_Handler
</UL>
<BR>[Called By]<UL><LI><a href="#[5]">&gt;&gt;</a>&nbsp;&nbsp;&nbsp;HardFault_Handler
</UL>
<BR>[Address Reference Count : 1]<UL><LI> startup_stm32f407xx.o(RESET)
</UL>
<P><STRONG><a name="[6]"></a>MemManage_Handler</STRONG> (Thumb, 2 bytes, Stack size 0 bytes, startup_stm32f407xx.o(.text))
<BR><BR>[Calls]<UL><LI><a href="#[6]">&gt;&gt;</a>&nbsp;&nbsp;&nbsp;MemManage_Handler
</UL>
<BR>[Called By]<UL><LI><a href="#[6]">&gt;&gt;</a>&nbsp;&nbsp;&nbsp;MemManage_Handler
</UL>
<BR>[Address Reference Count : 1]<UL><LI> startup_stm32f407xx.o(RESET)
</UL>
<P><STRONG><a name="[7]"></a>BusFault_Handler</STRONG> (Thumb, 2 bytes, Stack size 0 bytes, startup_stm32f407xx.o(.text))
<BR><BR>[Calls]<UL><LI><a href="#[7]">&gt;&gt;</a>&nbsp;&nbsp;&nbsp;BusFault_Handler
</UL>
<BR>[Called By]<UL><LI><a href="#[7]">&gt;&gt;</a>&nbsp;&nbsp;&nbsp;BusFault_Handler
</UL>
<BR>[Address Reference Count : 1]<UL><LI> startup_stm32f407xx.o(RESET)
</UL>
<P><STRONG><a name="[8]"></a>UsageFault_Handler</STRONG> (Thumb, 2 bytes, Stack size 0 bytes, startup_stm32f407xx.o(.text))
<BR><BR>[Calls]<UL><LI><a href="#[8]">&gt;&gt;</a>&nbsp;&nbsp;&nbsp;UsageFault_Handler
</UL>
<BR>[Called By]<UL><LI><a href="#[8]">&gt;&gt;</a>&nbsp;&nbsp;&nbsp;UsageFault_Handler
</UL>
<BR>[Address Reference Count : 1]<UL><LI> startup_stm32f407xx.o(RESET)
</UL>
<P><STRONG><a name="[9]"></a>SVC_Handler</STRONG> (Thumb, 2 bytes, Stack size 0 bytes, startup_stm32f407xx.o(.text))
<BR><BR>[Calls]<UL><LI><a href="#[9]">&gt;&gt;</a>&nbsp;&nbsp;&nbsp;SVC_Handler
</UL>
<BR>[Called By]<UL><LI><a href="#[9]">&gt;&gt;</a>&nbsp;&nbsp;&nbsp;SVC_Handler
</UL>
<BR>[Address Reference Count : 1]<UL><LI> startup_stm32f407xx.o(RESET)
</UL>
<P><STRONG><a name="[a]"></a>DebugMon_Handler</STRONG> (Thumb, 2 bytes, Stack size 0 bytes, startup_stm32f407xx.o(.text))
<BR><BR>[Calls]<UL><LI><a href="#[a]">&gt;&gt;</a>&nbsp;&nbsp;&nbsp;DebugMon_Handler
</UL>
<BR>[Called By]<UL><LI><a href="#[a]">&gt;&gt;</a>&nbsp;&nbsp;&nbsp;DebugMon_Handler
</UL>
<BR>[Address Reference Count : 1]<UL><LI> startup_stm32f407xx.o(RESET)
</UL>
<P><STRONG><a name="[b]"></a>PendSV_Handler</STRONG> (Thumb, 2 bytes, Stack size 0 bytes, startup_stm32f407xx.o(.text))
<BR><BR>[Calls]<UL><LI><a href="#[b]">&gt;&gt;</a>&nbsp;&nbsp;&nbsp;PendSV_Handler
</UL>
<BR>[Called By]<UL><LI><a href="#[b]">&gt;&gt;</a>&nbsp;&nbsp;&nbsp;PendSV_Handler
</UL>
<BR>[Address Reference Count : 1]<UL><LI> startup_stm32f407xx.o(RESET)
</UL>
<P><STRONG><a name="[c]"></a>SysTick_Handler</STRONG> (Thumb, 2 bytes, Stack size 0 bytes, startup_stm32f407xx.o(.text))
<BR><BR>[Calls]<UL><LI><a href="#[c]">&gt;&gt;</a>&nbsp;&nbsp;&nbsp;SysTick_Handler
</UL>
<BR>[Called By]<UL><LI><a href="#[c]">&gt;&gt;</a>&nbsp;&nbsp;&nbsp;SysTick_Handler
</UL>
<BR>[Address Reference Count : 1]<UL><LI> startup_stm32f407xx.o(RESET)
</UL>
<P><STRONG><a name="[1f]"></a>ADC_IRQHandler</STRONG> (Thumb, 0 bytes, Stack size 0 bytes, startup_stm32f407xx.o(.text))
<BR><BR>[Calls]<UL><LI><a href="#[1f]">&gt;&gt;</a>&nbsp;&nbsp;&nbsp;ADC_IRQHandler
</UL>
<BR>[Called By]<UL><LI><a href="#[1f]">&gt;&gt;</a>&nbsp;&nbsp;&nbsp;ADC_IRQHandler
</UL>
<BR>[Address Reference Count : 1]<UL><LI> startup_stm32f407xx.o(RESET)
</UL>
<P><STRONG><a name="[21]"></a>CAN1_RX0_IRQHandler</STRONG> (Thumb, 0 bytes, Stack size 0 bytes, startup_stm32f407xx.o(.text))
<BR>[Address Reference Count : 1]<UL><LI> startup_stm32f407xx.o(RESET)
</UL>
<P><STRONG><a name="[22]"></a>CAN1_RX1_IRQHandler</STRONG> (Thumb, 0 bytes, Stack size 0 bytes, startup_stm32f407xx.o(.text))
<BR>[Address Reference Count : 1]<UL><LI> startup_stm32f407xx.o(RESET)
</UL>
<P><STRONG><a name="[23]"></a>CAN1_SCE_IRQHandler</STRONG> (Thumb, 0 bytes, Stack size 0 bytes, startup_stm32f407xx.o(.text))
<BR>[Address Reference Count : 1]<UL><LI> startup_stm32f407xx.o(RESET)
</UL>
<P><STRONG><a name="[20]"></a>CAN1_TX_IRQHandler</STRONG> (Thumb, 0 bytes, Stack size 0 bytes, startup_stm32f407xx.o(.text))
<BR>[Address Reference Count : 1]<UL><LI> startup_stm32f407xx.o(RESET)
</UL>
<P><STRONG><a name="[4d]"></a>CAN2_RX0_IRQHandler</STRONG> (Thumb, 0 bytes, Stack size 0 bytes, startup_stm32f407xx.o(.text))
<BR>[Address Reference Count : 1]<UL><LI> startup_stm32f407xx.o(RESET)
</UL>
<P><STRONG><a name="[4e]"></a>CAN2_RX1_IRQHandler</STRONG> (Thumb, 0 bytes, Stack size 0 bytes, startup_stm32f407xx.o(.text))
<BR>[Address Reference Count : 1]<UL><LI> startup_stm32f407xx.o(RESET)
</UL>
<P><STRONG><a name="[4f]"></a>CAN2_SCE_IRQHandler</STRONG> (Thumb, 0 bytes, Stack size 0 bytes, startup_stm32f407xx.o(.text))
<BR>[Address Reference Count : 1]<UL><LI> startup_stm32f407xx.o(RESET)
</UL>
<P><STRONG><a name="[4c]"></a>CAN2_TX_IRQHandler</STRONG> (Thumb, 0 bytes, Stack size 0 bytes, startup_stm32f407xx.o(.text))
<BR>[Address Reference Count : 1]<UL><LI> startup_stm32f407xx.o(RESET)
</UL>
<P><STRONG><a name="[5b]"></a>DCMI_IRQHandler</STRONG> (Thumb, 0 bytes, Stack size 0 bytes, startup_stm32f407xx.o(.text))
<BR>[Address Reference Count : 1]<UL><LI> startup_stm32f407xx.o(RESET)
</UL>
<P><STRONG><a name="[18]"></a>DMA1_Stream0_IRQHandler</STRONG> (Thumb, 0 bytes, Stack size 0 bytes, startup_stm32f407xx.o(.text))
<BR>[Address Reference Count : 1]<UL><LI> startup_stm32f407xx.o(RESET)
</UL>
<P><STRONG><a name="[19]"></a>DMA1_Stream1_IRQHandler</STRONG> (Thumb, 0 bytes, Stack size 0 bytes, startup_stm32f407xx.o(.text))
<BR>[Address Reference Count : 1]<UL><LI> startup_stm32f407xx.o(RESET)
</UL>
<P><STRONG><a name="[1a]"></a>DMA1_Stream2_IRQHandler</STRONG> (Thumb, 0 bytes, Stack size 0 bytes, startup_stm32f407xx.o(.text))
<BR>[Address Reference Count : 1]<UL><LI> startup_stm32f407xx.o(RESET)
</UL>
<P><STRONG><a name="[1b]"></a>DMA1_Stream3_IRQHandler</STRONG> (Thumb, 0 bytes, Stack size 0 bytes, startup_stm32f407xx.o(.text))
<BR>[Address Reference Count : 1]<UL><LI> startup_stm32f407xx.o(RESET)
</UL>
<P><STRONG><a name="[1c]"></a>DMA1_Stream4_IRQHandler</STRONG> (Thumb, 0 bytes, Stack size 0 bytes, startup_stm32f407xx.o(.text))
<BR>[Address Reference Count : 1]<UL><LI> startup_stm32f407xx.o(RESET)
</UL>
<P><STRONG><a name="[1d]"></a>DMA1_Stream5_IRQHandler</STRONG> (Thumb, 0 bytes, Stack size 0 bytes, startup_stm32f407xx.o(.text))
<BR>[Address Reference Count : 1]<UL><LI> startup_stm32f407xx.o(RESET)
</UL>
<P><STRONG><a name="[1e]"></a>DMA1_Stream6_IRQHandler</STRONG> (Thumb, 0 bytes, Stack size 0 bytes, startup_stm32f407xx.o(.text))
<BR>[Address Reference Count : 1]<UL><LI> startup_stm32f407xx.o(RESET)
</UL>
<P><STRONG><a name="[3c]"></a>DMA1_Stream7_IRQHandler</STRONG> (Thumb, 0 bytes, Stack size 0 bytes, startup_stm32f407xx.o(.text))
<BR>[Address Reference Count : 1]<UL><LI> startup_stm32f407xx.o(RESET)
</UL>
<P><STRONG><a name="[45]"></a>DMA2_Stream0_IRQHandler</STRONG> (Thumb, 0 bytes, Stack size 0 bytes, startup_stm32f407xx.o(.text))
<BR>[Address Reference Count : 1]<UL><LI> startup_stm32f407xx.o(RESET)
</UL>
<P><STRONG><a name="[46]"></a>DMA2_Stream1_IRQHandler</STRONG> (Thumb, 0 bytes, Stack size 0 bytes, startup_stm32f407xx.o(.text))
<BR>[Address Reference Count : 1]<UL><LI> startup_stm32f407xx.o(RESET)
</UL>
<P><STRONG><a name="[47]"></a>DMA2_Stream2_IRQHandler</STRONG> (Thumb, 0 bytes, Stack size 0 bytes, startup_stm32f407xx.o(.text))
<BR>[Address Reference Count : 1]<UL><LI> startup_stm32f407xx.o(RESET)
</UL>
<P><STRONG><a name="[48]"></a>DMA2_Stream3_IRQHandler</STRONG> (Thumb, 0 bytes, Stack size 0 bytes, startup_stm32f407xx.o(.text))
<BR>[Address Reference Count : 1]<UL><LI> startup_stm32f407xx.o(RESET)
</UL>
<P><STRONG><a name="[49]"></a>DMA2_Stream4_IRQHandler</STRONG> (Thumb, 0 bytes, Stack size 0 bytes, startup_stm32f407xx.o(.text))
<BR>[Address Reference Count : 1]<UL><LI> startup_stm32f407xx.o(RESET)
</UL>
<P><STRONG><a name="[51]"></a>DMA2_Stream5_IRQHandler</STRONG> (Thumb, 0 bytes, Stack size 0 bytes, startup_stm32f407xx.o(.text))
<BR>[Address Reference Count : 1]<UL><LI> startup_stm32f407xx.o(RESET)
</UL>
<P><STRONG><a name="[52]"></a>DMA2_Stream6_IRQHandler</STRONG> (Thumb, 0 bytes, Stack size 0 bytes, startup_stm32f407xx.o(.text))
<BR>[Address Reference Count : 1]<UL><LI> startup_stm32f407xx.o(RESET)
</UL>
<P><STRONG><a name="[53]"></a>DMA2_Stream7_IRQHandler</STRONG> (Thumb, 0 bytes, Stack size 0 bytes, startup_stm32f407xx.o(.text))
<BR>[Address Reference Count : 1]<UL><LI> startup_stm32f407xx.o(RESET)
</UL>
<P><STRONG><a name="[4a]"></a>ETH_IRQHandler</STRONG> (Thumb, 0 bytes, Stack size 0 bytes, startup_stm32f407xx.o(.text))
<BR>[Address Reference Count : 1]<UL><LI> startup_stm32f407xx.o(RESET)
</UL>
<P><STRONG><a name="[4b]"></a>ETH_WKUP_IRQHandler</STRONG> (Thumb, 0 bytes, Stack size 0 bytes, startup_stm32f407xx.o(.text))
<BR>[Address Reference Count : 1]<UL><LI> startup_stm32f407xx.o(RESET)
</UL>
<P><STRONG><a name="[13]"></a>EXTI0_IRQHandler</STRONG> (Thumb, 0 bytes, Stack size 0 bytes, startup_stm32f407xx.o(.text))
<BR>[Address Reference Count : 1]<UL><LI> startup_stm32f407xx.o(RESET)
</UL>
<P><STRONG><a name="[35]"></a>EXTI15_10_IRQHandler</STRONG> (Thumb, 0 bytes, Stack size 0 bytes, startup_stm32f407xx.o(.text))
<BR>[Address Reference Count : 1]<UL><LI> startup_stm32f407xx.o(RESET)
</UL>
<P><STRONG><a name="[14]"></a>EXTI1_IRQHandler</STRONG> (Thumb, 0 bytes, Stack size 0 bytes, startup_stm32f407xx.o(.text))
<BR>[Address Reference Count : 1]<UL><LI> startup_stm32f407xx.o(RESET)
</UL>
<P><STRONG><a name="[15]"></a>EXTI2_IRQHandler</STRONG> (Thumb, 0 bytes, Stack size 0 bytes, startup_stm32f407xx.o(.text))
<BR>[Address Reference Count : 1]<UL><LI> startup_stm32f407xx.o(RESET)
</UL>
<P><STRONG><a name="[16]"></a>EXTI3_IRQHandler</STRONG> (Thumb, 0 bytes, Stack size 0 bytes, startup_stm32f407xx.o(.text))
<BR>[Address Reference Count : 1]<UL><LI> startup_stm32f407xx.o(RESET)
</UL>
<P><STRONG><a name="[17]"></a>EXTI4_IRQHandler</STRONG> (Thumb, 0 bytes, Stack size 0 bytes, startup_stm32f407xx.o(.text))
<BR>[Address Reference Count : 1]<UL><LI> startup_stm32f407xx.o(RESET)
</UL>
<P><STRONG><a name="[24]"></a>EXTI9_5_IRQHandler</STRONG> (Thumb, 0 bytes, Stack size 0 bytes, startup_stm32f407xx.o(.text))
<BR>[Address Reference Count : 1]<UL><LI> startup_stm32f407xx.o(RESET)
</UL>
<P><STRONG><a name="[11]"></a>FLASH_IRQHandler</STRONG> (Thumb, 0 bytes, Stack size 0 bytes, startup_stm32f407xx.o(.text))
<BR>[Address Reference Count : 1]<UL><LI> startup_stm32f407xx.o(RESET)
</UL>
<P><STRONG><a name="[3d]"></a>FMC_IRQHandler</STRONG> (Thumb, 0 bytes, Stack size 0 bytes, startup_stm32f407xx.o(.text))
<BR>[Address Reference Count : 1]<UL><LI> startup_stm32f407xx.o(RESET)
</UL>
<P><STRONG><a name="[5d]"></a>FPU_IRQHandler</STRONG> (Thumb, 0 bytes, Stack size 0 bytes, startup_stm32f407xx.o(.text))
<BR>[Address Reference Count : 1]<UL><LI> startup_stm32f407xx.o(RESET)
</UL>
<P><STRONG><a name="[5c]"></a>HASH_RNG_IRQHandler</STRONG> (Thumb, 0 bytes, Stack size 0 bytes, startup_stm32f407xx.o(.text))
<BR>[Address Reference Count : 1]<UL><LI> startup_stm32f407xx.o(RESET)
</UL>
<P><STRONG><a name="[2f]"></a>I2C2_ER_IRQHandler</STRONG> (Thumb, 0 bytes, Stack size 0 bytes, startup_stm32f407xx.o(.text))
<BR>[Address Reference Count : 1]<UL><LI> startup_stm32f407xx.o(RESET)
</UL>
<P><STRONG><a name="[2e]"></a>I2C2_EV_IRQHandler</STRONG> (Thumb, 0 bytes, Stack size 0 bytes, startup_stm32f407xx.o(.text))
<BR>[Address Reference Count : 1]<UL><LI> startup_stm32f407xx.o(RESET)
</UL>
<P><STRONG><a name="[56]"></a>I2C3_ER_IRQHandler</STRONG> (Thumb, 0 bytes, Stack size 0 bytes, startup_stm32f407xx.o(.text))
<BR>[Address Reference Count : 1]<UL><LI> startup_stm32f407xx.o(RESET)
</UL>
<P><STRONG><a name="[55]"></a>I2C3_EV_IRQHandler</STRONG> (Thumb, 0 bytes, Stack size 0 bytes, startup_stm32f407xx.o(.text))
<BR>[Address Reference Count : 1]<UL><LI> startup_stm32f407xx.o(RESET)
</UL>
<P><STRONG><a name="[50]"></a>OTG_FS_IRQHandler</STRONG> (Thumb, 0 bytes, Stack size 0 bytes, startup_stm32f407xx.o(.text))
<BR>[Address Reference Count : 1]<UL><LI> startup_stm32f407xx.o(RESET)
</UL>
<P><STRONG><a name="[37]"></a>OTG_FS_WKUP_IRQHandler</STRONG> (Thumb, 0 bytes, Stack size 0 bytes, startup_stm32f407xx.o(.text))
<BR>[Address Reference Count : 1]<UL><LI> startup_stm32f407xx.o(RESET)
</UL>
<P><STRONG><a name="[58]"></a>OTG_HS_EP1_IN_IRQHandler</STRONG> (Thumb, 0 bytes, Stack size 0 bytes, startup_stm32f407xx.o(.text))
<BR>[Address Reference Count : 1]<UL><LI> startup_stm32f407xx.o(RESET)
</UL>
<P><STRONG><a name="[57]"></a>OTG_HS_EP1_OUT_IRQHandler</STRONG> (Thumb, 0 bytes, Stack size 0 bytes, startup_stm32f407xx.o(.text))
<BR>[Address Reference Count : 1]<UL><LI> startup_stm32f407xx.o(RESET)
</UL>
<P><STRONG><a name="[5a]"></a>OTG_HS_IRQHandler</STRONG> (Thumb, 0 bytes, Stack size 0 bytes, startup_stm32f407xx.o(.text))
<BR>[Address Reference Count : 1]<UL><LI> startup_stm32f407xx.o(RESET)
</UL>
<P><STRONG><a name="[59]"></a>OTG_HS_WKUP_IRQHandler</STRONG> (Thumb, 0 bytes, Stack size 0 bytes, startup_stm32f407xx.o(.text))
<BR>[Address Reference Count : 1]<UL><LI> startup_stm32f407xx.o(RESET)
</UL>
<P><STRONG><a name="[e]"></a>PVD_IRQHandler</STRONG> (Thumb, 0 bytes, Stack size 0 bytes, startup_stm32f407xx.o(.text))
<BR>[Address Reference Count : 1]<UL><LI> startup_stm32f407xx.o(RESET)
</UL>
<P><STRONG><a name="[12]"></a>RCC_IRQHandler</STRONG> (Thumb, 0 bytes, Stack size 0 bytes, startup_stm32f407xx.o(.text))
<BR>[Address Reference Count : 1]<UL><LI> startup_stm32f407xx.o(RESET)
</UL>
<P><STRONG><a name="[36]"></a>RTC_Alarm_IRQHandler</STRONG> (Thumb, 0 bytes, Stack size 0 bytes, startup_stm32f407xx.o(.text))
<BR>[Address Reference Count : 1]<UL><LI> startup_stm32f407xx.o(RESET)
</UL>
<P><STRONG><a name="[10]"></a>RTC_WKUP_IRQHandler</STRONG> (Thumb, 0 bytes, Stack size 0 bytes, startup_stm32f407xx.o(.text))
<BR>[Address Reference Count : 1]<UL><LI> startup_stm32f407xx.o(RESET)
</UL>
<P><STRONG><a name="[3e]"></a>SDIO_IRQHandler</STRONG> (Thumb, 0 bytes, Stack size 0 bytes, startup_stm32f407xx.o(.text))
<BR>[Address Reference Count : 1]<UL><LI> startup_stm32f407xx.o(RESET)
</UL>
<P><STRONG><a name="[30]"></a>SPI1_IRQHandler</STRONG> (Thumb, 0 bytes, Stack size 0 bytes, startup_stm32f407xx.o(.text))
<BR>[Address Reference Count : 1]<UL><LI> startup_stm32f407xx.o(RESET)
</UL>
<P><STRONG><a name="[31]"></a>SPI2_IRQHandler</STRONG> (Thumb, 0 bytes, Stack size 0 bytes, startup_stm32f407xx.o(.text))
<BR>[Address Reference Count : 1]<UL><LI> startup_stm32f407xx.o(RESET)
</UL>
<P><STRONG><a name="[40]"></a>SPI3_IRQHandler</STRONG> (Thumb, 0 bytes, Stack size 0 bytes, startup_stm32f407xx.o(.text))
<BR>[Address Reference Count : 1]<UL><LI> startup_stm32f407xx.o(RESET)
</UL>
<P><STRONG><a name="[f]"></a>TAMP_STAMP_IRQHandler</STRONG> (Thumb, 0 bytes, Stack size 0 bytes, startup_stm32f407xx.o(.text))
<BR>[Address Reference Count : 1]<UL><LI> startup_stm32f407xx.o(RESET)
</UL>
<P><STRONG><a name="[25]"></a>TIM1_BRK_TIM9_IRQHandler</STRONG> (Thumb, 0 bytes, Stack size 0 bytes, startup_stm32f407xx.o(.text))
<BR>[Address Reference Count : 1]<UL><LI> startup_stm32f407xx.o(RESET)
</UL>
<P><STRONG><a name="[28]"></a>TIM1_CC_IRQHandler</STRONG> (Thumb, 0 bytes, Stack size 0 bytes, startup_stm32f407xx.o(.text))
<BR>[Address Reference Count : 1]<UL><LI> startup_stm32f407xx.o(RESET)
</UL>
<P><STRONG><a name="[27]"></a>TIM1_TRG_COM_TIM11_IRQHandler</STRONG> (Thumb, 0 bytes, Stack size 0 bytes, startup_stm32f407xx.o(.text))
<BR>[Address Reference Count : 1]<UL><LI> startup_stm32f407xx.o(RESET)
</UL>
<P><STRONG><a name="[26]"></a>TIM1_UP_TIM10_IRQHandler</STRONG> (Thumb, 0 bytes, Stack size 0 bytes, startup_stm32f407xx.o(.text))
<BR>[Address Reference Count : 1]<UL><LI> startup_stm32f407xx.o(RESET)
</UL>
<P><STRONG><a name="[29]"></a>TIM2_IRQHandler</STRONG> (Thumb, 0 bytes, Stack size 0 bytes, startup_stm32f407xx.o(.text))
<BR>[Address Reference Count : 1]<UL><LI> startup_stm32f407xx.o(RESET)
</UL>
<P><STRONG><a name="[2a]"></a>TIM3_IRQHandler</STRONG> (Thumb, 0 bytes, Stack size 0 bytes, startup_stm32f407xx.o(.text))
<BR>[Address Reference Count : 1]<UL><LI> startup_stm32f407xx.o(RESET)
</UL>
<P><STRONG><a name="[2b]"></a>TIM4_IRQHandler</STRONG> (Thumb, 0 bytes, Stack size 0 bytes, startup_stm32f407xx.o(.text))
<BR>[Address Reference Count : 1]<UL><LI> startup_stm32f407xx.o(RESET)
</UL>
<P><STRONG><a name="[3f]"></a>TIM5_IRQHandler</STRONG> (Thumb, 0 bytes, Stack size 0 bytes, startup_stm32f407xx.o(.text))
<BR>[Address Reference Count : 1]<UL><LI> startup_stm32f407xx.o(RESET)
</UL>
<P><STRONG><a name="[43]"></a>TIM6_DAC_IRQHandler</STRONG> (Thumb, 0 bytes, Stack size 0 bytes, startup_stm32f407xx.o(.text))
<BR>[Address Reference Count : 1]<UL><LI> startup_stm32f407xx.o(RESET)
</UL>
<P><STRONG><a name="[44]"></a>TIM7_IRQHandler</STRONG> (Thumb, 0 bytes, Stack size 0 bytes, startup_stm32f407xx.o(.text))
<BR>[Address Reference Count : 1]<UL><LI> startup_stm32f407xx.o(RESET)
</UL>
<P><STRONG><a name="[38]"></a>TIM8_BRK_TIM12_IRQHandler</STRONG> (Thumb, 0 bytes, Stack size 0 bytes, startup_stm32f407xx.o(.text))
<BR>[Address Reference Count : 1]<UL><LI> startup_stm32f407xx.o(RESET)
</UL>
<P><STRONG><a name="[3b]"></a>TIM8_CC_IRQHandler</STRONG> (Thumb, 0 bytes, Stack size 0 bytes, startup_stm32f407xx.o(.text))
<BR>[Address Reference Count : 1]<UL><LI> startup_stm32f407xx.o(RESET)
</UL>
<P><STRONG><a name="[3a]"></a>TIM8_TRG_COM_TIM14_IRQHandler</STRONG> (Thumb, 0 bytes, Stack size 0 bytes, startup_stm32f407xx.o(.text))
<BR>[Address Reference Count : 1]<UL><LI> startup_stm32f407xx.o(RESET)
</UL>
<P><STRONG><a name="[39]"></a>TIM8_UP_TIM13_IRQHandler</STRONG> (Thumb, 0 bytes, Stack size 0 bytes, startup_stm32f407xx.o(.text))
<BR>[Address Reference Count : 1]<UL><LI> startup_stm32f407xx.o(RESET)
</UL>
<P><STRONG><a name="[41]"></a>UART4_IRQHandler</STRONG> (Thumb, 0 bytes, Stack size 0 bytes, startup_stm32f407xx.o(.text))
<BR>[Address Reference Count : 1]<UL><LI> startup_stm32f407xx.o(RESET)
</UL>
<P><STRONG><a name="[42]"></a>UART5_IRQHandler</STRONG> (Thumb, 0 bytes, Stack size 0 bytes, startup_stm32f407xx.o(.text))
<BR>[Address Reference Count : 1]<UL><LI> startup_stm32f407xx.o(RESET)
</UL>
<P><STRONG><a name="[32]"></a>USART1_IRQHandler</STRONG> (Thumb, 0 bytes, Stack size 0 bytes, startup_stm32f407xx.o(.text))
<BR>[Address Reference Count : 1]<UL><LI> startup_stm32f407xx.o(RESET)
</UL>
<P><STRONG><a name="[54]"></a>USART6_IRQHandler</STRONG> (Thumb, 0 bytes, Stack size 0 bytes, startup_stm32f407xx.o(.text))
<BR>[Address Reference Count : 1]<UL><LI> startup_stm32f407xx.o(RESET)
</UL>
<P><STRONG><a name="[d]"></a>WWDG_IRQHandler</STRONG> (Thumb, 0 bytes, Stack size 0 bytes, startup_stm32f407xx.o(.text))
<BR>[Address Reference Count : 1]<UL><LI> startup_stm32f407xx.o(RESET)
</UL>
<P><STRONG><a name="[9b]"></a>__user_initial_stackheap</STRONG> (Thumb, 0 bytes, Stack size unknown bytes, startup_stm32f407xx.o(.text))
<BR><BR>[Called By]<UL><LI><a href="#[90]">&gt;&gt;</a>&nbsp;&nbsp;&nbsp;__user_setup_stackheap
</UL>

<P><STRONG><a name="[b6]"></a>__aeabi_memclr4</STRONG> (Thumb, 0 bytes, Stack size 4 bytes, rt_memclr_w.o(.text))
<BR><BR>[Stack]<UL><LI>Max Depth = 4<LI>Call Chain = __aeabi_memclr4
</UL>
<BR>[Called By]<UL><LI><a href="#[c2]">&gt;&gt;</a>&nbsp;&nbsp;&nbsp;USART_Initialize
<LI><a href="#[ab]">&gt;&gt;</a>&nbsp;&nbsp;&nbsp;I2C_Initialize
</UL>

<P><STRONG><a name="[ee]"></a>__aeabi_memclr8</STRONG> (Thumb, 0 bytes, Stack size 4 bytes, rt_memclr_w.o(.text), UNUSED)

<P><STRONG><a name="[ef]"></a>__rt_memclr_w</STRONG> (Thumb, 78 bytes, Stack size 4 bytes, rt_memclr_w.o(.text), UNUSED)

<P><STRONG><a name="[f0]"></a>_memset_w</STRONG> (Thumb, 0 bytes, Stack size unknown bytes, rt_memclr_w.o(.text), UNUSED)

<P><STRONG><a name="[f1]"></a>__use_two_region_memory</STRONG> (Thumb, 2 bytes, Stack size 0 bytes, heapauxi.o(.text), UNUSED)

<P><STRONG><a name="[f2]"></a>__rt_heap_escrow$2region</STRONG> (Thumb, 2 bytes, Stack size 0 bytes, heapauxi.o(.text), UNUSED)

<P><STRONG><a name="[f3]"></a>__rt_heap_expand$2region</STRONG> (Thumb, 2 bytes, Stack size 0 bytes, heapauxi.o(.text), UNUSED)

<P><STRONG><a name="[90]"></a>__user_setup_stackheap</STRONG> (Thumb, 74 bytes, Stack size 8 bytes, sys_stackheap_outer.o(.text))
<BR><BR>[Stack]<UL><LI>Max Depth = 8 + Unknown Stack Size
<LI>Call Chain = __user_setup_stackheap
</UL>
<BR>[Calls]<UL><LI><a href="#[9a]">&gt;&gt;</a>&nbsp;&nbsp;&nbsp;__user_perproc_libspace
<LI><a href="#[9b]">&gt;&gt;</a>&nbsp;&nbsp;&nbsp;__user_initial_stackheap
</UL>
<BR>[Called By]<UL><LI><a href="#[8f]">&gt;&gt;</a>&nbsp;&nbsp;&nbsp;__rt_entry_sh
</UL>

<P><STRONG><a name="[95]"></a>exit</STRONG> (Thumb, 18 bytes, Stack size 8 bytes, exit.o(.text))
<BR><BR>[Stack]<UL><LI>Max Depth = 8 + Unknown Stack Size
<LI>Call Chain = exit
</UL>
<BR>[Calls]<UL><LI><a href="#[9c]">&gt;&gt;</a>&nbsp;&nbsp;&nbsp;__rt_exit
</UL>
<BR>[Called By]<UL><LI><a href="#[93]">&gt;&gt;</a>&nbsp;&nbsp;&nbsp;__rt_entry_main
</UL>

<P><STRONG><a name="[f4]"></a>__user_libspace</STRONG> (Thumb, 8 bytes, Stack size 0 bytes, libspace.o(.text), UNUSED)

<P><STRONG><a name="[9a]"></a>__user_perproc_libspace</STRONG> (Thumb, 0 bytes, Stack size 0 bytes, libspace.o(.text))
<BR><BR>[Called By]<UL><LI><a href="#[90]">&gt;&gt;</a>&nbsp;&nbsp;&nbsp;__user_setup_stackheap
</UL>

<P><STRONG><a name="[f5]"></a>__user_perthread_libspace</STRONG> (Thumb, 0 bytes, Stack size 0 bytes, libspace.o(.text), UNUSED)

<P><STRONG><a name="[99]"></a>_sys_exit</STRONG> (Thumb, 8 bytes, Stack size 0 bytes, sys_exit.o(.text))
<BR><BR>[Called By]<UL><LI><a href="#[98]">&gt;&gt;</a>&nbsp;&nbsp;&nbsp;__rt_exit_exit
</UL>

<P><STRONG><a name="[f6]"></a>__I$use$semihosting</STRONG> (Thumb, 0 bytes, Stack size 0 bytes, use_no_semi.o(.text), UNUSED)

<P><STRONG><a name="[f7]"></a>__use_no_semihosting_swi</STRONG> (Thumb, 2 bytes, Stack size 0 bytes, use_no_semi.o(.text), UNUSED)

<P><STRONG><a name="[f8]"></a>__semihosting_library_function</STRONG> (Thumb, 0 bytes, Stack size unknown bytes, indicate_semi.o(.text), UNUSED)

<P><STRONG><a name="[9d]"></a>HAL_DMA_Abort</STRONG> (Thumb, 170 bytes, Stack size 16 bytes, stm32f4xx_hal_dma.o(i.HAL_DMA_Abort))
<BR><BR>[Stack]<UL><LI>Max Depth = 16<LI>Call Chain = HAL_DMA_Abort
</UL>
<BR>[Calls]<UL><LI><a href="#[9e]">&gt;&gt;</a>&nbsp;&nbsp;&nbsp;HAL_GetTick
</UL>
<BR>[Called By]<UL><LI><a href="#[bb]">&gt;&gt;</a>&nbsp;&nbsp;&nbsp;USART_Control
<LI><a href="#[ae]">&gt;&gt;</a>&nbsp;&nbsp;&nbsp;I2C_PowerControl
<LI><a href="#[a7]">&gt;&gt;</a>&nbsp;&nbsp;&nbsp;I2C_ER_IRQHandler
<LI><a href="#[a6]">&gt;&gt;</a>&nbsp;&nbsp;&nbsp;I2C_Control
</UL>

<P><STRONG><a name="[9f]"></a>HAL_DMA_Init</STRONG> (Thumb, 232 bytes, Stack size 24 bytes, stm32f4xx_hal_dma.o(i.HAL_DMA_Init))
<BR><BR>[Stack]<UL><LI>Max Depth = 24<LI>Call Chain = HAL_DMA_Init
</UL>
<BR>[Calls]<UL><LI><a href="#[a0]">&gt;&gt;</a>&nbsp;&nbsp;&nbsp;DMA_CheckFifoParam
<LI><a href="#[a1]">&gt;&gt;</a>&nbsp;&nbsp;&nbsp;DMA_CalcBaseAndBitshift
<LI><a href="#[9e]">&gt;&gt;</a>&nbsp;&nbsp;&nbsp;HAL_GetTick
</UL>
<BR>[Called By]<UL><LI><a href="#[ab]">&gt;&gt;</a>&nbsp;&nbsp;&nbsp;I2C_Initialize
</UL>

<P><STRONG><a name="[a2]"></a>HAL_DMA_Start_IT</STRONG> (Thumb, 158 bytes, Stack size 32 bytes, stm32f4xx_hal_dma.o(i.HAL_DMA_Start_IT))
<BR><BR>[Stack]<UL><LI>Max Depth = 44<LI>Call Chain = HAL_DMA_Start_IT &rArr; DMA_SetConfig
</UL>
<BR>[Calls]<UL><LI><a href="#[a3]">&gt;&gt;</a>&nbsp;&nbsp;&nbsp;DMA_SetConfig
</UL>
<BR>[Called By]<UL><LI><a href="#[b0]">&gt;&gt;</a>&nbsp;&nbsp;&nbsp;I2C_SlaveTransmit
<LI><a href="#[af]">&gt;&gt;</a>&nbsp;&nbsp;&nbsp;I2C_SlaveReceive
<LI><a href="#[ad]">&gt;&gt;</a>&nbsp;&nbsp;&nbsp;I2C_MasterTransmit
<LI><a href="#[ac]">&gt;&gt;</a>&nbsp;&nbsp;&nbsp;I2C_MasterReceive
</UL>

<P><STRONG><a name="[a4]"></a>HAL_Delay</STRONG> (Thumb, 36 bytes, Stack size 16 bytes, stm32f4xx_hal.o(i.HAL_Delay))
<BR><BR>[Stack]<UL><LI>Max Depth = 16<LI>Call Chain = HAL_Delay
</UL>
<BR>[Calls]<UL><LI><a href="#[9e]">&gt;&gt;</a>&nbsp;&nbsp;&nbsp;HAL_GetTick
</UL>
<BR>[Called By]<UL><LI><a href="#[a6]">&gt;&gt;</a>&nbsp;&nbsp;&nbsp;I2C_Control
</UL>

<P><STRONG><a name="[ba]"></a>HAL_GPIO_DeInit</STRONG> (Thumb, 316 bytes, Stack size 20 bytes, stm32f4xx_hal_gpio.o(i.HAL_GPIO_DeInit))
<BR><BR>[Stack]<UL><LI>Max Depth = 20<LI>Call Chain = HAL_GPIO_DeInit
</UL>
<BR>[Called By]<UL><LI><a href="#[c8]">&gt;&gt;</a>&nbsp;&nbsp;&nbsp;USART_Uninitialize
<LI><a href="#[bb]">&gt;&gt;</a>&nbsp;&nbsp;&nbsp;USART_Control
<LI><a href="#[b1]">&gt;&gt;</a>&nbsp;&nbsp;&nbsp;I2C_Uninitialize
</UL>

<P><STRONG><a name="[b2]"></a>HAL_GPIO_Init</STRONG> (Thumb, 466 bytes, Stack size 24 bytes, stm32f4xx_hal_gpio.o(i.HAL_GPIO_Init))
<BR><BR>[Stack]<UL><LI>Max Depth = 24<LI>Call Chain = HAL_GPIO_Init
</UL>
<BR>[Called By]<UL><LI><a href="#[bb]">&gt;&gt;</a>&nbsp;&nbsp;&nbsp;USART_Control
<LI><a href="#[ab]">&gt;&gt;</a>&nbsp;&nbsp;&nbsp;I2C_Initialize
<LI><a href="#[a6]">&gt;&gt;</a>&nbsp;&nbsp;&nbsp;I2C_Control
</UL>

<P><STRONG><a name="[b4]"></a>HAL_GPIO_ReadPin</STRONG> (Thumb, 16 bytes, Stack size 0 bytes, stm32f4xx_hal_gpio.o(i.HAL_GPIO_ReadPin))
<BR><BR>[Called By]<UL><LI><a href="#[bd]">&gt;&gt;</a>&nbsp;&nbsp;&nbsp;USART_GetModemStatus
<LI><a href="#[a6]">&gt;&gt;</a>&nbsp;&nbsp;&nbsp;I2C_Control
</UL>

<P><STRONG><a name="[b3]"></a>HAL_GPIO_WritePin</STRONG> (Thumb, 12 bytes, Stack size 0 bytes, stm32f4xx_hal_gpio.o(i.HAL_GPIO_WritePin))
<BR><BR>[Called By]<UL><LI><a href="#[c6]">&gt;&gt;</a>&nbsp;&nbsp;&nbsp;USART_SetModemControl
<LI><a href="#[a6]">&gt;&gt;</a>&nbsp;&nbsp;&nbsp;I2C_Control
</UL>

<P><STRONG><a name="[9e]"></a>HAL_GetTick</STRONG> (Thumb, 6 bytes, Stack size 0 bytes, stm32f4xx_hal.o(i.HAL_GetTick))
<BR><BR>[Called By]<UL><LI><a href="#[a4]">&gt;&gt;</a>&nbsp;&nbsp;&nbsp;HAL_Delay
<LI><a href="#[9f]">&gt;&gt;</a>&nbsp;&nbsp;&nbsp;HAL_DMA_Init
<LI><a href="#[9d]">&gt;&gt;</a>&nbsp;&nbsp;&nbsp;HAL_DMA_Abort
<LI><a href="#[ad]">&gt;&gt;</a>&nbsp;&nbsp;&nbsp;I2C_MasterTransmit
<LI><a href="#[ac]">&gt;&gt;</a>&nbsp;&nbsp;&nbsp;I2C_MasterReceive
</UL>

<P><STRONG><a name="[b9]"></a>HAL_NVIC_ClearPendingIRQ</STRONG> (Thumb, 30 bytes, Stack size 8 bytes, stm32f4xx_hal_cortex.o(i.HAL_NVIC_ClearPendingIRQ))
<BR><BR>[Stack]<UL><LI>Max Depth = 8<LI>Call Chain = HAL_NVIC_ClearPendingIRQ
</UL>
<BR>[Called By]<UL><LI><a href="#[ae]">&gt;&gt;</a>&nbsp;&nbsp;&nbsp;I2C_PowerControl
</UL>

<P><STRONG><a name="[b7]"></a>HAL_NVIC_DisableIRQ</STRONG> (Thumb, 62 bytes, Stack size 8 bytes, stm32f4xx_hal_cortex.o(i.HAL_NVIC_DisableIRQ))
<BR><BR>[Stack]<UL><LI>Max Depth = 8<LI>Call Chain = HAL_NVIC_DisableIRQ
</UL>
<BR>[Called By]<UL><LI><a href="#[c3]">&gt;&gt;</a>&nbsp;&nbsp;&nbsp;USART_PowerControl
<LI><a href="#[ae]">&gt;&gt;</a>&nbsp;&nbsp;&nbsp;I2C_PowerControl
</UL>

<P><STRONG><a name="[b8]"></a>HAL_NVIC_EnableIRQ</STRONG> (Thumb, 40 bytes, Stack size 0 bytes, stm32f4xx_hal_cortex.o(i.HAL_NVIC_EnableIRQ))
<BR><BR>[Called By]<UL><LI><a href="#[ae]">&gt;&gt;</a>&nbsp;&nbsp;&nbsp;I2C_PowerControl
</UL>

<P><STRONG><a name="[a5]"></a>HAL_RCC_GetHCLKFreq</STRONG> (Thumb, 6 bytes, Stack size 0 bytes, stm32f4xx_hal_rcc.o(i.HAL_RCC_GetHCLKFreq))
<BR><BR>[Called By]<UL><LI><a href="#[6c]">&gt;&gt;</a>&nbsp;&nbsp;&nbsp;HAL_RCC_GetPCLK1Freq
</UL>

<P><STRONG><a name="[6c]"></a>HAL_RCC_GetPCLK1Freq</STRONG> (Thumb, 22 bytes, Stack size 4 bytes, stm32f4xx_hal_rcc.o(i.HAL_RCC_GetPCLK1Freq))
<BR><BR>[Stack]<UL><LI>Max Depth = 4<LI>Call Chain = HAL_RCC_GetPCLK1Freq
</UL>
<BR>[Calls]<UL><LI><a href="#[a5]">&gt;&gt;</a>&nbsp;&nbsp;&nbsp;HAL_RCC_GetHCLKFreq
</UL>
<BR>[Called By]<UL><LI><a href="#[a6]">&gt;&gt;</a>&nbsp;&nbsp;&nbsp;I2C_Control
</UL>
<BR>[Address Reference Count : 1]<UL><LI> usart_stm32f4xx.o(.constdata)
</UL>
<P><STRONG><a name="[2d]"></a>I2C1_ER_IRQHandler</STRONG> (Thumb, 10 bytes, Stack size 8 bytes, i2c_stm32f4xx.o(i.I2C1_ER_IRQHandler))
<BR><BR>[Stack]<UL><LI>Max Depth = 48<LI>Call Chain = I2C1_ER_IRQHandler &rArr; I2C_ER_IRQHandler &rArr; HAL_DMA_Abort
</UL>
<BR>[Calls]<UL><LI><a href="#[a7]">&gt;&gt;</a>&nbsp;&nbsp;&nbsp;I2C_ER_IRQHandler
</UL>
<BR>[Address Reference Count : 1]<UL><LI> startup_stm32f407xx.o(RESET)
</UL>
<P><STRONG><a name="[2c]"></a>I2C1_EV_IRQHandler</STRONG> (Thumb, 10 bytes, Stack size 8 bytes, i2c_stm32f4xx.o(i.I2C1_EV_IRQHandler))
<BR><BR>[Stack]<UL><LI>Max Depth = 48<LI>Call Chain = I2C1_EV_IRQHandler &rArr; I2C_EV_IRQHandler
</UL>
<BR>[Calls]<UL><LI><a href="#[a8]">&gt;&gt;</a>&nbsp;&nbsp;&nbsp;I2C_EV_IRQHandler
</UL>
<BR>[Address Reference Count : 1]<UL><LI> startup_stm32f407xx.o(RESET)
</UL>
<P><STRONG><a name="[cb]"></a>Init_I2C</STRONG> (Thumb, 40 bytes, Stack size 8 bytes, basei2c.o(i.Init_I2C))
<BR><BR>[Stack]<UL><LI>Max Depth = 8<LI>Call Chain = Init_I2C
</UL>
<BR>[Called By]<UL><LI><a href="#[94]">&gt;&gt;</a>&nbsp;&nbsp;&nbsp;main
</UL>

<P><STRONG><a name="[5e]"></a>SystemInit</STRONG> (Thumb, 82 bytes, Stack size 0 bytes, system_stm32f4xx.o(i.SystemInit))
<BR>[Address Reference Count : 1]<UL><LI> startup_stm32f407xx.o(.text)
</UL>
<P><STRONG><a name="[33]"></a>USART2_IRQHandler</STRONG> (Thumb, 10 bytes, Stack size 8 bytes, usart_stm32f4xx.o(i.USART2_IRQHandler))
<BR><BR>[Stack]<UL><LI>Max Depth = 32<LI>Call Chain = USART2_IRQHandler &rArr; USART_IRQHandler
</UL>
<BR>[Calls]<UL><LI><a href="#[c1]">&gt;&gt;</a>&nbsp;&nbsp;&nbsp;USART_IRQHandler
</UL>
<BR>[Address Reference Count : 1]<UL><LI> startup_stm32f407xx.o(RESET)
</UL>
<P><STRONG><a name="[34]"></a>USART3_IRQHandler</STRONG> (Thumb, 10 bytes, Stack size 8 bytes, usart_stm32f4xx.o(i.USART3_IRQHandler))
<BR><BR>[Stack]<UL><LI>Max Depth = 32<LI>Call Chain = USART3_IRQHandler &rArr; USART_IRQHandler
</UL>
<BR>[Calls]<UL><LI><a href="#[c1]">&gt;&gt;</a>&nbsp;&nbsp;&nbsp;USART_IRQHandler
</UL>
<BR>[Address Reference Count : 1]<UL><LI> startup_stm32f407xx.o(RESET)
</UL>
<P><STRONG><a name="[c1]"></a>USART_IRQHandler</STRONG> (Thumb, 626 bytes, Stack size 24 bytes, usart_stm32f4xx.o(i.USART_IRQHandler))
<BR><BR>[Stack]<UL><LI>Max Depth = 24<LI>Call Chain = USART_IRQHandler
</UL>
<BR>[Called By]<UL><LI><a href="#[34]">&gt;&gt;</a>&nbsp;&nbsp;&nbsp;USART3_IRQHandler
<LI><a href="#[33]">&gt;&gt;</a>&nbsp;&nbsp;&nbsp;USART2_IRQHandler
</UL>

<P><STRONG><a name="[94]"></a>main</STRONG> (Thumb, 78 bytes, Stack size 24 bytes, basei2c.o(i.main))
<BR><BR>[Stack]<UL><LI>Max Depth = 32<LI>Call Chain = main &rArr; Init_I2C
</UL>
<BR>[Calls]<UL><LI><a href="#[cb]">&gt;&gt;</a>&nbsp;&nbsp;&nbsp;Init_I2C
</UL>
<BR>[Called By]<UL><LI><a href="#[93]">&gt;&gt;</a>&nbsp;&nbsp;&nbsp;__rt_entry_main
</UL>

<P><STRONG><a name="[8e]"></a>_fp_init</STRONG> (Thumb, 10 bytes, Stack size 0 bytes, fpinit.o(x$fpl$fpinit))
<BR><BR>[Called By]<UL><LI><a href="#[8d]">&gt;&gt;</a>&nbsp;&nbsp;&nbsp;__rt_lib_init_fp_1
</UL>

<P><STRONG><a name="[f9]"></a>__fplib_config_fpu_vfp</STRONG> (Thumb, 0 bytes, Stack size unknown bytes, fpinit.o(x$fpl$fpinit), UNUSED)

<P><STRONG><a name="[fa]"></a>__fplib_config_pureend_doubles</STRONG> (Thumb, 0 bytes, Stack size unknown bytes, fpinit.o(x$fpl$fpinit), UNUSED)
<P>
<H3>
Local Symbols
</H3>
<P><STRONG><a name="[b5]"></a>Enable_GPIO_Clock</STRONG> (Thumb, 346 bytes, Stack size 8 bytes, i2c_stm32f4xx.o(i.Enable_GPIO_Clock))
<BR><BR>[Stack]<UL><LI>Max Depth = 8<LI>Call Chain = Enable_GPIO_Clock
</UL>
<BR>[Called By]<UL><LI><a href="#[ab]">&gt;&gt;</a>&nbsp;&nbsp;&nbsp;I2C_Initialize
</UL>

<P><STRONG><a name="[6a]"></a>I2C1_Control</STRONG> (Thumb, 18 bytes, Stack size 16 bytes, i2c_stm32f4xx.o(i.I2C1_Control))
<BR><BR>[Stack]<UL><LI>Max Depth = 96<LI>Call Chain = I2C1_Control &rArr; I2C_Control &rArr; HAL_GPIO_Init
</UL>
<BR>[Calls]<UL><LI><a href="#[a6]">&gt;&gt;</a>&nbsp;&nbsp;&nbsp;I2C_Control
</UL>
<BR>[Address Reference Count : 1]<UL><LI> i2c_stm32f4xx.o(.constdata)
</UL>
<P><STRONG><a name="[69]"></a>I2C1_GetDataCount</STRONG> (Thumb, 10 bytes, Stack size 8 bytes, i2c_stm32f4xx.o(i.I2C1_GetDataCount))
<BR><BR>[Stack]<UL><LI>Max Depth = 8<LI>Call Chain = I2C1_GetDataCount
</UL>
<BR>[Calls]<UL><LI><a href="#[a9]">&gt;&gt;</a>&nbsp;&nbsp;&nbsp;I2C_GetDataCount
</UL>
<BR>[Address Reference Count : 1]<UL><LI> i2c_stm32f4xx.o(.constdata)
</UL>
<P><STRONG><a name="[6b]"></a>I2C1_GetStatus</STRONG> (Thumb, 12 bytes, Stack size 8 bytes, i2c_stm32f4xx.o(i.I2C1_GetStatus))
<BR><BR>[Stack]<UL><LI>Max Depth = 8<LI>Call Chain = I2C1_GetStatus
</UL>
<BR>[Calls]<UL><LI><a href="#[aa]">&gt;&gt;</a>&nbsp;&nbsp;&nbsp;I2C_GetStatus
</UL>
<BR>[Address Reference Count : 1]<UL><LI> i2c_stm32f4xx.o(.constdata)
</UL>
<P><STRONG><a name="[62]"></a>I2C1_Initialize</STRONG> (Thumb, 14 bytes, Stack size 8 bytes, i2c_stm32f4xx.o(i.I2C1_Initialize))
<BR><BR>[Stack]<UL><LI>Max Depth = 72<LI>Call Chain = I2C1_Initialize &rArr; I2C_Initialize &rArr; HAL_GPIO_Init
</UL>
<BR>[Calls]<UL><LI><a href="#[ab]">&gt;&gt;</a>&nbsp;&nbsp;&nbsp;I2C_Initialize
</UL>
<BR>[Address Reference Count : 1]<UL><LI> i2c_stm32f4xx.o(.constdata)
</UL>
<P><STRONG><a name="[66]"></a>I2C1_MasterReceive</STRONG> (Thumb, 28 bytes, Stack size 24 bytes, i2c_stm32f4xx.o(i.I2C1_MasterReceive))
<BR><BR>[Stack]<UL><LI>Max Depth = 100<LI>Call Chain = I2C1_MasterReceive &rArr; I2C_MasterReceive &rArr; HAL_DMA_Start_IT &rArr; DMA_SetConfig
</UL>
<BR>[Calls]<UL><LI><a href="#[ac]">&gt;&gt;</a>&nbsp;&nbsp;&nbsp;I2C_MasterReceive
</UL>
<BR>[Address Reference Count : 1]<UL><LI> i2c_stm32f4xx.o(.constdata)
</UL>
<P><STRONG><a name="[65]"></a>I2C1_MasterTransmit</STRONG> (Thumb, 28 bytes, Stack size 24 bytes, i2c_stm32f4xx.o(i.I2C1_MasterTransmit))
<BR><BR>[Stack]<UL><LI>Max Depth = 100<LI>Call Chain = I2C1_MasterTransmit &rArr; I2C_MasterTransmit &rArr; HAL_DMA_Start_IT &rArr; DMA_SetConfig
</UL>
<BR>[Calls]<UL><LI><a href="#[ad]">&gt;&gt;</a>&nbsp;&nbsp;&nbsp;I2C_MasterTransmit
</UL>
<BR>[Address Reference Count : 1]<UL><LI> i2c_stm32f4xx.o(.constdata)
</UL>
<P><STRONG><a name="[64]"></a>I2C1_PowerControl</STRONG> (Thumb, 14 bytes, Stack size 8 bytes, i2c_stm32f4xx.o(i.I2C1_PowerControl))
<BR><BR>[Stack]<UL><LI>Max Depth = 40<LI>Call Chain = I2C1_PowerControl &rArr; I2C_PowerControl &rArr; HAL_DMA_Abort
</UL>
<BR>[Calls]<UL><LI><a href="#[ae]">&gt;&gt;</a>&nbsp;&nbsp;&nbsp;I2C_PowerControl
</UL>
<BR>[Address Reference Count : 1]<UL><LI> i2c_stm32f4xx.o(.constdata)
</UL>
<P><STRONG><a name="[68]"></a>I2C1_SlaveReceive</STRONG> (Thumb, 18 bytes, Stack size 16 bytes, i2c_stm32f4xx.o(i.I2C1_SlaveReceive))
<BR><BR>[Stack]<UL><LI>Max Depth = 76<LI>Call Chain = I2C1_SlaveReceive &rArr; I2C_SlaveReceive &rArr; HAL_DMA_Start_IT &rArr; DMA_SetConfig
</UL>
<BR>[Calls]<UL><LI><a href="#[af]">&gt;&gt;</a>&nbsp;&nbsp;&nbsp;I2C_SlaveReceive
</UL>
<BR>[Address Reference Count : 1]<UL><LI> i2c_stm32f4xx.o(.constdata)
</UL>
<P><STRONG><a name="[67]"></a>I2C1_SlaveTransmit</STRONG> (Thumb, 18 bytes, Stack size 16 bytes, i2c_stm32f4xx.o(i.I2C1_SlaveTransmit))
<BR><BR>[Stack]<UL><LI>Max Depth = 76<LI>Call Chain = I2C1_SlaveTransmit &rArr; I2C_SlaveTransmit &rArr; HAL_DMA_Start_IT &rArr; DMA_SetConfig
</UL>
<BR>[Calls]<UL><LI><a href="#[b0]">&gt;&gt;</a>&nbsp;&nbsp;&nbsp;I2C_SlaveTransmit
</UL>
<BR>[Address Reference Count : 1]<UL><LI> i2c_stm32f4xx.o(.constdata)
</UL>
<P><STRONG><a name="[63]"></a>I2C1_Uninitialize</STRONG> (Thumb, 10 bytes, Stack size 8 bytes, i2c_stm32f4xx.o(i.I2C1_Uninitialize))
<BR><BR>[Stack]<UL><LI>Max Depth = 36<LI>Call Chain = I2C1_Uninitialize &rArr; I2C_Uninitialize &rArr; HAL_GPIO_DeInit
</UL>
<BR>[Calls]<UL><LI><a href="#[b1]">&gt;&gt;</a>&nbsp;&nbsp;&nbsp;I2C_Uninitialize
</UL>
<BR>[Address Reference Count : 1]<UL><LI> i2c_stm32f4xx.o(.constdata)
</UL>
<P><STRONG><a name="[61]"></a>I2CX_GetCapabilities</STRONG> (Thumb, 6 bytes, Stack size 0 bytes, i2c_stm32f4xx.o(i.I2CX_GetCapabilities))
<BR>[Address Reference Count : 1]<UL><LI> i2c_stm32f4xx.o(.constdata)
</UL>
<P><STRONG><a name="[60]"></a>I2CX_GetVersion</STRONG> (Thumb, 10 bytes, Stack size 8 bytes, i2c_stm32f4xx.o(i.I2CX_GetVersion))
<BR><BR>[Stack]<UL><LI>Max Depth = 8<LI>Call Chain = I2CX_GetVersion
</UL>
<BR>[Address Reference Count : 1]<UL><LI> i2c_stm32f4xx.o(.constdata)
</UL>
<P><STRONG><a name="[a6]"></a>I2C_Control</STRONG> (Thumb, 816 bytes, Stack size 56 bytes, i2c_stm32f4xx.o(i.I2C_Control))
<BR><BR>[Stack]<UL><LI>Max Depth = 80<LI>Call Chain = I2C_Control &rArr; HAL_GPIO_Init
</UL>
<BR>[Calls]<UL><LI><a href="#[6c]">&gt;&gt;</a>&nbsp;&nbsp;&nbsp;HAL_RCC_GetPCLK1Freq
<LI><a href="#[b3]">&gt;&gt;</a>&nbsp;&nbsp;&nbsp;HAL_GPIO_WritePin
<LI><a href="#[b4]">&gt;&gt;</a>&nbsp;&nbsp;&nbsp;HAL_GPIO_ReadPin
<LI><a href="#[b2]">&gt;&gt;</a>&nbsp;&nbsp;&nbsp;HAL_GPIO_Init
<LI><a href="#[a4]">&gt;&gt;</a>&nbsp;&nbsp;&nbsp;HAL_Delay
<LI><a href="#[9d]">&gt;&gt;</a>&nbsp;&nbsp;&nbsp;HAL_DMA_Abort
</UL>
<BR>[Called By]<UL><LI><a href="#[6a]">&gt;&gt;</a>&nbsp;&nbsp;&nbsp;I2C1_Control
</UL>

<P><STRONG><a name="[a7]"></a>I2C_ER_IRQHandler</STRONG> (Thumb, 518 bytes, Stack size 24 bytes, i2c_stm32f4xx.o(i.I2C_ER_IRQHandler))
<BR><BR>[Stack]<UL><LI>Max Depth = 40<LI>Call Chain = I2C_ER_IRQHandler &rArr; HAL_DMA_Abort
</UL>
<BR>[Calls]<UL><LI><a href="#[9d]">&gt;&gt;</a>&nbsp;&nbsp;&nbsp;HAL_DMA_Abort
</UL>
<BR>[Called By]<UL><LI><a href="#[2d]">&gt;&gt;</a>&nbsp;&nbsp;&nbsp;I2C1_ER_IRQHandler
</UL>

<P><STRONG><a name="[a8]"></a>I2C_EV_IRQHandler</STRONG> (Thumb, 1704 bytes, Stack size 40 bytes, i2c_stm32f4xx.o(i.I2C_EV_IRQHandler))
<BR><BR>[Stack]<UL><LI>Max Depth = 40<LI>Call Chain = I2C_EV_IRQHandler
</UL>
<BR>[Called By]<UL><LI><a href="#[2c]">&gt;&gt;</a>&nbsp;&nbsp;&nbsp;I2C1_EV_IRQHandler
</UL>

<P><STRONG><a name="[a9]"></a>I2C_GetDataCount</STRONG> (Thumb, 52 bytes, Stack size 0 bytes, i2c_stm32f4xx.o(i.I2C_GetDataCount))
<BR><BR>[Called By]<UL><LI><a href="#[69]">&gt;&gt;</a>&nbsp;&nbsp;&nbsp;I2C1_GetDataCount
</UL>

<P><STRONG><a name="[aa]"></a>I2C_GetStatus</STRONG> (Thumb, 8 bytes, Stack size 0 bytes, i2c_stm32f4xx.o(i.I2C_GetStatus))
<BR><BR>[Called By]<UL><LI><a href="#[6b]">&gt;&gt;</a>&nbsp;&nbsp;&nbsp;I2C1_GetStatus
</UL>

<P><STRONG><a name="[ab]"></a>I2C_Initialize</STRONG> (Thumb, 444 bytes, Stack size 40 bytes, i2c_stm32f4xx.o(i.I2C_Initialize))
<BR><BR>[Stack]<UL><LI>Max Depth = 64<LI>Call Chain = I2C_Initialize &rArr; HAL_GPIO_Init
</UL>
<BR>[Calls]<UL><LI><a href="#[b6]">&gt;&gt;</a>&nbsp;&nbsp;&nbsp;__aeabi_memclr4
<LI><a href="#[b2]">&gt;&gt;</a>&nbsp;&nbsp;&nbsp;HAL_GPIO_Init
<LI><a href="#[9f]">&gt;&gt;</a>&nbsp;&nbsp;&nbsp;HAL_DMA_Init
<LI><a href="#[b5]">&gt;&gt;</a>&nbsp;&nbsp;&nbsp;Enable_GPIO_Clock
</UL>
<BR>[Called By]<UL><LI><a href="#[62]">&gt;&gt;</a>&nbsp;&nbsp;&nbsp;I2C1_Initialize
</UL>

<P><STRONG><a name="[ac]"></a>I2C_MasterReceive</STRONG> (Thumb, 324 bytes, Stack size 32 bytes, i2c_stm32f4xx.o(i.I2C_MasterReceive))
<BR><BR>[Stack]<UL><LI>Max Depth = 76<LI>Call Chain = I2C_MasterReceive &rArr; HAL_DMA_Start_IT &rArr; DMA_SetConfig
</UL>
<BR>[Calls]<UL><LI><a href="#[9e]">&gt;&gt;</a>&nbsp;&nbsp;&nbsp;HAL_GetTick
<LI><a href="#[a2]">&gt;&gt;</a>&nbsp;&nbsp;&nbsp;HAL_DMA_Start_IT
</UL>
<BR>[Called By]<UL><LI><a href="#[66]">&gt;&gt;</a>&nbsp;&nbsp;&nbsp;I2C1_MasterReceive
</UL>

<P><STRONG><a name="[ad]"></a>I2C_MasterTransmit</STRONG> (Thumb, 298 bytes, Stack size 32 bytes, i2c_stm32f4xx.o(i.I2C_MasterTransmit))
<BR><BR>[Stack]<UL><LI>Max Depth = 76<LI>Call Chain = I2C_MasterTransmit &rArr; HAL_DMA_Start_IT &rArr; DMA_SetConfig
</UL>
<BR>[Calls]<UL><LI><a href="#[9e]">&gt;&gt;</a>&nbsp;&nbsp;&nbsp;HAL_GetTick
<LI><a href="#[a2]">&gt;&gt;</a>&nbsp;&nbsp;&nbsp;HAL_DMA_Start_IT
</UL>
<BR>[Called By]<UL><LI><a href="#[65]">&gt;&gt;</a>&nbsp;&nbsp;&nbsp;I2C1_MasterTransmit
</UL>

<P><STRONG><a name="[ae]"></a>I2C_PowerControl</STRONG> (Thumb, 650 bytes, Stack size 16 bytes, i2c_stm32f4xx.o(i.I2C_PowerControl))
<BR><BR>[Stack]<UL><LI>Max Depth = 32<LI>Call Chain = I2C_PowerControl &rArr; HAL_DMA_Abort
</UL>
<BR>[Calls]<UL><LI><a href="#[b8]">&gt;&gt;</a>&nbsp;&nbsp;&nbsp;HAL_NVIC_EnableIRQ
<LI><a href="#[b7]">&gt;&gt;</a>&nbsp;&nbsp;&nbsp;HAL_NVIC_DisableIRQ
<LI><a href="#[b9]">&gt;&gt;</a>&nbsp;&nbsp;&nbsp;HAL_NVIC_ClearPendingIRQ
<LI><a href="#[9d]">&gt;&gt;</a>&nbsp;&nbsp;&nbsp;HAL_DMA_Abort
</UL>
<BR>[Called By]<UL><LI><a href="#[64]">&gt;&gt;</a>&nbsp;&nbsp;&nbsp;I2C1_PowerControl
</UL>

<P><STRONG><a name="[af]"></a>I2C_SlaveReceive</STRONG> (Thumb, 136 bytes, Stack size 16 bytes, i2c_stm32f4xx.o(i.I2C_SlaveReceive))
<BR><BR>[Stack]<UL><LI>Max Depth = 60<LI>Call Chain = I2C_SlaveReceive &rArr; HAL_DMA_Start_IT &rArr; DMA_SetConfig
</UL>
<BR>[Calls]<UL><LI><a href="#[a2]">&gt;&gt;</a>&nbsp;&nbsp;&nbsp;HAL_DMA_Start_IT
</UL>
<BR>[Called By]<UL><LI><a href="#[68]">&gt;&gt;</a>&nbsp;&nbsp;&nbsp;I2C1_SlaveReceive
</UL>

<P><STRONG><a name="[b0]"></a>I2C_SlaveTransmit</STRONG> (Thumb, 136 bytes, Stack size 16 bytes, i2c_stm32f4xx.o(i.I2C_SlaveTransmit))
<BR><BR>[Stack]<UL><LI>Max Depth = 60<LI>Call Chain = I2C_SlaveTransmit &rArr; HAL_DMA_Start_IT &rArr; DMA_SetConfig
</UL>
<BR>[Calls]<UL><LI><a href="#[a2]">&gt;&gt;</a>&nbsp;&nbsp;&nbsp;HAL_DMA_Start_IT
</UL>
<BR>[Called By]<UL><LI><a href="#[67]">&gt;&gt;</a>&nbsp;&nbsp;&nbsp;I2C1_SlaveTransmit
</UL>

<P><STRONG><a name="[b1]"></a>I2C_Uninitialize</STRONG> (Thumb, 52 bytes, Stack size 8 bytes, i2c_stm32f4xx.o(i.I2C_Uninitialize))
<BR><BR>[Stack]<UL><LI>Max Depth = 28<LI>Call Chain = I2C_Uninitialize &rArr; HAL_GPIO_DeInit
</UL>
<BR>[Calls]<UL><LI><a href="#[ba]">&gt;&gt;</a>&nbsp;&nbsp;&nbsp;HAL_GPIO_DeInit
</UL>
<BR>[Called By]<UL><LI><a href="#[63]">&gt;&gt;</a>&nbsp;&nbsp;&nbsp;I2C1_Uninitialize
</UL>

<P><STRONG><a name="[c9]"></a>Enable_GPIO_Clock</STRONG> (Thumb, 346 bytes, Stack size 8 bytes, usart_stm32f4xx.o(i.Enable_GPIO_Clock))
<BR><BR>[Stack]<UL><LI>Max Depth = 8<LI>Call Chain = Enable_GPIO_Clock
</UL>
<BR>[Called By]<UL><LI><a href="#[c2]">&gt;&gt;</a>&nbsp;&nbsp;&nbsp;USART_Initialize
</UL>

<P><STRONG><a name="[77]"></a>USART2_Control</STRONG> (Thumb, 18 bytes, Stack size 16 bytes, usart_stm32f4xx.o(i.USART2_Control))
<BR><BR>[Stack]<UL><LI>Max Depth = 120<LI>Call Chain = USART2_Control &rArr; USART_Control &rArr; HAL_GPIO_Init
</UL>
<BR>[Calls]<UL><LI><a href="#[bb]">&gt;&gt;</a>&nbsp;&nbsp;&nbsp;USART_Control
</UL>
<BR>[Address Reference Count : 1]<UL><LI> usart_stm32f4xx.o(.constdata)
</UL>
<P><STRONG><a name="[6e]"></a>USART2_GetCapabilities</STRONG> (Thumb, 12 bytes, Stack size 8 bytes, usart_stm32f4xx.o(i.USART2_GetCapabilities))
<BR><BR>[Stack]<UL><LI>Max Depth = 8<LI>Call Chain = USART2_GetCapabilities
</UL>
<BR>[Calls]<UL><LI><a href="#[bc]">&gt;&gt;</a>&nbsp;&nbsp;&nbsp;USART_GetCapabilities
</UL>
<BR>[Address Reference Count : 1]<UL><LI> usart_stm32f4xx.o(.constdata)
</UL>
<P><STRONG><a name="[7a]"></a>USART2_GetModemStatus</STRONG> (Thumb, 12 bytes, Stack size 8 bytes, usart_stm32f4xx.o(i.USART2_GetModemStatus))
<BR><BR>[Stack]<UL><LI>Max Depth = 24<LI>Call Chain = USART2_GetModemStatus &rArr; USART_GetModemStatus
</UL>
<BR>[Calls]<UL><LI><a href="#[bd]">&gt;&gt;</a>&nbsp;&nbsp;&nbsp;USART_GetModemStatus
</UL>
<BR>[Address Reference Count : 1]<UL><LI> usart_stm32f4xx.o(.constdata)
</UL>
<P><STRONG><a name="[76]"></a>USART2_GetRxCount</STRONG> (Thumb, 10 bytes, Stack size 8 bytes, usart_stm32f4xx.o(i.USART2_GetRxCount))
<BR><BR>[Stack]<UL><LI>Max Depth = 8<LI>Call Chain = USART2_GetRxCount
</UL>
<BR>[Calls]<UL><LI><a href="#[be]">&gt;&gt;</a>&nbsp;&nbsp;&nbsp;USART_GetRxCount
</UL>
<BR>[Address Reference Count : 1]<UL><LI> usart_stm32f4xx.o(.constdata)
</UL>
<P><STRONG><a name="[78]"></a>USART2_GetStatus</STRONG> (Thumb, 12 bytes, Stack size 8 bytes, usart_stm32f4xx.o(i.USART2_GetStatus))
<BR><BR>[Stack]<UL><LI>Max Depth = 20<LI>Call Chain = USART2_GetStatus &rArr; USART_GetStatus
</UL>
<BR>[Calls]<UL><LI><a href="#[bf]">&gt;&gt;</a>&nbsp;&nbsp;&nbsp;USART_GetStatus
</UL>
<BR>[Address Reference Count : 1]<UL><LI> usart_stm32f4xx.o(.constdata)
</UL>
<P><STRONG><a name="[75]"></a>USART2_GetTxCount</STRONG> (Thumb, 10 bytes, Stack size 8 bytes, usart_stm32f4xx.o(i.USART2_GetTxCount))
<BR><BR>[Stack]<UL><LI>Max Depth = 8<LI>Call Chain = USART2_GetTxCount
</UL>
<BR>[Calls]<UL><LI><a href="#[c0]">&gt;&gt;</a>&nbsp;&nbsp;&nbsp;USART_GetTxCount
</UL>
<BR>[Address Reference Count : 1]<UL><LI> usart_stm32f4xx.o(.constdata)
</UL>
<P><STRONG><a name="[6f]"></a>USART2_Initialize</STRONG> (Thumb, 14 bytes, Stack size 8 bytes, usart_stm32f4xx.o(i.USART2_Initialize))
<BR><BR>[Stack]<UL><LI>Max Depth = 32<LI>Call Chain = USART2_Initialize &rArr; USART_Initialize &rArr; Enable_GPIO_Clock
</UL>
<BR>[Calls]<UL><LI><a href="#[c2]">&gt;&gt;</a>&nbsp;&nbsp;&nbsp;USART_Initialize
</UL>
<BR>[Address Reference Count : 1]<UL><LI> usart_stm32f4xx.o(.constdata)
</UL>
<P><STRONG><a name="[71]"></a>USART2_PowerControl</STRONG> (Thumb, 14 bytes, Stack size 8 bytes, usart_stm32f4xx.o(i.USART2_PowerControl))
<BR><BR>[Stack]<UL><LI>Max Depth = 32<LI>Call Chain = USART2_PowerControl &rArr; USART_PowerControl &rArr; HAL_NVIC_DisableIRQ
</UL>
<BR>[Calls]<UL><LI><a href="#[c3]">&gt;&gt;</a>&nbsp;&nbsp;&nbsp;USART_PowerControl
</UL>
<BR>[Address Reference Count : 1]<UL><LI> usart_stm32f4xx.o(.constdata)
</UL>
<P><STRONG><a name="[73]"></a>USART2_Receive</STRONG> (Thumb, 18 bytes, Stack size 16 bytes, usart_stm32f4xx.o(i.USART2_Receive))
<BR><BR>[Stack]<UL><LI>Max Depth = 64<LI>Call Chain = USART2_Receive &rArr; USART_Receive &rArr; USART_Send &rArr;  USART_Receive (Cycle)
</UL>
<BR>[Calls]<UL><LI><a href="#[c4]">&gt;&gt;</a>&nbsp;&nbsp;&nbsp;USART_Receive
</UL>
<BR>[Address Reference Count : 1]<UL><LI> usart_stm32f4xx.o(.constdata)
</UL>
<P><STRONG><a name="[72]"></a>USART2_Send</STRONG> (Thumb, 18 bytes, Stack size 16 bytes, usart_stm32f4xx.o(i.USART2_Send))
<BR><BR>[Stack]<UL><LI>Max Depth = 40<LI>Call Chain = USART2_Send &rArr; USART_Send &rArr;  USART_Receive (Cycle)
</UL>
<BR>[Calls]<UL><LI><a href="#[c5]">&gt;&gt;</a>&nbsp;&nbsp;&nbsp;USART_Send
</UL>
<BR>[Address Reference Count : 1]<UL><LI> usart_stm32f4xx.o(.constdata)
</UL>
<P><STRONG><a name="[79]"></a>USART2_SetModemControl</STRONG> (Thumb, 14 bytes, Stack size 8 bytes, usart_stm32f4xx.o(i.USART2_SetModemControl))
<BR><BR>[Stack]<UL><LI>Max Depth = 24<LI>Call Chain = USART2_SetModemControl &rArr; USART_SetModemControl
</UL>
<BR>[Calls]<UL><LI><a href="#[c6]">&gt;&gt;</a>&nbsp;&nbsp;&nbsp;USART_SetModemControl
</UL>
<BR>[Address Reference Count : 1]<UL><LI> usart_stm32f4xx.o(.constdata)
</UL>
<P><STRONG><a name="[74]"></a>USART2_Transfer</STRONG> (Thumb, 22 bytes, Stack size 16 bytes, usart_stm32f4xx.o(i.USART2_Transfer))
<BR><BR>[Stack]<UL><LI>Max Depth = 88<LI>Call Chain = USART2_Transfer &rArr; USART_Transfer &rArr; USART_Receive &rArr; USART_Send &rArr;  USART_Receive (Cycle)
</UL>
<BR>[Calls]<UL><LI><a href="#[c7]">&gt;&gt;</a>&nbsp;&nbsp;&nbsp;USART_Transfer
</UL>
<BR>[Address Reference Count : 1]<UL><LI> usart_stm32f4xx.o(.constdata)
</UL>
<P><STRONG><a name="[70]"></a>USART2_Uninitialize</STRONG> (Thumb, 10 bytes, Stack size 8 bytes, usart_stm32f4xx.o(i.USART2_Uninitialize))
<BR><BR>[Stack]<UL><LI>Max Depth = 36<LI>Call Chain = USART2_Uninitialize &rArr; USART_Uninitialize &rArr; HAL_GPIO_DeInit
</UL>
<BR>[Calls]<UL><LI><a href="#[c8]">&gt;&gt;</a>&nbsp;&nbsp;&nbsp;USART_Uninitialize
</UL>
<BR>[Address Reference Count : 1]<UL><LI> usart_stm32f4xx.o(.constdata)
</UL>
<P><STRONG><a name="[84]"></a>USART3_Control</STRONG> (Thumb, 18 bytes, Stack size 16 bytes, usart_stm32f4xx.o(i.USART3_Control))
<BR><BR>[Stack]<UL><LI>Max Depth = 120<LI>Call Chain = USART3_Control &rArr; USART_Control &rArr; HAL_GPIO_Init
</UL>
<BR>[Calls]<UL><LI><a href="#[bb]">&gt;&gt;</a>&nbsp;&nbsp;&nbsp;USART_Control
</UL>
<BR>[Address Reference Count : 1]<UL><LI> usart_stm32f4xx.o(.constdata)
</UL>
<P><STRONG><a name="[7b]"></a>USART3_GetCapabilities</STRONG> (Thumb, 12 bytes, Stack size 8 bytes, usart_stm32f4xx.o(i.USART3_GetCapabilities))
<BR><BR>[Stack]<UL><LI>Max Depth = 8<LI>Call Chain = USART3_GetCapabilities
</UL>
<BR>[Calls]<UL><LI><a href="#[bc]">&gt;&gt;</a>&nbsp;&nbsp;&nbsp;USART_GetCapabilities
</UL>
<BR>[Address Reference Count : 1]<UL><LI> usart_stm32f4xx.o(.constdata)
</UL>
<P><STRONG><a name="[87]"></a>USART3_GetModemStatus</STRONG> (Thumb, 12 bytes, Stack size 8 bytes, usart_stm32f4xx.o(i.USART3_GetModemStatus))
<BR><BR>[Stack]<UL><LI>Max Depth = 24<LI>Call Chain = USART3_GetModemStatus &rArr; USART_GetModemStatus
</UL>
<BR>[Calls]<UL><LI><a href="#[bd]">&gt;&gt;</a>&nbsp;&nbsp;&nbsp;USART_GetModemStatus
</UL>
<BR>[Address Reference Count : 1]<UL><LI> usart_stm32f4xx.o(.constdata)
</UL>
<P><STRONG><a name="[83]"></a>USART3_GetRxCount</STRONG> (Thumb, 10 bytes, Stack size 8 bytes, usart_stm32f4xx.o(i.USART3_GetRxCount))
<BR><BR>[Stack]<UL><LI>Max Depth = 8<LI>Call Chain = USART3_GetRxCount
</UL>
<BR>[Calls]<UL><LI><a href="#[be]">&gt;&gt;</a>&nbsp;&nbsp;&nbsp;USART_GetRxCount
</UL>
<BR>[Address Reference Count : 1]<UL><LI> usart_stm32f4xx.o(.constdata)
</UL>
<P><STRONG><a name="[85]"></a>USART3_GetStatus</STRONG> (Thumb, 12 bytes, Stack size 8 bytes, usart_stm32f4xx.o(i.USART3_GetStatus))
<BR><BR>[Stack]<UL><LI>Max Depth = 20<LI>Call Chain = USART3_GetStatus &rArr; USART_GetStatus
</UL>
<BR>[Calls]<UL><LI><a href="#[bf]">&gt;&gt;</a>&nbsp;&nbsp;&nbsp;USART_GetStatus
</UL>
<BR>[Address Reference Count : 1]<UL><LI> usart_stm32f4xx.o(.constdata)
</UL>
<P><STRONG><a name="[82]"></a>USART3_GetTxCount</STRONG> (Thumb, 10 bytes, Stack size 8 bytes, usart_stm32f4xx.o(i.USART3_GetTxCount))
<BR><BR>[Stack]<UL><LI>Max Depth = 8<LI>Call Chain = USART3_GetTxCount
</UL>
<BR>[Calls]<UL><LI><a href="#[c0]">&gt;&gt;</a>&nbsp;&nbsp;&nbsp;USART_GetTxCount
</UL>
<BR>[Address Reference Count : 1]<UL><LI> usart_stm32f4xx.o(.constdata)
</UL>
<P><STRONG><a name="[7c]"></a>USART3_Initialize</STRONG> (Thumb, 14 bytes, Stack size 8 bytes, usart_stm32f4xx.o(i.USART3_Initialize))
<BR><BR>[Stack]<UL><LI>Max Depth = 32<LI>Call Chain = USART3_Initialize &rArr; USART_Initialize &rArr; Enable_GPIO_Clock
</UL>
<BR>[Calls]<UL><LI><a href="#[c2]">&gt;&gt;</a>&nbsp;&nbsp;&nbsp;USART_Initialize
</UL>
<BR>[Address Reference Count : 1]<UL><LI> usart_stm32f4xx.o(.constdata)
</UL>
<P><STRONG><a name="[7e]"></a>USART3_PowerControl</STRONG> (Thumb, 14 bytes, Stack size 8 bytes, usart_stm32f4xx.o(i.USART3_PowerControl))
<BR><BR>[Stack]<UL><LI>Max Depth = 32<LI>Call Chain = USART3_PowerControl &rArr; USART_PowerControl &rArr; HAL_NVIC_DisableIRQ
</UL>
<BR>[Calls]<UL><LI><a href="#[c3]">&gt;&gt;</a>&nbsp;&nbsp;&nbsp;USART_PowerControl
</UL>
<BR>[Address Reference Count : 1]<UL><LI> usart_stm32f4xx.o(.constdata)
</UL>
<P><STRONG><a name="[80]"></a>USART3_Receive</STRONG> (Thumb, 18 bytes, Stack size 16 bytes, usart_stm32f4xx.o(i.USART3_Receive))
<BR><BR>[Stack]<UL><LI>Max Depth = 64<LI>Call Chain = USART3_Receive &rArr; USART_Receive &rArr; USART_Send &rArr;  USART_Receive (Cycle)
</UL>
<BR>[Calls]<UL><LI><a href="#[c4]">&gt;&gt;</a>&nbsp;&nbsp;&nbsp;USART_Receive
</UL>
<BR>[Address Reference Count : 1]<UL><LI> usart_stm32f4xx.o(.constdata)
</UL>
<P><STRONG><a name="[7f]"></a>USART3_Send</STRONG> (Thumb, 18 bytes, Stack size 16 bytes, usart_stm32f4xx.o(i.USART3_Send))
<BR><BR>[Stack]<UL><LI>Max Depth = 40<LI>Call Chain = USART3_Send &rArr; USART_Send &rArr;  USART_Receive (Cycle)
</UL>
<BR>[Calls]<UL><LI><a href="#[c5]">&gt;&gt;</a>&nbsp;&nbsp;&nbsp;USART_Send
</UL>
<BR>[Address Reference Count : 1]<UL><LI> usart_stm32f4xx.o(.constdata)
</UL>
<P><STRONG><a name="[86]"></a>USART3_SetModemControl</STRONG> (Thumb, 14 bytes, Stack size 8 bytes, usart_stm32f4xx.o(i.USART3_SetModemControl))
<BR><BR>[Stack]<UL><LI>Max Depth = 24<LI>Call Chain = USART3_SetModemControl &rArr; USART_SetModemControl
</UL>
<BR>[Calls]<UL><LI><a href="#[c6]">&gt;&gt;</a>&nbsp;&nbsp;&nbsp;USART_SetModemControl
</UL>
<BR>[Address Reference Count : 1]<UL><LI> usart_stm32f4xx.o(.constdata)
</UL>
<P><STRONG><a name="[81]"></a>USART3_Transfer</STRONG> (Thumb, 22 bytes, Stack size 16 bytes, usart_stm32f4xx.o(i.USART3_Transfer))
<BR><BR>[Stack]<UL><LI>Max Depth = 88<LI>Call Chain = USART3_Transfer &rArr; USART_Transfer &rArr; USART_Receive &rArr; USART_Send &rArr;  USART_Receive (Cycle)
</UL>
<BR>[Calls]<UL><LI><a href="#[c7]">&gt;&gt;</a>&nbsp;&nbsp;&nbsp;USART_Transfer
</UL>
<BR>[Address Reference Count : 1]<UL><LI> usart_stm32f4xx.o(.constdata)
</UL>
<P><STRONG><a name="[7d]"></a>USART3_Uninitialize</STRONG> (Thumb, 10 bytes, Stack size 8 bytes, usart_stm32f4xx.o(i.USART3_Uninitialize))
<BR><BR>[Stack]<UL><LI>Max Depth = 36<LI>Call Chain = USART3_Uninitialize &rArr; USART_Uninitialize &rArr; HAL_GPIO_DeInit
</UL>
<BR>[Calls]<UL><LI><a href="#[c8]">&gt;&gt;</a>&nbsp;&nbsp;&nbsp;USART_Uninitialize
</UL>
<BR>[Address Reference Count : 1]<UL><LI> usart_stm32f4xx.o(.constdata)
</UL>
<P><STRONG><a name="[bb]"></a>USART_Control</STRONG> (Thumb, 2280 bytes, Stack size 80 bytes, usart_stm32f4xx.o(i.USART_Control))
<BR><BR>[Stack]<UL><LI>Max Depth = 104<LI>Call Chain = USART_Control &rArr; HAL_GPIO_Init
</UL>
<BR>[Calls]<UL><LI><a href="#[b2]">&gt;&gt;</a>&nbsp;&nbsp;&nbsp;HAL_GPIO_Init
<LI><a href="#[ba]">&gt;&gt;</a>&nbsp;&nbsp;&nbsp;HAL_GPIO_DeInit
<LI><a href="#[9d]">&gt;&gt;</a>&nbsp;&nbsp;&nbsp;HAL_DMA_Abort
</UL>
<BR>[Called By]<UL><LI><a href="#[84]">&gt;&gt;</a>&nbsp;&nbsp;&nbsp;USART3_Control
<LI><a href="#[77]">&gt;&gt;</a>&nbsp;&nbsp;&nbsp;USART2_Control
</UL>

<P><STRONG><a name="[bc]"></a>USART_GetCapabilities</STRONG> (Thumb, 6 bytes, Stack size 0 bytes, usart_stm32f4xx.o(i.USART_GetCapabilities))
<BR><BR>[Called By]<UL><LI><a href="#[7b]">&gt;&gt;</a>&nbsp;&nbsp;&nbsp;USART3_GetCapabilities
<LI><a href="#[6e]">&gt;&gt;</a>&nbsp;&nbsp;&nbsp;USART2_GetCapabilities
</UL>

<P><STRONG><a name="[bd]"></a>USART_GetModemStatus</STRONG> (Thumb, 140 bytes, Stack size 16 bytes, usart_stm32f4xx.o(i.USART_GetModemStatus))
<BR><BR>[Stack]<UL><LI>Max Depth = 16<LI>Call Chain = USART_GetModemStatus
</UL>
<BR>[Calls]<UL><LI><a href="#[b4]">&gt;&gt;</a>&nbsp;&nbsp;&nbsp;HAL_GPIO_ReadPin
</UL>
<BR>[Called By]<UL><LI><a href="#[87]">&gt;&gt;</a>&nbsp;&nbsp;&nbsp;USART3_GetModemStatus
<LI><a href="#[7a]">&gt;&gt;</a>&nbsp;&nbsp;&nbsp;USART2_GetModemStatus
</UL>

<P><STRONG><a name="[be]"></a>USART_GetRxCount</STRONG> (Thumb, 8 bytes, Stack size 0 bytes, usart_stm32f4xx.o(i.USART_GetRxCount))
<BR><BR>[Called By]<UL><LI><a href="#[83]">&gt;&gt;</a>&nbsp;&nbsp;&nbsp;USART3_GetRxCount
<LI><a href="#[76]">&gt;&gt;</a>&nbsp;&nbsp;&nbsp;USART2_GetRxCount
</UL>

<P><STRONG><a name="[bf]"></a>USART_GetStatus</STRONG> (Thumb, 212 bytes, Stack size 12 bytes, usart_stm32f4xx.o(i.USART_GetStatus))
<BR><BR>[Stack]<UL><LI>Max Depth = 12<LI>Call Chain = USART_GetStatus
</UL>
<BR>[Called By]<UL><LI><a href="#[85]">&gt;&gt;</a>&nbsp;&nbsp;&nbsp;USART3_GetStatus
<LI><a href="#[78]">&gt;&gt;</a>&nbsp;&nbsp;&nbsp;USART2_GetStatus
</UL>

<P><STRONG><a name="[c0]"></a>USART_GetTxCount</STRONG> (Thumb, 8 bytes, Stack size 0 bytes, usart_stm32f4xx.o(i.USART_GetTxCount))
<BR><BR>[Called By]<UL><LI><a href="#[82]">&gt;&gt;</a>&nbsp;&nbsp;&nbsp;USART3_GetTxCount
<LI><a href="#[75]">&gt;&gt;</a>&nbsp;&nbsp;&nbsp;USART2_GetTxCount
</UL>

<P><STRONG><a name="[c2]"></a>USART_Initialize</STRONG> (Thumb, 146 bytes, Stack size 16 bytes, usart_stm32f4xx.o(i.USART_Initialize))
<BR><BR>[Stack]<UL><LI>Max Depth = 24<LI>Call Chain = USART_Initialize &rArr; Enable_GPIO_Clock
</UL>
<BR>[Calls]<UL><LI><a href="#[b6]">&gt;&gt;</a>&nbsp;&nbsp;&nbsp;__aeabi_memclr4
<LI><a href="#[c9]">&gt;&gt;</a>&nbsp;&nbsp;&nbsp;Enable_GPIO_Clock
</UL>
<BR>[Called By]<UL><LI><a href="#[7c]">&gt;&gt;</a>&nbsp;&nbsp;&nbsp;USART3_Initialize
<LI><a href="#[6f]">&gt;&gt;</a>&nbsp;&nbsp;&nbsp;USART2_Initialize
</UL>

<P><STRONG><a name="[ca]"></a>USART_PeripheralReset</STRONG> (Thumb, 278 bytes, Stack size 0 bytes, usart_stm32f4xx.o(i.USART_PeripheralReset))
<BR><BR>[Called By]<UL><LI><a href="#[c3]">&gt;&gt;</a>&nbsp;&nbsp;&nbsp;USART_PowerControl
</UL>

<P><STRONG><a name="[c3]"></a>USART_PowerControl</STRONG> (Thumb, 680 bytes, Stack size 16 bytes, usart_stm32f4xx.o(i.USART_PowerControl))
<BR><BR>[Stack]<UL><LI>Max Depth = 24<LI>Call Chain = USART_PowerControl &rArr; HAL_NVIC_DisableIRQ
</UL>
<BR>[Calls]<UL><LI><a href="#[ca]">&gt;&gt;</a>&nbsp;&nbsp;&nbsp;USART_PeripheralReset
<LI><a href="#[b7]">&gt;&gt;</a>&nbsp;&nbsp;&nbsp;HAL_NVIC_DisableIRQ
</UL>
<BR>[Called By]<UL><LI><a href="#[7e]">&gt;&gt;</a>&nbsp;&nbsp;&nbsp;USART3_PowerControl
<LI><a href="#[71]">&gt;&gt;</a>&nbsp;&nbsp;&nbsp;USART2_PowerControl
</UL>

<P><STRONG><a name="[c4]"></a>USART_Receive</STRONG> (Thumb, 162 bytes, Stack size 24 bytes, usart_stm32f4xx.o(i.USART_Receive))
<BR><BR>[Stack]<UL><LI>Max Depth = 48<LI>Call Chain = USART_Receive &rArr; USART_Send &rArr;  USART_Receive (Cycle)
</UL>
<BR>[Calls]<UL><LI><a href="#[c5]">&gt;&gt;</a>&nbsp;&nbsp;&nbsp;USART_Send
</UL>
<BR>[Called By]<UL><LI><a href="#[c7]">&gt;&gt;</a>&nbsp;&nbsp;&nbsp;USART_Transfer
<LI><a href="#[c5]">&gt;&gt;</a>&nbsp;&nbsp;&nbsp;USART_Send
<LI><a href="#[80]">&gt;&gt;</a>&nbsp;&nbsp;&nbsp;USART3_Receive
<LI><a href="#[73]">&gt;&gt;</a>&nbsp;&nbsp;&nbsp;USART2_Receive
</UL>

<P><STRONG><a name="[c5]"></a>USART_Send</STRONG> (Thumb, 136 bytes, Stack size 24 bytes, usart_stm32f4xx.o(i.USART_Send))
<BR><BR>[Stack]<UL><LI>Max Depth = 24 + In Cycle
<LI>Call Chain = USART_Send &rArr;  USART_Receive (Cycle)
</UL>
<BR>[Calls]<UL><LI><a href="#[c4]">&gt;&gt;</a>&nbsp;&nbsp;&nbsp;USART_Receive
</UL>
<BR>[Called By]<UL><LI><a href="#[c7]">&gt;&gt;</a>&nbsp;&nbsp;&nbsp;USART_Transfer
<LI><a href="#[c4]">&gt;&gt;</a>&nbsp;&nbsp;&nbsp;USART_Receive
<LI><a href="#[7f]">&gt;&gt;</a>&nbsp;&nbsp;&nbsp;USART3_Send
<LI><a href="#[72]">&gt;&gt;</a>&nbsp;&nbsp;&nbsp;USART2_Send
</UL>

<P><STRONG><a name="[c6]"></a>USART_SetModemControl</STRONG> (Thumb, 140 bytes, Stack size 16 bytes, usart_stm32f4xx.o(i.USART_SetModemControl))
<BR><BR>[Stack]<UL><LI>Max Depth = 16<LI>Call Chain = USART_SetModemControl
</UL>
<BR>[Calls]<UL><LI><a href="#[b3]">&gt;&gt;</a>&nbsp;&nbsp;&nbsp;HAL_GPIO_WritePin
</UL>
<BR>[Called By]<UL><LI><a href="#[86]">&gt;&gt;</a>&nbsp;&nbsp;&nbsp;USART3_SetModemControl
<LI><a href="#[79]">&gt;&gt;</a>&nbsp;&nbsp;&nbsp;USART2_SetModemControl
</UL>

<P><STRONG><a name="[c7]"></a>USART_Transfer</STRONG> (Thumb, 106 bytes, Stack size 24 bytes, usart_stm32f4xx.o(i.USART_Transfer))
<BR><BR>[Stack]<UL><LI>Max Depth = 72<LI>Call Chain = USART_Transfer &rArr; USART_Receive &rArr; USART_Send &rArr;  USART_Receive (Cycle)
</UL>
<BR>[Calls]<UL><LI><a href="#[c5]">&gt;&gt;</a>&nbsp;&nbsp;&nbsp;USART_Send
<LI><a href="#[c4]">&gt;&gt;</a>&nbsp;&nbsp;&nbsp;USART_Receive
</UL>
<BR>[Called By]<UL><LI><a href="#[81]">&gt;&gt;</a>&nbsp;&nbsp;&nbsp;USART3_Transfer
<LI><a href="#[74]">&gt;&gt;</a>&nbsp;&nbsp;&nbsp;USART2_Transfer
</UL>

<P><STRONG><a name="[c8]"></a>USART_Uninitialize</STRONG> (Thumb, 106 bytes, Stack size 8 bytes, usart_stm32f4xx.o(i.USART_Uninitialize))
<BR><BR>[Stack]<UL><LI>Max Depth = 28<LI>Call Chain = USART_Uninitialize &rArr; HAL_GPIO_DeInit
</UL>
<BR>[Calls]<UL><LI><a href="#[ba]">&gt;&gt;</a>&nbsp;&nbsp;&nbsp;HAL_GPIO_DeInit
</UL>
<BR>[Called By]<UL><LI><a href="#[7d]">&gt;&gt;</a>&nbsp;&nbsp;&nbsp;USART3_Uninitialize
<LI><a href="#[70]">&gt;&gt;</a>&nbsp;&nbsp;&nbsp;USART2_Uninitialize
</UL>

<P><STRONG><a name="[6d]"></a>USARTx_GetVersion</STRONG> (Thumb, 10 bytes, Stack size 8 bytes, usart_stm32f4xx.o(i.USARTx_GetVersion))
<BR><BR>[Stack]<UL><LI>Max Depth = 8<LI>Call Chain = USARTx_GetVersion
</UL>
<BR>[Address Reference Count : 1]<UL><LI> usart_stm32f4xx.o(.constdata)
</UL>
<P><STRONG><a name="[a1]"></a>DMA_CalcBaseAndBitshift</STRONG> (Thumb, 46 bytes, Stack size 0 bytes, stm32f4xx_hal_dma.o(i.DMA_CalcBaseAndBitshift))
<BR><BR>[Called By]<UL><LI><a href="#[9f]">&gt;&gt;</a>&nbsp;&nbsp;&nbsp;HAL_DMA_Init
</UL>

<P><STRONG><a name="[a0]"></a>DMA_CheckFifoParam</STRONG> (Thumb, 170 bytes, Stack size 0 bytes, stm32f4xx_hal_dma.o(i.DMA_CheckFifoParam))
<BR><BR>[Called By]<UL><LI><a href="#[9f]">&gt;&gt;</a>&nbsp;&nbsp;&nbsp;HAL_DMA_Init
</UL>

<P><STRONG><a name="[a3]"></a>DMA_SetConfig</STRONG> (Thumb, 44 bytes, Stack size 12 bytes, stm32f4xx_hal_dma.o(i.DMA_SetConfig))
<BR><BR>[Stack]<UL><LI>Max Depth = 12<LI>Call Chain = DMA_SetConfig
</UL>
<BR>[Called By]<UL><LI><a href="#[a2]">&gt;&gt;</a>&nbsp;&nbsp;&nbsp;HAL_DMA_Start_IT
</UL>
<P>
<H3>
Undefined Global Symbols
</H3><HR></body></html>
