<html>
<body>
<pre>
<h1>µVision Build Log</h1>
<h2>Tool Versions:</h2>
IDE-Version: µVision V5.17.0.0
Copyright (C) 2015 ARM Ltd and ARM Germany GmbH. All rights reserved.
License Information: iut cachan iut cachan Flex license: MDK-ARM Professional: 25 user(s) (mdk_pro) Support: Nov 2015
 
Tool Versions:
Toolchain:       MDK-ARM Professional: 25 user(s)  Version: 5.17
Toolchain Path:  C:\Keil_v5\ARM\ARMCC\Bin
C Compiler:      Armcc.exe V5.06 update 1 (build 61)
Assembler:       Armasm.exe V5.06 update 1 (build 61)
Linker/Locator:  ArmLink.exe V5.06 update 1 (build 61)
Library Manager: ArmAr.exe V5.06 update 1 (build 61)
Hex Converter:   FromElf.exe V5.06 update 1 (build 61)
CPU DLL:         SARMCM3.DLL V5.17
Dialog DLL:      DCM.DLL V1.13.4.0
Target DLL:      STLink\ST-LINKIII-KEIL_SWO.dll V2.0.18.0
Dialog DLL:      TCM.DLL V1.14.6.0
 
<h2>Project:</h2>
U:\IE\ultrason\test1.uvprojx
Project File Date:  02/12/2024

<h2>Output:</h2>
*** Using Compiler 'V5.06 update 1 (build 61)', folder: 'C:\Keil_v5\ARM\ARMCC\Bin'
Build target 'Target 1'
compiling main.c...
main.c(124): warning:  #177-D: variable "maValeur" was declared but never referenced
  		uint8_t tab[10], maValeur;
main.c(146): warning:  #550-D: variable "X1" was set but never used
  	char X1,X2;
main.c(146): warning:  #550-D: variable "X2" was set but never used
  	char X1,X2;
main.c(154): warning:  #550-D: variable "X1" was set but never used
  	char X1,X2;
main.c(154): warning:  #550-D: variable "X2" was set but never used
  	char X1,X2;
main.c(163): warning:  #177-D: variable "i" was declared but never referenced
  	int i;
main.c(164): warning:  #177-D: variable "chaine" was declared but never referenced
  	uint8_t chaine[20];
main.c(165): warning:  #177-D: variable "tab" was declared but never referenced
  	uint8_t tab[50];
main.c(166): warning:  #177-D: variable "X1" was declared but never referenced
  	unsigned char X1,X11,X12,X2,X21,X22,cap1,cap2,cap3; 
main.c(166): warning:  #177-D: variable "X11" was declared but never referenced
  	unsigned char X1,X11,X12,X2,X21,X22,cap1,cap2,cap3; 
main.c(166): warning:  #177-D: variable "X12" was declared but never referenced
  	unsigned char X1,X11,X12,X2,X21,X22,cap1,cap2,cap3; 
main.c(166): warning:  #177-D: variable "X2" was declared but never referenced
  	unsigned char X1,X11,X12,X2,X21,X22,cap1,cap2,cap3; 
main.c(166): warning:  #177-D: variable "X21" was declared but never referenced
  	unsigned char X1,X11,X12,X2,X21,X22,cap1,cap2,cap3; 
main.c(166): warning:  #177-D: variable "X22" was declared but never referenced
  	unsigned char X1,X11,X12,X2,X21,X22,cap1,cap2,cap3; 
main.c(166): warning:  #177-D: variable "cap1" was declared but never referenced
  	unsigned char X1,X11,X12,X2,X21,X22,cap1,cap2,cap3; 
main.c(166): warning:  #177-D: variable "cap2" was declared but never referenced
  	unsigned char X1,X11,X12,X2,X21,X22,cap1,cap2,cap3; 
main.c(166): warning:  #177-D: variable "cap3" was declared but never referenced
  	unsigned char X1,X11,X12,X2,X21,X22,cap1,cap2,cap3; 
main.c: 17 warnings, 0 errors
linking...
Program Size: Code=22644 RO-data=812 RW-data=76 ZI-data=17452  
".\Objects\test1.axf" - 0 Error(s), 17 Warning(s).

<h2>Software Packages used:</h2>

Package Vendor: ARM
                http://www.keil.com/pack/ARM.CMSIS.5.6.0.pack
                ::CMSIS Driver:I2C:2.3.0 (API)
                CMSIS (Cortex Microcontroller Software Interface Standard)
   * Component: I2C Version: 2.3.0
   * Component: RTOS Version: 1.0.0
   * Component: USART Version: 2.3.0
   * Component: CORE Version: 5.3.0
   * Component: Keil RTX Version: 4.82.0

Package Vendor: Keil
                http://www.keil.com/pack/Keil.MDK-Middleware.7.0.0.pack
                ::Board Support:LED:1.00 (API)
                Keil MDK-ARM Professional Middleware for ARM Cortex-M based devices
   * Component: LED Version: 1.00
   * Component: Buttons Version: 1.00

Package Vendor: Keil
                http://www.keil.com/pack/Keil.STM32F4xx_DFP.2.14.0.pack
                Keil::Device:STM32Cube Framework:Classic:1.7.6
                STMicroelectronics STM32F4 Series Device Support, Drivers and Examples
   * Component: Classic Version: 1.7.6
   * Component: Startup Version: 2.6.3
   * Component: Common Version: 1.7.6
   * Component: STM32Cube Framework Version: 1.0.0
   * Component: Cortex Version: 1.7.6
   * Component: PWR Version: 1.7.6
   * Component: RCC Version: 1.7.6
   * Component: DMA Version: 1.7.6
   * Component: I2C Version: 1.7.6
   * Component: GPIO Version: 1.7.6
   * Component: USART Version: 1.7.6
   * Component: USART Version: 2.12
   * Component: I2C Version: 2.9
   * Component: LED Version: 2.0.0
   * Component: Buttons Version: 2.0.0

<h2>Collection of Component include folders:</h2>
  U:\IE\ultrason\RTE
  U:\IE\ultrason\RTE\Device\STM32F407VGTx
  C:\Keil_v5\ARM\PACK\ARM\CMSIS\5.6.0\CMSIS\Core\Include
  C:\Keil_v5\ARM\PACK\ARM\CMSIS\5.6.0\CMSIS\Driver\Include
  C:\Keil_v5\ARM\PACK\ARM\CMSIS\5.6.0\CMSIS\RTOS\RTX\INC
  C:\Keil_v5\ARM\PACK\Keil\MDK-Middleware\7.0.0\Board
  C:\Keil_v5\ARM\PACK\Keil\STM32F4xx_DFP\2.14.0\Drivers\CMSIS\Device\ST\STM32F4xx\Include
  C:\Keil_v5\ARM\PACK\Keil\STM32F4xx_DFP\2.14.0\Drivers\STM32F4xx_HAL_Driver\Inc

<h2>Collection of Component Files used:</h2>

   * Component: ::CMSIS Driver:I2C:2.3.0 (API)
      Include file:  CMSIS\Driver\Include\Driver_I2C.h

   * Component: ::CMSIS:RTOS:1.0.0 (API)

   * Component: ::CMSIS Driver:USART:2.3.0 (API)
      Include file:  CMSIS\Driver\Include\Driver_USART.h

   * Component: ARM::CMSIS:CORE:5.3.0

   * Component: ARM::CMSIS:RTOS:Keil RTX:4.82.0
      Source file:   CMSIS\RTOS\RTX\UserCodeTemplates\MsgQueue.c
      Include file:  CMSIS\RTOS\RTX\INC\cmsis_os.h
      Source file:   CMSIS\RTOS\RTX\Templates\RTX_Conf_CM.c
      Include file:  CMSIS\RTOS\RTX\UserCodeTemplates\osObjects.h
      Source file:   CMSIS\RTOS\RTX\SRC\ARM\SVC_Table.s
      Source file:   CMSIS\RTOS\RTX\UserCodeTemplates\MailQueue.c
      Source file:   CMSIS\RTOS\RTX\UserCodeTemplates\Timer.c
      Library file:  CMSIS\RTOS\RTX\LIB\ARM\RTX_CM4.lib
      Source file:   CMSIS\RTOS\RTX\UserCodeTemplates\Mutex.c
      Source file:   CMSIS\RTOS\RTX\UserCodeTemplates\main.c
      Source file:   CMSIS\RTOS\RTX\UserCodeTemplates\MemPool.c
      Source file:   CMSIS\RTOS\RTX\UserCodeTemplates\Semaphore.c
      Source file:   CMSIS\RTOS\RTX\UserCodeTemplates\Thread.c

   * Component: ::Board Support:LED:1.00 (API)
      Include file:  Board\Board_LED.h

   * Component: ::Board Support:Buttons:1.00 (API)
      Include file:  Board\Board_Buttons.h

   * Component: Keil::Device:STM32Cube Framework:Classic:1.7.6
      Include file:  MDK\Templates\Inc\stm32f4xx_it.h
      Include file:  CMSIS\Driver\Config\RTE_Device.h
      Include file:  MDK\Templates\Inc\stm32f4xx_hal_conf.h
      Source file:   MDK\Templates\Src\stm32f4xx_hal_msp.c
      Source file:   MDK\Templates\Src\stm32f4xx_it.c
      Include file:  MDK\Templates\Inc\main.h
      Include file:  MDK\Templates_LL\Inc\main.h
      Source file:   MDK\Templates_LL\Src\main.c
      Source file:   MDK\Templates\Src\main.c

   * Component: Keil::Device:Startup:2.6.3
      Source file:   Drivers\CMSIS\Device\ST\STM32F4xx\Source\Templates\system_stm32f4xx.c
      Source file:   MDK\Device\Source\ARM\STM32F40xxx_41xxx_OPT.s
      Source file:   Drivers\CMSIS\Device\ST\STM32F4xx\Source\Templates\arm\startup_stm32f407xx.s
      Include file:  Drivers\CMSIS\Device\ST\STM32F4xx\Include\stm32f4xx.h
      Source file:   MDK\Device\Source\ARM\STM32F4xx_OTP.s

   * Component: Keil::Device:STM32Cube HAL:Common:1.7.6
      Source file:   Drivers\STM32F4xx_HAL_Driver\Src\stm32f4xx_hal.c
      Include file:  Drivers\STM32F4xx_HAL_Driver\Inc\stm32f4xx_hal.h

   * Component: ::Device:STM32Cube Framework:1.0.0 (API)

   * Component: Keil::Device:STM32Cube HAL:Cortex:1.7.6
      Source file:   Drivers\STM32F4xx_HAL_Driver\Src\stm32f4xx_hal_cortex.c

   * Component: Keil::Device:STM32Cube HAL:PWR:1.7.6
      Source file:   Drivers\STM32F4xx_HAL_Driver\Src\stm32f4xx_hal_pwr.c
      Source file:   Drivers\STM32F4xx_HAL_Driver\Src\stm32f4xx_hal_pwr_ex.c

   * Component: Keil::Device:STM32Cube HAL:RCC:1.7.6
      Source file:   Drivers\STM32F4xx_HAL_Driver\Src\stm32f4xx_hal_rcc_ex.c
      Source file:   Drivers\STM32F4xx_HAL_Driver\Src\stm32f4xx_hal_rcc.c

   * Component: Keil::Device:STM32Cube HAL:DMA:1.7.6
      Source file:   Drivers\STM32F4xx_HAL_Driver\Src\stm32f4xx_hal_dma.c
      Source file:   Drivers\STM32F4xx_HAL_Driver\Src\stm32f4xx_hal_dma_ex.c

   * Component: Keil::Device:STM32Cube HAL:I2C:1.7.6
      Source file:   Drivers\STM32F4xx_HAL_Driver\Src\stm32f4xx_hal_i2c.c

   * Component: Keil::Device:STM32Cube HAL:GPIO:1.7.6
      Source file:   Drivers\STM32F4xx_HAL_Driver\Src\stm32f4xx_hal_gpio.c

   * Component: Keil::Device:STM32Cube HAL:USART:1.7.6
      Source file:   Drivers\STM32F4xx_HAL_Driver\Src\stm32f4xx_hal_usart.c

   * Component: Keil::CMSIS Driver:USART:2.12
      Source file:   CMSIS\Driver\USART_STM32F4xx.c

   * Component: Keil::CMSIS Driver:I2C:2.9
      Source file:   CMSIS\Driver\I2C_STM32F4xx.c

   * Component: Keil.STM32F4-Discovery::Board Support:LED:2.0.0
      Source file:   MDK\Boards\ST\STM32F4-Discovery\Common\LED_F4Discovery.c

   * Component: Keil.STM32F4-Discovery::Board Support:Buttons:2.0.0
      Source file:   MDK\Boards\ST\STM32F4-Discovery\Common\Buttons_F4Discovery.c
Build Time Elapsed:  00:00:07
</pre>
</body>
</html>
