Component: ARM Compiler 5.06 update 1 (build 61) Tool: armlink [4d35a8]

==============================================================================

Section Cross References

    main.o(i.CANthreadR) refers to rt_cmsis.o(i.osSignalWait) for osSignalWait
    main.o(i.CANthreadR) refers to led_f4discovery.o(i.LED_On) for LED_On
    main.o(i.CANthreadR) refers to rt_cmsis.o(i.osDelay) for osDelay
    main.o(i.CANthreadR) refers to can_stm32f4xx.o(.constdata) for Driver_CAN2
    main.o(i.InitCan2) refers to can_stm32f4xx.o(.constdata) for Driver_CAN2
    main.o(i.InitCan2) refers to main.o(i.myCAN2_callback) for myCAN2_callback
    main.o(i.SystemClock_Config) refers to stm32f4xx_hal_rcc.o(i.HAL_RCC_OscConfig) for HAL_RCC_OscConfig
    main.o(i.SystemClock_Config) refers to main.o(i.Error_Handler) for Error_Handler
    main.o(i.SystemClock_Config) refers to stm32f4xx_hal_rcc.o(i.HAL_RCC_ClockConfig) for HAL_RCC_ClockConfig
    main.o(i.SystemClock_Config) refers to stm32f4xx_hal.o(i.HAL_GetREVID) for HAL_GetREVID
    main.o(i.main) refers to stm32f4xx_hal.o(i.HAL_Init) for HAL_Init
    main.o(i.main) refers to main.o(i.SystemClock_Config) for SystemClock_Config
    main.o(i.main) refers to system_stm32f4xx.o(i.SystemCoreClockUpdate) for SystemCoreClockUpdate
    main.o(i.main) refers to led_f4discovery.o(i.LED_Initialize) for LED_Initialize
    main.o(i.myCAN2_callback) refers to rt_cmsis.o(i.osSignalSet) for osSignalSet
    main.o(i.myCAN2_callback) refers to main.o(.data) for id_CANthreadR
    led_f4discovery.o(i.LED_Initialize) refers to stm32f4xx_hal_gpio.o(i.HAL_GPIO_Init) for HAL_GPIO_Init
    led_f4discovery.o(i.LED_Off) refers to stm32f4xx_hal_gpio.o(i.HAL_GPIO_WritePin) for HAL_GPIO_WritePin
    led_f4discovery.o(i.LED_Off) refers to led_f4discovery.o(.constdata) for LED_PIN
    led_f4discovery.o(i.LED_On) refers to stm32f4xx_hal_gpio.o(i.HAL_GPIO_WritePin) for HAL_GPIO_WritePin
    led_f4discovery.o(i.LED_On) refers to led_f4discovery.o(.constdata) for LED_PIN
    led_f4discovery.o(i.LED_SetOut) refers to led_f4discovery.o(i.LED_On) for LED_On
    led_f4discovery.o(i.LED_SetOut) refers to led_f4discovery.o(i.LED_Off) for LED_Off
    led_f4discovery.o(i.LED_Uninitialize) refers to stm32f4xx_hal_gpio.o(i.HAL_GPIO_DeInit) for HAL_GPIO_DeInit
    rtx_conf_cm.o(.emb_text) refers to rt_cmsis.o(i.osKernelInitialize) for osKernelInitialize
    rtx_conf_cm.o(.emb_text) refers to rt_cmsis.o(i.osThreadCreate) for osThreadCreate
    rtx_conf_cm.o(.emb_text) refers to rt_cmsis.o(i.osKernelStart) for osKernelStart
    rtx_conf_cm.o(.emb_text) refers to exit.o(.text) for exit
    rtx_conf_cm.o(.emb_text) refers to rtx_conf_cm.o(.constdata) for os_thread_def_main
    rtx_conf_cm.o(i.__user_perthread_libspace) refers to rt_task.o(i.rt_tsk_self) for rt_tsk_self
    rtx_conf_cm.o(i.__user_perthread_libspace) refers to rt_cmsis.o(.data) for os_running
    rtx_conf_cm.o(i.__user_perthread_libspace) refers to rtx_conf_cm.o(.bss) for .bss
    rtx_conf_cm.o(i.__user_perthread_libspace) refers to libspace.o(.bss) for __libspace_start
    rtx_conf_cm.o(i._mutex_acquire) refers to rt_cmsis.o(.data) for os_running
    rtx_conf_cm.o(i._mutex_acquire) refers to rt_mutex.o(i.rt_mut_wait) for rt_mut_wait
    rtx_conf_cm.o(i._mutex_initialize) refers to rt_mutex.o(i.rt_mut_init) for rt_mut_init
    rtx_conf_cm.o(i._mutex_initialize) refers to rtx_conf_cm.o(.data) for .data
    rtx_conf_cm.o(i._mutex_initialize) refers to rtx_conf_cm.o(.bss) for .bss
    rtx_conf_cm.o(i._mutex_release) refers to rt_cmsis.o(.data) for os_running
    rtx_conf_cm.o(i._mutex_release) refers to rt_mutex.o(i.rt_mut_release) for rt_mut_release
    rtx_conf_cm.o(.constdata) refers to rt_cmsis.o(i.osTimerThread) for osTimerThread
    rtx_conf_cm.o(.constdata) refers to rtx_conf_cm.o(.bss) for os_messageQ_q_osTimerMessageQ
    rtx_conf_cm.o(.constdata) refers to main.o(i.main) for main
    can_stm32f4xx.o(i.CAN2_Control) refers to can_stm32f4xx.o(i.CANx_Control) for CANx_Control
    can_stm32f4xx.o(i.CAN2_GetStatus) refers to can_stm32f4xx.o(i.CANx_GetStatus) for CANx_GetStatus
    can_stm32f4xx.o(i.CAN2_Initialize) refers to can_stm32f4xx.o(i.CANx_Initialize) for CANx_Initialize
    can_stm32f4xx.o(i.CAN2_MessageRead) refers to can_stm32f4xx.o(i.CANx_MessageRead) for CANx_MessageRead
    can_stm32f4xx.o(i.CAN2_MessageSend) refers to can_stm32f4xx.o(i.CANx_MessageSend) for CANx_MessageSend
    can_stm32f4xx.o(i.CAN2_ObjectConfigure) refers to can_stm32f4xx.o(i.CANx_ObjectConfigure) for CANx_ObjectConfigure
    can_stm32f4xx.o(i.CAN2_ObjectGetCapabilities) refers to can_stm32f4xx.o(i.CANx_ObjectGetCapabilities) for CANx_ObjectGetCapabilities
    can_stm32f4xx.o(i.CAN2_ObjectSetFilter) refers to can_stm32f4xx.o(i.CANx_ObjectSetFilter) for CANx_ObjectSetFilter
    can_stm32f4xx.o(i.CAN2_PowerControl) refers to can_stm32f4xx.o(i.CANx_PowerControl) for CANx_PowerControl
[...]

265 unused section(s) (total 14558 bytes) removed from the image.

==============================================================================

Image Symbol Table

    Local Symbols

    Symbol Name                              Value     Ov Type        Size  Object(Section)

    ../clib/angel/boardlib.s                 0x00000000   Number         0  boardshut.o ABSOLUTE
    ../clib/angel/boardlib.s                 0x00000000   Number         0  boardinit1.o ABSOLUTE
    ../clib/angel/boardlib.s                 0x00000000   Number         0  boardinit2.o ABSOLUTE
    ../clib/angel/handlers.s                 0x00000000   Number         0  __scatter_zi.o ABSOLUTE
    ../clib/angel/handlers.s                 0x00000000   Number         0  __scatter_copy.o ABSOLUTE
    ../clib/angel/kernel.s                   0x00000000   Number         0  __rtentry.o ABSOLUTE
    ../clib/angel/kernel.s                   0x00000000   Number         0  rtexit2.o ABSOLUTE
    ../clib/angel/kernel.s                   0x00000000   Number         0  __rtentry4.o ABSOLUTE
    ../clib/angel/kernel.s                   0x00000000   Number         0  rtexit.o ABSOLUTE
    ../clib/angel/kernel.s                   0x00000000   Number         0  __rtentry2.o ABSOLUTE
    ../clib/angel/rt.s                       0x00000000   Number         0  aeabi_ldiv0_sigfpe.o ABSOLUTE
    ../clib/angel/rt.s                       0x00000000   Number         0  aeabi_ldiv0.o ABSOLUTE
    ../clib/angel/rt.s                       0x00000000   Number         0  rt_raise.o ABSOLUTE
    ../clib/angel/rt.s                       0x00000000   Number         0  rt_div0.o ABSOLUTE
    ../clib/angel/scatter.s                  0x00000000   Number         0  __scatter.o ABSOLUTE
    ../clib/angel/startup.s                  0x00000000   Number         0  __main.o ABSOLUTE
    ../clib/angel/sys.s                      0x00000000   Number         0  sys_stackheap_outer.o ABSOLUTE
    ../clib/angel/sys.s                      0x00000000   Number         0  use_no_semi.o ABSOLUTE
    ../clib/angel/sys.s                      0x00000000   Number         0  indicate_semi.o ABSOLUTE
    ../clib/angel/sys.s                      0x00000000   Number         0  libspace.o ABSOLUTE
    ../clib/angel/sysapp.c                   0x00000000   Number         0  sys_wrch.o ABSOLUTE
    ../clib/angel/sysapp.c                   0x00000000   Number         0  sys_exit.o ABSOLUTE
    ../clib/angel/sysapp.c                   0x00000000   Number         0  sys_command.o ABSOLUTE
    ../clib/armsys.c                         0x00000000   Number         0  argv_veneer.o ABSOLUTE
    ../clib/armsys.c                         0x00000000   Number         0  argv_veneer.o ABSOLUTE
    ../clib/armsys.c                         0x00000000   Number         0  no_argv.o ABSOLUTE
    ../clib/armsys.c                         0x00000000   Number         0  _get_argv_nomalloc.o ABSOLUTE
    ../clib/heapalloc.c                      0x00000000   Number         0  hrguard.o ABSOLUTE
    ../clib/heapaux.c                        0x00000000   Number         0  heapauxi.o ABSOLUTE
    ../clib/libinit.s                        0x00000000   Number         0  libshutdown.o ABSOLUTE
    ../clib/libinit.s                        0x00000000   Number         0  libshutdown2.o ABSOLUTE
    ../clib/libinit.s                        0x00000000   Number         0  libinit2.o ABSOLUTE
    ../clib/libinit.s                        0x00000000   Number         0  libinit.o ABSOLUTE
    ../clib/longlong.s                       0x00000000   Number         0  lludivv7m.o ABSOLUTE
    ../clib/memcpset.s                       0x00000000   Number         0  rt_memcpy_v6.o ABSOLUTE
    ../clib/memcpset.s                       0x00000000   Number         0  rt_memcpy_w.o ABSOLUTE
    ../clib/signal.c                         0x00000000   Number         0  defsig_stak_inner.o ABSOLUTE
    ../clib/signal.c                         0x00000000   Number         0  defsig_general.o ABSOLUTE
    ../clib/signal.c                         0x00000000   Number         0  __raise.o ABSOLUTE
    ../clib/signal.c                         0x00000000   Number         0  defsig_rtred_inner.o ABSOLUTE
    ../clib/signal.c                         0x00000000   Number         0  defsig_other.o ABSOLUTE
    ../clib/signal.c                         0x00000000   Number         0  defsig_segv_inner.o ABSOLUTE
    ../clib/signal.c                         0x00000000   Number         0  defsig_exit.o ABSOLUTE
    ../clib/signal.c                         0x00000000   Number         0  defsig_fpe_inner.o ABSOLUTE
    ../clib/signal.c                         0x00000000   Number         0  defsig_cppl_inner.o ABSOLUTE
    ../clib/signal.c                         0x00000000   Number         0  defsig_pvfn_inner.o ABSOLUTE
    ../clib/signal.c                         0x00000000   Number         0  defsig_fpe_outer.o ABSOLUTE
    ../clib/signal.c                         0x00000000   Number         0  defsig_fpe_formal.o ABSOLUTE
    ../clib/signal.c                         0x00000000   Number         0  defsig_rtmem_formal.o ABSOLUTE
    ../clib/signal.c                         0x00000000   Number         0  defsig_rtmem_outer.o ABSOLUTE
    ../clib/signal.c                         0x00000000   Number         0  defsig_rtmem_inner.o ABSOLUTE
    ../clib/signal.c                         0x00000000   Number         0  defsig_abrt_inner.o ABSOLUTE
    ../clib/signal.s                         0x00000000   Number         0  defsig.o ABSOLUTE
    ../clib/stdlib.c                         0x00000000   Number         0  exit.o ABSOLUTE
    ../fplib/fpinit.s                        0x00000000   Number         0  fpinit.o ABSOLUTE
    ..\HAL_CM.c                              0x00000000   Number         0  hal_cm.o ABSOLUTE
    ..\\rt_CMSIS.c                           0x00000000   Number         0  rt_cmsis.o ABSOLUTE
    ..\\rt_System.c                          0x00000000   Number         0  rt_system.o ABSOLUTE
    ..\rt_CMSIS.c                            0x00000000   Number         0  rt_cmsis.o ABSOLUTE
    ..\rt_Event.c                            0x00000000   Number         0  rt_event.o ABSOLUTE
    ..\rt_List.c                             0x00000000   Number         0  rt_list.o ABSOLUTE
    ..\rt_Mailbox.c                          0x00000000   Number         0  rt_mailbox.o ABSOLUTE
    ..\rt_MemBox.c                           0x00000000   Number         0  rt_membox.o ABSOLUTE
    ..\rt_Memory.c                           0x00000000   Number         0  rt_memory.o ABSOLUTE
    ..\rt_Mutex.c                            0x00000000   Number         0  rt_mutex.o ABSOLUTE
    ..\rt_Robin.c                            0x00000000   Number         0  rt_robin.o ABSOLUTE
    ..\rt_Semaphore.c                        0x00000000   Number         0  rt_semaphore.o ABSOLUTE
    ..\rt_System.c                           0x00000000   Number         0  rt_system.o ABSOLUTE
    ..\rt_Task.c                             0x00000000   Number         0  rt_task.o ABSOLUTE
    ..\rt_Time.c                             0x00000000   Number         0  rt_time.o ABSOLUTE
    C:\Keil_v5\ARM\PACK\Keil\STM32F4xx_DFP\2.14.0\CMSIS\Driver\CAN_STM32F4xx.c 0x00000000   Number         0  can_stm32f4xx.o ABSOLUTE
    C:\Keil_v5\ARM\PACK\Keil\STM32F4xx_DFP\2.14.0\Drivers\STM32F4xx_HAL_Driver\Src\stm32f4xx_hal.c 0x00000000   Number         0  stm32f4xx_hal.o ABSOLUTE
    C:\Keil_v5\ARM\PACK\Keil\STM32F4xx_DFP\2.14.0\Drivers\STM32F4xx_HAL_Driver\Src\stm32f4xx_hal_cortex.c 0x00000000   Number         0  stm32f4xx_hal_cortex.o ABSOLUTE
    C:\Keil_v5\ARM\PACK\Keil\STM32F4xx_DFP\2.14.0\Drivers\STM32F4xx_HAL_Driver\Src\stm32f4xx_hal_gpio.c 0x00000000   Number         0  stm32f4xx_hal_gpio.o ABSOLUTE
    C:\Keil_v5\ARM\PACK\Keil\STM32F4xx_DFP\2.14.0\Drivers\STM32F4xx_HAL_Driver\Src\stm32f4xx_hal_pwr.c 0x00000000   Number         0  stm32f4xx_hal_pwr.o ABSOLUTE
    C:\Keil_v5\ARM\PACK\Keil\STM32F4xx_DFP\2.14.0\Drivers\STM32F4xx_HAL_Driver\Src\stm32f4xx_hal_pwr_ex.c 0x00000000   Number         0  stm32f4xx_hal_pwr_ex.o ABSOLUTE
    C:\Keil_v5\ARM\PACK\Keil\STM32F4xx_DFP\2.14.0\Drivers\STM32F4xx_HAL_Driver\Src\stm32f4xx_hal_rcc.c 0x00000000   Number         0  stm32f4xx_hal_rcc.o ABSOLUTE
    C:\Keil_v5\ARM\PACK\Keil\STM32F4xx_DFP\2.14.0\Drivers\STM32F4xx_HAL_Driver\Src\stm32f4xx_hal_rcc_ex.c 0x00000000   Number         0  stm32f4xx_hal_rcc_ex.o ABSOLUTE
    C:\Keil_v5\ARM\PACK\Keil\STM32F4xx_DFP\2.14.0\MDK\Boards\ST\STM32F4-Discovery\Common\LED_F4Discovery.c 0x00000000   Number         0  led_f4discovery.o ABSOLUTE
    C:\\Keil_v5\\ARM\\PACK\\Keil\\STM32F4xx_DFP\\2.14.0\\CMSIS\\Driver\\CAN_STM32F4xx.c 0x00000000   Number         0  can_stm32f4xx.o ABSOLUTE
    C:\\Keil_v5\\ARM\\PACK\\Keil\\STM32F4xx_DFP\\2.14.0\\Drivers\\STM32F4xx_HAL_Driver\\Src\\stm32f4xx_hal.c 0x00000000   Number         0  stm32f4xx_hal.o ABSOLUTE
    C:\\Keil_v5\\ARM\\PACK\\Keil\\STM32F4xx_DFP\\2.14.0\\Drivers\\STM32F4xx_HAL_Driver\\Src\\stm32f4xx_hal_cortex.c 0x00000000   Number         0  stm32f4xx_hal_cortex.o ABSOLUTE
    C:\\Keil_v5\\ARM\\PACK\\Keil\\STM32F4xx_DFP\\2.14.0\\Drivers\\STM32F4xx_HAL_Driver\\Src\\stm32f4xx_hal_gpio.c 0x00000000   Number         0  stm32f4xx_hal_gpio.o ABSOLUTE
    C:\\Keil_v5\\ARM\\PACK\\Keil\\STM32F4xx_DFP\\2.14.0\\Drivers\\STM32F4xx_HAL_Driver\\Src\\stm32f4xx_hal_pwr.c 0x00000000   Number         0  stm32f4xx_hal_pwr.o ABSOLUTE
    C:\\Keil_v5\\ARM\\PACK\\Keil\\STM32F4xx_DFP\\2.14.0\\Drivers\\STM32F4xx_HAL_Driver\\Src\\stm32f4xx_hal_pwr_ex.c 0x00000000   Number         0  stm32f4xx_hal_pwr_ex.o ABSOLUTE
    C:\\Keil_v5\\ARM\\PACK\\Keil\\STM32F4xx_DFP\\2.14.0\\Drivers\\STM32F4xx_HAL_Driver\\Src\\stm32f4xx_hal_rcc.c 0x00000000   Number         0  stm32f4xx_hal_rcc.o ABSOLUTE
    C:\\Keil_v5\\ARM\\PACK\\Keil\\STM32F4xx_DFP\\2.14.0\\Drivers\\STM32F4xx_HAL_Driver\\Src\\stm32f4xx_hal_rcc_ex.c 0x00000000   Number         0  stm32f4xx_hal_rcc_ex.o ABSOLUTE
    C:\\Keil_v5\\ARM\\PACK\\Keil\\STM32F4xx_DFP\\2.14.0\\MDK\\Boards\\ST\\STM32F4-Discovery\\Common\\LED_F4Discovery.c 0x00000000   Number         0  led_f4discovery.o ABSOLUTE
    HAL_CM4.c                                0x00000000   Number         0  hal_cm4.o ABSOLUTE
    HAL_CM4.c                                0x00000000   Number         0  hal_cm4.o ABSOLUTE
    RTE\CMSIS\RTX_Conf_CM.c                  0x00000000   Number         0  rtx_conf_cm.o ABSOLUTE
    RTE\Device\STM32F407VGTx\startup_stm32f407xx.s 0x00000000   Number         0  startup_stm32f407xx.o ABSOLUTE
    RTE\Device\STM32F407VGTx\system_stm32f4xx.c 0x00000000   Number         0  system_stm32f4xx.o ABSOLUTE
    RTE\\CMSIS\\RTX_Conf_CM.c                0x00000000   Number         0  rtx_conf_cm.o ABSOLUTE
    RTE\\Device\\STM32F407VGTx\\system_stm32f4xx.c 0x00000000   Number         0  system_stm32f4xx.o ABSOLUTE
    SVC_Table.s                              0x00000000   Number         0  svc_table.o ABSOLUTE
    dc.s                                     0x00000000   Number         0  dc.o ABSOLUTE
    main.c                                   0x00000000   Number         0  main.o ABSOLUTE
    main.c                                   0x00000000   Number         0  main.o ABSOLUTE
    RESET                                    0x08000000   Section      392  startup_stm32f407xx.o(RESET)
    !!!main                                  0x08000188   Section        8  __main.o(!!!main)
    !!!scatter                               0x08000190   Section       52  __scatter.o(!!!scatter)
    !!handler_copy                           0x080001c4   Section       26  __scatter_copy.o(!!handler_copy)
    !!handler_zi                             0x080001e0   Section       28  __scatter_zi.o(!!handler_zi)
    .ARM.Collect$$libinit$$00000000          0x080001fc   Section        2  libinit.o(.ARM.Collect$$libinit$$00000000)
    .ARM.Collect$$libinit$$00000001          0x080001fe   Section        4  libinit2.o(.ARM.Collect$$libinit$$00000001)
    .ARM.Collect$$libinit$$00000004          0x08000202   Section        0  libinit2.o(.ARM.Collect$$libinit$$00000004)
    .ARM.Collect$$libinit$$0000000A          0x08000202   Section        0  libinit2.o(.ARM.Collect$$libinit$$0000000A)
    .ARM.Collect$$libinit$$0000000C          0x08000202   Section        0  libinit2.o(.ARM.Collect$$libinit$$0000000C)
    .ARM.Collect$$libinit$$0000000E          0x08000202   Section        0  libinit2.o(.ARM.Collect$$libinit$$0000000E)
    .ARM.Collect$$libinit$$00000011          0x08000202   Section        0  libinit2.o(.ARM.Collect$$libinit$$00000011)
    .ARM.Collect$$libinit$$00000013          0x08000202   Section        0  libinit2.o(.ARM.Collect$$libinit$$00000013)
    .ARM.Collect$$libinit$$00000015          0x08000202   Section        0  libinit2.o(.ARM.Collect$$libinit$$00000015)
    .ARM.Collect$$libinit$$00000017          0x08000202   Section        0  libinit2.o(.ARM.Collect$$libinit$$00000017)
    .ARM.Collect$$libinit$$00000019          0x08000202   Section        0  libinit2.o(.ARM.Collect$$libinit$$00000019)
    .ARM.Collect$$libinit$$0000001B          0x08000202   Section        0  libinit2.o(.ARM.Collect$$libinit$$0000001B)
    .ARM.Collect$$libinit$$0000001D          0x08000202   Section        0  libinit2.o(.ARM.Collect$$libinit$$0000001D)
    .ARM.Collect$$libinit$$0000001F          0x08000202   Section        0  libinit2.o(.ARM.Collect$$libinit$$0000001F)
    .ARM.Collect$$libinit$$00000021          0x08000202   Section        0  libinit2.o(.ARM.Collect$$libinit$$00000021)
    .ARM.Collect$$libinit$$00000023          0x08000202   Section        0  libinit2.o(.ARM.Collect$$libinit$$00000023)
    .ARM.Collect$$libinit$$00000025          0x08000202   Section        0  libinit2.o(.ARM.Collect$$libinit$$00000025)
    .ARM.Collect$$libinit$$0000002C          0x08000202   Section        0  libinit2.o(.ARM.Collect$$libinit$$0000002C)
    .ARM.Collect$$libinit$$0000002E          0x08000202   Section        0  libinit2.o(.ARM.Collect$$libinit$$0000002E)
    .ARM.Collect$$libinit$$00000030          0x08000202   Section        0  libinit2.o(.ARM.Collect$$libinit$$00000030)
    .ARM.Collect$$libinit$$00000032          0x08000202   Section        0  libinit2.o(.ARM.Collect$$libinit$$00000032)
    .ARM.Collect$$libinit$$00000033          0x08000202   Section        2  libinit2.o(.ARM.Collect$$libinit$$00000033)
    .ARM.Collect$$libshutdown$$00000000      0x08000204   Section        2  libshutdown.o(.ARM.Collect$$libshutdown$$00000000)
    .ARM.Collect$$libshutdown$$00000002      0x08000206   Section        0  libshutdown2.o(.ARM.Collect$$libshutdown$$00000002)
    .ARM.Collect$$libshutdown$$00000004      0x08000206   Section        0  libshutdown2.o(.ARM.Collect$$libshutdown$$00000004)
    .ARM.Collect$$libshutdown$$00000007      0x08000206   Section        0  libshutdown2.o(.ARM.Collect$$libshutdown$$00000007)
    .ARM.Collect$$libshutdown$$0000000A      0x08000206   Section        0  libshutdown2.o(.ARM.Collect$$libshutdown$$0000000A)
    .ARM.Collect$$libshutdown$$0000000C      0x08000206   Section        0  libshutdown2.o(.ARM.Collect$$libshutdown$$0000000C)
    .ARM.Collect$$libshutdown$$0000000F      0x08000206   Section        0  libshutdown2.o(.ARM.Collect$$libshutdown$$0000000F)
    .ARM.Collect$$libshutdown$$00000010      0x08000206   Section        2  libshutdown2.o(.ARM.Collect$$libshutdown$$00000010)
    .ARM.Collect$$rtentry$$00000000          0x08000208   Section        0  __rtentry.o(.ARM.Collect$$rtentry$$00000000)
    .ARM.Collect$$rtentry$$00000002          0x08000208   Section        0  __rtentry2.o(.ARM.Collect$$rtentry$$00000002)
    .ARM.Collect$$rtentry$$00000004          0x08000208   Section        6  __rtentry4.o(.ARM.Collect$$rtentry$$00000004)
    .ARM.Collect$$rtentry$$00000009          0x0800020e   Section        0  __rtentry2.o(.ARM.Collect$$rtentry$$00000009)
    .ARM.Collect$$rtentry$$0000000A          0x0800020e   Section        4  __rtentry2.o(.ARM.Collect$$rtentry$$0000000A)
    .ARM.Collect$$rtentry$$0000000B          0x08000212   Section        8  __rtentry2.o(.ARM.Collect$$rtentry$$0000000B)
    .ARM.Collect$$rtentry$$0000000D          0x0800021a   Section        8  __rtentry2.o(.ARM.Collect$$rtentry$$0000000D)
    .ARM.Collect$$rtexit$$00000000           0x08000222   Section        2  rtexit.o(.ARM.Collect$$rtexit$$00000000)
    .ARM.Collect$$rtexit$$00000002           0x08000224   Section        0  rtexit2.o(.ARM.Collect$$rtexit$$00000002)
    .ARM.Collect$$rtexit$$00000003           0x08000224   Section        4  rtexit2.o(.ARM.Collect$$rtexit$$00000003)
    .ARM.Collect$$rtexit$$00000004           0x08000228   Section        6  rtexit2.o(.ARM.Collect$$rtexit$$00000004)
    .emb_text                                0x08000230   Section       28  rtx_conf_cm.o(.emb_text)
    $v0                                      0x08000230   Number         0  rtx_conf_cm.o(.emb_text)
    .emb_text                                0x0800024c   Section      408  hal_cm4.o(.emb_text)
    $v0                                      0x0800024c   Number         0  hal_cm4.o(.emb_text)
    .text                                    0x080003e4   Section       64  startup_stm32f407xx.o(.text)
    $v0                                      0x080003e4   Number         0  startup_stm32f407xx.o(.text)
    .text                                    0x08000424   Section        8  libspace.o(.text)
    .text                                    0x0800042c   Section      238  lludivv7m.o(.text)
    .text                                    0x0800051a   Section        0  exit.o(.text)
    .text                                    0x0800052c   Section        0  heapauxi.o(.text)
    .text                                    0x08000534   Section        0  sys_exit.o(.text)
    .text                                    0x08000540   Section       74  sys_stackheap_outer.o(.text)
    .text                                    0x0800058a   Section        2  use_no_semi.o(.text)
    .text                                    0x0800058c   Section        0  indicate_semi.o(.text)
    SVC_TABLE                                0x0800058c   Section        4  svc_table.o(SVC_TABLE)
    i.CAN2_RX0_IRQHandler                    0x08000590   Section        0  can_stm32f4xx.o(i.CAN2_RX0_IRQHandler)
    i.CAN2_RX1_IRQHandler                    0x0800067c   Section        0  can_stm32f4xx.o(i.CAN2_RX1_IRQHandler)
    i.CAN2_SCE_IRQHandler                    0x08000768   Section        0  can_stm32f4xx.o(i.CAN2_SCE_IRQHandler)
    i.CAN2_TX_IRQHandler                     0x080007fc   Section        0  can_stm32f4xx.o(i.CAN2_TX_IRQHandler)
    i.Error_Handler                          0x08000934   Section        0  main.o(i.Error_Handler)
    Error_Handler                            0x08000935   Thumb Code     4  main.o(i.Error_Handler)
    i.HAL_GPIO_Init                          0x08000938   Section        0  stm32f4xx_hal_gpio.o(i.HAL_GPIO_Init)
    i.HAL_GetREVID                           0x08000b38   Section        0  stm32f4xx_hal.o(i.HAL_GetREVID)
    i.HAL_GetTick                            0x08000b44   Section        0  stm32f4xx_hal.o(i.HAL_GetTick)
    i.HAL_Init                               0x08000b50   Section        0  stm32f4xx_hal.o(i.HAL_Init)
    i.HAL_InitTick                           0x08000b80   Section        0  stm32f4xx_hal.o(i.HAL_InitTick)
    i.HAL_MspInit                            0x08000bcc   Section        0  stm32f4xx_hal.o(i.HAL_MspInit)
    i.HAL_NVIC_SetPriority                   0x08000bce   Section        0  stm32f4xx_hal_cortex.o(i.HAL_NVIC_SetPriority)
    i.HAL_NVIC_SetPriorityGrouping           0x08000c4c   Section        0  stm32f4xx_hal_cortex.o(i.HAL_NVIC_SetPriorityGrouping)
    i.HAL_RCC_ClockConfig                    0x08000c74   Section        0  stm32f4xx_hal_rcc.o(i.HAL_RCC_ClockConfig)
    i.HAL_RCC_GetSysClockFreq                0x08000df4   Section        0  stm32f4xx_hal_rcc.o(i.HAL_RCC_GetSysClockFreq)
    i.HAL_RCC_OscConfig                      0x08000ea4   Section        0  stm32f4xx_hal_rcc.o(i.HAL_RCC_OscConfig)
    i.HAL_SYSTICK_Config                     0x080012ec   Section        0  stm32f4xx_hal_cortex.o(i.HAL_SYSTICK_Config)
    i.LED_Initialize                         0x08001320   Section        0  led_f4discovery.o(i.LED_Initialize)
    i.SystemClock_Config                     0x0800136c   Section        0  main.o(i.SystemClock_Config)
    SystemClock_Config                       0x0800136d   Thumb Code   180  main.o(i.SystemClock_Config)
    i.SystemCoreClockUpdate                  0x0800142c   Section        0  system_stm32f4xx.o(i.SystemCoreClockUpdate)
    i.SystemInit                             0x080014ec   Section        0  system_stm32f4xx.o(i.SystemInit)
    i.__NVIC_GetPriorityGrouping             0x08001550   Section        0  stm32f4xx_hal_cortex.o(i.__NVIC_GetPriorityGrouping)
    __NVIC_GetPriorityGrouping               0x08001551   Thumb Code    10  stm32f4xx_hal_cortex.o(i.__NVIC_GetPriorityGrouping)
    i.__NVIC_SetPriority                     0x08001560   Section        0  stm32f4xx_hal_cortex.o(i.__NVIC_SetPriority)
    __NVIC_SetPriority                       0x08001561   Thumb Code    32  stm32f4xx_hal_cortex.o(i.__NVIC_SetPriority)
    i._init_box                              0x08001588   Section        0  rt_membox.o(i._init_box)
    i._mutex_acquire                         0x080015d0   Section        0  rtx_conf_cm.o(i._mutex_acquire)
    __tagsym$$used                           0x080015d1   Number         0  rtx_conf_cm.o(i._mutex_acquire)
    i._mutex_release                         0x080015f0   Section        0  rtx_conf_cm.o(i._mutex_release)
    __tagsym$$used                           0x080015f1   Number         0  rtx_conf_cm.o(i._mutex_release)
    i.dbg_init                               0x0800160c   Section        0  hal_cm.o(i.dbg_init)
    i.dbg_task_notify                        0x0800163c   Section        0  hal_cm.o(i.dbg_task_notify)
    i.dbg_task_switch                        0x0800165c   Section        0  hal_cm.o(i.dbg_task_switch)
    i.isrMessageGet                          0x0800166c   Section        0  rt_cmsis.o(i.isrMessageGet)
    i.isrMessagePut                          0x08001696   Section        0  rt_cmsis.o(i.isrMessagePut)
    i.isr_mbx_receive                        0x080016c4   Section        0  rt_mailbox.o(i.isr_mbx_receive)
    i.isr_mbx_send                           0x0800171a   Section        0  rt_mailbox.o(i.isr_mbx_send)
    i.main                                   0x08001728   Section        0  main.o(i.main)
    i.osKernelInitialize                     0x0800173c   Section        0  rt_cmsis.o(i.osKernelInitialize)
    i.osKernelStart                          0x08001760   Section        0  rt_cmsis.o(i.osKernelStart)
    i.osMessageGet                           0x080017cc   Section        0  rt_cmsis.o(i.osMessageGet)
    i.osThreadCreate                         0x080017e4   Section        0  rt_cmsis.o(i.osThreadCreate)
    i.osThreadExit                           0x08001810   Section        0  rt_cmsis.o(i.osThreadExit)
    i.osTimerCall                            0x08001828   Section        0  rt_cmsis.o(i.osTimerCall)
    i.osTimerThread                          0x08001834   Section        0  rt_cmsis.o(i.osTimerThread)
    i.os_error                               0x08001860   Section        0  rtx_conf_cm.o(i.os_error)
    i.os_idle_demon                          0x08001882   Section        0  rtx_conf_cm.o(i.os_idle_demon)
    i.os_tick_init                           0x08001888   Section        0  rt_system.o(i.os_tick_init)
    i.os_tick_irqack                         0x080018b0   Section        0  rt_system.o(i.os_tick_irqack)
    i.rt_alloc_box                           0x080018b2   Section        0  rt_membox.o(i.rt_alloc_box)
    i.rt_alloc_mem                           0x080018cc   Section        0  rt_memory.o(i.rt_alloc_mem)
    i.rt_block                               0x0800190c   Section        0  rt_task.o(i.rt_block)
    i.rt_chk_robin                           0x08001944   Section        0  rt_robin.o(i.rt_chk_robin)
    i.rt_dec_dly                             0x0800198c   Section        0  rt_list.o(i.rt_dec_dly)
    i.rt_dispatch                            0x080019fc   Section        0  rt_task.o(i.rt_dispatch)
    i.rt_evt_psh                             0x08001a40   Section        0  rt_event.o(i.rt_evt_psh)
    i.rt_free_box                            0x08001a90   Section        0  rt_membox.o(i.rt_free_box)
    i.rt_free_mem                            0x08001abc   Section        0  rt_memory.o(i.rt_free_mem)
    i.rt_get_first                           0x08001ae4   Section        0  rt_list.o(i.rt_get_first)
    i.rt_id2obj                              0x08001b0c   Section        0  rt_cmsis.o(i.rt_id2obj)
    rt_id2obj                                0x08001b0d   Thumb Code     8  rt_cmsis.o(i.rt_id2obj)
    i.rt_init_context                        0x08001b14   Section        0  rt_task.o(i.rt_init_context)
    rt_init_context                          0x08001b15   Thumb Code    66  rt_task.o(i.rt_init_context)
    i.rt_init_mem                            0x08001b5c   Section        0  rt_memory.o(i.rt_init_mem)
    i.rt_init_robin                          0x08001b78   Section        0  rt_robin.o(i.rt_init_robin)
    i.rt_init_stack                          0x08001b90   Section        0  hal_cm.o(i.rt_init_stack)
    i.rt_mbx_check                           0x08001c10   Section        0  rt_mailbox.o(i.rt_mbx_check)
    i.rt_mbx_init                            0x08001c18   Section        0  rt_mailbox.o(i.rt_mbx_init)
    i.rt_mbx_psh                             0x08001c34   Section        0  rt_mailbox.o(i.rt_mbx_psh)
    i.rt_mbx_wait                            0x08001d24   Section        0  rt_mailbox.o(i.rt_mbx_wait)
    i.rt_ms2tick                             0x08001dd8   Section        0  rt_cmsis.o(i.rt_ms2tick)
    rt_ms2tick                               0x08001dd9   Thumb Code    58  rt_cmsis.o(i.rt_ms2tick)
    i.rt_mut_release                         0x08001e1c   Section        0  rt_mutex.o(i.rt_mut_release)
    i.rt_mut_wait                            0x08001ef4   Section        0  rt_mutex.o(i.rt_mut_wait)
    i.rt_pop_req                             0x08001f6c   Section        0  rt_system.o(i.rt_pop_req)
    i.rt_psh_req                             0x08001fe8   Section        0  rt_system.o(i.rt_psh_req)
    i.rt_psq_enq                             0x08002008   Section        0  rt_list.o(i.rt_psq_enq)
    i.rt_put_dly                             0x08002064   Section        0  rt_list.o(i.rt_put_dly)
    i.rt_put_prio                            0x080020ac   Section        0  rt_list.o(i.rt_put_prio)
    i.rt_put_rdy_first                       0x080020e4   Section        0  rt_list.o(i.rt_put_rdy_first)
    i.rt_resort_prio                         0x080020f8   Section        0  rt_list.o(i.rt_resort_prio)
    i.rt_ret_regs                            0x0800212c   Section        0  hal_cm.o(i.rt_ret_regs)
    rt_ret_regs                              0x0800212d   Thumb Code    16  hal_cm.o(i.rt_ret_regs)
    i.rt_ret_val                             0x0800213c   Section        0  hal_cm.o(i.rt_ret_val)
    i.rt_ret_val2                            0x08002148   Section        0  hal_cm.o(i.rt_ret_val2)
    i.rt_rmv_dly                             0x08002158   Section        0  rt_list.o(i.rt_rmv_dly)
    i.rt_rmv_list                            0x08002180   Section        0  rt_list.o(i.rt_rmv_list)
    i.rt_sem_psh                             0x080021b0   Section        0  rt_semaphore.o(i.rt_sem_psh)
    i.rt_stk_check                           0x080021e4   Section        0  rt_system.o(i.rt_stk_check)
    i.rt_switch_req                          0x08002208   Section        0  rt_task.o(i.rt_switch_req)
    i.rt_sys_init                            0x08002230   Section        0  rt_task.o(i.rt_sys_init)
    i.rt_sys_start                           0x080022fc   Section        0  rt_task.o(i.rt_sys_start)
    i.rt_systick                             0x08002374   Section        0  rt_system.o(i.rt_systick)
    i.rt_tid2ptcb                            0x080023b4   Section        0  rt_cmsis.o(i.rt_tid2ptcb)
    rt_tid2ptcb                              0x080023b5   Thumb Code    18  rt_cmsis.o(i.rt_tid2ptcb)
    i.rt_timer_insert                        0x080023c8   Section        0  rt_cmsis.o(i.rt_timer_insert)
    rt_timer_insert                          0x080023c9   Thumb Code    48  rt_cmsis.o(i.rt_timer_insert)
    i.rt_tsk_create                          0x080023fc   Section        0  rt_task.o(i.rt_tsk_create)
    i.rt_tsk_delete                          0x08002484   Section        0  rt_task.o(i.rt_tsk_delete)
    i.rt_tsk_prio                            0x08002600   Section        0  rt_task.o(i.rt_tsk_prio)
    i.rt_tsk_self                            0x0800267c   Section        0  rt_task.o(i.rt_tsk_self)
    i.svcKernelInitialize                    0x0800268c   Section        0  rt_cmsis.o(i.svcKernelInitialize)
    i.svcKernelStart                         0x080026fc   Section        0  rt_cmsis.o(i.svcKernelStart)
    i.svcMessageCreate                       0x08002744   Section        0  rt_cmsis.o(i.svcMessageCreate)
    i.svcMessageGet                          0x08002768   Section        0  rt_cmsis.o(i.svcMessageGet)
    i.svcThreadCreate                        0x080027a4   Section        0  rt_cmsis.o(i.svcThreadCreate)
    i.svcThreadGetId                         0x08002810   Section        0  rt_cmsis.o(i.svcThreadGetId)
    i.svcThreadTerminate                     0x0800282c   Section        0  rt_cmsis.o(i.svcThreadTerminate)
    i.svcTimerCall                           0x08002864   Section        0  rt_cmsis.o(i.svcTimerCall)
    i.sysTimerTick                           0x0800287c   Section        0  rt_cmsis.o(i.sysTimerTick)
    x$fpl$fpinit                             0x080028d8   Section       10  fpinit.o(x$fpl$fpinit)
    $v0                                      0x080028d8   Number         0  fpinit.o(x$fpl$fpinit)
    .constdata                               0x080028e4   Section      104  rtx_conf_cm.o(.constdata)
    __tagsym$$used                           0x08002900   Number         0  rtx_conf_cm.o(.constdata)
    __tagsym$$used                           0x08002904   Number         0  rtx_conf_cm.o(.constdata)
    __tagsym$$used                           0x08002908   Number         0  rtx_conf_cm.o(.constdata)
    __tagsym$$used                           0x0800290c   Number         0  rtx_conf_cm.o(.constdata)
    .constdata                               0x0800294c   Section       24  system_stm32f4xx.o(.constdata)
    .data                                    0x20000000   Section       20  rtx_conf_cm.o(.data)
    nr_mutex                                 0x20000010   Data           4  rtx_conf_cm.o(.data)
    .data                                    0x20000014   Section       20  can_stm32f4xx.o(.data)
    can_driver_powered                       0x20000014   Data           2  can_stm32f4xx.o(.data)
    can_driver_initialized                   0x20000016   Data           2  can_stm32f4xx.o(.data)
    CAN_SignalUnitEvent                      0x20000018   Data           8  can_stm32f4xx.o(.data)
    CAN_SignalObjectEvent                    0x20000020   Data           8  can_stm32f4xx.o(.data)
    .data                                    0x20000028   Section        9  stm32f4xx_hal.o(.data)
    .data                                    0x20000034   Section        4  system_stm32f4xx.o(.data)
    .data                                    0x20000038   Section        8  rt_cmsis.o(.data)
    .data                                    0x20000040   Section        8  rt_task.o(.data)
    .data                                    0x20000048   Section        8  rt_system.o(.data)
    os_lock                                  0x20000048   Data           1  rt_system.o(.data)
    os_psh_flag                              0x20000049   Data           1  rt_system.o(.data)
    pend_flags                               0x2000004a   Data           1  rt_system.o(.data)
    .data                                    0x20000050   Section        4  rt_time.o(.data)
    .data                                    0x20000054   Section        8  rt_robin.o(.data)
    .data                                    0x2000005c   Section        1  hal_cm.o(.data)
    .bss                                     0x20000060   Section     5816  rtx_conf_cm.o(.bss)
    std_libspace                             0x200013f8   Data         672  rtx_conf_cm.o(.bss)
    std_libmutex                             0x20001698   Data         128  rtx_conf_cm.o(.bss)
    .bss                                     0x20001718   Section       10  can_stm32f4xx.o(.bss)
    can_obj_cfg                              0x20001718   Data          10  can_stm32f4xx.o(.bss)
    .bss                                     0x20001724   Section       52  rt_task.o(.bss)
    .bss                                     0x20001758   Section       48  rt_list.o(.bss)
    .bss                                     0x20001788   Section       96  libspace.o(.bss)
    HEAP                                     0x200017e8   Section      512  startup_stm32f407xx.o(HEAP)
    Heap_Mem                                 0x200017e8   Data         512  startup_stm32f407xx.o(HEAP)
    STACK                                    0x200019e8   Section     1024  startup_stm32f407xx.o(STACK)
    Stack_Mem                                0x200019e8   Data        1024  startup_stm32f407xx.o(STACK)
    __initial_sp                             0x20001de8   Data           0  startup_stm32f407xx.o(STACK)

    Global Symbols

    Symbol Name                              Value     Ov Type        Size  Object(Section)

    BuildAttributes$$THM_ISAv4$E$P$D$K$B$S$7EM$VFPi3$EXTD16$VFPS$VFMA$PE$A:L22UL41UL21$X:L11$S22US41US21$IEEE1$IW$USESV6$~STKCKD$USESV7$~SHL$OSPACE$ROPI$EBA8$UX$STANDARDLIB$REQ8$PRES8$EABIv2 0x00000000   Number         0  anon$$obj.o ABSOLUTE
    __ARM_use_no_argv                        0x00000000   Number         0  main.o ABSOLUTE
    __ARM_exceptions_init                     - Undefined Weak Reference
    __alloca_initialize                       - Undefined Weak Reference
    __arm_preinit_                            - Undefined Weak Reference
    __cpp_initialize__aeabi_                  - Undefined Weak Reference
    __cxa_finalize                            - Undefined Weak Reference
    __rt_locale                               - Undefined Weak Reference
    __sigvec_lookup                           - Undefined Weak Reference
    _atexit_init                              - Undefined Weak Reference
    _call_atexit_fns                          - Undefined Weak Reference
    _clock_init                               - Undefined Weak Reference
    _fp_trap_init                             - Undefined Weak Reference
    _fp_trap_shutdown                         - Undefined Weak Reference
    _get_lc_collate                           - Undefined Weak Reference
    _get_lc_ctype                             - Undefined Weak Reference
    _get_lc_monetary                          - Undefined Weak Reference
    _get_lc_numeric                           - Undefined Weak Reference
    _get_lc_time                              - Undefined Weak Reference
    _getenv_init                              - Undefined Weak Reference
    _handle_redirection                       - Undefined Weak Reference
    _init_alloc                               - Undefined Weak Reference
    _init_user_alloc                          - Undefined Weak Reference
    _initio                                   - Undefined Weak Reference
    _rand_init                                - Undefined Weak Reference
    _signal_finish                            - Undefined Weak Reference
    _signal_init                              - Undefined Weak Reference
    _terminate_alloc                          - Undefined Weak Reference
    _terminate_user_alloc                     - Undefined Weak Reference
    _terminateio                              - Undefined Weak Reference
    __Vectors_Size                           0x00000188   Number         0  startup_stm32f407xx.o ABSOLUTE
    __RL_RTX_VER                             0x00000482   Number         0  rt_system.o ABSOLUTE
    __Vectors                                0x08000000   Data           4  startup_stm32f407xx.o(RESET)
    __Vectors_End                            0x08000188   Data           0  startup_stm32f407xx.o(RESET)
    __main                                   0x08000189   Thumb Code     8  __main.o(!!!main)
    __scatterload                            0x08000191   Thumb Code     0  __scatter.o(!!!scatter)
    __scatterload_rt2                        0x08000191   Thumb Code    44  __scatter.o(!!!scatter)
    __scatterload_rt2_thumb_only             0x08000191   Thumb Code     0  __scatter.o(!!!scatter)
    __scatterload_null                       0x0800019f   Thumb Code     0  __scatter.o(!!!scatter)
    __scatterload_copy                       0x080001c5   Thumb Code    26  __scatter_copy.o(!!handler_copy)
    __scatterload_zeroinit                   0x080001e1   Thumb Code    28  __scatter_zi.o(!!handler_zi)
    __rt_lib_init                            0x080001fd   Thumb Code     0  libinit.o(.ARM.Collect$$libinit$$00000000)
    __rt_lib_init_fp_1                       0x080001ff   Thumb Code     0  libinit2.o(.ARM.Collect$$libinit$$00000001)
    __rt_lib_init_alloca_1                   0x08000203   Thumb Code     0  libinit2.o(.ARM.Collect$$libinit$$0000002E)
    __rt_lib_init_argv_1                     0x08000203   Thumb Code     0  libinit2.o(.ARM.Collect$$libinit$$0000002C)
    __rt_lib_init_atexit_1                   0x08000203   Thumb Code     0  libinit2.o(.ARM.Collect$$libinit$$0000001B)
    __rt_lib_init_clock_1                    0x08000203   Thumb Code     0  libinit2.o(.ARM.Collect$$libinit$$00000021)
    __rt_lib_init_cpp_1                      0x08000203   Thumb Code     0  libinit2.o(.ARM.Collect$$libinit$$00000032)
    __rt_lib_init_exceptions_1               0x08000203   Thumb Code     0  libinit2.o(.ARM.Collect$$libinit$$00000030)
    __rt_lib_init_fp_trap_1                  0x08000203   Thumb Code     0  libinit2.o(.ARM.Collect$$libinit$$0000001F)
    __rt_lib_init_getenv_1                   0x08000203   Thumb Code     0  libinit2.o(.ARM.Collect$$libinit$$00000023)
    __rt_lib_init_heap_1                     0x08000203   Thumb Code     0  libinit2.o(.ARM.Collect$$libinit$$0000000A)
    __rt_lib_init_lc_collate_1               0x08000203   Thumb Code     0  libinit2.o(.ARM.Collect$$libinit$$00000011)
    __rt_lib_init_lc_ctype_1                 0x08000203   Thumb Code     0  libinit2.o(.ARM.Collect$$libinit$$00000013)
    __rt_lib_init_lc_monetary_1              0x08000203   Thumb Code     0  libinit2.o(.ARM.Collect$$libinit$$00000015)
    __rt_lib_init_lc_numeric_1               0x08000203   Thumb Code     0  libinit2.o(.ARM.Collect$$libinit$$00000017)
    __rt_lib_init_lc_time_1                  0x08000203   Thumb Code     0  libinit2.o(.ARM.Collect$$libinit$$00000019)
    __rt_lib_init_preinit_1                  0x08000203   Thumb Code     0  libinit2.o(.ARM.Collect$$libinit$$00000004)
    __rt_lib_init_rand_1                     0x08000203   Thumb Code     0  libinit2.o(.ARM.Collect$$libinit$$0000000E)
    __rt_lib_init_return                     0x08000203   Thumb Code     0  libinit2.o(.ARM.Collect$$libinit$$00000033)
    __rt_lib_init_signal_1                   0x08000203   Thumb Code     0  libinit2.o(.ARM.Collect$$libinit$$0000001D)
    __rt_lib_init_stdio_1                    0x08000203   Thumb Code     0  libinit2.o(.ARM.Collect$$libinit$$00000025)
    __rt_lib_init_user_alloc_1               0x08000203   Thumb Code     0  libinit2.o(.ARM.Collect$$libinit$$0000000C)
    __rt_lib_shutdown                        0x08000205   Thumb Code     0  libshutdown.o(.ARM.Collect$$libshutdown$$00000000)
    __rt_lib_shutdown_cpp_1                  0x08000207   Thumb Code     0  libshutdown2.o(.ARM.Collect$$libshutdown$$00000002)
    __rt_lib_shutdown_fp_trap_1              0x08000207   Thumb Code     0  libshutdown2.o(.ARM.Collect$$libshutdown$$00000007)
    __rt_lib_shutdown_heap_1                 0x08000207   Thumb Code     0  libshutdown2.o(.ARM.Collect$$libshutdown$$0000000F)
    __rt_lib_shutdown_return                 0x08000207   Thumb Code     0  libshutdown2.o(.ARM.Collect$$libshutdown$$00000010)
    __rt_lib_shutdown_signal_1               0x08000207   Thumb Code     0  libshutdown2.o(.ARM.Collect$$libshutdown$$0000000A)
    __rt_lib_shutdown_stdio_1                0x08000207   Thumb Code     0  libshutdown2.o(.ARM.Collect$$libshutdown$$00000004)
    __rt_lib_shutdown_user_alloc_1           0x08000207   Thumb Code     0  libshutdown2.o(.ARM.Collect$$libshutdown$$0000000C)
    __rt_entry                               0x08000209   Thumb Code     0  __rtentry.o(.ARM.Collect$$rtentry$$00000000)
    __rt_entry_presh_1                       0x08000209   Thumb Code     0  __rtentry2.o(.ARM.Collect$$rtentry$$00000002)
    __rt_entry_sh                            0x08000209   Thumb Code     0  __rtentry4.o(.ARM.Collect$$rtentry$$00000004)
    __rt_entry_li                            0x0800020f   Thumb Code     0  __rtentry2.o(.ARM.Collect$$rtentry$$0000000A)
    __rt_entry_postsh_1                      0x0800020f   Thumb Code     0  __rtentry2.o(.ARM.Collect$$rtentry$$00000009)
    __rt_entry_postli_1                      0x08000213   Thumb Code     0  __rtentry2.o(.ARM.Collect$$rtentry$$0000000B)
    __rt_entry_main                          0x0800021b   Thumb Code     0  __rtentry2.o(.ARM.Collect$$rtentry$$0000000D)
    __rt_exit                                0x08000223   Thumb Code     0  rtexit.o(.ARM.Collect$$rtexit$$00000000)
    __rt_exit_ls                             0x08000225   Thumb Code     0  rtexit2.o(.ARM.Collect$$rtexit$$00000003)
    __rt_exit_prels_1                        0x08000225   Thumb Code     0  rtexit2.o(.ARM.Collect$$rtexit$$00000002)
    __rt_exit_exit                           0x08000229   Thumb Code     0  rtexit2.o(.ARM.Collect$$rtexit$$00000004)
    _platform_post_lib_init                  0x08000231   Thumb Code    24  rtx_conf_cm.o(.emb_text)
    rt_set_PSP                               0x0800024d   Thumb Code     6  hal_cm4.o(.emb_text)
    rt_get_PSP                               0x08000253   Thumb Code     6  hal_cm4.o(.emb_text)
    os_set_env                               0x08000259   Thumb Code    24  hal_cm4.o(.emb_text)
    _alloc_box                               0x08000275   Thumb Code    28  hal_cm4.o(.emb_text)
    _free_box                                0x08000295   Thumb Code    28  hal_cm4.o(.emb_text)
    SVC_Handler                              0x080002b5   Thumb Code   168  hal_cm4.o(.emb_text)
    PendSV_Handler                           0x0800036d   Thumb Code    96  hal_cm4.o(.emb_text)
    SysTick_Handler                          0x080003d1   Thumb Code     8  hal_cm4.o(.emb_text)
    OS_Tick_Handler                          0x080003d9   Thumb Code    12  hal_cm4.o(.emb_text)
    Reset_Handler                            0x080003e5   Thumb Code     8  startup_stm32f407xx.o(.text)
    NMI_Handler                              0x080003ed   Thumb Code     2  startup_stm32f407xx.o(.text)
    HardFault_Handler                        0x080003ef   Thumb Code     2  startup_stm32f407xx.o(.text)
    MemManage_Handler                        0x080003f1   Thumb Code     2  startup_stm32f407xx.o(.text)
    BusFault_Handler                         0x080003f3   Thumb Code     2  startup_stm32f407xx.o(.text)
    UsageFault_Handler                       0x080003f5   Thumb Code     2  startup_stm32f407xx.o(.text)
    DebugMon_Handler                         0x080003f9   Thumb Code     2  startup_stm32f407xx.o(.text)
    ADC_IRQHandler                           0x080003ff   Thumb Code     0  startup_stm32f407xx.o(.text)
    CAN1_RX0_IRQHandler                      0x080003ff   Thumb Code     0  startup_stm32f407xx.o(.text)
    CAN1_RX1_IRQHandler                      0x080003ff   Thumb Code     0  startup_stm32f407xx.o(.text)
    CAN1_SCE_IRQHandler                      0x080003ff   Thumb Code     0  startup_stm32f407xx.o(.text)
    CAN1_TX_IRQHandler                       0x080003ff   Thumb Code     0  startup_stm32f407xx.o(.text)
    DCMI_IRQHandler                          0x080003ff   Thumb Code     0  startup_stm32f407xx.o(.text)
    DMA1_Stream0_IRQHandler                  0x080003ff   Thumb Code     0  startup_stm32f407xx.o(.text)
    DMA1_Stream1_IRQHandler                  0x080003ff   Thumb Code     0  startup_stm32f407xx.o(.text)
    DMA1_Stream2_IRQHandler                  0x080003ff   Thumb Code     0  startup_stm32f407xx.o(.text)
    DMA1_Stream3_IRQHandler                  0x080003ff   Thumb Code     0  startup_stm32f407xx.o(.text)
    DMA1_Stream4_IRQHandler                  0x080003ff   Thumb Code     0  startup_stm32f407xx.o(.text)
    DMA1_Stream5_IRQHandler                  0x080003ff   Thumb Code     0  startup_stm32f407xx.o(.text)
    DMA1_Stream6_IRQHandler                  0x080003ff   Thumb Code     0  startup_stm32f407xx.o(.text)
    DMA1_Stream7_IRQHandler                  0x080003ff   Thumb Code     0  startup_stm32f407xx.o(.text)
    DMA2_Stream0_IRQHandler                  0x080003ff   Thumb Code     0  startup_stm32f407xx.o(.text)
    DMA2_Stream1_IRQHandler                  0x080003ff   Thumb Code     0  startup_stm32f407xx.o(.text)
    DMA2_Stream2_IRQHandler                  0x080003ff   Thumb Code     0  startup_stm32f407xx.o(.text)
    DMA2_Stream3_IRQHandler                  0x080003ff   Thumb Code     0  startup_stm32f407xx.o(.text)
    DMA2_Stream4_IRQHandler                  0x080003ff   Thumb Code     0  startup_stm32f407xx.o(.text)
    DMA2_Stream5_IRQHandler                  0x080003ff   Thumb Code     0  startup_stm32f407xx.o(.text)
    DMA2_Stream6_IRQHandler                  0x080003ff   Thumb Code     0  startup_stm32f407xx.o(.text)
    DMA2_Stream7_IRQHandler                  0x080003ff   Thumb Code     0  startup_stm32f407xx.o(.text)
    ETH_IRQHandler                           0x080003ff   Thumb Code     0  startup_stm32f407xx.o(.text)
    ETH_WKUP_IRQHandler                      0x080003ff   Thumb Code     0  startup_stm32f407xx.o(.text)
    EXTI0_IRQHandler                         0x080003ff   Thumb Code     0  startup_stm32f407xx.o(.text)
    EXTI15_10_IRQHandler                     0x080003ff   Thumb Code     0  startup_stm32f407xx.o(.text)
    EXTI1_IRQHandler                         0x080003ff   Thumb Code     0  startup_stm32f407xx.o(.text)
    EXTI2_IRQHandler                         0x080003ff   Thumb Code     0  startup_stm32f407xx.o(.text)
    EXTI3_IRQHandler                         0x080003ff   Thumb Code     0  startup_stm32f407xx.o(.text)
    EXTI4_IRQHandler                         0x080003ff   Thumb Code     0  startup_stm32f407xx.o(.text)
    EXTI9_5_IRQHandler                       0x080003ff   Thumb Code     0  startup_stm32f407xx.o(.text)
    FLASH_IRQHandler                         0x080003ff   Thumb Code     0  startup_stm32f407xx.o(.text)
    FMC_IRQHandler                           0x080003ff   Thumb Code     0  startup_stm32f407xx.o(.text)
    FPU_IRQHandler                           0x080003ff   Thumb Code     0  startup_stm32f407xx.o(.text)
    HASH_RNG_IRQHandler                      0x080003ff   Thumb Code     0  startup_stm32f407xx.o(.text)
    I2C1_ER_IRQHandler                       0x080003ff   Thumb Code     0  startup_stm32f407xx.o(.text)
    I2C1_EV_IRQHandler                       0x080003ff   Thumb Code     0  startup_stm32f407xx.o(.text)
    I2C2_ER_IRQHandler                       0x080003ff   Thumb Code     0  startup_stm32f407xx.o(.text)
    I2C2_EV_IRQHandler                       0x080003ff   Thumb Code     0  startup_stm32f407xx.o(.text)
    I2C3_ER_IRQHandler                       0x080003ff   Thumb Code     0  startup_stm32f407xx.o(.text)
    I2C3_EV_IRQHandler                       0x080003ff   Thumb Code     0  startup_stm32f407xx.o(.text)
    OTG_FS_IRQHandler                        0x080003ff   Thumb Code     0  startup_stm32f407xx.o(.text)
    OTG_FS_WKUP_IRQHandler                   0x080003ff   Thumb Code     0  startup_stm32f407xx.o(.text)
    OTG_HS_EP1_IN_IRQHandler                 0x080003ff   Thumb Code     0  startup_stm32f407xx.o(.text)
    OTG_HS_EP1_OUT_IRQHandler                0x080003ff   Thumb Code     0  startup_stm32f407xx.o(.text)
    OTG_HS_IRQHandler                        0x080003ff   Thumb Code     0  startup_stm32f407xx.o(.text)
    OTG_HS_WKUP_IRQHandler                   0x080003ff   Thumb Code     0  startup_stm32f407xx.o(.text)
    PVD_IRQHandler                           0x080003ff   Thumb Code     0  startup_stm32f407xx.o(.text)
    RCC_IRQHandler                           0x080003ff   Thumb Code     0  startup_stm32f407xx.o(.text)
    RTC_Alarm_IRQHandler                     0x080003ff   Thumb Code     0  startup_stm32f407xx.o(.text)
    RTC_WKUP_IRQHandler                      0x080003ff   Thumb Code     0  startup_stm32f407xx.o(.text)
    SDIO_IRQHandler                          0x080003ff   Thumb Code     0  startup_stm32f407xx.o(.text)
    SPI1_IRQHandler                          0x080003ff   Thumb Code     0  startup_stm32f407xx.o(.text)
    SPI2_IRQHandler                          0x080003ff   Thumb Code     0  startup_stm32f407xx.o(.text)
    SPI3_IRQHandler                          0x080003ff   Thumb Code     0  startup_stm32f407xx.o(.text)
    TAMP_STAMP_IRQHandler                    0x080003ff   Thumb Code     0  startup_stm32f407xx.o(.text)
    TIM1_BRK_TIM9_IRQHandler                 0x080003ff   Thumb Code     0  startup_stm32f407xx.o(.text)
    TIM1_CC_IRQHandler                       0x080003ff   Thumb Code     0  startup_stm32f407xx.o(.text)
    TIM1_TRG_COM_TIM11_IRQHandler            0x080003ff   Thumb Code     0  startup_stm32f407xx.o(.text)
    TIM1_UP_TIM10_IRQHandler                 0x080003ff   Thumb Code     0  startup_stm32f407xx.o(.text)
    TIM2_IRQHandler                          0x080003ff   Thumb Code     0  startup_stm32f407xx.o(.text)
    TIM3_IRQHandler                          0x080003ff   Thumb Code     0  startup_stm32f407xx.o(.text)
    TIM4_IRQHandler                          0x080003ff   Thumb Code     0  startup_stm32f407xx.o(.text)
    TIM5_IRQHandler                          0x080003ff   Thumb Code     0  startup_stm32f407xx.o(.text)
    TIM6_DAC_IRQHandler                      0x080003ff   Thumb Code     0  startup_stm32f407xx.o(.text)
    TIM7_IRQHandler                          0x080003ff   Thumb Code     0  startup_stm32f407xx.o(.text)
    TIM8_BRK_TIM12_IRQHandler                0x080003ff   Thumb Code     0  startup_stm32f407xx.o(.text)
    TIM8_CC_IRQHandler                       0x080003ff   Thumb Code     0  startup_stm32f407xx.o(.text)
    TIM8_TRG_COM_TIM14_IRQHandler            0x080003ff   Thumb Code     0  startup_stm32f407xx.o(.text)
    TIM8_UP_TIM13_IRQHandler                 0x080003ff   Thumb Code     0  startup_stm32f407xx.o(.text)
    UART4_IRQHandler                         0x080003ff   Thumb Code     0  startup_stm32f407xx.o(.text)
    UART5_IRQHandler                         0x080003ff   Thumb Code     0  startup_stm32f407xx.o(.text)
    USART1_IRQHandler                        0x080003ff   Thumb Code     0  startup_stm32f407xx.o(.text)
    USART2_IRQHandler                        0x080003ff   Thumb Code     0  startup_stm32f407xx.o(.text)
    USART3_IRQHandler                        0x080003ff   Thumb Code     0  startup_stm32f407xx.o(.text)
    USART6_IRQHandler                        0x080003ff   Thumb Code     0  startup_stm32f407xx.o(.text)
    WWDG_IRQHandler                          0x080003ff   Thumb Code     0  startup_stm32f407xx.o(.text)
    __user_initial_stackheap                 0x08000401   Thumb Code     0  startup_stm32f407xx.o(.text)
    __user_libspace                          0x08000425   Thumb Code     8  libspace.o(.text)
    __user_perproc_libspace                  0x08000425   Thumb Code     0  libspace.o(.text)
    __aeabi_uldivmod                         0x0800042d   Thumb Code     0  lludivv7m.o(.text)
    _ll_udiv                                 0x0800042d   Thumb Code   238  lludivv7m.o(.text)
    exit                                     0x0800051b   Thumb Code    18  exit.o(.text)
    __use_two_region_memory                  0x0800052d   Thumb Code     2  heapauxi.o(.text)
    __rt_heap_escrow$2region                 0x0800052f   Thumb Code     2  heapauxi.o(.text)
    __rt_heap_expand$2region                 0x08000531   Thumb Code     2  heapauxi.o(.text)
    _sys_exit                                0x08000535   Thumb Code     8  sys_exit.o(.text)
    __user_setup_stackheap                   0x08000541   Thumb Code    74  sys_stackheap_outer.o(.text)
    __I$use$semihosting                      0x0800058b   Thumb Code     0  use_no_semi.o(.text)
    __use_no_semihosting_swi                 0x0800058b   Thumb Code     2  use_no_semi.o(.text)
    SVC_Count                                0x0800058c   Data           4  svc_table.o(SVC_TABLE)
    __semihosting_library_function           0x0800058d   Thumb Code     0  indicate_semi.o(.text)
    CAN2_RX0_IRQHandler                      0x08000591   Thumb Code   218  can_stm32f4xx.o(i.CAN2_RX0_IRQHandler)
    SVC_Table                                0x08000590   Data           0  svc_table.o(SVC_TABLE)
    CAN2_RX1_IRQHandler                      0x0800067d   Thumb Code   218  can_stm32f4xx.o(i.CAN2_RX1_IRQHandler)
    CAN2_SCE_IRQHandler                      0x08000769   Thumb Code   140  can_stm32f4xx.o(i.CAN2_SCE_IRQHandler)
    CAN2_TX_IRQHandler                       0x080007fd   Thumb Code   294  can_stm32f4xx.o(i.CAN2_TX_IRQHandler)
    HAL_GPIO_Init                            0x08000939   Thumb Code   466  stm32f4xx_hal_gpio.o(i.HAL_GPIO_Init)
    HAL_GetREVID                             0x08000b39   Thumb Code     8  stm32f4xx_hal.o(i.HAL_GetREVID)
    HAL_GetTick                              0x08000b45   Thumb Code     6  stm32f4xx_hal.o(i.HAL_GetTick)
    HAL_Init                                 0x08000b51   Thumb Code    44  stm32f4xx_hal.o(i.HAL_Init)
    HAL_InitTick                             0x08000b81   Thumb Code    64  stm32f4xx_hal.o(i.HAL_InitTick)
    HAL_MspInit                              0x08000bcd   Thumb Code     2  stm32f4xx_hal.o(i.HAL_MspInit)
    HAL_NVIC_SetPriority                     0x08000bcf   Thumb Code   124  stm32f4xx_hal_cortex.o(i.HAL_NVIC_SetPriority)
    HAL_NVIC_SetPriorityGrouping             0x08000c4d   Thumb Code    32  stm32f4xx_hal_cortex.o(i.HAL_NVIC_SetPriorityGrouping)
    HAL_RCC_ClockConfig                      0x08000c75   Thumb Code   366  stm32f4xx_hal_rcc.o(i.HAL_RCC_ClockConfig)
    HAL_RCC_GetSysClockFreq                  0x08000df5   Thumb Code   162  stm32f4xx_hal_rcc.o(i.HAL_RCC_GetSysClockFreq)
    HAL_RCC_OscConfig                        0x08000ea5   Thumb Code  1086  stm32f4xx_hal_rcc.o(i.HAL_RCC_OscConfig)
    HAL_SYSTICK_Config                       0x080012ed   Thumb Code    52  stm32f4xx_hal_cortex.o(i.HAL_SYSTICK_Config)
    LED_Initialize                           0x08001321   Thumb Code    68  led_f4discovery.o(i.LED_Initialize)
    SystemCoreClockUpdate                    0x0800142d   Thumb Code   170  system_stm32f4xx.o(i.SystemCoreClockUpdate)
    SystemInit                               0x080014ed   Thumb Code    82  system_stm32f4xx.o(i.SystemInit)
    _init_box                                0x08001589   Thumb Code    70  rt_membox.o(i._init_box)
    _mutex_acquire                           0x080015d1   Thumb Code    22  rtx_conf_cm.o(i._mutex_acquire)
    _mutex_release                           0x080015f1   Thumb Code    18  rtx_conf_cm.o(i._mutex_release)
    dbg_init                                 0x0800160d   Thumb Code    34  hal_cm.o(i.dbg_init)
    dbg_task_notify                          0x0800163d   Thumb Code    32  hal_cm.o(i.dbg_task_notify)
    dbg_task_switch                          0x0800165d   Thumb Code    16  hal_cm.o(i.dbg_task_switch)
    isrMessageGet                            0x0800166d   Thumb Code    42  rt_cmsis.o(i.isrMessageGet)
    isrMessagePut                            0x08001697   Thumb Code    44  rt_cmsis.o(i.isrMessagePut)
    isr_mbx_receive                          0x080016c5   Thumb Code    86  rt_mailbox.o(i.isr_mbx_receive)
    isr_mbx_send                             0x0800171b   Thumb Code    14  rt_mailbox.o(i.isr_mbx_send)
    main                                     0x08001729   Thumb Code    20  main.o(i.main)
    osKernelInitialize                       0x0800173d   Thumb Code    30  rt_cmsis.o(i.osKernelInitialize)
    osKernelStart                            0x08001761   Thumb Code    98  rt_cmsis.o(i.osKernelStart)
    osMessageGet                             0x080017cd   Thumb Code    18  rt_cmsis.o(i.osMessageGet)
    osThreadCreate                           0x080017e5   Thumb Code    36  rt_cmsis.o(i.osThreadCreate)
    osThreadExit                             0x08001811   Thumb Code    14  rt_cmsis.o(i.osThreadExit)
    osTimerCall                              0x08001829   Thumb Code     8  rt_cmsis.o(i.osTimerCall)
    osTimerThread                            0x08001835   Thumb Code    38  rt_cmsis.o(i.osTimerThread)
    os_error                                 0x08001861   Thumb Code    34  rtx_conf_cm.o(i.os_error)
    os_idle_demon                            0x08001883   Thumb Code     4  rtx_conf_cm.o(i.os_idle_demon)
    os_tick_init                             0x08001889   Thumb Code    32  rt_system.o(i.os_tick_init)
    os_tick_irqack                           0x080018b1   Thumb Code     2  rt_system.o(i.os_tick_irqack)
    rt_alloc_box                             0x080018b3   Thumb Code    26  rt_membox.o(i.rt_alloc_box)
    rt_alloc_mem                             0x080018cd   Thumb Code    62  rt_memory.o(i.rt_alloc_mem)
    rt_block                                 0x0800190d   Thumb Code    48  rt_task.o(i.rt_block)
    rt_chk_robin                             0x08001945   Thumb Code    60  rt_robin.o(i.rt_chk_robin)
    rt_dec_dly                               0x0800198d   Thumb Code   102  rt_list.o(i.rt_dec_dly)
    rt_dispatch                              0x080019fd   Thumb Code    60  rt_task.o(i.rt_dispatch)
    rt_evt_psh                               0x08001a41   Thumb Code    76  rt_event.o(i.rt_evt_psh)
    rt_free_box                              0x08001a91   Thumb Code    44  rt_membox.o(i.rt_free_box)
    rt_free_mem                              0x08001abd   Thumb Code    40  rt_memory.o(i.rt_free_mem)
    rt_get_first                             0x08001ae5   Thumb Code    40  rt_list.o(i.rt_get_first)
    rt_init_mem                              0x08001b5d   Thumb Code    26  rt_memory.o(i.rt_init_mem)
    rt_init_robin                            0x08001b79   Thumb Code    14  rt_robin.o(i.rt_init_robin)
    rt_init_stack                            0x08001b91   Thumb Code   118  hal_cm.o(i.rt_init_stack)
    rt_mbx_check                             0x08001c11   Thumb Code     8  rt_mailbox.o(i.rt_mbx_check)
    rt_mbx_init                              0x08001c19   Thumb Code    26  rt_mailbox.o(i.rt_mbx_init)
    rt_mbx_psh                               0x08001c35   Thumb Code   236  rt_mailbox.o(i.rt_mbx_psh)
    rt_mbx_wait                              0x08001d25   Thumb Code   174  rt_mailbox.o(i.rt_mbx_wait)
    rt_mut_release                           0x08001e1d   Thumb Code   208  rt_mutex.o(i.rt_mut_release)
    rt_mut_wait                              0x08001ef5   Thumb Code   114  rt_mutex.o(i.rt_mut_wait)
    rt_pop_req                               0x08001f6d   Thumb Code   112  rt_system.o(i.rt_pop_req)
    rt_psh_req                               0x08001fe9   Thumb Code    22  rt_system.o(i.rt_psh_req)
    rt_psq_enq                               0x08002009   Thumb Code    88  rt_list.o(i.rt_psq_enq)
    rt_put_dly                               0x08002065   Thumb Code    68  rt_list.o(i.rt_put_dly)
    rt_put_prio                              0x080020ad   Thumb Code    54  rt_list.o(i.rt_put_prio)
    rt_put_rdy_first                         0x080020e5   Thumb Code    14  rt_list.o(i.rt_put_rdy_first)
    rt_resort_prio                           0x080020f9   Thumb Code    46  rt_list.o(i.rt_resort_prio)
    rt_ret_val                               0x0800213d   Thumb Code    12  hal_cm.o(i.rt_ret_val)
    rt_ret_val2                              0x08002149   Thumb Code    16  hal_cm.o(i.rt_ret_val2)
    rt_rmv_dly                               0x08002159   Thumb Code    40  rt_list.o(i.rt_rmv_dly)
    rt_rmv_list                              0x08002181   Thumb Code    44  rt_list.o(i.rt_rmv_list)
    rt_sem_psh                               0x080021b1   Thumb Code    48  rt_semaphore.o(i.rt_sem_psh)
    rt_stk_check                             0x080021e5   Thumb Code    28  rt_system.o(i.rt_stk_check)
    rt_switch_req                            0x08002209   Thumb Code    30  rt_task.o(i.rt_switch_req)
    rt_sys_init                              0x08002231   Thumb Code   138  rt_task.o(i.rt_sys_init)
    rt_sys_start                             0x080022fd   Thumb Code   110  rt_task.o(i.rt_sys_start)
    rt_systick                               0x08002375   Thumb Code    50  rt_system.o(i.rt_systick)
    rt_tsk_create                            0x080023fd   Thumb Code   118  rt_task.o(i.rt_tsk_create)
    rt_tsk_delete                            0x08002485   Thumb Code   352  rt_task.o(i.rt_tsk_delete)
    rt_tsk_prio                              0x08002601   Thumb Code   108  rt_task.o(i.rt_tsk_prio)
    rt_tsk_self                              0x0800267d   Thumb Code    12  rt_task.o(i.rt_tsk_self)
    svcKernelInitialize                      0x0800268d   Thumb Code    80  rt_cmsis.o(i.svcKernelInitialize)
    svcKernelStart                           0x080026fd   Thumb Code    62  rt_cmsis.o(i.svcKernelStart)
    svcMessageCreate                         0x08002745   Thumb Code    36  rt_cmsis.o(i.svcMessageCreate)
    svcMessageGet                            0x08002769   Thumb Code    58  rt_cmsis.o(i.svcMessageGet)
    svcThreadCreate                          0x080027a5   Thumb Code    96  rt_cmsis.o(i.svcThreadCreate)
    svcThreadGetId                           0x08002811   Thumb Code    22  rt_cmsis.o(i.svcThreadGetId)
    svcThreadTerminate                       0x0800282d   Thumb Code    50  rt_cmsis.o(i.svcThreadTerminate)
    svcTimerCall                             0x08002865   Thumb Code    24  rt_cmsis.o(i.svcTimerCall)
    sysTimerTick                             0x0800287d   Thumb Code    84  rt_cmsis.o(i.sysTimerTick)
    _fp_init                                 0x080028d9   Thumb Code    10  fpinit.o(x$fpl$fpinit)
    __fplib_config_fpu_vfp                   0x080028e1   Thumb Code     0  fpinit.o(x$fpl$fpinit)
    __fplib_config_pureend_doubles           0x080028e1   Thumb Code     0  fpinit.o(x$fpl$fpinit)
    os_maxtaskrun                            0x080028e4   Data           2  rtx_conf_cm.o(.constdata)
    os_stackinfo                             0x080028e8   Data           4  rtx_conf_cm.o(.constdata)
    os_rrobin                                0x080028ec   Data           4  rtx_conf_cm.o(.constdata)
    os_tickfreq                              0x080028f0   Data           4  rtx_conf_cm.o(.constdata)
    os_tickus_i                              0x080028f4   Data           2  rtx_conf_cm.o(.constdata)
    os_tickus_f                              0x080028f6   Data           2  rtx_conf_cm.o(.constdata)
    os_trv                                   0x080028f8   Data           4  rtx_conf_cm.o(.constdata)
    os_flags                                 0x080028fc   Data           1  rtx_conf_cm.o(.constdata)
    CMSIS_RTOS_API_Version                   0x08002900   Data           4  rtx_conf_cm.o(.constdata)
    CMSIS_RTOS_RTX_Version                   0x08002904   Data           4  rtx_conf_cm.o(.constdata)
    os_clockrate                             0x08002908   Data           4  rtx_conf_cm.o(.constdata)
    os_timernum                              0x0800290c   Data           4  rtx_conf_cm.o(.constdata)
    mp_tcb_size                              0x08002910   Data           2  rtx_conf_cm.o(.constdata)
    mp_stk_size                              0x08002914   Data           4  rtx_conf_cm.o(.constdata)
    os_stack_sz                              0x08002918   Data           4  rtx_conf_cm.o(.constdata)
    os_fifo_size                             0x0800291c   Data           1  rtx_conf_cm.o(.constdata)
    os_thread_def_osTimerThread              0x08002920   Data          16  rtx_conf_cm.o(.constdata)
    os_messageQ_def_osTimerMessageQ          0x08002930   Data           8  rtx_conf_cm.o(.constdata)
    mp_tmr_size                              0x08002938   Data           2  rtx_conf_cm.o(.constdata)
    os_thread_def_main                       0x0800293c   Data          16  rtx_conf_cm.o(.constdata)
    AHBPrescTable                            0x0800294c   Data          16  system_stm32f4xx.o(.constdata)
    APBPrescTable                            0x0800295c   Data           8  system_stm32f4xx.o(.constdata)
    Region$$Table$$Base                      0x08002964   Number         0  anon$$obj.o(Region$$Table)
    Region$$Table$$Limit                     0x08002984   Number         0  anon$$obj.o(Region$$Table)
    osThreadId_osTimerThread                 0x20000000   Data           4  rtx_conf_cm.o(.data)
    osMessageQId_osTimerMessageQ             0x20000004   Data           4  rtx_conf_cm.o(.data)
    os_tmr                                   0x20000008   Data           4  rtx_conf_cm.o(.data)
    m_tmr                                    0x2000000c   Data           4  rtx_conf_cm.o(.data)
    uwTick                                   0x20000028   Data           4  stm32f4xx_hal.o(.data)
    uwTickPrio                               0x2000002c   Data           4  stm32f4xx_hal.o(.data)
    uwTickFreq                               0x20000030   Data           1  stm32f4xx_hal.o(.data)
    SystemCoreClock                          0x20000034   Data           4  system_stm32f4xx.o(.data)
    os_initialized                           0x20000038   Data           1  rt_cmsis.o(.data)
    os_running                               0x20000039   Data           1  rt_cmsis.o(.data)
    os_timer_head                            0x2000003c   Data           4  rt_cmsis.o(.data)
    os_tsk                                   0x20000040   Data           8  rt_task.o(.data)
    os_tick_irqn                             0x2000004c   Data           4  rt_system.o(.data)
    os_time                                  0x20000050   Data           4  rt_time.o(.data)
    os_robin                                 0x20000054   Data           8  rt_robin.o(.data)
    dbg_msg                                  0x2000005c   Data           1  hal_cm.o(.data)
    mp_tcb                                   0x20000060   Data         376  rtx_conf_cm.o(.bss)
    mp_stk                                   0x200001d8   Data        3616  rtx_conf_cm.o(.bss)
    os_stack_mem                             0x20000ff8   Data         832  rtx_conf_cm.o(.bss)
    os_fifo                                  0x20001338   Data         132  rtx_conf_cm.o(.bss)
    os_active_TCB                            0x200013bc   Data          28  rtx_conf_cm.o(.bss)
    os_messageQ_q_osTimerMessageQ            0x200013d8   Data          32  rtx_conf_cm.o(.bss)
    os_idle_TCB                              0x20001724   Data          52  rt_task.o(.bss)
    os_rdy                                   0x20001758   Data          24  rt_list.o(.bss)
    os_dly                                   0x20001770   Data          24  rt_list.o(.bss)
    __libspace_start                         0x20001788   Data          96  libspace.o(.bss)
    __temporary_stack_top$libspace           0x200017e8   Data           0  libspace.o(.bss)



==============================================================================

Memory Map of the image

  Image Entry point : 0x08000189

  Load Region LR_IROM1 (Base: 0x08000000, Size: 0x000029e4, Max: 0x00100000, ABSOLUTE)

    Execution Region ER_IROM1 (Base: 0x08000000, Size: 0x00002984, Max: 0x00100000, ABSOLUTE)

    Base Addr    Size         Type   Attr      Idx    E Section Name        Object

    0x08000000   0x00000188   Data   RO         1222    RESET               startup_stm32f407xx.o
    0x08000188   0x00000008   Code   RO         2493  * !!!main             c_w.l(__main.o)
    0x08000190   0x00000034   Code   RO         2656    !!!scatter          c_w.l(__scatter.o)
    0x080001c4   0x0000001a   Code   RO         2658    !!handler_copy      c_w.l(__scatter_copy.o)
    0x080001de   0x00000002   PAD
    0x080001e0   0x0000001c   Code   RO         2660    !!handler_zi        c_w.l(__scatter_zi.o)
    0x080001fc   0x00000002   Code   RO         2542    .ARM.Collect$$libinit$$00000000  c_w.l(libinit.o)
    0x080001fe   0x00000004   Code   RO         2553    .ARM.Collect$$libinit$$00000001  c_w.l(libinit2.o)
    0x08000202   0x00000000   Code   RO         2556    .ARM.Collect$$libinit$$00000004  c_w.l(libinit2.o)
    0x08000202   0x00000000   Code   RO         2559    .ARM.Collect$$libinit$$0000000A  c_w.l(libinit2.o)
    0x08000202   0x00000000   Code   RO         2561    .ARM.Collect$$libinit$$0000000C  c_w.l(libinit2.o)
    0x08000202   0x00000000   Code   RO         2563    .ARM.Collect$$libinit$$0000000E  c_w.l(libinit2.o)
    0x08000202   0x00000000   Code   RO         2566    .ARM.Collect$$libinit$$00000011  c_w.l(libinit2.o)
    0x08000202   0x00000000   Code   RO         2568    .ARM.Collect$$libinit$$00000013  c_w.l(libinit2.o)
    0x08000202   0x00000000   Code   RO         2570    .ARM.Collect$$libinit$$00000015  c_w.l(libinit2.o)
    0x08000202   0x00000000   Code   RO         2572    .ARM.Collect$$libinit$$00000017  c_w.l(libinit2.o)
    0x08000202   0x00000000   Code   RO         2574    .ARM.Collect$$libinit$$00000019  c_w.l(libinit2.o)
    0x08000202   0x00000000   Code   RO         2576    .ARM.Collect$$libinit$$0000001B  c_w.l(libinit2.o)
    0x08000202   0x00000000   Code   RO         2578    .ARM.Collect$$libinit$$0000001D  c_w.l(libinit2.o)
    0x08000202   0x00000000   Code   RO         2580    .ARM.Collect$$libinit$$0000001F  c_w.l(libinit2.o)
    0x08000202   0x00000000   Code   RO         2582    .ARM.Collect$$libinit$$00000021  c_w.l(libinit2.o)
    0x08000202   0x00000000   Code   RO         2584    .ARM.Collect$$libinit$$00000023  c_w.l(libinit2.o)
    0x08000202   0x00000000   Code   RO         2586    .ARM.Collect$$libinit$$00000025  c_w.l(libinit2.o)
    0x08000202   0x00000000   Code   RO         2590    .ARM.Collect$$libinit$$0000002C  c_w.l(libinit2.o)
    0x08000202   0x00000000   Code   RO         2592    .ARM.Collect$$libinit$$0000002E  c_w.l(libinit2.o)
    0x08000202   0x00000000   Code   RO         2594    .ARM.Collect$$libinit$$00000030  c_w.l(libinit2.o)
    0x08000202   0x00000000   Code   RO         2596    .ARM.Collect$$libinit$$00000032  c_w.l(libinit2.o)
    0x08000202   0x00000002   Code   RO         2597    .ARM.Collect$$libinit$$00000033  c_w.l(libinit2.o)
    0x08000204   0x00000002   Code   RO         2543    .ARM.Collect$$libshutdown$$00000000  c_w.l(libshutdown.o)
    0x08000206   0x00000000   Code   RO         2599    .ARM.Collect$$libshutdown$$00000002  c_w.l(libshutdown2.o)
    0x08000206   0x00000000   Code   RO         2601    .ARM.Collect$$libshutdown$$00000004  c_w.l(libshutdown2.o)
    0x08000206   0x00000000   Code   RO         2604    .ARM.Collect$$libshutdown$$00000007  c_w.l(libshutdown2.o)
    0x08000206   0x00000000   Code   RO         2607    .ARM.Collect$$libshutdown$$0000000A  c_w.l(libshutdown2.o)
    0x08000206   0x00000000   Code   RO         2609    .ARM.Collect$$libshutdown$$0000000C  c_w.l(libshutdown2.o)
    0x08000206   0x00000000   Code   RO         2612    .ARM.Collect$$libshutdown$$0000000F  c_w.l(libshutdown2.o)
    0x08000206   0x00000002   Code   RO         2613    .ARM.Collect$$libshutdown$$00000010  c_w.l(libshutdown2.o)
    0x08000208   0x00000000   Code   RO         2495    .ARM.Collect$$rtentry$$00000000  c_w.l(__rtentry.o)
    0x08000208   0x00000000   Code   RO         2505    .ARM.Collect$$rtentry$$00000002  c_w.l(__rtentry2.o)
    0x08000208   0x00000006   Code   RO         2517    .ARM.Collect$$rtentry$$00000004  c_w.l(__rtentry4.o)
    0x0800020e   0x00000000   Code   RO         2507    .ARM.Collect$$rtentry$$00000009  c_w.l(__rtentry2.o)
    0x0800020e   0x00000004   Code   RO         2508    .ARM.Collect$$rtentry$$0000000A  c_w.l(__rtentry2.o)
    0x08000212   0x00000008   Code   RO         2509    .ARM.Collect$$rtentry$$0000000B  c_w.l(__rtentry2.o)
    0x0800021a   0x00000008   Code   RO         2511    .ARM.Collect$$rtentry$$0000000D  c_w.l(__rtentry2.o)
    0x08000222   0x00000002   Code   RO         2496    .ARM.Collect$$rtexit$$00000000  c_w.l(rtexit.o)
    0x08000224   0x00000000   Code   RO         2520    .ARM.Collect$$rtexit$$00000002  c_w.l(rtexit2.o)
    0x08000224   0x00000004   Code   RO         2521    .ARM.Collect$$rtexit$$00000003  c_w.l(rtexit2.o)
    0x08000228   0x00000006   Code   RO         2522    .ARM.Collect$$rtexit$$00000004  c_w.l(rtexit2.o)
    0x0800022e   0x00000002   PAD
    0x08000230   0x0000001c   Code   RO          212    .emb_text           rtx_conf_cm.o
    0x0800024c   0x00000198   Code   RO         2467    .emb_text           RTX_CM4.lib(hal_cm4.o)
    0x080003e4   0x00000040   Code   RO         1223    .text               startup_stm32f407xx.o
    0x08000424   0x00000008   Code   RO         2482    .text               c_w.l(libspace.o)
    0x0800042c   0x000000ee   Code   RO         2485    .text               c_w.l(lludivv7m.o)
    0x0800051a   0x00000012   Code   RO         2487    .text               c_w.l(exit.o)
    0x0800052c   0x00000006   Code   RO         2491    .text               c_w.l(heapauxi.o)
    0x08000532   0x00000002   PAD
    0x08000534   0x0000000c   Code   RO         2528    .text               c_w.l(sys_exit.o)
    0x08000540   0x0000004a   Code   RO         2530    .text               c_w.l(sys_stackheap_outer.o)
    0x0800058a   0x00000002   Code   RO         2544    .text               c_w.l(use_no_semi.o)
    0x0800058c   0x00000000   Code   RO         2546    .text               c_w.l(indicate_semi.o)
    0x0800058c   0x00000004   Code   RO         2477    SVC_TABLE           RTX_CM4.lib(svc_table.o)
    0x08000590   0x000000ec   Code   RO          282    i.CAN2_RX0_IRQHandler  can_stm32f4xx.o
    0x0800067c   0x000000ec   Code   RO          283    i.CAN2_RX1_IRQHandler  can_stm32f4xx.o
    0x08000768   0x00000094   Code   RO          284    i.CAN2_SCE_IRQHandler  can_stm32f4xx.o
    0x080007fc   0x00000138   Code   RO          287    i.CAN2_TX_IRQHandler  can_stm32f4xx.o
    0x08000934   0x00000004   Code   RO            5    i.Error_Handler     main.o
    0x08000938   0x00000200   Code   RO          830    i.HAL_GPIO_Init     stm32f4xx_hal_gpio.o
    0x08000b38   0x0000000c   Code   RO          516    i.HAL_GetREVID      stm32f4xx_hal.o
    0x08000b44   0x0000000c   Code   RO          517    i.HAL_GetTick       stm32f4xx_hal.o
    0x08000b50   0x00000030   Code   RO          524    i.HAL_Init          stm32f4xx_hal.o
    0x08000b80   0x0000004c   Code   RO          525    i.HAL_InitTick      stm32f4xx_hal.o
    0x08000bcc   0x00000002   Code   RO          527    i.HAL_MspInit       stm32f4xx_hal.o
    0x08000bce   0x0000007c   Code   RO          698    i.HAL_NVIC_SetPriority  stm32f4xx_hal_cortex.o
    0x08000c4a   0x00000002   PAD
    0x08000c4c   0x00000028   Code   RO          699    i.HAL_NVIC_SetPriorityGrouping  stm32f4xx_hal_cortex.o
    0x08000c74   0x00000180   Code   RO         1068    i.HAL_RCC_ClockConfig  stm32f4xx_hal_rcc.o
    0x08000df4   0x000000b0   Code   RO         1077    i.HAL_RCC_GetSysClockFreq  stm32f4xx_hal_rcc.o
    0x08000ea4   0x00000448   Code   RO         1080    i.HAL_RCC_OscConfig  stm32f4xx_hal_rcc.o
    0x080012ec   0x00000034   Code   RO          703    i.HAL_SYSTICK_Config  stm32f4xx_hal_cortex.o
    0x08001320   0x0000004c   Code   RO          160    i.LED_Initialize    led_f4discovery.o
    0x0800136c   0x000000c0   Code   RO            7    i.SystemClock_Config  main.o
    0x0800142c   0x000000c0   Code   RO         1230    i.SystemCoreClockUpdate  system_stm32f4xx.o
    0x080014ec   0x00000064   Code   RO         1231    i.SystemInit        system_stm32f4xx.o
    0x08001550   0x00000010   Code   RO          705    i.__NVIC_GetPriorityGrouping  stm32f4xx_hal_cortex.o
    0x08001560   0x00000028   Code   RO          706    i.__NVIC_SetPriority  stm32f4xx_hal_cortex.o
    0x08001588   0x00000046   Code   RO         2361    i._init_box         RTX_CM4.lib(rt_membox.o)
    0x080015ce   0x00000002   PAD
    0x080015d0   0x00000020   Code   RO          214    i._mutex_acquire    rtx_conf_cm.o
    0x080015f0   0x0000001c   Code   RO          216    i._mutex_release    rtx_conf_cm.o
    0x0800160c   0x00000030   Code   RO         2414    i.dbg_init          RTX_CM4.lib(hal_cm.o)
    0x0800163c   0x00000020   Code   RO         2415    i.dbg_task_notify   RTX_CM4.lib(hal_cm.o)
    0x0800165c   0x00000010   Code   RO         2416    i.dbg_task_switch   RTX_CM4.lib(hal_cm.o)
    0x0800166c   0x0000002a   Code   RO         1267    i.isrMessageGet     RTX_CM4.lib(rt_cmsis.o)
    0x08001696   0x0000002c   Code   RO         1268    i.isrMessagePut     RTX_CM4.lib(rt_cmsis.o)
    0x080016c2   0x00000002   PAD
    0x080016c4   0x00000056   Code   RO         2216    i.isr_mbx_receive   RTX_CM4.lib(rt_mailbox.o)
    0x0800171a   0x0000000e   Code   RO         2217    i.isr_mbx_send      RTX_CM4.lib(rt_mailbox.o)
    0x08001728   0x00000014   Code   RO            8    i.main              main.o
    0x0800173c   0x00000024   Code   RO         1272    i.osKernelInitialize  RTX_CM4.lib(rt_cmsis.o)
    0x08001760   0x0000006c   Code   RO         1274    i.osKernelStart     RTX_CM4.lib(rt_cmsis.o)
    0x080017cc   0x00000018   Code   RO         1283    i.osMessageGet      RTX_CM4.lib(rt_cmsis.o)
    0x080017e4   0x0000002c   Code   RO         1300    i.osThreadCreate    RTX_CM4.lib(rt_cmsis.o)
    0x08001810   0x00000018   Code   RO         1301    i.osThreadExit      RTX_CM4.lib(rt_cmsis.o)
    0x08001828   0x0000000c   Code   RO         1307    i.osTimerCall       RTX_CM4.lib(rt_cmsis.o)
    0x08001834   0x0000002c   Code   RO         1312    i.osTimerThread     RTX_CM4.lib(rt_cmsis.o)
    0x08001860   0x00000022   Code   RO          217    i.os_error          rtx_conf_cm.o
    0x08001882   0x00000004   Code   RO          218    i.os_idle_demon     rtx_conf_cm.o
    0x08001886   0x00000002   PAD
    0x08001888   0x00000028   Code   RO         2008    i.os_tick_init      RTX_CM4.lib(rt_system.o)
    0x080018b0   0x00000002   Code   RO         2009    i.os_tick_irqack    RTX_CM4.lib(rt_system.o)
    0x080018b2   0x0000001a   Code   RO         2362    i.rt_alloc_box      RTX_CM4.lib(rt_membox.o)
    0x080018cc   0x0000003e   Code   RO         2390    i.rt_alloc_mem      RTX_CM4.lib(rt_memory.o)
    0x0800190a   0x00000002   PAD
    0x0800190c   0x00000038   Code   RO         1889    i.rt_block          RTX_CM4.lib(rt_task.o)
    0x08001944   0x00000048   Code   RO         2339    i.rt_chk_robin      RTX_CM4.lib(rt_robin.o)
    0x0800198c   0x00000070   Code   RO         2140    i.rt_dec_dly        RTX_CM4.lib(rt_list.o)
    0x080019fc   0x00000044   Code   RO         1890    i.rt_dispatch       RTX_CM4.lib(rt_task.o)
    0x08001a40   0x00000050   Code   RO         2101    i.rt_evt_psh        RTX_CM4.lib(rt_event.o)
    0x08001a90   0x0000002c   Code   RO         2363    i.rt_free_box       RTX_CM4.lib(rt_membox.o)
    0x08001abc   0x00000028   Code   RO         2391    i.rt_free_mem       RTX_CM4.lib(rt_memory.o)
    0x08001ae4   0x00000028   Code   RO         2141    i.rt_get_first      RTX_CM4.lib(rt_list.o)
    0x08001b0c   0x00000008   Code   RO         1317    i.rt_id2obj         RTX_CM4.lib(rt_cmsis.o)
    0x08001b14   0x00000048   Code   RO         1891    i.rt_init_context   RTX_CM4.lib(rt_task.o)
    0x08001b5c   0x0000001a   Code   RO         2392    i.rt_init_mem       RTX_CM4.lib(rt_memory.o)
    0x08001b76   0x00000002   PAD
    0x08001b78   0x00000018   Code   RO         2340    i.rt_init_robin     RTX_CM4.lib(rt_robin.o)
    0x08001b90   0x00000080   Code   RO         2417    i.rt_init_stack     RTX_CM4.lib(hal_cm.o)
    0x08001c10   0x00000008   Code   RO         2218    i.rt_mbx_check      RTX_CM4.lib(rt_mailbox.o)
    0x08001c18   0x0000001a   Code   RO         2219    i.rt_mbx_init       RTX_CM4.lib(rt_mailbox.o)
    0x08001c32   0x00000002   PAD
    0x08001c34   0x000000f0   Code   RO         2220    i.rt_mbx_psh        RTX_CM4.lib(rt_mailbox.o)
    0x08001d24   0x000000b4   Code   RO         2222    i.rt_mbx_wait       RTX_CM4.lib(rt_mailbox.o)
    0x08001dd8   0x00000044   Code   RO         1318    i.rt_ms2tick        RTX_CM4.lib(rt_cmsis.o)
    0x08001e1c   0x000000d8   Code   RO         1975    i.rt_mut_release    RTX_CM4.lib(rt_mutex.o)
    0x08001ef4   0x00000078   Code   RO         1976    i.rt_mut_wait       RTX_CM4.lib(rt_mutex.o)
    0x08001f6c   0x0000007c   Code   RO         2012    i.rt_pop_req        RTX_CM4.lib(rt_system.o)
    0x08001fe8   0x00000020   Code   RO         2013    i.rt_psh_req        RTX_CM4.lib(rt_system.o)
    0x08002008   0x0000005c   Code   RO         2143    i.rt_psq_enq        RTX_CM4.lib(rt_list.o)
    0x08002064   0x00000048   Code   RO         2144    i.rt_put_dly        RTX_CM4.lib(rt_list.o)
    0x080020ac   0x00000036   Code   RO         2145    i.rt_put_prio       RTX_CM4.lib(rt_list.o)
    0x080020e2   0x00000002   PAD
    0x080020e4   0x00000014   Code   RO         2146    i.rt_put_rdy_first  RTX_CM4.lib(rt_list.o)
    0x080020f8   0x00000034   Code   RO         2147    i.rt_resort_prio    RTX_CM4.lib(rt_list.o)
    0x0800212c   0x00000010   Code   RO         2418    i.rt_ret_regs       RTX_CM4.lib(hal_cm.o)
    0x0800213c   0x0000000c   Code   RO         2419    i.rt_ret_val        RTX_CM4.lib(hal_cm.o)
    0x08002148   0x00000010   Code   RO         2420    i.rt_ret_val2       RTX_CM4.lib(hal_cm.o)
    0x08002158   0x00000028   Code   RO         2148    i.rt_rmv_dly        RTX_CM4.lib(rt_list.o)
    0x08002180   0x00000030   Code   RO         2149    i.rt_rmv_list       RTX_CM4.lib(rt_list.o)
    0x080021b0   0x00000034   Code   RO         2267    i.rt_sem_psh        RTX_CM4.lib(rt_semaphore.o)
    0x080021e4   0x00000024   Code   RO         2015    i.rt_stk_check      RTX_CM4.lib(rt_system.o)
    0x08002208   0x00000028   Code   RO         1892    i.rt_switch_req     RTX_CM4.lib(rt_task.o)
    0x08002230   0x000000cc   Code   RO         1893    i.rt_sys_init       RTX_CM4.lib(rt_task.o)
    0x080022fc   0x00000078   Code   RO         1894    i.rt_sys_start      RTX_CM4.lib(rt_task.o)
    0x08002374   0x00000040   Code   RO         2017    i.rt_systick        RTX_CM4.lib(rt_system.o)
    0x080023b4   0x00000012   Code   RO         1319    i.rt_tid2ptcb       RTX_CM4.lib(rt_cmsis.o)
    0x080023c6   0x00000002   PAD
    0x080023c8   0x00000034   Code   RO         1320    i.rt_timer_insert   RTX_CM4.lib(rt_cmsis.o)
    0x080023fc   0x00000088   Code   RO         1895    i.rt_tsk_create     RTX_CM4.lib(rt_task.o)
    0x08002484   0x0000017c   Code   RO         1896    i.rt_tsk_delete     RTX_CM4.lib(rt_task.o)
    0x08002600   0x0000007c   Code   RO         1898    i.rt_tsk_prio       RTX_CM4.lib(rt_task.o)
    0x0800267c   0x00000010   Code   RO         1899    i.rt_tsk_self       RTX_CM4.lib(rt_task.o)
    0x0800268c   0x00000070   Code   RO         1323    i.svcKernelInitialize  RTX_CM4.lib(rt_cmsis.o)
    0x080026fc   0x00000048   Code   RO         1325    i.svcKernelStart    RTX_CM4.lib(rt_cmsis.o)
    0x08002744   0x00000024   Code   RO         1328    i.svcMessageCreate  RTX_CM4.lib(rt_cmsis.o)
    0x08002768   0x0000003a   Code   RO         1329    i.svcMessageGet     RTX_CM4.lib(rt_cmsis.o)
    0x080027a2   0x00000002   PAD
    0x080027a4   0x0000006c   Code   RO         1343    i.svcThreadCreate   RTX_CM4.lib(rt_cmsis.o)
    0x08002810   0x0000001c   Code   RO         1344    i.svcThreadGetId    RTX_CM4.lib(rt_cmsis.o)
    0x0800282c   0x00000038   Code   RO         1347    i.svcThreadTerminate  RTX_CM4.lib(rt_cmsis.o)
    0x08002864   0x00000018   Code   RO         1349    i.svcTimerCall      RTX_CM4.lib(rt_cmsis.o)
    0x0800287c   0x0000005c   Code   RO         1358    i.sysTimerTick      RTX_CM4.lib(rt_cmsis.o)
    0x080028d8   0x0000000a   Code   RO         2620    x$fpl$fpinit        fz_wm.l(fpinit.o)
    0x080028e2   0x00000002   PAD
    0x080028e4   0x00000068   Data   RO          220    .constdata          rtx_conf_cm.o
    0x0800294c   0x00000018   Data   RO         1232    .constdata          system_stm32f4xx.o
    0x08002964   0x00000020   Data   RO         2654    Region$$Table       anon$$obj.o


    Execution Region RW_IRAM1 (Base: 0x20000000, Size: 0x00001de8, Max: 0x00020000, ABSOLUTE)

    Base Addr    Size         Type   Attr      Idx    E Section Name        Object

    0x20000000   0x00000014   Data   RW          221    .data               rtx_conf_cm.o
    0x20000014   0x00000014   Data   RW          312    .data               can_stm32f4xx.o
    0x20000028   0x00000009   Data   RW          531    .data               stm32f4xx_hal.o
    0x20000031   0x00000003   PAD
    0x20000034   0x00000004   Data   RW         1233    .data               system_stm32f4xx.o
    0x20000038   0x00000008   Data   RW         1361    .data               RTX_CM4.lib(rt_cmsis.o)
    0x20000040   0x00000008   Data   RW         1901    .data               RTX_CM4.lib(rt_task.o)
    0x20000048   0x00000008   Data   RW         2020    .data               RTX_CM4.lib(rt_system.o)
    0x20000050   0x00000004   Data   RW         2310    .data               RTX_CM4.lib(rt_time.o)
    0x20000054   0x00000008   Data   RW         2341    .data               RTX_CM4.lib(rt_robin.o)
    0x2000005c   0x00000001   Data   RW         2421    .data               RTX_CM4.lib(hal_cm.o)
    0x2000005d   0x00000003   PAD
    0x20000060   0x000016b8   Zero   RW          219    .bss                rtx_conf_cm.o
    0x20001718   0x0000000a   Zero   RW          310    .bss                can_stm32f4xx.o
    0x20001722   0x00000002   PAD
    0x20001724   0x00000034   Zero   RW         1900    .bss                RTX_CM4.lib(rt_task.o)
    0x20001758   0x00000030   Zero   RW         2150    .bss                RTX_CM4.lib(rt_list.o)
    0x20001788   0x00000060   Zero   RW         2483    .bss                c_w.l(libspace.o)
    0x200017e8   0x00000200   Zero   RW         1221    HEAP                startup_stm32f407xx.o
    0x200019e8   0x00000400   Zero   RW         1220    STACK               startup_stm32f407xx.o


==============================================================================

Image component sizes


      Code (inc. data)   RO Data    RW Data    ZI Data      Debug   Object Name

       932         62          0         20         10       4753   can_stm32f4xx.o
        76          8          0          0          0       1397   led_f4discovery.o
       216         12          0          0          0     645593   main.o
       126         26        104         20       5816       9339   rtx_conf_cm.o
        64         26        392          0       1536        868   startup_stm32f407xx.o
       150         26          0          9          0       4720   stm32f4xx_hal.o
       272         22          0          0          0      33926   stm32f4xx_hal_cortex.o
       512         46          0          0          0       1772   stm32f4xx_hal_gpio.o
      1656         58          0          0          0       4008   stm32f4xx_hal_rcc.o
       292         40         24          4          0       2067   system_stm32f4xx.o

    ----------------------------------------------------------------------
      4300        326        552         56       7364     708443   Object Totals
         0          0         32          0          0          0   (incl. Generated)
         4          0          0          3          2          0   (incl. Padding)

    ----------------------------------------------------------------------

      Code (inc. data)   RO Data    RW Data    ZI Data      Debug   Library Member Name

       268         24          0          1          0       4472   hal_cm.o
       408         34          0          0          0        816   hal_cm4.o
      1110        138          0          8          0      34689   rt_cmsis.o
        80          4          0          0          0        701   rt_event.o
       530         34          0          0         48       8601   rt_list.o
       554         10          0          0          0       4189   rt_mailbox.o
       140          0          0          0          0       2045   rt_membox.o
       128          0          0          0          0       2419   rt_memory.o
       336         14          0          0          0       1727   rt_mutex.o
        96         22          0          8          0       1230   rt_robin.o
        52          4          0          0          0        613   rt_semaphore.o
       298         52          0          8          0       6439   rt_system.o
      1216        174          0          8         52      10045   rt_task.o
         0          0          0          4          0        210   rt_time.o
         4          4          0          0          0        200   svc_table.o
         8          0          0          0          0         68   __main.o
         0          0          0          0          0          0   __rtentry.o
        20          0          0          0          0          0   __rtentry2.o
         6          0          0          0          0          0   __rtentry4.o
        52          8          0          0          0          0   __scatter.o
        26          0          0          0          0          0   __scatter_copy.o
        28          0          0          0          0          0   __scatter_zi.o
        18          0          0          0          0         80   exit.o
         6          0          0          0          0        152   heapauxi.o
         0          0          0          0          0          0   indicate_semi.o
         2          0          0          0          0          0   libinit.o
         6          0          0          0          0          0   libinit2.o
         2          0          0          0          0          0   libshutdown.o
         2          0          0          0          0          0   libshutdown2.o
         8          4          0          0         96         68   libspace.o
       238          0          0          0          0        100   lludivv7m.o
         2          0          0          0          0          0   rtexit.o
        10          0          0          0          0          0   rtexit2.o
        12          4          0          0          0         68   sys_exit.o
        74          0          0          0          0         80   sys_stackheap_outer.o
         2          0          0          0          0         68   use_no_semi.o
        10          0          0          0          0        116   fpinit.o

    ----------------------------------------------------------------------
      5776        530          0         40        196      79196   Library Totals
        24          0          0          3          0          0   (incl. Padding)

    ----------------------------------------------------------------------

      Code (inc. data)   RO Data    RW Data    ZI Data      Debug   Library Name

      5220        514          0         37        100      78396   RTX_CM4.lib
       522         16          0          0         96        684   c_w.l
        10          0          0          0          0        116   fz_wm.l

    ----------------------------------------------------------------------
      5776        530          0         40        196      79196   Library Totals

    ----------------------------------------------------------------------

==============================================================================


      Code (inc. data)   RO Data    RW Data    ZI Data      Debug   

     10076        856        552         96       7560     778131   Grand Totals
     10076        856        552         96       7560     778131   ELF Image Totals
     10076        856        552         96          0          0   ROM Totals

==============================================================================

    Total RO  Size (Code + RO Data)                10628 (  10.38kB)
    Total RW  Size (RW Data + ZI Data)              7656 (   7.48kB)
    Total ROM Size (Code + RO Data + RW Data)      10724 (  10.47kB)

==============================================================================

