<html>
<body>
<pre>
<h1>µVision Build Log</h1>
<h2>Tool Versions:</h2>
IDE-Version: µVision V5.17.0.0
Copyright (C) 2015 ARM Ltd and ARM Germany GmbH. All rights reserved.
License Information: iut cachan iut cachan Flex license: MDK-ARM Professional: 25 user(s) (mdk_pro) Support: Nov 2015
 
Tool Versions:
Toolchain:       MDK-ARM Professional: 25 user(s)  Version: 5.17
Toolchain Path:  C:\Keil_v5\ARM\ARMCC\Bin
C Compiler:      Armcc.exe V5.06 update 1 (build 61)
Assembler:       Armasm.exe V5.06 update 1 (build 61)
Linker/Locator:  ArmLink.exe V5.06 update 1 (build 61)
Library Manager: ArmAr.exe V5.06 update 1 (build 61)
Hex Converter:   FromElf.exe V5.06 update 1 (build 61)
CPU DLL:         SARMCM3.DLL V5.17
Dialog DLL:      DCM.DLL V1.13.4.0
Target DLL:      STLink\ST-LINKIII-KEIL_SWO.dll V2.0.18.0
Dialog DLL:      TCM.DLL V1.14.6.0
 
<h2>Project:</h2>
U:\Projet_S4\led\test1.uvprojx
Project File Date:  03/05/2024

<h2>Output:</h2>
*** Using Compiler 'V5.06 update 1 (build 61)', folder: 'C:\Keil_v5\ARM\ARMCC\Bin'
Build target 'Target 1'
compiling Buttons_F4Discovery.c...
compiling LED_F4Discovery.c...
compiling led.c...
led.c(155): warning:  #177-D: variable "i" was declared but never referenced
  	int i = 0;
led.c(270): warning:  #177-D: variable "evt" was declared but never referenced
  	osEvent evt;	
led.c: 2 warnings, 0 errors
compiling RTX_Conf_CM.c...
compiling stm32f4xx_hal.c...
compiling SPI_STM32F4xx.c...
compiling stm32f4xx_hal_adc.c...
compiling stm32f4xx_hal_adc_ex.c...
compiling stm32f4xx_hal_cortex.c...
compiling stm32f4xx_hal_dma.c...
compiling stm32f4xx_hal_gpio.c...
compiling stm32f4xx_hal_dma_ex.c...
compiling stm32f4xx_hal_pwr.c...
compiling stm32f4xx_hal_pwr_ex.c...
compiling stm32f4xx_hal_rcc.c...
assembling startup_stm32f407xx.s...
compiling system_stm32f4xx.c...
compiling stm32f4xx_hal_rcc_ex.c...
compiling stm32f4xx_hal_spi.c...
linking...
Program Size: Code=13876 RO-data=728 RW-data=80 ZI-data=4792  
".\Objects\test1.axf" - 0 Error(s), 2 Warning(s).

<h2>Software Packages used:</h2>

Package Vendor: ARM
                http://www.keil.com/pack/ARM.CMSIS.5.6.0.pack
                ::CMSIS Driver:SPI:2.2.0 (API)
                CMSIS (Cortex Microcontroller Software Interface Standard)
   * Component: SPI Version: 2.2.0
   * Component: RTOS Version: 1.0.0
   * Component: CORE Version: 5.3.0
   * Component: Keil RTX Version: 4.82.0

Package Vendor: Keil
                http://www.keil.com/pack/Keil.MDK-Middleware.7.0.0.pack
                ::Board Support:LED:1.00 (API)
                Keil MDK-ARM Professional Middleware for ARM Cortex-M based devices
   * Component: LED Version: 1.00
   * Component: Buttons Version: 1.00

Package Vendor: Keil
                http://www.keil.com/pack/Keil.STM32F4xx_DFP.2.14.0.pack
                Keil::Device:STM32Cube HAL:GPIO:1.7.6
                STMicroelectronics STM32F4 Series Device Support, Drivers and Examples
   * Component: GPIO Version: 1.7.6
   * Component: STM32Cube Framework Version: 1.0.0
   * Component: Common Version: 1.7.6
   * Component: Cortex Version: 1.7.6
   * Component: Startup Version: 2.6.3
   * Component: ADC Version: 1.7.6
   * Component: Classic Version: 1.7.6
   * Component: DMA Version: 1.7.6
   * Component: PWR Version: 1.7.6
   * Component: SPI Version: 1.7.6
   * Component: RCC Version: 1.7.6
   * Component: SPI Version: 2.12
   * Component: LED Version: 2.0.0
   * Component: Buttons Version: 2.0.0

<h2>Collection of Component include folders:</h2>
  U:\Projet_S4\led\RTE
  U:\Projet_S4\led\RTE\Device\STM32F407VGTx
  C:\Keil_v5\ARM\PACK\ARM\CMSIS\5.6.0\CMSIS\Core\Include
  C:\Keil_v5\ARM\PACK\ARM\CMSIS\5.6.0\CMSIS\Driver\Include
  C:\Keil_v5\ARM\PACK\ARM\CMSIS\5.6.0\CMSIS\RTOS\RTX\INC
  C:\Keil_v5\ARM\PACK\Keil\MDK-Middleware\7.0.0\Board
  C:\Keil_v5\ARM\PACK\Keil\STM32F4xx_DFP\2.14.0\Drivers\CMSIS\Device\ST\STM32F4xx\Include
  C:\Keil_v5\ARM\PACK\Keil\STM32F4xx_DFP\2.14.0\Drivers\STM32F4xx_HAL_Driver\Inc

<h2>Collection of Component Files used:</h2>

   * Component: ::CMSIS Driver:SPI:2.2.0 (API)
      Include file:  CMSIS\Driver\Include\Driver_SPI.h

   * Component: ::CMSIS:RTOS:1.0.0 (API)

   * Component: ARM::CMSIS:CORE:5.3.0

   * Component: ARM::CMSIS:RTOS:Keil RTX:4.82.0
      Source file:   CMSIS\RTOS\RTX\UserCodeTemplates\MailQueue.c
      Source file:   CMSIS\RTOS\RTX\UserCodeTemplates\MemPool.c
      Include file:  CMSIS\RTOS\RTX\INC\cmsis_os.h
      Source file:   CMSIS\RTOS\RTX\UserCodeTemplates\MsgQueue.c
      Source file:   CMSIS\RTOS\RTX\UserCodeTemplates\Mutex.c
      Source file:   CMSIS\RTOS\RTX\UserCodeTemplates\Thread.c
      Source file:   CMSIS\RTOS\RTX\UserCodeTemplates\Semaphore.c
      Source file:   CMSIS\RTOS\RTX\SRC\ARM\SVC_Table.s
      Source file:   CMSIS\RTOS\RTX\UserCodeTemplates\Timer.c
      Source file:   CMSIS\RTOS\RTX\Templates\RTX_Conf_CM.c
      Include file:  CMSIS\RTOS\RTX\UserCodeTemplates\osObjects.h
      Source file:   CMSIS\RTOS\RTX\UserCodeTemplates\main.c
      Library file:  CMSIS\RTOS\RTX\LIB\ARM\RTX_CM4.lib

   * Component: ::Board Support:LED:1.00 (API)
      Include file:  Board\Board_LED.h

   * Component: ::Board Support:Buttons:1.00 (API)
      Include file:  Board\Board_Buttons.h

   * Component: Keil::Device:STM32Cube HAL:GPIO:1.7.6
      Source file:   Drivers\STM32F4xx_HAL_Driver\Src\stm32f4xx_hal_gpio.c

   * Component: ::Device:STM32Cube Framework:1.0.0 (API)

   * Component: Keil::Device:STM32Cube HAL:Common:1.7.6
      Include file:  Drivers\STM32F4xx_HAL_Driver\Inc\stm32f4xx_hal.h
      Source file:   Drivers\STM32F4xx_HAL_Driver\Src\stm32f4xx_hal.c

   * Component: Keil::Device:STM32Cube HAL:Cortex:1.7.6
      Source file:   Drivers\STM32F4xx_HAL_Driver\Src\stm32f4xx_hal_cortex.c

   * Component: Keil::Device:Startup:2.6.3
      Include file:  Drivers\CMSIS\Device\ST\STM32F4xx\Include\stm32f4xx.h
      Source file:   MDK\Device\Source\ARM\STM32F4xx_OTP.s
      Source file:   MDK\Device\Source\ARM\STM32F40xxx_41xxx_OPT.s
      Source file:   Drivers\CMSIS\Device\ST\STM32F4xx\Source\Templates\arm\startup_stm32f407xx.s
      Source file:   Drivers\CMSIS\Device\ST\STM32F4xx\Source\Templates\system_stm32f4xx.c

   * Component: Keil::Device:STM32Cube HAL:ADC:1.7.6
      Source file:   Drivers\STM32F4xx_HAL_Driver\Src\stm32f4xx_hal_adc.c
      Source file:   Drivers\STM32F4xx_HAL_Driver\Src\stm32f4xx_hal_adc_ex.c

   * Component: Keil::Device:STM32Cube Framework:Classic:1.7.6
      Source file:   MDK\Templates\Src\stm32f4xx_it.c
      Source file:   MDK\Templates_LL\Src\main.c
      Include file:  MDK\Templates\Inc\stm32f4xx_hal_conf.h
      Source file:   MDK\Templates\Src\stm32f4xx_hal_msp.c
      Include file:  CMSIS\Driver\Config\RTE_Device.h
      Include file:  MDK\Templates\Inc\main.h
      Include file:  MDK\Templates_LL\Inc\main.h
      Source file:   MDK\Templates\Src\main.c
      Include file:  MDK\Templates\Inc\stm32f4xx_it.h

   * Component: Keil::Device:STM32Cube HAL:DMA:1.7.6
      Source file:   Drivers\STM32F4xx_HAL_Driver\Src\stm32f4xx_hal_dma.c
      Source file:   Drivers\STM32F4xx_HAL_Driver\Src\stm32f4xx_hal_dma_ex.c

   * Component: Keil::Device:STM32Cube HAL:PWR:1.7.6
      Source file:   Drivers\STM32F4xx_HAL_Driver\Src\stm32f4xx_hal_pwr_ex.c
      Source file:   Drivers\STM32F4xx_HAL_Driver\Src\stm32f4xx_hal_pwr.c

   * Component: Keil::Device:STM32Cube HAL:SPI:1.7.6
      Source file:   Drivers\STM32F4xx_HAL_Driver\Src\stm32f4xx_hal_spi.c

   * Component: Keil::Device:STM32Cube HAL:RCC:1.7.6
      Source file:   Drivers\STM32F4xx_HAL_Driver\Src\stm32f4xx_hal_rcc_ex.c
      Source file:   Drivers\STM32F4xx_HAL_Driver\Src\stm32f4xx_hal_rcc.c

   * Component: Keil::CMSIS Driver:SPI:2.12
      Source file:   CMSIS\Driver\SPI_STM32F4xx.c

   * Component: Keil.STM32F4-Discovery::Board Support:LED:2.0.0
      Source file:   MDK\Boards\ST\STM32F4-Discovery\Common\LED_F4Discovery.c

   * Component: Keil.STM32F4-Discovery::Board Support:Buttons:2.0.0
      Source file:   MDK\Boards\ST\STM32F4-Discovery\Common\Buttons_F4Discovery.c
Build Time Elapsed:  00:00:33
</pre>
</body>
</html>
