Component: ARM Compiler 5.06 update 1 (build 61) Tool: armlink [4d35a8]

==============================================================================

Section Cross References

    main.o(i.init_TIMER0) refers to main.o(i.__NVIC_SetPriority) for __NVIC_SetPriority
    main.o(i.init_TIMER0) refers to main.o(i.__NVIC_EnableIRQ) for __NVIC_EnableIRQ
    main.o(i.init_TIMER1) refers to main.o(i.__NVIC_SetPriority) for __NVIC_SetPriority
    main.o(i.init_TIMER1) refers to main.o(i.__NVIC_EnableIRQ) for __NVIC_EnableIRQ
    main.o(i.init_USART1) refers to uart_lpc17xx.o(.constdata) for Driver_USART1
    main.o(i.main) refers to rt_cmsis.o(i.osKernelInitialize) for osKernelInitialize
    main.o(i.main) refers to main.o(i.init_TIMER0) for init_TIMER0
    main.o(i.main) refers to main.o(i.init_TIMER1) for init_TIMER1
    main.o(i.main) refers to main.o(i.init_PWM) for init_PWM
    main.o(i.main) refers to main.o(i.init_USART1) for init_USART1
    main.o(i.main) refers to glcd_mcb1700.o(i.GLCD_Initialize) for GLCD_Initialize
    main.o(i.main) refers to glcd_mcb1700.o(i.GLCD_ClearScreen) for GLCD_ClearScreen
    main.o(i.main) refers to glcd_mcb1700.o(i.GLCD_SetFont) for GLCD_SetFont
    main.o(i.main) refers to rt_cmsis.o(i.osThreadCreate) for osThreadCreate
    main.o(i.main) refers to rt_cmsis.o(i.osMutexCreate) for osMutexCreate
    main.o(i.main) refers to rt_cmsis.o(i.osMailCreate) for osMailCreate
    main.o(i.main) refers to rt_cmsis.o(i.osKernelStart) for osKernelStart
    main.o(i.main) refers to rt_cmsis.o(i.osDelay) for osDelay
    main.o(i.main) refers to glcd_fonts.o(.constdata) for GLCD_Font_16x24
    main.o(i.main) refers to main.o(.constdata) for .constdata
    main.o(i.main) refers to main.o(.data) for .data
    main.o(i.pilotage) refers to rt_cmsis.o(i.osMailGet) for osMailGet
    main.o(i.pilotage) refers to rt_cmsis.o(i.osMailFree) for osMailFree
    main.o(i.pilotage) refers to main.o(.data) for .data
    main.o(i.recepUSART1) refers to _printf_pad.o(.text) for _printf_pre_padding
    main.o(i.recepUSART1) refers to _printf_percent.o(.ARM.Collect$$_printf_percent$$00000000) for _printf_percent
    main.o(i.recepUSART1) refers to _printf_d.o(.ARM.Collect$$_printf_percent$$00000009) for _printf_d
    main.o(i.recepUSART1) refers to _printf_dec.o(.text) for _printf_int_dec
    main.o(i.recepUSART1) refers to dflt_clz.o(x$fpl$dfltu) for __aeabi_ui2d
    main.o(i.recepUSART1) refers to ddiv.o(x$fpl$ddiv) for __aeabi_ddiv
    main.o(i.recepUSART1) refers to dmul.o(x$fpl$dmul) for __aeabi_dmul
    main.o(i.recepUSART1) refers to daddsub_clz.o(x$fpl$dadd) for __aeabi_dadd
    main.o(i.recepUSART1) refers to dfixu.o(x$fpl$dfixu) for __aeabi_d2uiz
    main.o(i.recepUSART1) refers to noretval__2sprintf.o(.text) for __2sprintf
    main.o(i.recepUSART1) refers to glcd_mcb1700.o(i.GLCD_DrawString) for GLCD_DrawString
    main.o(i.recepUSART1) refers to rt_cmsis.o(i.osMailAlloc) for osMailAlloc
    main.o(i.recepUSART1) refers to rt_cmsis.o(i.osMailPut) for osMailPut
    main.o(i.recepUSART1) refers to uart_lpc17xx.o(.constdata) for Driver_USART1
    main.o(i.recepUSART1) refers to main.o(.data) for .data
    main.o(.constdata) refers to main.o(.bss) for os_mutex_cb_mut_GLCD
    main.o(.constdata) refers to main.o(i.recepUSART1) for recepUSART1
    main.o(.constdata) refers to main.o(i.pilotage) for pilotage
    main.o(.constdata) refers to main.o(.data) for os_mailQ_p_BAL
    main.o(.data) refers to main.o(.bss) for os_mailQ_q_BAL
    main.o(.data) refers to main.o(.bss) for os_mailQ_m_BAL
    gpio.o(i.Ecriture_GPIO2) refers to gpio.o(i.Allumer_1LED) for Allumer_1LED
    gpio.o(i.Ecriture_GPIO2) refers to gpio.o(i.Eteindre_1LED) for Eteindre_1LED
    glcd_fonts.o(.constdata) refers to glcd_fonts.o(.constdata) for Font_6x8_h
    glcd_fonts.o(.constdata) refers to glcd_fonts.o(.constdata) for Font_16x24_h
    glcd_mcb1700.o(i.GLCD_ClearScreen) refers to glcd_mcb1700.o(i.GLCD_WindowMax) for GLCD_WindowMax
    glcd_mcb1700.o(i.GLCD_ClearScreen) refers to glcd_mcb1700.o(i.wr_cmd) for wr_cmd
    glcd_mcb1700.o(i.GLCD_ClearScreen) refers to glcd_mcb1700.o(i.wr_dat_start) for wr_dat_start
    glcd_mcb1700.o(i.GLCD_ClearScreen) refers to glcd_mcb1700.o(i.wr_dat_only) for wr_dat_only
    glcd_mcb1700.o(i.GLCD_ClearScreen) refers to glcd_mcb1700.o(i.wr_dat_stop) for wr_dat_stop
    glcd_mcb1700.o(i.GLCD_ClearScreen) refers to glcd_mcb1700.o(.data) for .data
    glcd_mcb1700.o(i.GLCD_DrawBargraph) refers to glcd_mcb1700.o(i.GLCD_SetWindow) for GLCD_SetWindow
    glcd_mcb1700.o(i.GLCD_DrawBargraph) refers to glcd_mcb1700.o(i.wr_cmd) for wr_cmd
    glcd_mcb1700.o(i.GLCD_DrawBargraph) refers to glcd_mcb1700.o(i.wr_dat_start) for wr_dat_start
    glcd_mcb1700.o(i.GLCD_DrawBargraph) refers to glcd_mcb1700.o(i.wr_dat_only) for wr_dat_only
    glcd_mcb1700.o(i.GLCD_DrawBargraph) refers to glcd_mcb1700.o(i.wr_dat_stop) for wr_dat_stop
[...]
    i.rt_sys_start                           0x00004424   Section        0  rt_task.o(i.rt_sys_start)
    i.rt_systick                             0x0000449c   Section        0  rt_system.o(i.rt_systick)
    i.rt_tid2ptcb                            0x000044dc   Section        0  rt_cmsis.o(i.rt_tid2ptcb)
    rt_tid2ptcb                              0x000044dd   Thumb Code    18  rt_cmsis.o(i.rt_tid2ptcb)
    i.rt_timer_insert                        0x000044f0   Section        0  rt_cmsis.o(i.rt_timer_insert)
    rt_timer_insert                          0x000044f1   Thumb Code    48  rt_cmsis.o(i.rt_timer_insert)
    i.rt_tsk_create                          0x00004524   Section        0  rt_task.o(i.rt_tsk_create)
    i.rt_tsk_delete                          0x000045ac   Section        0  rt_task.o(i.rt_tsk_delete)
    i.rt_tsk_prio                            0x00004728   Section        0  rt_task.o(i.rt_tsk_prio)
    i.rt_tsk_self                            0x000047a4   Section        0  rt_task.o(i.rt_tsk_self)
    i.spi_tran                               0x000047b4   Section        0  glcd_mcb1700.o(i.spi_tran)
    spi_tran                                 0x000047b5   Thumb Code    30  glcd_mcb1700.o(i.spi_tran)
    i.spi_tran_man                           0x000047d8   Section        0  glcd_mcb1700.o(i.spi_tran_man)
    spi_tran_man                             0x000047d9   Thumb Code   118  glcd_mcb1700.o(i.spi_tran_man)
    i.svcDelay                               0x00004854   Section        0  rt_cmsis.o(i.svcDelay)
    i.svcKernelInitialize                    0x00004868   Section        0  rt_cmsis.o(i.svcKernelInitialize)
    i.svcKernelStart                         0x000048d8   Section        0  rt_cmsis.o(i.svcKernelStart)
    i.svcMailCreate                          0x00004920   Section        0  rt_cmsis.o(i.svcMailCreate)
    i.svcMessageCreate                       0x00004962   Section        0  rt_cmsis.o(i.svcMessageCreate)
    i.svcMessageGet                          0x00004986   Section        0  rt_cmsis.o(i.svcMessageGet)
    i.svcMessagePut                          0x000049c0   Section        0  rt_cmsis.o(i.svcMessagePut)
    i.svcMutexCreate                         0x000049f6   Section        0  rt_cmsis.o(i.svcMutexCreate)
    i.svcThreadCreate                        0x00004a14   Section        0  rt_cmsis.o(i.svcThreadCreate)
    i.svcThreadGetId                         0x00004a80   Section        0  rt_cmsis.o(i.svcThreadGetId)
    i.svcThreadTerminate                     0x00004a9c   Section        0  rt_cmsis.o(i.svcThreadTerminate)
    i.svcTimerCall                           0x00004ad4   Section        0  rt_cmsis.o(i.svcTimerCall)
    i.sysMailAlloc                           0x00004aec   Section        0  rt_cmsis.o(i.sysMailAlloc)
    i.sysMailFree                            0x00004b44   Section        0  rt_cmsis.o(i.sysMailFree)
    i.sysTimerTick                           0x00004ba4   Section        0  rt_cmsis.o(i.sysTimerTick)
    i.wr_cmd                                 0x00004c00   Section        0  glcd_mcb1700.o(i.wr_cmd)
    wr_cmd                                   0x00004c01   Thumb Code    56  glcd_mcb1700.o(i.wr_cmd)
    i.wr_dat_only                            0x00004c3c   Section        0  glcd_mcb1700.o(i.wr_dat_only)
    wr_dat_only                              0x00004c3d   Thumb Code    32  glcd_mcb1700.o(i.wr_dat_only)
    i.wr_dat_start                           0x00004c60   Section        0  glcd_mcb1700.o(i.wr_dat_start)
    wr_dat_start                             0x00004c61   Thumb Code    22  glcd_mcb1700.o(i.wr_dat_start)
    i.wr_dat_stop                            0x00004c7c   Section        0  glcd_mcb1700.o(i.wr_dat_stop)
    wr_dat_stop                              0x00004c7d   Thumb Code    10  glcd_mcb1700.o(i.wr_dat_stop)
    i.wr_reg                                 0x00004c8c   Section        0  glcd_mcb1700.o(i.wr_reg)
    wr_reg                                   0x00004c8d   Thumb Code   104  glcd_mcb1700.o(i.wr_reg)
    x$fpl$dadd                               0x00004cf8   Section      336  daddsub_clz.o(x$fpl$dadd)
    _dadd1                                   0x00004d09   Thumb Code     0  daddsub_clz.o(x$fpl$dadd)
    x$fpl$ddiv                               0x00004e48   Section      688  ddiv.o(x$fpl$ddiv)
    ddiv_entry                               0x00004e4f   Thumb Code     0  ddiv.o(x$fpl$ddiv)
    x$fpl$dfixu                              0x000050f8   Section       90  dfixu.o(x$fpl$dfixu)
    x$fpl$dfltu                              0x00005152   Section       38  dflt_clz.o(x$fpl$dfltu)
    x$fpl$dmul                               0x00005178   Section      340  dmul.o(x$fpl$dmul)
    x$fpl$dnaninf                            0x000052cc   Section      156  dnaninf.o(x$fpl$dnaninf)
    x$fpl$dretinf                            0x00005368   Section       12  dretinf.o(x$fpl$dretinf)
    x$fpl$dsub                               0x00005374   Section      468  daddsub_clz.o(x$fpl$dsub)
    _dsub1                                   0x00005385   Thumb Code     0  daddsub_clz.o(x$fpl$dsub)
    .constdata                               0x00005548   Section       48  main.o(.constdata)
    x$fpl$usenofp                            0x00005548   Section        0  usenofp.o(x$fpl$usenofp)
    .constdata                               0x00005578   Section     5376  glcd_fonts.o(.constdata)
    Font_16x24_h                             0x00005578   Data        5376  glcd_fonts.o(.constdata)
    .constdata                               0x00006a78   Section       16  glcd_fonts.o(.constdata)
    .constdata                               0x00006a88   Section        2  rtx_conf_cm.o(.constdata)
    .constdata                               0x00006a8c   Section        4  rtx_conf_cm.o(.constdata)
    .constdata                               0x00006a90   Section        4  rtx_conf_cm.o(.constdata)
    .constdata                               0x00006a94   Section        4  rtx_conf_cm.o(.constdata)
    .constdata                               0x00006a98   Section        1  rtx_conf_cm.o(.constdata)
    .constdata                               0x00006a9c   Section       16  rtx_conf_cm.o(.constdata)
    __tagsym$$used                           0x00006a9c   Number         0  rtx_conf_cm.o(.constdata)
    __tagsym$$used                           0x00006aa0   Number         0  rtx_conf_cm.o(.constdata)
    __tagsym$$used                           0x00006aa4   Number         0  rtx_conf_cm.o(.constdata)
    __tagsym$$used                           0x00006aa8   Number         0  rtx_conf_cm.o(.constdata)
    .constdata                               0x00006aac   Section        2  rtx_conf_cm.o(.constdata)
    .constdata                               0x00006ab0   Section        4  rtx_conf_cm.o(.constdata)
    .constdata                               0x00006ab4   Section        4  rtx_conf_cm.o(.constdata)
    .constdata                               0x00006ab8   Section        1  rtx_conf_cm.o(.constdata)
    .constdata                               0x00006abc   Section       16  rtx_conf_cm.o(.constdata)
    .constdata                               0x00006acc   Section        8  rtx_conf_cm.o(.constdata)
    .constdata                               0x00006ad4   Section        2  rtx_conf_cm.o(.constdata)
    .constdata                               0x00006ad8   Section       16  rtx_conf_cm.o(.constdata)
    .constdata                               0x00006ae8   Section       80  ssp_lpc17xx.o(.constdata)
    DriverVersion                            0x00006ae8   Data           4  ssp_lpc17xx.o(.constdata)
    DriverCapabilities                       0x00006aec   Data           4  ssp_lpc17xx.o(.constdata)
    SSP1_Resources                           0x00006af0   Data          72  ssp_lpc17xx.o(.constdata)
    .constdata                               0x00006b38   Section       44  ssp_lpc17xx.o(.constdata)
    .constdata                               0x00006b64   Section      392  uart_lpc17xx.o(.constdata)
    usart_driver_version                     0x00006b64   Data           4  uart_lpc17xx.o(.constdata)
    fract_div_lookup_table                   0x00006b68   Data         288  uart_lpc17xx.o(.constdata)
    USART1_Resources                         0x00006c88   Data         100  uart_lpc17xx.o(.constdata)
    .constdata                               0x00006cec   Section        8  uart_lpc17xx.o(.constdata)
    USART1_DMA_Tx                            0x00006cec   Data           8  uart_lpc17xx.o(.constdata)
    .constdata                               0x00006cf4   Section        8  uart_lpc17xx.o(.constdata)
    USART1_DMA_Rx                            0x00006cf4   Data           8  uart_lpc17xx.o(.constdata)
    .constdata                               0x00006cfc   Section       56  uart_lpc17xx.o(.constdata)
    .constdata                               0x00006d34   Section       17  __printf_flags_wp.o(.constdata)
    maptable                                 0x00006d34   Data          17  __printf_flags_wp.o(.constdata)
    .data                                    0x10000000   Section        8  main.o(.data)
    .data                                    0x10000008   Section       16  main.o(.data)
    .data                                    0x10000018   Section       20  glcd_mcb1700.o(.data)
    Himax                                    0x10000018   Data           1  glcd_mcb1700.o(.data)
    foreground_color                         0x1000001a   Data           2  glcd_mcb1700.o(.data)
    background_color                         0x1000001c   Data           2  glcd_mcb1700.o(.data)
    active_font                              0x10000020   Data           4  glcd_mcb1700.o(.data)
    spi1_pins                                0x10000024   Data           8  glcd_mcb1700.o(.data)
    .data                                    0x1000002c   Section        4  rtx_conf_cm.o(.data)
    .data                                    0x10000030   Section        4  rtx_conf_cm.o(.data)
    .data                                    0x10000034   Section        4  rtx_conf_cm.o(.data)
    .data                                    0x10000038   Section        2  ssp_lpc17xx.o(.data)
    SSP1_pin_sck                             0x10000038   Data           2  ssp_lpc17xx.o(.data)
    .data                                    0x1000003a   Section        2  ssp_lpc17xx.o(.data)
    SSP1_pin_miso                            0x1000003a   Data           2  ssp_lpc17xx.o(.data)
    .data                                    0x1000003c   Section        2  ssp_lpc17xx.o(.data)
    SSP1_pin_mosi                            0x1000003c   Data           2  ssp_lpc17xx.o(.data)
    .data                                    0x1000003e   Section        2  ssp_lpc17xx.o(.data)
    SSP1_pin_ssel                            0x1000003e   Data           2  ssp_lpc17xx.o(.data)
    .data                                    0x10000040   Section        8  ssp_lpc17xx.o(.data)
    dummy_data                               0x10000040   Data           4  ssp_lpc17xx.o(.data)
    dummy_data                               0x10000044   Data           4  ssp_lpc17xx.o(.data)
    .data                                    0x10000048   Section        2  uart_lpc17xx.o(.data)
    USART1_pin_tx                            0x10000048   Data           2  uart_lpc17xx.o(.data)
    .data                                    0x1000004a   Section        2  uart_lpc17xx.o(.data)
    USART1_pin_rx                            0x1000004a   Data           2  uart_lpc17xx.o(.data)
    .data                                    0x1000004c   Section        8  gpdma_lpc17xx.o(.data)
    Channel_active                           0x1000004c   Data           4  gpdma_lpc17xx.o(.data)
    Init_cnt                                 0x10000050   Data           4  gpdma_lpc17xx.o(.data)
    .data                                    0x10000054   Section        4  system_lpc17xx.o(.data)
    .data                                    0x10000058   Section        8  rt_cmsis.o(.data)
    .data                                    0x10000060   Section        8  rt_task.o(.data)
    .data                                    0x10000068   Section        8  rt_system.o(.data)
    os_lock                                  0x10000068   Data           1  rt_system.o(.data)
    os_psh_flag                              0x10000069   Data           1  rt_system.o(.data)
    pend_flags                               0x1000006a   Data           1  rt_system.o(.data)
    .data                                    0x10000070   Section        4  rt_time.o(.data)
    .data                                    0x10000074   Section        8  rt_robin.o(.data)
    .data                                    0x1000007c   Section        1  hal_cm.o(.data)
    .bss                                     0x10000080   Section       16  main.o(.bss)
    .bss                                     0x10000090   Section       80  main.o(.bss)
    .bss                                     0x100000e0   Section       76  main.o(.bss)
    .bss                                     0x1000012c   Section       32  rtx_conf_cm.o(.bss)
    .bss                                     0x1000014c   Section      376  rtx_conf_cm.o(.bss)
    .bss                                     0x100002c8   Section     1504  rtx_conf_cm.o(.bss)
    .bss                                     0x100008a8   Section      480  rtx_conf_cm.o(.bss)
    .bss                                     0x10000a88   Section      132  rtx_conf_cm.o(.bss)
    .bss                                     0x10000b0c   Section       28  rtx_conf_cm.o(.bss)
    .bss                                     0x10000b28   Section       12  ssp_lpc17xx.o(.bss)
    SSP1_Info                                0x10000b28   Data          12  ssp_lpc17xx.o(.bss)
    .bss                                     0x10000b34   Section       28  ssp_lpc17xx.o(.bss)
    SSP1_Xfer                                0x10000b34   Data          28  ssp_lpc17xx.o(.bss)
    .bss                                     0x10000b50   Section       52  uart_lpc17xx.o(.bss)
    USART1_Info                              0x10000b50   Data          52  uart_lpc17xx.o(.bss)
    .bss                                     0x10000b84   Section      160  gpdma_lpc17xx.o(.bss)
    Channel_info                             0x10000b84   Data         160  gpdma_lpc17xx.o(.bss)
    .bss                                     0x10000c24   Section       52  rt_task.o(.bss)
    .bss                                     0x10000c58   Section       48  rt_list.o(.bss)
    .bss                                     0x10000c88   Section       96  libspace.o(.bss)
    HEAP                                     0x10000ce8   Section        0  startup_lpc17xx.o(HEAP)
    STACK                                    0x10000ce8   Section      512  startup_lpc17xx.o(STACK)
    Heap_Mem                                 0x10000ce8   Data           0  startup_lpc17xx.o(HEAP)
    Stack_Mem                                0x10000ce8   Data         512  startup_lpc17xx.o(STACK)
    __initial_sp                             0x10000ee8   Data           0  startup_lpc17xx.o(STACK)

    Global Symbols

    Symbol Name                              Value     Ov Type        Size  Object(Section)

    BuildAttributes$$THM_ISAv4$P$D$K$B$S$PE$A:L22UL41UL21$X:L11$S22US41US21$IEEE1$IW$USESV6$~STKCKD$USESV7$~SHL$OSPACE$ROPI$EBA8$UX$STANDARDLIB$REQ8$PRES8$EABIv2 0x00000000   Number         0  anon$$obj.o ABSOLUTE
    __ARM_use_no_argv                        0x00000000   Number         0  main.o ABSOLUTE
    __Vectors                                0x00000000   Data           4  startup_lpc17xx.o(RESET)
    _printf_flags                            0x00000000   Number         0  printf_stubs.o ABSOLUTE
    _printf_return_value                     0x00000000   Number         0  printf_stubs.o ABSOLUTE
    _printf_sizespec                         0x00000000   Number         0  printf_stubs.o ABSOLUTE
    _printf_widthprec                        0x00000000   Number         0  printf_stubs.o ABSOLUTE
    __ARM_exceptions_init                     - Undefined Weak Reference
    __alloca_initialize                       - Undefined Weak Reference
    __arm_preinit_                            - Undefined Weak Reference
    __cpp_initialize__aeabi_                  - Undefined Weak Reference
    __cxa_finalize                            - Undefined Weak Reference
    __rt_locale                               - Undefined Weak Reference
    __sigvec_lookup                           - Undefined Weak Reference
    _atexit_init                              - Undefined Weak Reference
    _call_atexit_fns                          - Undefined Weak Reference
    _clock_init                               - Undefined Weak Reference
    _fp_trap_init                             - Undefined Weak Reference
    _fp_trap_shutdown                         - Undefined Weak Reference
    _get_lc_collate                           - Undefined Weak Reference
    _get_lc_ctype                             - Undefined Weak Reference
    _get_lc_monetary                          - Undefined Weak Reference
    _get_lc_numeric                           - Undefined Weak Reference
    _get_lc_time                              - Undefined Weak Reference
    _getenv_init                              - Undefined Weak Reference
    _handle_redirection                       - Undefined Weak Reference
    _init_alloc                               - Undefined Weak Reference
    _init_user_alloc                          - Undefined Weak Reference
    _initio                                   - Undefined Weak Reference
    _printf_truncate_signed                   - Undefined Weak Reference
    _printf_truncate_unsigned                 - Undefined Weak Reference
    _rand_init                                - Undefined Weak Reference
    _signal_finish                            - Undefined Weak Reference
    _signal_init                              - Undefined Weak Reference
    _terminate_alloc                          - Undefined Weak Reference
    _terminate_user_alloc                     - Undefined Weak Reference
    _terminateio                              - Undefined Weak Reference
    __main                                   0x000000cd   Thumb Code     8  __main.o(!!!main)
    __scatterload                            0x000000d5   Thumb Code     0  __scatter.o(!!!scatter)
    __scatterload_rt2                        0x000000d5   Thumb Code    44  __scatter.o(!!!scatter)
    __scatterload_rt2_thumb_only             0x000000d5   Thumb Code     0  __scatter.o(!!!scatter)
    __scatterload_null                       0x000000e3   Thumb Code     0  __scatter.o(!!!scatter)
    __scatterload_copy                       0x00000109   Thumb Code    26  __scatter_copy.o(!!handler_copy)
    __scatterload_zeroinit                   0x00000125   Thumb Code    28  __scatter_zi.o(!!handler_zi)
    _printf_d                                0x00000141   Thumb Code     0  _printf_d.o(.ARM.Collect$$_printf_percent$$00000009)
    _printf_percent                          0x00000141   Thumb Code     0  _printf_percent.o(.ARM.Collect$$_printf_percent$$00000000)
    _printf_percent_end                      0x00000147   Thumb Code     0  _printf_percent_end.o(.ARM.Collect$$_printf_percent$$00000017)
    __rt_lib_init                            0x0000014b   Thumb Code     0  libinit.o(.ARM.Collect$$libinit$$00000000)
    __rt_lib_init_alloca_1                   0x0000014d   Thumb Code     0  libinit2.o(.ARM.Collect$$libinit$$0000002E)
    __rt_lib_init_argv_1                     0x0000014d   Thumb Code     0  libinit2.o(.ARM.Collect$$libinit$$0000002C)
    __rt_lib_init_atexit_1                   0x0000014d   Thumb Code     0  libinit2.o(.ARM.Collect$$libinit$$0000001B)
    __rt_lib_init_clock_1                    0x0000014d   Thumb Code     0  libinit2.o(.ARM.Collect$$libinit$$00000021)
    __rt_lib_init_cpp_1                      0x0000014d   Thumb Code     0  libinit2.o(.ARM.Collect$$libinit$$00000032)
    __rt_lib_init_exceptions_1               0x0000014d   Thumb Code     0  libinit2.o(.ARM.Collect$$libinit$$00000030)
    __rt_lib_init_fp_1                       0x0000014d   Thumb Code     0  libinit2.o(.ARM.Collect$$libinit$$00000002)
    __rt_lib_init_fp_trap_1                  0x0000014d   Thumb Code     0  libinit2.o(.ARM.Collect$$libinit$$0000001F)
    __rt_lib_init_getenv_1                   0x0000014d   Thumb Code     0  libinit2.o(.ARM.Collect$$libinit$$00000023)
    __rt_lib_init_heap_1                     0x0000014d   Thumb Code     0  libinit2.o(.ARM.Collect$$libinit$$0000000A)
    __rt_lib_init_lc_collate_1               0x0000014d   Thumb Code     0  libinit2.o(.ARM.Collect$$libinit$$00000011)
    __rt_lib_init_lc_ctype_1                 0x0000014d   Thumb Code     0  libinit2.o(.ARM.Collect$$libinit$$00000013)
    __rt_lib_init_lc_monetary_1              0x0000014d   Thumb Code     0  libinit2.o(.ARM.Collect$$libinit$$00000015)
    __rt_lib_init_lc_numeric_1               0x0000014d   Thumb Code     0  libinit2.o(.ARM.Collect$$libinit$$00000017)
    __rt_lib_init_lc_time_1                  0x0000014d   Thumb Code     0  libinit2.o(.ARM.Collect$$libinit$$00000019)
    __rt_lib_init_preinit_1                  0x0000014d   Thumb Code     0  libinit2.o(.ARM.Collect$$libinit$$00000004)
    __rt_lib_init_rand_1                     0x0000014d   Thumb Code     0  libinit2.o(.ARM.Collect$$libinit$$0000000E)
    __rt_lib_init_return                     0x0000014d   Thumb Code     0  libinit2.o(.ARM.Collect$$libinit$$00000033)
    __rt_lib_init_signal_1                   0x0000014d   Thumb Code     0  libinit2.o(.ARM.Collect$$libinit$$0000001D)
    __rt_lib_init_stdio_1                    0x0000014d   Thumb Code     0  libinit2.o(.ARM.Collect$$libinit$$00000025)
    __rt_lib_init_user_alloc_1               0x0000014d   Thumb Code     0  libinit2.o(.ARM.Collect$$libinit$$0000000C)
    __rt_lib_shutdown                        0x0000014f   Thumb Code     0  libshutdown.o(.ARM.Collect$$libshutdown$$00000000)
    __rt_lib_shutdown_cpp_1                  0x00000151   Thumb Code     0  libshutdown2.o(.ARM.Collect$$libshutdown$$00000002)
    __rt_lib_shutdown_fp_trap_1              0x00000151   Thumb Code     0  libshutdown2.o(.ARM.Collect$$libshutdown$$00000007)
    __rt_lib_shutdown_heap_1                 0x00000151   Thumb Code     0  libshutdown2.o(.ARM.Collect$$libshutdown$$0000000F)
    __rt_lib_shutdown_return                 0x00000151   Thumb Code     0  libshutdown2.o(.ARM.Collect$$libshutdown$$00000010)
    __rt_lib_shutdown_signal_1               0x00000151   Thumb Code     0  libshutdown2.o(.ARM.Collect$$libshutdown$$0000000A)
    __rt_lib_shutdown_stdio_1                0x00000151   Thumb Code     0  libshutdown2.o(.ARM.Collect$$libshutdown$$00000004)
    __rt_lib_shutdown_user_alloc_1           0x00000151   Thumb Code     0  libshutdown2.o(.ARM.Collect$$libshutdown$$0000000C)
    __rt_entry                               0x00000153   Thumb Code     0  __rtentry.o(.ARM.Collect$$rtentry$$00000000)
    __rt_entry_presh_1                       0x00000153   Thumb Code     0  __rtentry2.o(.ARM.Collect$$rtentry$$00000002)
    __rt_entry_sh                            0x00000153   Thumb Code     0  __rtentry4.o(.ARM.Collect$$rtentry$$00000004)
    __rt_entry_li                            0x00000159   Thumb Code     0  __rtentry2.o(.ARM.Collect$$rtentry$$0000000A)
    __rt_entry_postsh_1                      0x00000159   Thumb Code     0  __rtentry2.o(.ARM.Collect$$rtentry$$00000009)
    __rt_entry_postli_1                      0x0000015d   Thumb Code     0  __rtentry2.o(.ARM.Collect$$rtentry$$0000000B)
    __rt_entry_main                          0x00000165   Thumb Code     0  __rtentry2.o(.ARM.Collect$$rtentry$$0000000D)
    __rt_exit                                0x0000016d   Thumb Code     0  rtexit.o(.ARM.Collect$$rtexit$$00000000)
    __rt_exit_ls                             0x0000016f   Thumb Code     0  rtexit2.o(.ARM.Collect$$rtexit$$00000003)
    __rt_exit_prels_1                        0x0000016f   Thumb Code     0  rtexit2.o(.ARM.Collect$$rtexit$$00000002)
    __rt_exit_exit                           0x00000173   Thumb Code     0  rtexit2.o(.ARM.Collect$$rtexit$$00000004)
    _platform_post_lib_init                  0x00000179   Thumb Code    24  rtx_conf_cm.o(.emb_text)
    rt_set_PSP                               0x00000195   Thumb Code     6  hal_cm3.o(.emb_text)
    rt_get_PSP                               0x0000019b   Thumb Code     6  hal_cm3.o(.emb_text)
    os_set_env                               0x000001a1   Thumb Code    24  hal_cm3.o(.emb_text)
    _alloc_box                               0x000001bd   Thumb Code    28  hal_cm3.o(.emb_text)
    _free_box                                0x000001dd   Thumb Code    28  hal_cm3.o(.emb_text)
    SVC_Handler                              0x000001fd   Thumb Code   108  hal_cm3.o(.emb_text)
    PendSV_Handler                           0x00000275   Thumb Code    56  hal_cm3.o(.emb_text)
    SysTick_Handler                          0x000002b1   Thumb Code     8  hal_cm3.o(.emb_text)
    OS_Tick_Handler                          0x000002b9   Thumb Code    12  hal_cm3.o(.emb_text)
    __user_libspace                          0x000002c5   Thumb Code     8  libspace.o(.text)
    __user_perproc_libspace                  0x000002c5   Thumb Code     0  libspace.o(.text)
    __2sprintf                               0x000002cd   Thumb Code    34  noretval__2sprintf.o(.text)
    __use_two_region_memory                  0x000002f5   Thumb Code     2  heapauxi.o(.text)
    __rt_heap_escrow$2region                 0x000002f7   Thumb Code     2  heapauxi.o(.text)
    __rt_heap_expand$2region                 0x000002f9   Thumb Code     2  heapauxi.o(.text)
    __I$use$semihosting                      0x000002fb   Thumb Code     0  use_no_semi.o(.text)
    __use_no_semihosting_swi                 0x000002fb   Thumb Code     2  use_no_semi.o(.text)
    Reset_Handler                            0x00000301   Thumb Code     8  startup_lpc17xx.o(.text)
    NMI_Handler                              0x00000309   Thumb Code     2  startup_lpc17xx.o(.text)
    HardFault_Handler                        0x0000030b   Thumb Code     2  startup_lpc17xx.o(.text)
    MemManage_Handler                        0x0000030d   Thumb Code     2  startup_lpc17xx.o(.text)
    BusFault_Handler                         0x0000030f   Thumb Code     2  startup_lpc17xx.o(.text)
    UsageFault_Handler                       0x00000311   Thumb Code     2  startup_lpc17xx.o(.text)
    DebugMon_Handler                         0x00000315   Thumb Code     2  startup_lpc17xx.o(.text)
    ADC_IRQHandler                           0x0000031b   Thumb Code     0  startup_lpc17xx.o(.text)
    BOD_IRQHandler                           0x0000031b   Thumb Code     0  startup_lpc17xx.o(.text)
    CANActivity_IRQHandler                   0x0000031b   Thumb Code     0  startup_lpc17xx.o(.text)
    CAN_IRQHandler                           0x0000031b   Thumb Code     0  startup_lpc17xx.o(.text)
    EINT0_IRQHandler                         0x0000031b   Thumb Code     0  startup_lpc17xx.o(.text)
    EINT1_IRQHandler                         0x0000031b   Thumb Code     0  startup_lpc17xx.o(.text)
    EINT2_IRQHandler                         0x0000031b   Thumb Code     0  startup_lpc17xx.o(.text)
    EINT3_IRQHandler                         0x0000031b   Thumb Code     0  startup_lpc17xx.o(.text)
    ENET_IRQHandler                          0x0000031b   Thumb Code     0  startup_lpc17xx.o(.text)
    I2C0_IRQHandler                          0x0000031b   Thumb Code     0  startup_lpc17xx.o(.text)
    I2C1_IRQHandler                          0x0000031b   Thumb Code     0  startup_lpc17xx.o(.text)
    I2C2_IRQHandler                          0x0000031b   Thumb Code     0  startup_lpc17xx.o(.text)
    I2S_IRQHandler                           0x0000031b   Thumb Code     0  startup_lpc17xx.o(.text)
    MCPWM_IRQHandler                         0x0000031b   Thumb Code     0  startup_lpc17xx.o(.text)
    PLL0_IRQHandler                          0x0000031b   Thumb Code     0  startup_lpc17xx.o(.text)
    PLL1_IRQHandler                          0x0000031b   Thumb Code     0  startup_lpc17xx.o(.text)
    PWM1_IRQHandler                          0x0000031b   Thumb Code     0  startup_lpc17xx.o(.text)
    QEI_IRQHandler                           0x0000031b   Thumb Code     0  startup_lpc17xx.o(.text)
    RIT_IRQHandler                           0x0000031b   Thumb Code     0  startup_lpc17xx.o(.text)
    RTC_IRQHandler                           0x0000031b   Thumb Code     0  startup_lpc17xx.o(.text)
    SPI_IRQHandler                           0x0000031b   Thumb Code     0  startup_lpc17xx.o(.text)
    SSP0_IRQHandler                          0x0000031b   Thumb Code     0  startup_lpc17xx.o(.text)
    TIMER2_IRQHandler                        0x0000031b   Thumb Code     0  startup_lpc17xx.o(.text)
    TIMER3_IRQHandler                        0x0000031b   Thumb Code     0  startup_lpc17xx.o(.text)
    UART0_IRQHandler                         0x0000031b   Thumb Code     0  startup_lpc17xx.o(.text)
    UART2_IRQHandler                         0x0000031b   Thumb Code     0  startup_lpc17xx.o(.text)
    UART3_IRQHandler                         0x0000031b   Thumb Code     0  startup_lpc17xx.o(.text)
    USBActivity_IRQHandler                   0x0000031b   Thumb Code     0  startup_lpc17xx.o(.text)
    USB_IRQHandler                           0x0000031b   Thumb Code     0  startup_lpc17xx.o(.text)
    WDT_IRQHandler                           0x0000031b   Thumb Code     0  startup_lpc17xx.o(.text)
    __user_initial_stackheap                 0x0000031d   Thumb Code     0  startup_lpc17xx.o(.text)
    __aeabi_uldivmod                         0x0000033d   Thumb Code     0  lludivv7m.o(.text)
    _ll_udiv                                 0x0000033d   Thumb Code   238  lludivv7m.o(.text)
    _printf_pre_padding                      0x0000042b   Thumb Code    44  _printf_pad.o(.text)
    _printf_post_padding                     0x00000457   Thumb Code    34  _printf_pad.o(.text)
    _printf_int_dec                          0x00000479   Thumb Code   104  _printf_dec.o(.text)
    __RL_RTX_VER                             0x00000482   Number         0  rt_system.o ABSOLUTE
    __printf                                 0x000004f1   Thumb Code   308  __printf_flags_wp.o(.text)
    exit                                     0x00000629   Thumb Code    18  exit.o(.text)
    __aeabi_memclr4                          0x0000063b   Thumb Code     0  rt_memclr_w.o(.text)
    __aeabi_memclr8                          0x0000063b   Thumb Code     0  rt_memclr_w.o(.text)
    __rt_memclr_w                            0x0000063b   Thumb Code    78  rt_memclr_w.o(.text)
    _memset_w                                0x0000063f   Thumb Code     0  rt_memclr_w.o(.text)
    _printf_int_common                       0x00000689   Thumb Code   178  _printf_intcommon.o(.text)
    _printf_char_common                      0x00000747   Thumb Code    32  _printf_char_common.o(.text)
    _sputc                                   0x0000076d   Thumb Code    10  _sputc.o(.text)
    _sys_exit                                0x00000779   Thumb Code     8  sys_exit.o(.text)
    __user_setup_stackheap                   0x00000785   Thumb Code    74  sys_stackheap_outer.o(.text)
    __semihosting_library_function           0x000007cf   Thumb Code     0  indicate_semi.o(.text)
    SVC_Count                                0x000007d0   Data           4  svc_table.o(SVC_TABLE)
    SVC_Table                                0x000007d4   Data           0  svc_table.o(SVC_TABLE)
    DMA_IRQHandler                           0x000007f1   Thumb Code   220  gpdma_lpc17xx.o(i.DMA_IRQHandler)
    GLCD_ClearScreen                         0x000008d9   Thumb Code    44  glcd_mcb1700.o(i.GLCD_ClearScreen)
    GLCD_DrawChar                            0x00000909   Thumb Code   130  glcd_mcb1700.o(i.GLCD_DrawChar)
    GLCD_DrawString                          0x00000991   Thumb Code    42  glcd_mcb1700.o(i.GLCD_DrawString)
    GLCD_Initialize                          0x000009c1   Thumb Code  1454  glcd_mcb1700.o(i.GLCD_Initialize)
    GLCD_SetFont                             0x00000f71   Thumb Code     8  glcd_mcb1700.o(i.GLCD_SetFont)
    GLCD_SetWindow                           0x00000f7d   Thumb Code   148  glcd_mcb1700.o(i.GLCD_SetWindow)
    GLCD_WindowMax                           0x00001015   Thumb Code    14  glcd_mcb1700.o(i.GLCD_WindowMax)
    GPDMA_ChannelConfigure                   0x00001025   Thumb Code   186  gpdma_lpc17xx.o(i.GPDMA_ChannelConfigure)
    GPDMA_ChannelDisable                     0x000010ed   Thumb Code    40  gpdma_lpc17xx.o(i.GPDMA_ChannelDisable)
    GPDMA_ChannelGetCount                    0x00001119   Thumb Code    38  gpdma_lpc17xx.o(i.GPDMA_ChannelGetCount)
    GPDMA_Initialize                         0x00001149   Thumb Code    98  gpdma_lpc17xx.o(i.GPDMA_Initialize)
    GPDMA_PeripheralSelect                   0x000011bd   Thumb Code    48  gpdma_lpc17xx.o(i.GPDMA_PeripheralSelect)
    GPDMA_Uninitialize                       0x000011f1   Thumb Code    64  gpdma_lpc17xx.o(i.GPDMA_Uninitialize)
    GPIO_PinRead                             0x00001239   Thumb Code    20  gpio_lpc17xx.o(i.GPIO_PinRead)
    GPIO_PinWrite                            0x00001251   Thumb Code    20  gpio_lpc17xx.o(i.GPIO_PinWrite)
    GPIO_PortClock                           0x00001269   Thumb Code    24  gpio_lpc17xx.o(i.GPIO_PortClock)
    GPIO_SetDir                              0x00001285   Thumb Code    26  gpio_lpc17xx.o(i.GPIO_SetDir)
    PIN_Configure                            0x0000131d   Thumb Code   100  pin_lpc17xx.o(i.PIN_Configure)
    SSP1_GPDMA_Rx_SignalEvent                0x00001391   Thumb Code     6  ssp_lpc17xx.o(i.SSP1_GPDMA_Rx_SignalEvent)
    SSP1_GPDMA_Tx_SignalEvent                0x0000139d   Thumb Code     6  ssp_lpc17xx.o(i.SSP1_GPDMA_Tx_SignalEvent)
    SSP1_IRQHandler                          0x0000141d   Thumb Code     6  ssp_lpc17xx.o(i.SSP1_IRQHandler)
    SSPx_GPDMA_Rx_SignalEvent                0x0000186d   Thumb Code    30  ssp_lpc17xx.o(i.SSPx_GPDMA_Rx_SignalEvent)
    SSPx_GPDMA_Tx_SignalEvent                0x0000188b   Thumb Code    12  ssp_lpc17xx.o(i.SSPx_GPDMA_Tx_SignalEvent)
    SystemInit                               0x00001f71   Thumb Code   196  system_lpc17xx.o(i.SystemInit)
    TIMER0_IRQHandler                        0x00002041   Thumb Code    32  main.o(i.TIMER0_IRQHandler)
    TIMER1_IRQHandler                        0x00002069   Thumb Code    28  main.o(i.TIMER1_IRQHandler)
    UART1_IRQHandler                         0x0000208d   Thumb Code     6  uart_lpc17xx.o(i.UART1_IRQHandler)
    USART1_GPDMA_Rx_Event                    0x000020a5   Thumb Code    96  uart_lpc17xx.o(i.USART1_GPDMA_Rx_Event)
    USART1_GPDMA_Tx_Event                    0x00002109   Thumb Code    50  uart_lpc17xx.o(i.USART1_GPDMA_Tx_Event)
    USART_SetBaudrate                        0x00002f71   Thumb Code   204  uart_lpc17xx.o(i.USART_SetBaudrate)
    _init_box                                0x00003201   Thumb Code    70  rt_membox.o(i._init_box)
    _is_digit                                0x00003247   Thumb Code    14  __printf_wp.o(i._is_digit)
    _mutex_acquire                           0x00003255   Thumb Code    22  rtx_conf_cm.o(i._mutex_acquire)
    _mutex_release                           0x00003275   Thumb Code    18  rtx_conf_cm.o(i._mutex_release)
    dbg_init                                 0x00003291   Thumb Code    34  hal_cm.o(i.dbg_init)
    dbg_task_notify                          0x000032c1   Thumb Code    32  hal_cm.o(i.dbg_task_notify)
    dbg_task_switch                          0x000032e1   Thumb Code    16  hal_cm.o(i.dbg_task_switch)
    init_PWM                                 0x00003319   Thumb Code    48  main.o(i.init_PWM)
    init_TIMER0                              0x00003351   Thumb Code    54  main.o(i.init_TIMER0)
    init_TIMER1                              0x00003391   Thumb Code    52  main.o(i.init_TIMER1)
    init_USART1                              0x000033cd   Thumb Code    46  main.o(i.init_USART1)
    isrMessageGet                            0x00003401   Thumb Code    42  rt_cmsis.o(i.isrMessageGet)
    isrMessagePut                            0x0000342b   Thumb Code    44  rt_cmsis.o(i.isrMessagePut)
    isr_mbx_receive                          0x00003459   Thumb Code    86  rt_mailbox.o(i.isr_mbx_receive)
    isr_mbx_send                             0x000034af   Thumb Code    14  rt_mailbox.o(i.isr_mbx_send)
    main                                     0x000034bd   Thumb Code   110  main.o(i.main)
    osDelay                                  0x0000353d   Thumb Code    18  rt_cmsis.o(i.osDelay)
    osKernelInitialize                       0x00003555   Thumb Code    30  rt_cmsis.o(i.osKernelInitialize)
    osKernelStart                            0x00003579   Thumb Code    98  rt_cmsis.o(i.osKernelStart)
    osMailAlloc                              0x000035e5   Thumb Code    22  rt_cmsis.o(i.osMailAlloc)
    osMailCreate                             0x00003601   Thumb Code    36  rt_cmsis.o(i.osMailCreate)
    osMailFree                               0x0000362d   Thumb Code    22  rt_cmsis.o(i.osMailFree)
    osMailGet                                0x00003649   Thumb Code    22  rt_cmsis.o(i.osMailGet)
    osMailPut                                0x0000365f   Thumb Code    20  rt_cmsis.o(i.osMailPut)
    osMessageGet                             0x00003675   Thumb Code    18  rt_cmsis.o(i.osMessageGet)
    osMessagePut                             0x0000368d   Thumb Code    18  rt_cmsis.o(i.osMessagePut)
    osMutexCreate                            0x000036a5   Thumb Code    36  rt_cmsis.o(i.osMutexCreate)
    osThreadCreate                           0x000036d1   Thumb Code    36  rt_cmsis.o(i.osThreadCreate)
    osThreadExit                             0x000036fd   Thumb Code    14  rt_cmsis.o(i.osThreadExit)
    osTimerCall                              0x00003715   Thumb Code     8  rt_cmsis.o(i.osTimerCall)
    osTimerThread                            0x00003721   Thumb Code    38  rt_cmsis.o(i.osTimerThread)
    os_error                                 0x0000374d   Thumb Code     2  rtx_conf_cm.o(i.os_error)
    os_idle_demon                            0x0000374f   Thumb Code     2  rtx_conf_cm.o(i.os_idle_demon)
    os_tick_init                             0x00003751   Thumb Code    32  rt_system.o(i.os_tick_init)
    os_tick_irqack                           0x00003779   Thumb Code     2  rt_system.o(i.os_tick_irqack)
    pilotage                                 0x0000377d   Thumb Code    40  main.o(i.pilotage)
    recepUSART1                              0x00003861   Thumb Code   188  main.o(i.recepUSART1)
    rt_alloc_box                             0x00003949   Thumb Code    26  rt_membox.o(i.rt_alloc_box)
    rt_alloc_mem                             0x00003963   Thumb Code    62  rt_memory.o(i.rt_alloc_mem)
    rt_block                                 0x000039a1   Thumb Code    48  rt_task.o(i.rt_block)
    rt_chk_robin                             0x000039d9   Thumb Code    60  rt_robin.o(i.rt_chk_robin)
    rt_dec_dly                               0x00003a21   Thumb Code   102  rt_list.o(i.rt_dec_dly)
    rt_dispatch                              0x00003a91   Thumb Code    60  rt_task.o(i.rt_dispatch)
    rt_dly_wait                              0x00003ad5   Thumb Code     6  rt_time.o(i.rt_dly_wait)
    rt_evt_psh                               0x00003add   Thumb Code    76  rt_event.o(i.rt_evt_psh)
    rt_free_box                              0x00003b2d   Thumb Code    44  rt_membox.o(i.rt_free_box)
    rt_free_mem                              0x00003b59   Thumb Code    40  rt_memory.o(i.rt_free_mem)
    rt_get_first                             0x00003b81   Thumb Code    40  rt_list.o(i.rt_get_first)
    rt_init_mem                              0x00003bf9   Thumb Code    26  rt_memory.o(i.rt_init_mem)
    rt_init_robin                            0x00003c15   Thumb Code    14  rt_robin.o(i.rt_init_robin)
    rt_init_stack                            0x00003c2d   Thumb Code   118  hal_cm.o(i.rt_init_stack)
    rt_mbx_check                             0x00003cad   Thumb Code     8  rt_mailbox.o(i.rt_mbx_check)
    rt_mbx_init                              0x00003cb5   Thumb Code    26  rt_mailbox.o(i.rt_mbx_init)
    rt_mbx_psh                               0x00003cd1   Thumb Code   236  rt_mailbox.o(i.rt_mbx_psh)
    rt_mbx_send                              0x00003dc1   Thumb Code   148  rt_mailbox.o(i.rt_mbx_send)
    rt_mbx_wait                              0x00003e59   Thumb Code   174  rt_mailbox.o(i.rt_mbx_wait)
    rt_mut_init                              0x00003f51   Thumb Code    16  rt_mutex.o(i.rt_mut_init)
    rt_mut_release                           0x00003f61   Thumb Code   208  rt_mutex.o(i.rt_mut_release)
    rt_mut_wait                              0x00004039   Thumb Code   114  rt_mutex.o(i.rt_mut_wait)
    rt_pop_req                               0x000040b1   Thumb Code   112  rt_system.o(i.rt_pop_req)
    rt_psh_req                               0x0000412d   Thumb Code    22  rt_system.o(i.rt_psh_req)
    rt_psq_enq                               0x0000414d   Thumb Code    88  rt_list.o(i.rt_psq_enq)
    rt_put_dly                               0x000041a9   Thumb Code    68  rt_list.o(i.rt_put_dly)
    rt_put_prio                              0x000041f1   Thumb Code    54  rt_list.o(i.rt_put_prio)
    rt_put_rdy_first                         0x00004229   Thumb Code    14  rt_list.o(i.rt_put_rdy_first)
    rt_resort_prio                           0x0000423d   Thumb Code    46  rt_list.o(i.rt_resort_prio)
    rt_ret_val                               0x00004271   Thumb Code     6  hal_cm.o(i.rt_ret_val)
    rt_ret_val2                              0x00004277   Thumb Code     8  hal_cm.o(i.rt_ret_val2)
    rt_rmv_dly                               0x0000427f   Thumb Code    40  rt_list.o(i.rt_rmv_dly)
    rt_rmv_list                              0x000042a9   Thumb Code    44  rt_list.o(i.rt_rmv_list)
    rt_sem_psh                               0x000042d9   Thumb Code    48  rt_semaphore.o(i.rt_sem_psh)
    rt_stk_check                             0x0000430d   Thumb Code    28  rt_system.o(i.rt_stk_check)
    rt_switch_req                            0x00004331   Thumb Code    30  rt_task.o(i.rt_switch_req)
    rt_sys_init                              0x00004359   Thumb Code   138  rt_task.o(i.rt_sys_init)
    rt_sys_start                             0x00004425   Thumb Code   110  rt_task.o(i.rt_sys_start)
    rt_systick                               0x0000449d   Thumb Code    50  rt_system.o(i.rt_systick)
    rt_tsk_create                            0x00004525   Thumb Code   118  rt_task.o(i.rt_tsk_create)
    rt_tsk_delete                            0x000045ad   Thumb Code   352  rt_task.o(i.rt_tsk_delete)
    rt_tsk_prio                              0x00004729   Thumb Code   108  rt_task.o(i.rt_tsk_prio)
    rt_tsk_self                              0x000047a5   Thumb Code    12  rt_task.o(i.rt_tsk_self)
    svcDelay                                 0x00004855   Thumb Code    18  rt_cmsis.o(i.svcDelay)
    svcKernelInitialize                      0x00004869   Thumb Code    80  rt_cmsis.o(i.svcKernelInitialize)
    svcKernelStart                           0x000048d9   Thumb Code    62  rt_cmsis.o(i.svcKernelStart)
    svcMailCreate                            0x00004921   Thumb Code    66  rt_cmsis.o(i.svcMailCreate)
    svcMessageCreate                         0x00004963   Thumb Code    36  rt_cmsis.o(i.svcMessageCreate)
    svcMessageGet                            0x00004987   Thumb Code    58  rt_cmsis.o(i.svcMessageGet)
    svcMessagePut                            0x000049c1   Thumb Code    54  rt_cmsis.o(i.svcMessagePut)
    svcMutexCreate                           0x000049f7   Thumb Code    28  rt_cmsis.o(i.svcMutexCreate)
    svcThreadCreate                          0x00004a15   Thumb Code    96  rt_cmsis.o(i.svcThreadCreate)
    svcThreadGetId                           0x00004a81   Thumb Code    22  rt_cmsis.o(i.svcThreadGetId)
    svcThreadTerminate                       0x00004a9d   Thumb Code    50  rt_cmsis.o(i.svcThreadTerminate)
    svcTimerCall                             0x00004ad5   Thumb Code    24  rt_cmsis.o(i.svcTimerCall)
    sysMailAlloc                             0x00004aed   Thumb Code    84  rt_cmsis.o(i.sysMailAlloc)
    sysMailFree                              0x00004b45   Thumb Code    96  rt_cmsis.o(i.sysMailFree)
    sysTimerTick                             0x00004ba5   Thumb Code    84  rt_cmsis.o(i.sysTimerTick)
    __aeabi_dadd                             0x00004cf9   Thumb Code     0  daddsub_clz.o(x$fpl$dadd)
    _dadd                                    0x00004cf9   Thumb Code   332  daddsub_clz.o(x$fpl$dadd)
    __aeabi_ddiv                             0x00004e49   Thumb Code     0  ddiv.o(x$fpl$ddiv)
    _ddiv                                    0x00004e49   Thumb Code   552  ddiv.o(x$fpl$ddiv)
    __aeabi_d2uiz                            0x000050f9   Thumb Code     0  dfixu.o(x$fpl$dfixu)
    _dfixu                                   0x000050f9   Thumb Code    90  dfixu.o(x$fpl$dfixu)
    __aeabi_ui2d                             0x00005153   Thumb Code     0  dflt_clz.o(x$fpl$dfltu)
    _dfltu                                   0x00005153   Thumb Code    38  dflt_clz.o(x$fpl$dfltu)
    __aeabi_dmul                             0x00005179   Thumb Code     0  dmul.o(x$fpl$dmul)
    _dmul                                    0x00005179   Thumb Code   332  dmul.o(x$fpl$dmul)
    __fpl_dnaninf                            0x000052cd   Thumb Code   156  dnaninf.o(x$fpl$dnaninf)
    __fpl_dretinf                            0x00005369   Thumb Code    12  dretinf.o(x$fpl$dretinf)
    __aeabi_dsub                             0x00005375   Thumb Code     0  daddsub_clz.o(x$fpl$dsub)
    _dsub                                    0x00005375   Thumb Code   464  daddsub_clz.o(x$fpl$dsub)
    __I$use$fp                               0x00005548   Number         0  usenofp.o(x$fpl$usenofp)
    os_mutex_def_mut_GLCD                    0x00005548   Data           4  main.o(.constdata)
    os_thread_def_recepUSART1                0x0000554c   Data          16  main.o(.constdata)
    os_thread_def_pilotage                   0x0000555c   Data          16  main.o(.constdata)
    os_mailQ_def_BAL                         0x0000556c   Data          12  main.o(.constdata)
    GLCD_Font_16x24                          0x00006a78   Data          16  glcd_fonts.o(.constdata)
    os_maxtaskrun                            0x00006a88   Data           2  rtx_conf_cm.o(.constdata)
    os_stackinfo                             0x00006a8c   Data           4  rtx_conf_cm.o(.constdata)
    os_rrobin                                0x00006a90   Data           4  rtx_conf_cm.o(.constdata)
    os_trv                                   0x00006a94   Data           4  rtx_conf_cm.o(.constdata)
    os_flags                                 0x00006a98   Data           1  rtx_conf_cm.o(.constdata)
    CMSIS_RTOS_API_Version                   0x00006a9c   Data           4  rtx_conf_cm.o(.constdata)
    CMSIS_RTOS_RTX_Version                   0x00006aa0   Data           4  rtx_conf_cm.o(.constdata)
    os_clockrate                             0x00006aa4   Data           4  rtx_conf_cm.o(.constdata)
    os_timernum                              0x00006aa8   Data           4  rtx_conf_cm.o(.constdata)
    mp_tcb_size                              0x00006aac   Data           2  rtx_conf_cm.o(.constdata)
    mp_stk_size                              0x00006ab0   Data           4  rtx_conf_cm.o(.constdata)
    os_stack_sz                              0x00006ab4   Data           4  rtx_conf_cm.o(.constdata)
    os_fifo_size                             0x00006ab8   Data           1  rtx_conf_cm.o(.constdata)
    os_thread_def_osTimerThread              0x00006abc   Data          16  rtx_conf_cm.o(.constdata)
    os_messageQ_def_osTimerMessageQ          0x00006acc   Data           8  rtx_conf_cm.o(.constdata)
    mp_tmr_size                              0x00006ad4   Data           2  rtx_conf_cm.o(.constdata)
    os_thread_def_main                       0x00006ad8   Data          16  rtx_conf_cm.o(.constdata)
    Driver_SPI1                              0x00006b38   Data          44  ssp_lpc17xx.o(.constdata)
    Driver_USART1                            0x00006cfc   Data          56  uart_lpc17xx.o(.constdata)
    Region$$Table$$Base                      0x00006d48   Number         0  anon$$obj.o(Region$$Table)
    Region$$Table$$Limit                     0x00006d68   Number         0  anon$$obj.o(Region$$Table)
    os_mailQ_p_BAL                           0x10000000   Data           8  main.o(.data)
    ID_recepUSART1                           0x10000008   Data           4  main.o(.data)
    ID_pilotage                              0x1000000c   Data           4  main.o(.data)
    ID_mut_GLCD                              0x10000010   Data           4  main.o(.data)
    ID_MailInfo1                             0x10000014   Data           4  main.o(.data)
    m_tmr                                    0x1000002c   Data           4  rtx_conf_cm.o(.data)
    osThreadId_osTimerThread                 0x10000030   Data           4  rtx_conf_cm.o(.data)
    osMessageQId_osTimerMessageQ             0x10000034   Data           4  rtx_conf_cm.o(.data)
    SystemCoreClock                          0x10000054   Data           4  system_lpc17xx.o(.data)
    os_initialized                           0x10000058   Data           1  rt_cmsis.o(.data)
    os_running                               0x10000059   Data           1  rt_cmsis.o(.data)
    os_timer_head                            0x1000005c   Data           4  rt_cmsis.o(.data)
    os_tsk                                   0x10000060   Data           8  rt_task.o(.data)
    os_tick_irqn                             0x1000006c   Data           4  rt_system.o(.data)
    os_time                                  0x10000070   Data           4  rt_time.o(.data)
    os_robin                                 0x10000074   Data           8  rt_robin.o(.data)
    dbg_msg                                  0x1000007c   Data           1  hal_cm.o(.data)
    os_mutex_cb_mut_GLCD                     0x10000080   Data          16  main.o(.bss)
    os_mailQ_q_BAL                           0x10000090   Data          80  main.o(.bss)
    os_mailQ_m_BAL                           0x100000e0   Data          76  main.o(.bss)
    os_messageQ_q_osTimerMessageQ            0x1000012c   Data          32  rtx_conf_cm.o(.bss)
    mp_tcb                                   0x1000014c   Data         376  rtx_conf_cm.o(.bss)
    mp_stk                                   0x100002c8   Data        1504  rtx_conf_cm.o(.bss)
    os_stack_mem                             0x100008a8   Data         480  rtx_conf_cm.o(.bss)
    os_fifo                                  0x10000a88   Data         132  rtx_conf_cm.o(.bss)
    os_active_TCB                            0x10000b0c   Data          28  rtx_conf_cm.o(.bss)
    os_idle_TCB                              0x10000c24   Data          52  rt_task.o(.bss)
    os_rdy                                   0x10000c58   Data          24  rt_list.o(.bss)
    os_dly                                   0x10000c70   Data          24  rt_list.o(.bss)
    __libspace_start                         0x10000c88   Data          96  libspace.o(.bss)
    __temporary_stack_top$libspace           0x10000ce8   Data           0  libspace.o(.bss)



==============================================================================

Memory Map of the image

  Image Entry point : 0x000000cd

  Load Region LR_IROM1 (Base: 0x00000000, Size: 0x00006de8, Max: 0x00080000, ABSOLUTE)

    Execution Region ER_IROM1 (Base: 0x00000000, Size: 0x00006d68, Max: 0x00080000, ABSOLUTE)

    Base Addr    Size         Type   Attr      Idx    E Section Name        Object

    0x00000000   0x000000cc   Data   RO         1177    RESET               startup_lpc17xx.o
    0x000000cc   0x00000008   Code   RO         2477  * !!!main             c_w.l(__main.o)
    0x000000d4   0x00000034   Code   RO         2674    !!!scatter          c_w.l(__scatter.o)
    0x00000108   0x0000001a   Code   RO         2676    !!handler_copy      c_w.l(__scatter_copy.o)
    0x00000122   0x00000002   PAD
    0x00000124   0x0000001c   Code   RO         2678    !!handler_zi        c_w.l(__scatter_zi.o)
    0x00000140   0x00000000   Code   RO         2470    .ARM.Collect$$_printf_percent$$00000000  c_w.l(_printf_percent.o)
    0x00000140   0x00000006   Code   RO         2469    .ARM.Collect$$_printf_percent$$00000009  c_w.l(_printf_d.o)
    0x00000146   0x00000004   Code   RO         2514    .ARM.Collect$$_printf_percent$$00000017  c_w.l(_printf_percent_end.o)
    0x0000014a   0x00000002   Code   RO         2560    .ARM.Collect$$libinit$$00000000  c_w.l(libinit.o)
    0x0000014c   0x00000000   Code   RO         2572    .ARM.Collect$$libinit$$00000002  c_w.l(libinit2.o)
    0x0000014c   0x00000000   Code   RO         2574    .ARM.Collect$$libinit$$00000004  c_w.l(libinit2.o)
    0x0000014c   0x00000000   Code   RO         2577    .ARM.Collect$$libinit$$0000000A  c_w.l(libinit2.o)
    0x0000014c   0x00000000   Code   RO         2579    .ARM.Collect$$libinit$$0000000C  c_w.l(libinit2.o)
    0x0000014c   0x00000000   Code   RO         2581    .ARM.Collect$$libinit$$0000000E  c_w.l(libinit2.o)
    0x0000014c   0x00000000   Code   RO         2584    .ARM.Collect$$libinit$$00000011  c_w.l(libinit2.o)
    0x0000014c   0x00000000   Code   RO         2586    .ARM.Collect$$libinit$$00000013  c_w.l(libinit2.o)
    0x0000014c   0x00000000   Code   RO         2588    .ARM.Collect$$libinit$$00000015  c_w.l(libinit2.o)
    0x0000014c   0x00000000   Code   RO         2590    .ARM.Collect$$libinit$$00000017  c_w.l(libinit2.o)
    0x0000014c   0x00000000   Code   RO         2592    .ARM.Collect$$libinit$$00000019  c_w.l(libinit2.o)
    0x0000014c   0x00000000   Code   RO         2594    .ARM.Collect$$libinit$$0000001B  c_w.l(libinit2.o)
    0x0000014c   0x00000000   Code   RO         2596    .ARM.Collect$$libinit$$0000001D  c_w.l(libinit2.o)
    0x0000014c   0x00000000   Code   RO         2598    .ARM.Collect$$libinit$$0000001F  c_w.l(libinit2.o)
    0x0000014c   0x00000000   Code   RO         2600    .ARM.Collect$$libinit$$00000021  c_w.l(libinit2.o)
    0x0000014c   0x00000000   Code   RO         2602    .ARM.Collect$$libinit$$00000023  c_w.l(libinit2.o)
    0x0000014c   0x00000000   Code   RO         2604    .ARM.Collect$$libinit$$00000025  c_w.l(libinit2.o)
    0x0000014c   0x00000000   Code   RO         2608    .ARM.Collect$$libinit$$0000002C  c_w.l(libinit2.o)
    0x0000014c   0x00000000   Code   RO         2610    .ARM.Collect$$libinit$$0000002E  c_w.l(libinit2.o)
    0x0000014c   0x00000000   Code   RO         2612    .ARM.Collect$$libinit$$00000030  c_w.l(libinit2.o)
    0x0000014c   0x00000000   Code   RO         2614    .ARM.Collect$$libinit$$00000032  c_w.l(libinit2.o)
    0x0000014c   0x00000002   Code   RO         2615    .ARM.Collect$$libinit$$00000033  c_w.l(libinit2.o)
    0x0000014e   0x00000002   Code   RO         2561    .ARM.Collect$$libshutdown$$00000000  c_w.l(libshutdown.o)
    0x00000150   0x00000000   Code   RO         2617    .ARM.Collect$$libshutdown$$00000002  c_w.l(libshutdown2.o)
    0x00000150   0x00000000   Code   RO         2619    .ARM.Collect$$libshutdown$$00000004  c_w.l(libshutdown2.o)
    0x00000150   0x00000000   Code   RO         2622    .ARM.Collect$$libshutdown$$00000007  c_w.l(libshutdown2.o)
    0x00000150   0x00000000   Code   RO         2625    .ARM.Collect$$libshutdown$$0000000A  c_w.l(libshutdown2.o)
    0x00000150   0x00000000   Code   RO         2627    .ARM.Collect$$libshutdown$$0000000C  c_w.l(libshutdown2.o)
    0x00000150   0x00000000   Code   RO         2630    .ARM.Collect$$libshutdown$$0000000F  c_w.l(libshutdown2.o)
    0x00000150   0x00000002   Code   RO         2631    .ARM.Collect$$libshutdown$$00000010  c_w.l(libshutdown2.o)
    0x00000152   0x00000000   Code   RO         2501    .ARM.Collect$$rtentry$$00000000  c_w.l(__rtentry.o)
    0x00000152   0x00000000   Code   RO         2521    .ARM.Collect$$rtentry$$00000002  c_w.l(__rtentry2.o)
    0x00000152   0x00000006   Code   RO         2533    .ARM.Collect$$rtentry$$00000004  c_w.l(__rtentry4.o)
    0x00000158   0x00000000   Code   RO         2523    .ARM.Collect$$rtentry$$00000009  c_w.l(__rtentry2.o)
    0x00000158   0x00000004   Code   RO         2524    .ARM.Collect$$rtentry$$0000000A  c_w.l(__rtentry2.o)
    0x0000015c   0x00000008   Code   RO         2525    .ARM.Collect$$rtentry$$0000000B  c_w.l(__rtentry2.o)
    0x00000164   0x00000008   Code   RO         2527    .ARM.Collect$$rtentry$$0000000D  c_w.l(__rtentry2.o)
    0x0000016c   0x00000002   Code   RO         2502    .ARM.Collect$$rtexit$$00000000  c_w.l(rtexit.o)
    0x0000016e   0x00000000   Code   RO         2536    .ARM.Collect$$rtexit$$00000002  c_w.l(rtexit2.o)
    0x0000016e   0x00000004   Code   RO         2537    .ARM.Collect$$rtexit$$00000003  c_w.l(rtexit2.o)
    0x00000172   0x00000006   Code   RO         2538    .ARM.Collect$$rtexit$$00000004  c_w.l(rtexit2.o)
    0x00000178   0x0000001c   Code   RO          537    .emb_text           rtx_conf_cm.o
    0x00000194   0x00000130   Code   RO         2419    .emb_text           RTX_CM3.lib(hal_cm3.o)
    0x000002c4   0x00000008   Code   RO         2434    .text               c_w.l(libspace.o)
    0x000002cc   0x00000028   Code   RO         2441    .text               c_w.l(noretval__2sprintf.o)
    0x000002f4   0x00000006   Code   RO         2475    .text               c_w.l(heapauxi.o)
    0x000002fa   0x00000002   Code   RO         2562    .text               c_w.l(use_no_semi.o)
    0x000002fc   0x00000004   Code   RO         1178    .ARM.__at_0x02FC    startup_lpc17xx.o
    0x00000300   0x0000003c   Code   RO         1179    .text               startup_lpc17xx.o
    0x0000033c   0x000000ee   Code   RO         2437    .text               c_w.l(lludivv7m.o)
    0x0000042a   0x0000004e   Code   RO         2445    .text               c_w.l(_printf_pad.o)
    0x00000478   0x00000078   Code   RO         2447    .text               c_w.l(_printf_dec.o)
    0x000004f0   0x00000138   Code   RO         2461    .text               c_w.l(__printf_flags_wp.o)
    0x00000628   0x00000012   Code   RO         2471    .text               c_w.l(exit.o)
    0x0000063a   0x0000004e   Code   RO         2473    .text               c_w.l(rt_memclr_w.o)
    0x00000688   0x000000b2   Code   RO         2508    .text               c_w.l(_printf_intcommon.o)
    0x0000073a   0x00000002   PAD
    0x0000073c   0x00000030   Code   RO         2510    .text               c_w.l(_printf_char_common.o)
    0x0000076c   0x0000000a   Code   RO         2512    .text               c_w.l(_sputc.o)
    0x00000776   0x00000002   PAD
    0x00000778   0x0000000c   Code   RO         2546    .text               c_w.l(sys_exit.o)
    0x00000784   0x0000004a   Code   RO         2548    .text               c_w.l(sys_stackheap_outer.o)
    0x000007ce   0x00000000   Code   RO         2564    .text               c_w.l(indicate_semi.o)
    0x000007ce   0x00000002   PAD
    0x000007d0   0x00000004   Code   RO         2429    SVC_TABLE           RTX_CM3.lib(svc_table.o)
    0x000007d4   0x0000001c   Code   RO          998    i.Clear_Channel_active_flag  gpdma_lpc17xx.o
    0x000007f0   0x000000e8   Code   RO          999    i.DMA_IRQHandler    gpdma_lpc17xx.o
    0x000008d8   0x00000030   Code   RO          355    i.GLCD_ClearScreen  glcd_mcb1700.o
    0x00000908   0x00000088   Code   RO          358    i.GLCD_DrawChar     glcd_mcb1700.o
    0x00000990   0x00000030   Code   RO          362    i.GLCD_DrawString   glcd_mcb1700.o
    0x000009c0   0x000005ae   Code   RO          366    i.GLCD_Initialize   glcd_mcb1700.o
    0x00000f6e   0x00000002   PAD
    0x00000f70   0x0000000c   Code   RO          368    i.GLCD_SetFont      glcd_mcb1700.o
    0x00000f7c   0x00000098   Code   RO          370    i.GLCD_SetWindow    glcd_mcb1700.o
    0x00001014   0x0000000e   Code   RO          373    i.GLCD_WindowMax    glcd_mcb1700.o
    0x00001022   0x00000002   PAD
    0x00001024   0x000000c8   Code   RO         1000    i.GPDMA_ChannelConfigure  gpdma_lpc17xx.o
    0x000010ec   0x0000002c   Code   RO         1001    i.GPDMA_ChannelDisable  gpdma_lpc17xx.o
    0x00001118   0x00000030   Code   RO         1003    i.GPDMA_ChannelGetCount  gpdma_lpc17xx.o
    0x00001148   0x00000074   Code   RO         1005    i.GPDMA_Initialize  gpdma_lpc17xx.o
    0x000011bc   0x00000034   Code   RO         1006    i.GPDMA_PeripheralSelect  gpdma_lpc17xx.o
    0x000011f0   0x00000048   Code   RO         1007    i.GPDMA_Uninitialize  gpdma_lpc17xx.o
    0x00001238   0x00000018   Code   RO         1088    i.GPIO_PinRead      gpio_lpc17xx.o
    0x00001250   0x00000018   Code   RO         1089    i.GPIO_PinWrite     gpio_lpc17xx.o
    0x00001268   0x0000001c   Code   RO         1090    i.GPIO_PortClock    gpio_lpc17xx.o
    0x00001284   0x00000020   Code   RO         1093    i.GPIO_SetDir       gpio_lpc17xx.o
    0x000012a4   0x0000003c   Code   RO          624    i.GetSSPClockFreq   ssp_lpc17xx.o
    0x000012e0   0x0000003c   Code   RO          809    i.GetUsartClockFreq  uart_lpc17xx.o
    0x0000131c   0x00000068   Code   RO         1142    i.PIN_Configure     pin_lpc17xx.o
    0x00001384   0x0000000c   Code   RO          625    i.SSP1_Control      ssp_lpc17xx.o
    0x00001390   0x0000000c   Code   RO          626    i.SSP1_GPDMA_Rx_SignalEvent  ssp_lpc17xx.o
    0x0000139c   0x0000000c   Code   RO          627    i.SSP1_GPDMA_Tx_SignalEvent  ssp_lpc17xx.o
    0x000013a8   0x00000028   Code   RO          628    i.SSP1_GetDataCount  ssp_lpc17xx.o
    0x000013d0   0x0000004c   Code   RO          629    i.SSP1_GetStatus    ssp_lpc17xx.o
    0x0000141c   0x0000000c   Code   RO          630    i.SSP1_IRQHandler   ssp_lpc17xx.o
    0x00001428   0x0000000c   Code   RO          631    i.SSP1_Initialize   ssp_lpc17xx.o
    0x00001434   0x0000000c   Code   RO          632    i.SSP1_PowerControl  ssp_lpc17xx.o
    0x00001440   0x0000000c   Code   RO          633    i.SSP1_Receive      ssp_lpc17xx.o
    0x0000144c   0x0000000c   Code   RO          634    i.SSP1_Send         ssp_lpc17xx.o
    0x00001458   0x0000000c   Code   RO          635    i.SSP1_Transfer     ssp_lpc17xx.o
    0x00001464   0x0000000c   Code   RO          636    i.SSP1_Uninitialize  ssp_lpc17xx.o
    0x00001470   0x0000000c   Code   RO          637    i.SSP_GetCapabilities  ssp_lpc17xx.o
    0x0000147c   0x0000000c   Code   RO          638    i.SSP_GetVersion    ssp_lpc17xx.o
    0x00001488   0x000003e4   Code   RO          639    i.SSPx_Control      ssp_lpc17xx.o
    0x0000186c   0x0000001e   Code   RO          640    i.SSPx_GPDMA_Rx_SignalEvent  ssp_lpc17xx.o
    0x0000188a   0x0000000c   Code   RO          641    i.SSPx_GPDMA_Tx_SignalEvent  ssp_lpc17xx.o
    0x00001896   0x000000ce   Code   RO          642    i.SSPx_IRQHandler   ssp_lpc17xx.o
    0x00001964   0x00000094   Code   RO          643    i.SSPx_Initialize   ssp_lpc17xx.o
    0x000019f8   0x0000015a   Code   RO          644    i.SSPx_PowerControl  ssp_lpc17xx.o
    0x00001b52   0x00000002   PAD
    0x00001b54   0x0000012c   Code   RO          645    i.SSPx_Receive      ssp_lpc17xx.o
    0x00001c80   0x0000012c   Code   RO          646    i.SSPx_Send         ssp_lpc17xx.o
    0x00001dac   0x00000134   Code   RO          647    i.SSPx_Transfer     ssp_lpc17xx.o
    0x00001ee0   0x00000064   Code   RO          648    i.SSPx_Uninitialize  ssp_lpc17xx.o
    0x00001f44   0x0000002c   Code   RO         1008    i.Set_Channel_active_flag  gpdma_lpc17xx.o
    0x00001f70   0x000000d0   Code   RO         1189    i.SystemInit        system_lpc17xx.o
    0x00002040   0x00000028   Code   RO            4    i.TIMER0_IRQHandler  main.o
    0x00002068   0x00000024   Code   RO            5    i.TIMER1_IRQHandler  main.o
    0x0000208c   0x0000000c   Code   RO          810    i.UART1_IRQHandler  uart_lpc17xx.o
    0x00002098   0x0000000c   Code   RO          811    i.USART1_Control    uart_lpc17xx.o
    0x000020a4   0x00000064   Code   RO          812    i.USART1_GPDMA_Rx_Event  uart_lpc17xx.o
    0x00002108   0x00000038   Code   RO          813    i.USART1_GPDMA_Tx_Event  uart_lpc17xx.o
    0x00002140   0x0000000c   Code   RO          814    i.USART1_GetCapabilities  uart_lpc17xx.o
    0x0000214c   0x0000000c   Code   RO          815    i.USART1_GetModemStatus  uart_lpc17xx.o
    0x00002158   0x00000018   Code   RO          816    i.USART1_GetRxCount  uart_lpc17xx.o
    0x00002170   0x0000000c   Code   RO          817    i.USART1_GetStatus  uart_lpc17xx.o
    0x0000217c   0x00000018   Code   RO          818    i.USART1_GetTxCount  uart_lpc17xx.o
    0x00002194   0x0000000c   Code   RO          819    i.USART1_Initialize  uart_lpc17xx.o
    0x000021a0   0x0000000c   Code   RO          820    i.USART1_PowerControl  uart_lpc17xx.o
    0x000021ac   0x0000000c   Code   RO          821    i.USART1_Receive    uart_lpc17xx.o
    0x000021b8   0x0000000c   Code   RO          822    i.USART1_Send       uart_lpc17xx.o
    0x000021c4   0x0000000c   Code   RO          823    i.USART1_SetModemControl  uart_lpc17xx.o
    0x000021d0   0x00000058   Code   RO          824    i.USART1_Transfer   uart_lpc17xx.o
    0x00002228   0x0000000c   Code   RO          825    i.USART1_Uninitialize  uart_lpc17xx.o
    0x00002234   0x000004e8   Code   RO          826    i.USART_Control     uart_lpc17xx.o
    0x0000271c   0x000000b8   Code   RO          827    i.USART_GetModemStatus  uart_lpc17xx.o
    0x000027d4   0x0000008e   Code   RO          828    i.USART_GetStatus   uart_lpc17xx.o
    0x00002862   0x00000002   PAD
    0x00002864   0x000001da   Code   RO          829    i.USART_IRQHandler  uart_lpc17xx.o
    0x00002a3e   0x000000dc   Code   RO          830    i.USART_Initialize  uart_lpc17xx.o
    0x00002b1a   0x000001e8   Code   RO          831    i.USART_PowerControl  uart_lpc17xx.o
    0x00002d02   0x000000e2   Code   RO          832    i.USART_Receive     uart_lpc17xx.o
    0x00002de4   0x00000056   Code   RO          833    i.USART_RxLineIntHandler  uart_lpc17xx.o
    0x00002e3a   0x00000136   Code   RO          834    i.USART_Send        uart_lpc17xx.o
    0x00002f70   0x000000d0   Code   RO          835    i.USART_SetBaudrate  uart_lpc17xx.o
    0x00003040   0x00000068   Code   RO          836    i.USART_SetModemControl  uart_lpc17xx.o
    0x000030a8   0x000000c4   Code   RO          837    i.USART_Uninitialize  uart_lpc17xx.o
    0x0000316c   0x0000000c   Code   RO          838    i.USARTx_GetVersion  uart_lpc17xx.o
    0x00003178   0x0000001a   Code   RO          649    i.__NVIC_ClearPendingIRQ  ssp_lpc17xx.o
    0x00003192   0x0000001a   Code   RO          839    i.__NVIC_ClearPendingIRQ  uart_lpc17xx.o
    0x000031ac   0x0000001a   Code   RO         1009    i.__NVIC_ClearPendingIRQ  gpdma_lpc17xx.o
    0x000031c6   0x0000001a   Code   RO            6    i.__NVIC_EnableIRQ  main.o
    0x000031e0   0x00000020   Code   RO            7    i.__NVIC_SetPriority  main.o
    0x00003200   0x00000046   Code   RO         2318    i._init_box         RTX_CM3.lib(rt_membox.o)
    0x00003246   0x0000000e   Code   RO         2459    i._is_digit         c_w.l(__printf_wp.o)
    0x00003254   0x00000020   Code   RO          539    i._mutex_acquire    rtx_conf_cm.o
    0x00003274   0x0000001c   Code   RO          541    i._mutex_release    rtx_conf_cm.o
    0x00003290   0x00000030   Code   RO         2371    i.dbg_init          RTX_CM3.lib(hal_cm.o)
    0x000032c0   0x00000020   Code   RO         2372    i.dbg_task_notify   RTX_CM3.lib(hal_cm.o)
    0x000032e0   0x00000010   Code   RO         2373    i.dbg_task_switch   RTX_CM3.lib(hal_cm.o)
    0x000032f0   0x00000028   Code   RO          374    i.delay_ms          glcd_mcb1700.o
    0x00003318   0x00000038   Code   RO            8    i.init_PWM          main.o
    0x00003350   0x00000040   Code   RO            9    i.init_TIMER0       main.o
    0x00003390   0x0000003c   Code   RO           10    i.init_TIMER1       main.o
    0x000033cc   0x00000034   Code   RO           11    i.init_USART1       main.o
    0x00003400   0x0000002a   Code   RO         1224    i.isrMessageGet     RTX_CM3.lib(rt_cmsis.o)
    0x0000342a   0x0000002c   Code   RO         1225    i.isrMessagePut     RTX_CM3.lib(rt_cmsis.o)
    0x00003456   0x00000002   PAD
    0x00003458   0x00000056   Code   RO         2173    i.isr_mbx_receive   RTX_CM3.lib(rt_mailbox.o)
    0x000034ae   0x0000000e   Code   RO         2174    i.isr_mbx_send      RTX_CM3.lib(rt_mailbox.o)
    0x000034bc   0x00000080   Code   RO           12    i.main              main.o
    0x0000353c   0x00000018   Code   RO         1228    i.osDelay           RTX_CM3.lib(rt_cmsis.o)
    0x00003554   0x00000024   Code   RO         1229    i.osKernelInitialize  RTX_CM3.lib(rt_cmsis.o)
    0x00003578   0x0000006c   Code   RO         1231    i.osKernelStart     RTX_CM3.lib(rt_cmsis.o)
    0x000035e4   0x0000001c   Code   RO         1233    i.osMailAlloc       RTX_CM3.lib(rt_cmsis.o)
    0x00003600   0x0000002c   Code   RO         1235    i.osMailCreate      RTX_CM3.lib(rt_cmsis.o)
    0x0000362c   0x0000001c   Code   RO         1236    i.osMailFree        RTX_CM3.lib(rt_cmsis.o)
    0x00003648   0x00000016   Code   RO         1237    i.osMailGet         RTX_CM3.lib(rt_cmsis.o)
    0x0000365e   0x00000014   Code   RO         1238    i.osMailPut         RTX_CM3.lib(rt_cmsis.o)
    0x00003672   0x00000002   PAD
    0x00003674   0x00000018   Code   RO         1240    i.osMessageGet      RTX_CM3.lib(rt_cmsis.o)
    0x0000368c   0x00000018   Code   RO         1241    i.osMessagePut      RTX_CM3.lib(rt_cmsis.o)
    0x000036a4   0x0000002c   Code   RO         1242    i.osMutexCreate     RTX_CM3.lib(rt_cmsis.o)
    0x000036d0   0x0000002c   Code   RO         1257    i.osThreadCreate    RTX_CM3.lib(rt_cmsis.o)
    0x000036fc   0x00000018   Code   RO         1258    i.osThreadExit      RTX_CM3.lib(rt_cmsis.o)
    0x00003714   0x0000000c   Code   RO         1264    i.osTimerCall       RTX_CM3.lib(rt_cmsis.o)
    0x00003720   0x0000002c   Code   RO         1269    i.osTimerThread     RTX_CM3.lib(rt_cmsis.o)
    0x0000374c   0x00000002   Code   RO          542    i.os_error          rtx_conf_cm.o
    0x0000374e   0x00000002   Code   RO          543    i.os_idle_demon     rtx_conf_cm.o
    0x00003750   0x00000028   Code   RO         1965    i.os_tick_init      RTX_CM3.lib(rt_system.o)
    0x00003778   0x00000002   Code   RO         1966    i.os_tick_irqack    RTX_CM3.lib(rt_system.o)
    0x0000377a   0x00000002   PAD
    0x0000377c   0x00000034   Code   RO           13    i.pilotage          main.o
    0x000037b0   0x000000b0   Code   RO          375    i.rd_id_man         glcd_mcb1700.o
    0x00003860   0x000000e8   Code   RO           14    i.recepUSART1       main.o
    0x00003948   0x0000001a   Code   RO         2319    i.rt_alloc_box      RTX_CM3.lib(rt_membox.o)
    0x00003962   0x0000003e   Code   RO         2347    i.rt_alloc_mem      RTX_CM3.lib(rt_memory.o)
    0x000039a0   0x00000038   Code   RO         1846    i.rt_block          RTX_CM3.lib(rt_task.o)
    0x000039d8   0x00000048   Code   RO         2296    i.rt_chk_robin      RTX_CM3.lib(rt_robin.o)
    0x00003a20   0x00000070   Code   RO         2097    i.rt_dec_dly        RTX_CM3.lib(rt_list.o)
    0x00003a90   0x00000044   Code   RO         1847    i.rt_dispatch       RTX_CM3.lib(rt_task.o)
    0x00003ad4   0x00000006   Code   RO         2263    i.rt_dly_wait       RTX_CM3.lib(rt_time.o)
    0x00003ada   0x00000002   PAD
    0x00003adc   0x00000050   Code   RO         2058    i.rt_evt_psh        RTX_CM3.lib(rt_event.o)
    0x00003b2c   0x0000002c   Code   RO         2320    i.rt_free_box       RTX_CM3.lib(rt_membox.o)
    0x00003b58   0x00000028   Code   RO         2348    i.rt_free_mem       RTX_CM3.lib(rt_memory.o)
    0x00003b80   0x00000028   Code   RO         2098    i.rt_get_first      RTX_CM3.lib(rt_list.o)
    0x00003ba8   0x00000008   Code   RO         1274    i.rt_id2obj         RTX_CM3.lib(rt_cmsis.o)
    0x00003bb0   0x00000048   Code   RO         1848    i.rt_init_context   RTX_CM3.lib(rt_task.o)
    0x00003bf8   0x0000001a   Code   RO         2349    i.rt_init_mem       RTX_CM3.lib(rt_memory.o)
    0x00003c12   0x00000002   PAD
    0x00003c14   0x00000018   Code   RO         2297    i.rt_init_robin     RTX_CM3.lib(rt_robin.o)
    0x00003c2c   0x00000080   Code   RO         2374    i.rt_init_stack     RTX_CM3.lib(hal_cm.o)
    0x00003cac   0x00000008   Code   RO         2175    i.rt_mbx_check      RTX_CM3.lib(rt_mailbox.o)
    0x00003cb4   0x0000001a   Code   RO         2176    i.rt_mbx_init       RTX_CM3.lib(rt_mailbox.o)
    0x00003cce   0x00000002   PAD
    0x00003cd0   0x000000f0   Code   RO         2177    i.rt_mbx_psh        RTX_CM3.lib(rt_mailbox.o)
    0x00003dc0   0x00000098   Code   RO         2178    i.rt_mbx_send       RTX_CM3.lib(rt_mailbox.o)
    0x00003e58   0x000000b4   Code   RO         2179    i.rt_mbx_wait       RTX_CM3.lib(rt_mailbox.o)
    0x00003f0c   0x00000044   Code   RO         1275    i.rt_ms2tick        RTX_CM3.lib(rt_cmsis.o)
    0x00003f50   0x00000010   Code   RO         1931    i.rt_mut_init       RTX_CM3.lib(rt_mutex.o)
    0x00003f60   0x000000d8   Code   RO         1932    i.rt_mut_release    RTX_CM3.lib(rt_mutex.o)
    0x00004038   0x00000078   Code   RO         1933    i.rt_mut_wait       RTX_CM3.lib(rt_mutex.o)
    0x000040b0   0x0000007c   Code   RO         1969    i.rt_pop_req        RTX_CM3.lib(rt_system.o)
    0x0000412c   0x00000020   Code   RO         1970    i.rt_psh_req        RTX_CM3.lib(rt_system.o)
    0x0000414c   0x0000005c   Code   RO         2100    i.rt_psq_enq        RTX_CM3.lib(rt_list.o)
    0x000041a8   0x00000048   Code   RO         2101    i.rt_put_dly        RTX_CM3.lib(rt_list.o)
    0x000041f0   0x00000036   Code   RO         2102    i.rt_put_prio       RTX_CM3.lib(rt_list.o)
    0x00004226   0x00000002   PAD
    0x00004228   0x00000014   Code   RO         2103    i.rt_put_rdy_first  RTX_CM3.lib(rt_list.o)
    0x0000423c   0x00000034   Code   RO         2104    i.rt_resort_prio    RTX_CM3.lib(rt_list.o)
    0x00004270   0x00000006   Code   RO         2375    i.rt_ret_val        RTX_CM3.lib(hal_cm.o)
    0x00004276   0x00000008   Code   RO         2376    i.rt_ret_val2       RTX_CM3.lib(hal_cm.o)
    0x0000427e   0x00000028   Code   RO         2105    i.rt_rmv_dly        RTX_CM3.lib(rt_list.o)
    0x000042a6   0x00000002   PAD
    0x000042a8   0x00000030   Code   RO         2106    i.rt_rmv_list       RTX_CM3.lib(rt_list.o)
    0x000042d8   0x00000034   Code   RO         2224    i.rt_sem_psh        RTX_CM3.lib(rt_semaphore.o)
    0x0000430c   0x00000024   Code   RO         1972    i.rt_stk_check      RTX_CM3.lib(rt_system.o)
    0x00004330   0x00000028   Code   RO         1849    i.rt_switch_req     RTX_CM3.lib(rt_task.o)
    0x00004358   0x000000cc   Code   RO         1850    i.rt_sys_init       RTX_CM3.lib(rt_task.o)
    0x00004424   0x00000078   Code   RO         1851    i.rt_sys_start      RTX_CM3.lib(rt_task.o)
    0x0000449c   0x00000040   Code   RO         1974    i.rt_systick        RTX_CM3.lib(rt_system.o)
    0x000044dc   0x00000012   Code   RO         1276    i.rt_tid2ptcb       RTX_CM3.lib(rt_cmsis.o)
    0x000044ee   0x00000002   PAD
    0x000044f0   0x00000034   Code   RO         1277    i.rt_timer_insert   RTX_CM3.lib(rt_cmsis.o)
    0x00004524   0x00000088   Code   RO         1852    i.rt_tsk_create     RTX_CM3.lib(rt_task.o)
    0x000045ac   0x0000017c   Code   RO         1853    i.rt_tsk_delete     RTX_CM3.lib(rt_task.o)
    0x00004728   0x0000007c   Code   RO         1855    i.rt_tsk_prio       RTX_CM3.lib(rt_task.o)
    0x000047a4   0x00000010   Code   RO         1856    i.rt_tsk_self       RTX_CM3.lib(rt_task.o)
    0x000047b4   0x00000024   Code   RO          376    i.spi_tran          glcd_mcb1700.o
    0x000047d8   0x0000007c   Code   RO          377    i.spi_tran_man      glcd_mcb1700.o
    0x00004854   0x00000012   Code   RO         1279    i.svcDelay          RTX_CM3.lib(rt_cmsis.o)
    0x00004866   0x00000002   PAD
    0x00004868   0x00000070   Code   RO         1280    i.svcKernelInitialize  RTX_CM3.lib(rt_cmsis.o)
    0x000048d8   0x00000048   Code   RO         1282    i.svcKernelStart    RTX_CM3.lib(rt_cmsis.o)
    0x00004920   0x00000042   Code   RO         1284    i.svcMailCreate     RTX_CM3.lib(rt_cmsis.o)
    0x00004962   0x00000024   Code   RO         1285    i.svcMessageCreate  RTX_CM3.lib(rt_cmsis.o)
    0x00004986   0x0000003a   Code   RO         1286    i.svcMessageGet     RTX_CM3.lib(rt_cmsis.o)
    0x000049c0   0x00000036   Code   RO         1287    i.svcMessagePut     RTX_CM3.lib(rt_cmsis.o)
    0x000049f6   0x0000001c   Code   RO         1288    i.svcMutexCreate    RTX_CM3.lib(rt_cmsis.o)
    0x00004a12   0x00000002   PAD
    0x00004a14   0x0000006c   Code   RO         1300    i.svcThreadCreate   RTX_CM3.lib(rt_cmsis.o)
    0x00004a80   0x0000001c   Code   RO         1301    i.svcThreadGetId    RTX_CM3.lib(rt_cmsis.o)
    0x00004a9c   0x00000038   Code   RO         1304    i.svcThreadTerminate  RTX_CM3.lib(rt_cmsis.o)
    0x00004ad4   0x00000018   Code   RO         1306    i.svcTimerCall      RTX_CM3.lib(rt_cmsis.o)
    0x00004aec   0x00000058   Code   RO         1311    i.sysMailAlloc      RTX_CM3.lib(rt_cmsis.o)
    0x00004b44   0x00000060   Code   RO         1312    i.sysMailFree       RTX_CM3.lib(rt_cmsis.o)
    0x00004ba4   0x0000005c   Code   RO         1315    i.sysTimerTick      RTX_CM3.lib(rt_cmsis.o)
    0x00004c00   0x0000003c   Code   RO          378    i.wr_cmd            glcd_mcb1700.o
    0x00004c3c   0x00000024   Code   RO          379    i.wr_dat_only       glcd_mcb1700.o
    0x00004c60   0x0000001c   Code   RO          380    i.wr_dat_start      glcd_mcb1700.o
    0x00004c7c   0x00000010   Code   RO          381    i.wr_dat_stop       glcd_mcb1700.o
    0x00004c8c   0x0000006c   Code   RO          382    i.wr_reg            glcd_mcb1700.o
    0x00004cf8   0x00000150   Code   RO         2479    x$fpl$dadd          fz_ws.l(daddsub_clz.o)
    0x00004e48   0x000002b0   Code   RO         2486    x$fpl$ddiv          fz_ws.l(ddiv.o)
    0x000050f8   0x0000005a   Code   RO         2489    x$fpl$dfixu         fz_ws.l(dfixu.o)
    0x00005152   0x00000026   Code   RO         2493    x$fpl$dfltu         fz_ws.l(dflt_clz.o)
    0x00005178   0x00000154   Code   RO         2499    x$fpl$dmul          fz_ws.l(dmul.o)
    0x000052cc   0x0000009c   Code   RO         2515    x$fpl$dnaninf       fz_ws.l(dnaninf.o)
    0x00005368   0x0000000c   Code   RO         2517    x$fpl$dretinf       fz_ws.l(dretinf.o)
    0x00005374   0x000001d4   Code   RO         2481    x$fpl$dsub          fz_ws.l(daddsub_clz.o)
    0x00005548   0x00000000   Code   RO         2519    x$fpl$usenofp       fz_ws.l(usenofp.o)
    0x00005548   0x00000030   Data   RO           18    .constdata          main.o
    0x00005578   0x00001500   Data   RO          341    .constdata          glcd_fonts.o
    0x00006a78   0x00000010   Data   RO          343    .constdata          glcd_fonts.o
    0x00006a88   0x00000002   Data   RO          551    .constdata          rtx_conf_cm.o
    0x00006a8a   0x00000002   PAD
    0x00006a8c   0x00000004   Data   RO          552    .constdata          rtx_conf_cm.o
    0x00006a90   0x00000004   Data   RO          553    .constdata          rtx_conf_cm.o
    0x00006a94   0x00000004   Data   RO          557    .constdata          rtx_conf_cm.o
    0x00006a98   0x00000001   Data   RO          558    .constdata          rtx_conf_cm.o
    0x00006a99   0x00000003   PAD
    0x00006a9c   0x00000010   Data   RO          559    .constdata          rtx_conf_cm.o
    0x00006aac   0x00000002   Data   RO          560    .constdata          rtx_conf_cm.o
    0x00006aae   0x00000002   PAD
    0x00006ab0   0x00000004   Data   RO          561    .constdata          rtx_conf_cm.o
    0x00006ab4   0x00000004   Data   RO          562    .constdata          rtx_conf_cm.o
    0x00006ab8   0x00000001   Data   RO          563    .constdata          rtx_conf_cm.o
    0x00006ab9   0x00000003   PAD
    0x00006abc   0x00000010   Data   RO          564    .constdata          rtx_conf_cm.o
    0x00006acc   0x00000008   Data   RO          565    .constdata          rtx_conf_cm.o
    0x00006ad4   0x00000002   Data   RO          566    .constdata          rtx_conf_cm.o
    0x00006ad6   0x00000002   PAD
    0x00006ad8   0x00000010   Data   RO          567    .constdata          rtx_conf_cm.o
    0x00006ae8   0x00000050   Data   RO          652    .constdata          ssp_lpc17xx.o
    0x00006b38   0x0000002c   Data   RO          653    .constdata          ssp_lpc17xx.o
    0x00006b64   0x00000188   Data   RO          841    .constdata          uart_lpc17xx.o
    0x00006cec   0x00000008   Data   RO          842    .constdata          uart_lpc17xx.o
    0x00006cf4   0x00000008   Data   RO          843    .constdata          uart_lpc17xx.o
    0x00006cfc   0x00000038   Data   RO          844    .constdata          uart_lpc17xx.o
    0x00006d34   0x00000011   Data   RO         2462    .constdata          c_w.l(__printf_flags_wp.o)
    0x00006d45   0x00000003   PAD
    0x00006d48   0x00000020   Data   RO         2672    Region$$Table       anon$$obj.o


    Execution Region RW_IRAM1 (Base: 0x10000000, Size: 0x00000ee8, Max: 0x00008000, ABSOLUTE)

    Base Addr    Size         Type   Attr      Idx    E Section Name        Object

    0x10000000   0x00000008   Data   RW           19    .data               main.o
    0x10000008   0x00000010   Data   RW           20    .data               main.o
    0x10000018   0x00000014   Data   RW          383    .data               glcd_mcb1700.o
    0x1000002c   0x00000004   Data   RW          569    .data               rtx_conf_cm.o
    0x10000030   0x00000004   Data   RW          570    .data               rtx_conf_cm.o
    0x10000034   0x00000004   Data   RW          571    .data               rtx_conf_cm.o
    0x10000038   0x00000002   Data   RW          654    .data               ssp_lpc17xx.o
    0x1000003a   0x00000002   Data   RW          655    .data               ssp_lpc17xx.o
    0x1000003c   0x00000002   Data   RW          656    .data               ssp_lpc17xx.o
    0x1000003e   0x00000002   Data   RW          657    .data               ssp_lpc17xx.o
    0x10000040   0x00000008   Data   RW          658    .data               ssp_lpc17xx.o
    0x10000048   0x00000002   Data   RW          845    .data               uart_lpc17xx.o
    0x1000004a   0x00000002   Data   RW          846    .data               uart_lpc17xx.o
    0x1000004c   0x00000008   Data   RW         1011    .data               gpdma_lpc17xx.o
    0x10000054   0x00000004   Data   RW         1190    .data               system_lpc17xx.o
    0x10000058   0x00000008   Data   RW         1318    .data               RTX_CM3.lib(rt_cmsis.o)
    0x10000060   0x00000008   Data   RW         1858    .data               RTX_CM3.lib(rt_task.o)
    0x10000068   0x00000008   Data   RW         1977    .data               RTX_CM3.lib(rt_system.o)
    0x10000070   0x00000004   Data   RW         2267    .data               RTX_CM3.lib(rt_time.o)
    0x10000074   0x00000008   Data   RW         2298    .data               RTX_CM3.lib(rt_robin.o)
    0x1000007c   0x00000001   Data   RW         2377    .data               RTX_CM3.lib(hal_cm.o)
    0x1000007d   0x00000003   PAD
    0x10000080   0x00000010   Zero   RW           15    .bss                main.o
    0x10000090   0x00000050   Zero   RW           16    .bss                main.o
    0x100000e0   0x0000004c   Zero   RW           17    .bss                main.o
    0x1000012c   0x00000020   Zero   RW          544    .bss                rtx_conf_cm.o
    0x1000014c   0x00000178   Zero   RW          545    .bss                rtx_conf_cm.o
    0x100002c4   0x00000004   PAD
    0x100002c8   0x000005e0   Zero   RW          546    .bss                rtx_conf_cm.o
    0x100008a8   0x000001e0   Zero   RW          547    .bss                rtx_conf_cm.o
    0x10000a88   0x00000084   Zero   RW          548    .bss                rtx_conf_cm.o
    0x10000b0c   0x0000001c   Zero   RW          549    .bss                rtx_conf_cm.o
    0x10000b28   0x0000000c   Zero   RW          650    .bss                ssp_lpc17xx.o
    0x10000b34   0x0000001c   Zero   RW          651    .bss                ssp_lpc17xx.o
    0x10000b50   0x00000034   Zero   RW          840    .bss                uart_lpc17xx.o
    0x10000b84   0x000000a0   Zero   RW         1010    .bss                gpdma_lpc17xx.o
    0x10000c24   0x00000034   Zero   RW         1857    .bss                RTX_CM3.lib(rt_task.o)
    0x10000c58   0x00000030   Zero   RW         2107    .bss                RTX_CM3.lib(rt_list.o)
    0x10000c88   0x00000060   Zero   RW         2435    .bss                c_w.l(libspace.o)
    0x10000ce8   0x00000000   Zero   RW         1176    HEAP                startup_lpc17xx.o
    0x10000ce8   0x00000200   Zero   RW         1175    STACK               startup_lpc17xx.o


==============================================================================

Image component sizes


      Code (inc. data)   RO Data    RW Data    ZI Data      Debug   Object Name

         0          0       5392          0          0        736   glcd_fonts.o
      2488         88          0         20          0      16660   glcd_mcb1700.o
       862         78          0          8        160       8206   gpdma_lpc17xx.o
       108         18          0          0          0       2258   gpio_lpc17xx.o
       778        122         48         24        172      65948   main.o
       104          4          0          0          0        864   pin_lpc17xx.o
        92         26         84         12       2552       8867   rtx_conf_cm.o
      3092        102        124         16         40      52561   ssp_lpc17xx.o
        64         26        204          0        512        956   startup_lpc17xx.o
       208         12          0          4          0        791   system_lpc17xx.o
      4416        142        464          4         52      30147   uart_lpc17xx.o

    ----------------------------------------------------------------------
     12220        618       6360         88       3492     187994   Object Totals
         0          0         32          0          0          0   (incl. Generated)
         8          0         12          0          4          0   (incl. Padding)

    ----------------------------------------------------------------------

      Code (inc. data)   RO Data    RW Data    ZI Data      Debug   Library Member Name

       238         24          0          1          0       3268   hal_cm.o
       304         36          0          0          0        760   hal_cm3.o
      1694        182          0          8          0      41193   rt_cmsis.o
        80          4          0          0          0        653   rt_event.o
       530         34          0          0         48       8169   rt_list.o
       706         14          0          0          0       4731   rt_mailbox.o
       140          0          0          0          0       1901   rt_membox.o
       128          0          0          0          0       2275   rt_memory.o
       352         14          0          0          0       2085   rt_mutex.o
        96         22          0          8          0       1134   rt_robin.o
        52          4          0          0          0        565   rt_semaphore.o
       298         52          0          8          0       6151   rt_system.o
      1216        174          0          8         52       9565   rt_task.o
         6          0          0          4          0        644   rt_time.o
         4          4          0          0          0        200   svc_table.o
         8          0          0          0          0         68   __main.o
       312          4         17          0          0         92   __printf_flags_wp.o
        14          0          0          0          0         68   __printf_wp.o
         0          0          0          0          0          0   __rtentry.o
        20          0          0          0          0          0   __rtentry2.o
         6          0          0          0          0          0   __rtentry4.o
        52          8          0          0          0          0   __scatter.o
        26          0          0          0          0          0   __scatter_copy.o
        28          0          0          0          0          0   __scatter_zi.o
        48          6          0          0          0         96   _printf_char_common.o
         6          0          0          0          0          0   _printf_d.o
       120         16          0          0          0         92   _printf_dec.o
       178          0          0          0          0         88   _printf_intcommon.o
        78          0          0          0          0        108   _printf_pad.o
         0          0          0          0          0          0   _printf_percent.o
         4          0          0          0          0          0   _printf_percent_end.o
        10          0          0          0          0         68   _sputc.o
        18          0          0          0          0         80   exit.o
         6          0          0          0          0        152   heapauxi.o
         0          0          0          0          0          0   indicate_semi.o
         2          0          0          0          0          0   libinit.o
         2          0          0          0          0          0   libinit2.o
         2          0          0          0          0          0   libshutdown.o
         2          0          0          0          0          0   libshutdown2.o
         8          4          0          0         96         68   libspace.o
       238          0          0          0          0        100   lludivv7m.o
        40          6          0          0          0         84   noretval__2sprintf.o
        78          0          0          0          0         80   rt_memclr_w.o
         2          0          0          0          0          0   rtexit.o
        10          0          0          0          0          0   rtexit2.o
        12          4          0          0          0         68   sys_exit.o
        74          0          0          0          0         80   sys_stackheap_outer.o
         2          0          0          0          0         68   use_no_semi.o
       804         16          0          0          0        272   daddsub_clz.o
       688        140          0          0          0        208   ddiv.o
        90          4          0          0          0         92   dfixu.o
        38          0          0          0          0         68   dflt_clz.o
       340         12          0          0          0        104   dmul.o
       156          4          0          0          0         92   dnaninf.o
        12          0          0          0          0         68   dretinf.o
         0          0          0          0          0          0   usenofp.o

    ----------------------------------------------------------------------
      9408        788         20         40        196      85658   Library Totals
        30          0          3          3          0          0   (incl. Padding)

    ----------------------------------------------------------------------

      Code (inc. data)   RO Data    RW Data    ZI Data      Debug   Library Name

      5844        564          0         37        100      83294   RTX_CM3.lib
      1406         48         17          0         96       1460   c_w.l
      2128        176          0          0          0        904   fz_ws.l

    ----------------------------------------------------------------------
      9408        788         20         40        196      85658   Library Totals

    ----------------------------------------------------------------------

==============================================================================


      Code (inc. data)   RO Data    RW Data    ZI Data      Debug   

     21628       1406       6380        128       3688     262780   Grand Totals
     21628       1406       6380        128       3688     262780   ELF Image Totals
     21628       1406       6380        128          0          0   ROM Totals

==============================================================================

    Total RO  Size (Code + RO Data)                28008 (  27.35kB)
    Total RW  Size (RW Data + ZI Data)              3816 (   3.73kB)
    Total ROM Size (Code + RO Data + RW Data)      28136 (  27.48kB)

==============================================================================

